<html>
<body>
<pre>
<h1>µVision Build Log</h1>
<h2>Tool Versions:</h2>
IDE-Version: µVision V5.27.0.0
Copyright (C) 2018 ARM Ltd and ARM Germany GmbH. All rights reserved.
License Information: Andrzej Skoczeñ AGH Flex license: MDK-ARM Professional (mdk_pro) Operation stops: 8 Aug 2026
 
Tool Versions:
Toolchain:       MDK-ARM Professional  Version: 5.27.0.0
Toolchain Path:  C:\Keil_v5\ARM\ARMCC\Bin
C Compiler:      Armcc.exe V5.06 update 6 (build 750)
Assembler:       Armasm.exe V5.06 update 6 (build 750)
Linker/Locator:  ArmLink.exe V5.06 update 6 (build 750)
Library Manager: ArmAr.exe V5.06 update 6 (build 750)
Hex Converter:   FromElf.exe V5.06 update 6 (build 750)
CPU DLL:         SARMCM3.DLL V5.27.0.0
Dialog DLL:      DCM.DLL V1.17.2.0
Target DLL:      UL2CM3.DLL V1.162.7.0
Dialog DLL:      TCM.DLL V1.36.1.0
 
<h2>Project:</h2>
C:\Users\1skwarczek\Desktop\uvision\Proj\Oscyloskop.uvprojx
Project File Date:  12/05/2023

<h2>Output:</h2>
*** Using Compiler 'V5.06 update 6 (build 750)', folder: 'C:\Keil_v5\ARM\ARMCC\Bin'
Rebuild target 'Target 1'
compiling timer.c...
compiling buttons.c...
compiling main.c...
src\buttons.h(4): warning:  #1295-D: Deprecated declaration KEY2_Init - give arg types
  void KEY2_Init();
src\buttons.h(5): warning:  #1295-D: Deprecated declaration OnClikcTask - give arg types
  void OnClikcTask();
src\ADC.h(4): warning:  #1295-D: Deprecated declaration initADC - give arg types
  void initADC();
src\ADC.h(5): warning:  #1295-D: Deprecated declaration ADC_StartConvertion - give arg types
  void ADC_StartConvertion();
src\main.c(13): warning:  #1295-D: Deprecated declaration Timer_Init - give arg types
  void Timer_Init();
src\main.c: 5 warnings, 0 errors
compiling ADC.c...
src\ADC.h(4): warning:  #1295-D: Deprecated declaration initADC - give arg types
  void initADC();
src\ADC.h(5): warning:  #1295-D: Deprecated declaration ADC_StartConvertion - give arg types
  void ADC_StartConvertion();
src\ADC.c: 2 warnings, 0 errors
compiling lcd.c...
compiling asciiLib.c...
compiling Open1768_LCD.c...
compiling LCD_ILI9325.c...
compiling uart.c...
compiling SSP_LPC17xx.c...
assembling startup_LPC17xx.s...
compiling PIN_LPC17xx.c...
compiling GPDMA_LPC17xx.c...
compiling GPIO_LPC17xx.c...
compiling UART_LPC17xx.c...
compiling system_LPC17xx.c...
linking...
Program Size: Code=15830 RO-data=3926 RW-data=92 ZI-data=868  
".\Objects\Oscyloskop.axf" - 0 Error(s), 7 Warning(s).

<h2>Software Packages used:</h2>

Package Vendor: ARM
                http://www.keil.com/pack/ARM.CMSIS.5.5.1.pack
                ARM.CMSIS.5.5.1
                CMSIS (Cortex Microcontroller Software Interface Standard)
   * Component: SPI Version: 2.2.0
   * Component: USART Version: 2.3.0
   * Component: CORE Version: 5.2.0

Package Vendor: Keil
                http://www.keil.com/pack/Keil.LPC1700_DFP.2.6.1.pack
                Keil.LPC1700_DFP.2.6.1
                NXP LPC1700 Series Device Support, Drivers and Examples for MCB1700, Open1768 and LPC1788-32
   * Component: SSP Version: 2.7.0
   * Component: USART Version: 2.10.0
   * Component: GPDMA Version: 1.2.0
   * Component: GPIO Version: 1.1.0
   * Component: PIN Version: 1.0.0
   * Component: Startup Version: 1.0.0

<h2>Collection of Component include folders:</h2>
  .\RTE\Device\LPC1768
  .\RTE\_Target_1
  C:\Keil_v5\ARM\PACK\ARM\CMSIS\5.5.1\CMSIS\Core\Include
  C:\Keil_v5\ARM\PACK\ARM\CMSIS\5.5.1\CMSIS\Driver\Include
  C:\Keil_v5\ARM\PACK\Keil\LPC1700_DFP\2.6.1\Device\Include
  C:\Keil_v5\ARM\PACK\Keil\LPC1700_DFP\2.6.1\RTE_Driver

<h2>Collection of Component Files used:</h2>

   * Component: ::CMSIS Driver:SPI:2.2.0 (API)
      Include file:  CMSIS\Driver\Include\Driver_SPI.h

   * Component: ::CMSIS Driver:USART:2.3.0 (API)
      Include file:  CMSIS\Driver\Include\Driver_USART.h

   * Component: ARM::CMSIS:CORE:5.2.0

   * Component: Keil::CMSIS Driver:SPI:SSP:2.7.0
      Source file:   RTE_Driver\SSP_LPC17xx.c

   * Component: Keil::CMSIS Driver:USART:2.10.0
      Source file:   RTE_Driver\UART_LPC17xx.c

   * Component: Keil::Device:GPDMA:1.2.0
      Include file:  RTE_Driver\GPDMA_LPC17xx.h
      Source file:   RTE_Driver\GPDMA_LPC17xx.c

   * Component: Keil::Device:GPIO:1.1.0
      Include file:  RTE_Driver\GPIO_LPC17xx.h
      Source file:   RTE_Driver\GPIO_LPC17xx.c

   * Component: Keil::Device:PIN:1.0.0
      Include file:  RTE_Driver\PIN_LPC17xx.h
      Source file:   RTE_Driver\PIN_LPC17xx.c

   * Component: Keil::Device:Startup:1.0.0
      Source file:   Device\Source\ARM\startup_LPC17xx.s
      Include file:  Device\Include\LPC17xx.h
      Include file:  RTE_Driver\Config\RTE_Device.h
      Source file:   Device\Source\system_LPC17xx.c
Build Time Elapsed:  00:00:01
</pre>
</body>
</html>
