Component: ARM Compiler 5.06 update 6 (build 750) Tool: armlink [4d35ed]

==============================================================================

Section Cross References

    lcd.o(i.displayTexture) refers to open1768_lcd.o(i.lcdWriteReg) for lcdWriteReg
    lcd.o(i.displayTexture) refers to open1768_lcd.o(i.lcdWriteIndex) for lcdWriteIndex
    lcd.o(i.displayTexture) refers to open1768_lcd.o(i.lcdWriteData) for lcdWriteData
    lcd.o(i.displayTexture) refers to uart.o(i.UART_Send) for UART_Send
    lcd.o(i.displayTexture) refers to uart.o(i.UART_SendNum) for UART_SendNum
    lcd.o(i.displayTexture) refers to timer.o(.data) for sysTicks
    lcd.o(i.drawBackGround) refers to open1768_lcd.o(i.lcdWriteReg) for lcdWriteReg
    lcd.o(i.drawBackGround) refers to open1768_lcd.o(i.lcdWriteIndex) for lcdWriteIndex
    lcd.o(i.drawBackGround) refers to open1768_lcd.o(i.lcdWriteData) for lcdWriteData
    lcd.o(i.drawBorders) refers to lcd.o(i.drawLine) for drawLine
    lcd.o(i.drawBorders) refers to lcd.o(i.OnSignal) for OnSignal
    lcd.o(i.drawBorders) refers to lcd.o(i.drawLineStrip) for drawLineStrip
    lcd.o(i.drawBorders) refers to lcd.o(i.LineCoord) for LineCoord
    lcd.o(i.drawBorders) refers to lcd.o(i.drawText) for drawText
    lcd.o(i.drawBorders) refers to lcd.o(.data) for wafesDis
    lcd.o(i.drawLine) refers to lcd.o(i.drawPixel) for drawPixel
    lcd.o(i.drawLineLegacy) refers to fflt_clz.o(x$fpl$fflt) for __aeabi_i2f
    lcd.o(i.drawLineLegacy) refers to feqf.o(x$fpl$feqf) for __aeabi_cfcmpeq
    lcd.o(i.drawLineLegacy) refers to f2d.o(x$fpl$f2d) for __aeabi_f2d
    lcd.o(i.drawLineLegacy) refers to dmul.o(x$fpl$dmul) for __aeabi_dmul
    lcd.o(i.drawLineLegacy) refers to ddiv.o(x$fpl$ddiv) for __aeabi_ddiv
    lcd.o(i.drawLineLegacy) refers to d2f.o(x$fpl$d2f) for __aeabi_d2f
    lcd.o(i.drawLineLegacy) refers to open1768_lcd.o(i.lcdWriteReg) for lcdWriteReg
    lcd.o(i.drawLineLegacy) refers to faddsub_clz.o(x$fpl$fadd) for __aeabi_fadd
    lcd.o(i.drawLineLegacy) refers to ffixu.o(x$fpl$ffixu) for __aeabi_f2uiz
    lcd.o(i.drawLineLegacy) refers to open1768_lcd.o(i.lcdWriteIndex) for lcdWriteIndex
    lcd.o(i.drawLineLegacy) refers to open1768_lcd.o(i.lcdWriteData) for lcdWriteData
    lcd.o(i.drawLineLegacy) refers to fleqf.o(x$fpl$fleqf) for __aeabi_cfcmple
    lcd.o(i.drawLineStrip) refers to lcd.o(i.drawLine) for drawLine
    lcd.o(i.drawPixel) refers to open1768_lcd.o(i.lcdWriteReg) for lcdWriteReg
    lcd.o(i.drawPixel) refers to open1768_lcd.o(i.lcdWriteIndex) for lcdWriteIndex
    lcd.o(i.drawPixel) refers to open1768_lcd.o(i.lcdWriteData) for lcdWriteData
    lcd.o(i.drawRectangle) refers to open1768_lcd.o(i.lcdWriteReg) for lcdWriteReg
    lcd.o(i.drawRectangle) refers to open1768_lcd.o(i.lcdWriteIndex) for lcdWriteIndex
    lcd.o(i.drawRectangle) refers to open1768_lcd.o(i.lcdWriteData) for lcdWriteData
    lcd.o(i.drawText) refers to asciilib.o(i.GetASCIICode) for GetASCIICode
    lcd.o(i.drawText) refers to open1768_lcd.o(i.lcdWriteReg) for lcdWriteReg
    lcd.o(i.drawText) refers to open1768_lcd.o(i.lcdWriteIndex) for lcdWriteIndex
    lcd.o(i.drawText) refers to open1768_lcd.o(i.lcdWriteData) for lcdWriteData
    lcd.o(i.initLCD) refers to _printf_percent.o(.ARM.Collect$$_printf_percent$$00000000) for _printf_percent
    lcd.o(i.initLCD) refers to _printf_x.o(.ARM.Collect$$_printf_percent$$0000000C) for _printf_x
    lcd.o(i.initLCD) refers to _printf_hex_int.o(.text) for _printf_longlong_hex
    lcd.o(i.initLCD) refers to open1768_lcd.o(i.lcdConfiguration) for lcdConfiguration
    lcd.o(i.initLCD) refers to open1768_lcd.o(i.lcdReadReg) for lcdReadReg
    lcd.o(i.initLCD) refers to rt_memclr_w.o(.text) for __aeabi_memclr4
    lcd.o(i.initLCD) refers to noretval__2sprintf.o(.text) for __2sprintf
    lcd.o(i.initLCD) refers to uart.o(i.UART_Send) for UART_Send
    lcd.o(i.initLCD) refers to lcd_ili9325.o(i.init_ILI9325) for init_ILI9325
    lcd.o(i.initLCD) refers to lcd.o(i.drawBorders) for drawBorders
    main.o(i.EINT3_IRQHandler) refers to uart.o(i.UART_Send) for UART_Send
    main.o(i.EINT3_IRQHandler) refers to timer.o(.data) for sysTicks
    main.o(i.EINT3_IRQHandler) refers to main.o(.data) for lastInt
    main.o(i.GPIO_Init) refers to pin_lpc17xx.o(i.PIN_Configure) for PIN_Configure
    main.o(i.GPIO_Init) refers to main.o(i.__NVIC_EnableIRQ) for __NVIC_EnableIRQ
    main.o(i.RTC_IRQHandler) refers to main.o(.data) for flag
    main.o(i.RTC_Init) refers to main.o(i.__NVIC_EnableIRQ) for __NVIC_EnableIRQ
    main.o(i.TIMER0_IRQHandler) refers to adc.o(i.ADC_StartConvertion) for ADC_StartConvertion
    main.o(i.main) refers to uart.o(i.UART_Init) for UART_Init
    main.o(i.main) refers to uart.o(i.UART_Send) for UART_Send
    main.o(i.main) refers to timer.o(i.Timer_Init) for Timer_Init
    main.o(i.main) refers to main.o(i.RTC_Init) for RTC_Init
[...]
    ../clib/memcpset.s                       0x00000000   Number         0  rt_memclr_w.o ABSOLUTE
    ../clib/printf.c                         0x00000000   Number         0  _printf_intcommon.o ABSOLUTE
    ../clib/printf.c                         0x00000000   Number         0  __2sprintf.o ABSOLUTE
    ../clib/printf.c                         0x00000000   Number         0  noretval__2sprintf.o ABSOLUTE
    ../clib/printf.c                         0x00000000   Number         0  _printf_dec.o ABSOLUTE
    ../clib/printf.c                         0x00000000   Number         0  _printf_hex_ll.o ABSOLUTE
    ../clib/printf.c                         0x00000000   Number         0  _printf_hex_int_ll.o ABSOLUTE
    ../clib/printf.c                         0x00000000   Number         0  _printf_hex_ptr.o ABSOLUTE
    ../clib/printf.c                         0x00000000   Number         0  _printf_hex_int_ptr.o ABSOLUTE
    ../clib/printf.c                         0x00000000   Number         0  _printf_hex_ll_ptr.o ABSOLUTE
    ../clib/printf.c                         0x00000000   Number         0  _printf_hex_int_ll_ptr.o ABSOLUTE
    ../clib/printf.c                         0x00000000   Number         0  __printf_flags.o ABSOLUTE
    ../clib/printf.c                         0x00000000   Number         0  __printf.o ABSOLUTE
    ../clib/printf.c                         0x00000000   Number         0  __printf_ss.o ABSOLUTE
    ../clib/printf.c                         0x00000000   Number         0  __printf_flags_ss.o ABSOLUTE
    ../clib/printf.c                         0x00000000   Number         0  __printf_wp.o ABSOLUTE
    ../clib/printf.c                         0x00000000   Number         0  __printf_flags_wp.o ABSOLUTE
    ../clib/printf.c                         0x00000000   Number         0  __printf_flags_ss_wp.o ABSOLUTE
    ../clib/printf.c                         0x00000000   Number         0  __printf_ss_wp.o ABSOLUTE
    ../clib/printf.c                         0x00000000   Number         0  _printf_hex_int.o ABSOLUTE
    ../clib/printf.c                         0x00000000   Number         0  __printf_nopercent.o ABSOLUTE
    ../clib/printf.c                         0x00000000   Number         0  _sputc.o ABSOLUTE
    ../clib/printf.c                         0x00000000   Number         0  _printf_char_common.o ABSOLUTE
    ../clib/printf_percent.s                 0x00000000   Number         0  _printf_d.o ABSOLUTE
    ../clib/printf_percent.s                 0x00000000   Number         0  _printf_percent_end.o ABSOLUTE
    ../clib/printf_percent.s                 0x00000000   Number         0  _printf_percent.o ABSOLUTE
    ../clib/printf_percent.s                 0x00000000   Number         0  _printf_x.o ABSOLUTE
    ../clib/signal.c                         0x00000000   Number         0  defsig_other.o ABSOLUTE
    ../clib/signal.c                         0x00000000   Number         0  defsig_stak_inner.o ABSOLUTE
    ../clib/signal.c                         0x00000000   Number         0  defsig_segv_inner.o ABSOLUTE
    ../clib/signal.c                         0x00000000   Number         0  defsig_rtmem_formal.o ABSOLUTE
    ../clib/signal.c                         0x00000000   Number         0  defsig_rtmem_outer.o ABSOLUTE
    ../clib/signal.c                         0x00000000   Number         0  defsig_rtmem_inner.o ABSOLUTE
    ../clib/signal.c                         0x00000000   Number         0  defsig_fpe_outer.o ABSOLUTE
    ../clib/signal.c                         0x00000000   Number         0  defsig_rtred_inner.o ABSOLUTE
    ../clib/signal.c                         0x00000000   Number         0  defsig_fpe_formal.o ABSOLUTE
    ../clib/signal.c                         0x00000000   Number         0  defsig_abrt_inner.o ABSOLUTE
    ../clib/signal.c                         0x00000000   Number         0  defsig_cppl_inner.o ABSOLUTE
    ../clib/signal.c                         0x00000000   Number         0  defsig_general.o ABSOLUTE
    ../clib/signal.c                         0x00000000   Number         0  __raise.o ABSOLUTE
    ../clib/signal.c                         0x00000000   Number         0  defsig_pvfn_inner.o ABSOLUTE
    ../clib/signal.c                         0x00000000   Number         0  defsig_fpe_inner.o ABSOLUTE
    ../clib/signal.c                         0x00000000   Number         0  defsig_exit.o ABSOLUTE
    ../clib/signal.s                         0x00000000   Number         0  defsig.o ABSOLUTE
    ../clib/stdlib.c                         0x00000000   Number         0  exit.o ABSOLUTE
    ../clib/string.c                         0x00000000   Number         0  strcpy.o ABSOLUTE
    ../fplib/d2f.s                           0x00000000   Number         0  d2f.o ABSOLUTE
    ../fplib/ddiv.s                          0x00000000   Number         0  ddiv.o ABSOLUTE
    ../fplib/dmul.s                          0x00000000   Number         0  dmul.o ABSOLUTE
    ../fplib/dnaninf.s                       0x00000000   Number         0  dnaninf.o ABSOLUTE
    ../fplib/dretinf.s                       0x00000000   Number         0  dretinf.o ABSOLUTE
    ../fplib/f2d.s                           0x00000000   Number         0  f2d.o ABSOLUTE
    ../fplib/faddsub.s                       0x00000000   Number         0  faddsub_clz.o ABSOLUTE
    ../fplib/fcmpi.s                         0x00000000   Number         0  fcmpi.o ABSOLUTE
    ../fplib/feqf.s                          0x00000000   Number         0  feqf.o ABSOLUTE
    ../fplib/ffixu.s                         0x00000000   Number         0  ffixu.o ABSOLUTE
    ../fplib/fflt.s                          0x00000000   Number         0  fflt_clz.o ABSOLUTE
    ../fplib/fleqf.s                         0x00000000   Number         0  fleqf.o ABSOLUTE
    ../fplib/fnaninf.s                       0x00000000   Number         0  fnaninf.o ABSOLUTE
    ../fplib/fpinit.s                        0x00000000   Number         0  fpinit.o ABSOLUTE
    ../fplib/fretinf.s                       0x00000000   Number         0  fretinf.o ABSOLUTE
    ../fplib/usenofp.s                       0x00000000   Number         0  usenofp.o ABSOLUTE
    C:\Keil_v5\ARM\PACK\Keil\LPC1700_DFP\2.6.1\RTE_Driver\GPDMA_LPC17xx.c 0x00000000   Number         0  gpdma_lpc17xx.o ABSOLUTE
    C:\Keil_v5\ARM\PACK\Keil\LPC1700_DFP\2.6.1\RTE_Driver\GPIO_LPC17xx.c 0x00000000   Number         0  gpio_lpc17xx.o ABSOLUTE
    C:\Keil_v5\ARM\PACK\Keil\LPC1700_DFP\2.6.1\RTE_Driver\PIN_LPC17xx.c 0x00000000   Number         0  pin_lpc17xx.o ABSOLUTE
    C:\Keil_v5\ARM\PACK\Keil\LPC1700_DFP\2.6.1\RTE_Driver\SSP_LPC17xx.c 0x00000000   Number         0  ssp_lpc17xx.o ABSOLUTE
    C:\Keil_v5\ARM\PACK\Keil\LPC1700_DFP\2.6.1\RTE_Driver\UART_LPC17xx.c 0x00000000   Number         0  uart_lpc17xx.o ABSOLUTE
    C:\\Keil_v5\\ARM\\PACK\\Keil\\LPC1700_DFP\\2.6.1\\RTE_Driver\\GPDMA_LPC17xx.c 0x00000000   Number         0  gpdma_lpc17xx.o ABSOLUTE
    C:\\Keil_v5\\ARM\\PACK\\Keil\\LPC1700_DFP\\2.6.1\\RTE_Driver\\GPIO_LPC17xx.c 0x00000000   Number         0  gpio_lpc17xx.o ABSOLUTE
    C:\\Keil_v5\\ARM\\PACK\\Keil\\LPC1700_DFP\\2.6.1\\RTE_Driver\\PIN_LPC17xx.c 0x00000000   Number         0  pin_lpc17xx.o ABSOLUTE
    C:\\Keil_v5\\ARM\\PACK\\Keil\\LPC1700_DFP\\2.6.1\\RTE_Driver\\SSP_LPC17xx.c 0x00000000   Number         0  ssp_lpc17xx.o ABSOLUTE
    C:\\Keil_v5\\ARM\\PACK\\Keil\\LPC1700_DFP\\2.6.1\\RTE_Driver\\UART_LPC17xx.c 0x00000000   Number         0  uart_lpc17xx.o ABSOLUTE
    RTE\Device\LPC1768\startup_LPC17xx.s     0x00000000   Number         0  startup_lpc17xx.o ABSOLUTE
    RTE\Device\LPC1768\system_LPC17xx.c      0x00000000   Number         0  system_lpc17xx.o ABSOLUTE
    RTE\\Device\\LPC1768\\system_LPC17xx.c   0x00000000   Number         0  system_lpc17xx.o ABSOLUTE
    dc.s                                     0x00000000   Number         0  dc.o ABSOLUTE
    src\ADC.c                                0x00000000   Number         0  adc.o ABSOLUTE
    src\LCD_ILI9325.c                        0x00000000   Number         0  lcd_ili9325.o ABSOLUTE
    src\Open1768_LCD.c                       0x00000000   Number         0  open1768_lcd.o ABSOLUTE
    src\\ADC.c                               0x00000000   Number         0  adc.o ABSOLUTE
    src\\LCD_ILI9325.c                       0x00000000   Number         0  lcd_ili9325.o ABSOLUTE
    src\\Open1768_LCD.c                      0x00000000   Number         0  open1768_lcd.o ABSOLUTE
    src\\buttons.c                           0x00000000   Number         0  buttons.o ABSOLUTE
    src\\lcd.c                               0x00000000   Number         0  lcd.o ABSOLUTE
    src\\main.c                              0x00000000   Number         0  main.o ABSOLUTE
    src\\timer.c                             0x00000000   Number         0  timer.o ABSOLUTE
    src\\uart.c                              0x00000000   Number         0  uart.o ABSOLUTE
    src\asciiLib.c                           0x00000000   Number         0  asciilib.o ABSOLUTE
    src\buttons.c                            0x00000000   Number         0  buttons.o ABSOLUTE
    src\lcd.c                                0x00000000   Number         0  lcd.o ABSOLUTE
    src\main.c                               0x00000000   Number         0  main.o ABSOLUTE
    src\timer.c                              0x00000000   Number         0  timer.o ABSOLUTE
    src\uart.c                               0x00000000   Number         0  uart.o ABSOLUTE
    !!!main                                  0x000000cc   Section        8  __main.o(!!!main)
    !!!scatter                               0x000000d4   Section       52  __scatter.o(!!!scatter)
    !!handler_copy                           0x00000108   Section       26  __scatter_copy.o(!!handler_copy)
    !!handler_zi                             0x00000124   Section       28  __scatter_zi.o(!!handler_zi)
    .ARM.Collect$$_printf_percent$$00000000  0x00000140   Section        0  _printf_percent.o(.ARM.Collect$$_printf_percent$$00000000)
    .ARM.Collect$$_printf_percent$$00000009  0x00000140   Section        6  _printf_d.o(.ARM.Collect$$_printf_percent$$00000009)
    .ARM.Collect$$_printf_percent$$0000000C  0x00000146   Section        6  _printf_x.o(.ARM.Collect$$_printf_percent$$0000000C)
    .ARM.Collect$$_printf_percent$$00000017  0x0000014c   Section        4  _printf_percent_end.o(.ARM.Collect$$_printf_percent$$00000017)
    .ARM.Collect$$libinit$$00000000          0x00000150   Section        2  libinit.o(.ARM.Collect$$libinit$$00000000)
    .ARM.Collect$$libinit$$00000002          0x00000152   Section        0  libinit2.o(.ARM.Collect$$libinit$$00000002)
    .ARM.Collect$$libinit$$00000004          0x00000152   Section        0  libinit2.o(.ARM.Collect$$libinit$$00000004)
    .ARM.Collect$$libinit$$0000000A          0x00000152   Section        0  libinit2.o(.ARM.Collect$$libinit$$0000000A)
    .ARM.Collect$$libinit$$0000000C          0x00000152   Section        0  libinit2.o(.ARM.Collect$$libinit$$0000000C)
    .ARM.Collect$$libinit$$0000000E          0x00000152   Section        0  libinit2.o(.ARM.Collect$$libinit$$0000000E)
    .ARM.Collect$$libinit$$00000011          0x00000152   Section        0  libinit2.o(.ARM.Collect$$libinit$$00000011)
    .ARM.Collect$$libinit$$00000013          0x00000152   Section        0  libinit2.o(.ARM.Collect$$libinit$$00000013)
    .ARM.Collect$$libinit$$00000015          0x00000152   Section        0  libinit2.o(.ARM.Collect$$libinit$$00000015)
    .ARM.Collect$$libinit$$00000017          0x00000152   Section        0  libinit2.o(.ARM.Collect$$libinit$$00000017)
    .ARM.Collect$$libinit$$00000019          0x00000152   Section        0  libinit2.o(.ARM.Collect$$libinit$$00000019)
    .ARM.Collect$$libinit$$0000001B          0x00000152   Section        0  libinit2.o(.ARM.Collect$$libinit$$0000001B)
    .ARM.Collect$$libinit$$0000001D          0x00000152   Section        0  libinit2.o(.ARM.Collect$$libinit$$0000001D)
    .ARM.Collect$$libinit$$0000001F          0x00000152   Section        0  libinit2.o(.ARM.Collect$$libinit$$0000001F)
    .ARM.Collect$$libinit$$00000021          0x00000152   Section        0  libinit2.o(.ARM.Collect$$libinit$$00000021)
    .ARM.Collect$$libinit$$00000023          0x00000152   Section        0  libinit2.o(.ARM.Collect$$libinit$$00000023)
    .ARM.Collect$$libinit$$00000025          0x00000152   Section        0  libinit2.o(.ARM.Collect$$libinit$$00000025)
    .ARM.Collect$$libinit$$0000002C          0x00000152   Section        0  libinit2.o(.ARM.Collect$$libinit$$0000002C)
    .ARM.Collect$$libinit$$0000002E          0x00000152   Section        0  libinit2.o(.ARM.Collect$$libinit$$0000002E)
    .ARM.Collect$$libinit$$00000030          0x00000152   Section        0  libinit2.o(.ARM.Collect$$libinit$$00000030)
    .ARM.Collect$$libinit$$00000032          0x00000152   Section        0  libinit2.o(.ARM.Collect$$libinit$$00000032)
    .ARM.Collect$$libinit$$00000033          0x00000152   Section        2  libinit2.o(.ARM.Collect$$libinit$$00000033)
    .ARM.Collect$$libshutdown$$00000000      0x00000154   Section        2  libshutdown.o(.ARM.Collect$$libshutdown$$00000000)
    .ARM.Collect$$libshutdown$$00000002      0x00000156   Section        0  libshutdown2.o(.ARM.Collect$$libshutdown$$00000002)
    .ARM.Collect$$libshutdown$$00000004      0x00000156   Section        0  libshutdown2.o(.ARM.Collect$$libshutdown$$00000004)
    .ARM.Collect$$libshutdown$$00000007      0x00000156   Section        0  libshutdown2.o(.ARM.Collect$$libshutdown$$00000007)
    .ARM.Collect$$libshutdown$$0000000A      0x00000156   Section        0  libshutdown2.o(.ARM.Collect$$libshutdown$$0000000A)
    .ARM.Collect$$libshutdown$$0000000C      0x00000156   Section        0  libshutdown2.o(.ARM.Collect$$libshutdown$$0000000C)
    .ARM.Collect$$libshutdown$$0000000F      0x00000156   Section        0  libshutdown2.o(.ARM.Collect$$libshutdown$$0000000F)
    .ARM.Collect$$libshutdown$$00000010      0x00000156   Section        2  libshutdown2.o(.ARM.Collect$$libshutdown$$00000010)
    .ARM.Collect$$rtentry$$00000000          0x00000158   Section        0  __rtentry.o(.ARM.Collect$$rtentry$$00000000)
    .ARM.Collect$$rtentry$$00000002          0x00000158   Section        0  __rtentry2.o(.ARM.Collect$$rtentry$$00000002)
    .ARM.Collect$$rtentry$$00000004          0x00000158   Section        6  __rtentry4.o(.ARM.Collect$$rtentry$$00000004)
    .ARM.Collect$$rtentry$$00000009          0x0000015e   Section        0  __rtentry2.o(.ARM.Collect$$rtentry$$00000009)
    .ARM.Collect$$rtentry$$0000000A          0x0000015e   Section        4  __rtentry2.o(.ARM.Collect$$rtentry$$0000000A)
    .ARM.Collect$$rtentry$$0000000C          0x00000162   Section        0  __rtentry2.o(.ARM.Collect$$rtentry$$0000000C)
    .ARM.Collect$$rtentry$$0000000D          0x00000162   Section        8  __rtentry2.o(.ARM.Collect$$rtentry$$0000000D)
    .ARM.Collect$$rtexit$$00000000           0x0000016a   Section        2  rtexit.o(.ARM.Collect$$rtexit$$00000000)
    .ARM.Collect$$rtexit$$00000002           0x0000016c   Section        0  rtexit2.o(.ARM.Collect$$rtexit$$00000002)
    .ARM.Collect$$rtexit$$00000003           0x0000016c   Section        4  rtexit2.o(.ARM.Collect$$rtexit$$00000003)
    .ARM.Collect$$rtexit$$00000004           0x00000170   Section        6  rtexit2.o(.ARM.Collect$$rtexit$$00000004)
    .text                                    0x00000178   Section       60  startup_lpc17xx.o(.text)
    .text                                    0x000001b4   Section      238  lludivv7m.o(.text)
    .text                                    0x000002a4   Section        0  noretval__2sprintf.o(.text)
    .text                                    0x000002cc   Section        0  heapauxi.o(.text)
    .text                                    0x000002d2   Section        0  _sputc.o(.text)
    .text                                    0x000002dc   Section        0  exit.o(.text)
    .text                                    0x000002f0   Section        8  libspace.o(.text)
    .text                                    0x000002f8   Section        2  use_no_semi.o(.text)
    .text                                    0x000002fa   Section        0  indicate_semi.o(.text)
    .ARM.__at_0x02FC                         0x000002fc   Section        4  startup_lpc17xx.o(.ARM.__at_0x02FC)
    .text                                    0x00000300   Section        0  __printf.o(.text)
    .text                                    0x00000368   Section        0  _printf_dec.o(.text)
    .text                                    0x000003e0   Section        0  _printf_hex_int.o(.text)
    .text                                    0x00000438   Section      138  rt_memcpy_v6.o(.text)
    .text                                    0x000004c2   Section       78  rt_memclr_w.o(.text)
    .text                                    0x00000510   Section        0  _printf_intcommon.o(.text)
    .text                                    0x000005c4   Section        0  _printf_char_common.o(.text)
    _printf_input_char                       0x000005c5   Thumb Code    10  _printf_char_common.o(.text)
    .text                                    0x000005f4   Section      100  rt_memcpy_w.o(.text)
    .text                                    0x00000658   Section       74  sys_stackheap_outer.o(.text)
    .text                                    0x000006a4   Section        0  sys_exit.o(.text)
    i.ADC_IRQHandler                         0x000006b0   Section        0  adc.o(i.ADC_IRQHandler)
    i.ADC_StartConvertion                    0x000006d0   Section        0  adc.o(i.ADC_StartConvertion)
    i.Clear_Channel_active_flag              0x000006e4   Section        0  gpdma_lpc17xx.o(i.Clear_Channel_active_flag)
    Clear_Channel_active_flag                0x000006e5   Thumb Code    28  gpdma_lpc17xx.o(i.Clear_Channel_active_flag)
    i.DMA_IRQHandler                         0x00000704   Section        0  gpdma_lpc17xx.o(i.DMA_IRQHandler)
    i.EINT0_IRQHandler                       0x00000884   Section        0  buttons.o(i.EINT0_IRQHandler)
    i.EINT3_IRQHandler                       0x000008f4   Section        0  main.o(i.EINT3_IRQHandler)
    i.GPDMA_ChannelConfigure                 0x00000948   Section        0  gpdma_lpc17xx.o(i.GPDMA_ChannelConfigure)
    i.GPDMA_ChannelDisable                   0x00000a3c   Section        0  gpdma_lpc17xx.o(i.GPDMA_ChannelDisable)
    i.GPDMA_ChannelGetCount                  0x00000a6c   Section        0  gpdma_lpc17xx.o(i.GPDMA_ChannelGetCount)
    i.GPDMA_Initialize                       0x00000a9c   Section        0  gpdma_lpc17xx.o(i.GPDMA_Initialize)
    i.GPDMA_PeripheralSelect                 0x00000b44   Section        0  gpdma_lpc17xx.o(i.GPDMA_PeripheralSelect)
    i.GPDMA_Uninitialize                     0x00000b88   Section        0  gpdma_lpc17xx.o(i.GPDMA_Uninitialize)
    i.GPIO_Init                              0x00000c08   Section        0  main.o(i.GPIO_Init)
    i.GPIO_PinWrite                          0x00000c2c   Section        0  gpio_lpc17xx.o(i.GPIO_PinWrite)
    i.GPIO_SetDir                            0x00000c54   Section        0  gpio_lpc17xx.o(i.GPIO_SetDir)
    i.GetASCIICode                           0x00000c8c   Section        0  asciilib.o(i.GetASCIICode)
    i.GetSSPClockFreq                        0x00000cb8   Section        0  ssp_lpc17xx.o(i.GetSSPClockFreq)
    GetSSPClockFreq                          0x00000cb9   Thumb Code    64  ssp_lpc17xx.o(i.GetSSPClockFreq)
    i.GetUsartClockFreq                      0x00000cfc   Section        0  uart_lpc17xx.o(i.GetUsartClockFreq)
    GetUsartClockFreq                        0x00000cfd   Thumb Code    62  uart_lpc17xx.o(i.GetUsartClockFreq)
    i.LineCoord                              0x00000d40   Section        0  lcd.o(i.LineCoord)
    LineCoord                                0x00000d41   Thumb Code    24  lcd.o(i.LineCoord)
    i.OnSignal                               0x00000d58   Section        0  lcd.o(i.OnSignal)
    OnSignal                                 0x00000d59   Thumb Code    18  lcd.o(i.OnSignal)
    i.PIN_Configure                          0x00000d6c   Section        0  pin_lpc17xx.o(i.PIN_Configure)
    i.RTC_IRQHandler                         0x00000e68   Section        0  main.o(i.RTC_IRQHandler)
    i.RTC_Init                               0x00000e84   Section        0  main.o(i.RTC_Init)
    i.SSP0_Control                           0x00000e9c   Section        0  ssp_lpc17xx.o(i.SSP0_Control)
    SSP0_Control                             0x00000e9d   Thumb Code    18  ssp_lpc17xx.o(i.SSP0_Control)
    i.SSP0_GPDMA_Rx_SignalEvent              0x00000eb4   Section        0  ssp_lpc17xx.o(i.SSP0_GPDMA_Rx_SignalEvent)
    i.SSP0_GPDMA_Tx_SignalEvent              0x00000ec8   Section        0  ssp_lpc17xx.o(i.SSP0_GPDMA_Tx_SignalEvent)
    i.SSP0_GetDataCount                      0x00000edc   Section        0  ssp_lpc17xx.o(i.SSP0_GetDataCount)
    SSP0_GetDataCount                        0x00000edd   Thumb Code    10  ssp_lpc17xx.o(i.SSP0_GetDataCount)
    i.SSP0_GetStatus                         0x00000eec   Section        0  ssp_lpc17xx.o(i.SSP0_GetStatus)
    SSP0_GetStatus                           0x00000eed   Thumb Code    12  ssp_lpc17xx.o(i.SSP0_GetStatus)
    i.SSP0_IRQHandler                        0x00000efc   Section        0  ssp_lpc17xx.o(i.SSP0_IRQHandler)
    i.SSP0_Initialize                        0x00000f0c   Section        0  ssp_lpc17xx.o(i.SSP0_Initialize)
    SSP0_Initialize                          0x00000f0d   Thumb Code    14  ssp_lpc17xx.o(i.SSP0_Initialize)
    i.SSP0_PowerControl                      0x00000f20   Section        0  ssp_lpc17xx.o(i.SSP0_PowerControl)
    SSP0_PowerControl                        0x00000f21   Thumb Code    14  ssp_lpc17xx.o(i.SSP0_PowerControl)
    i.SSP0_Receive                           0x00000f34   Section        0  ssp_lpc17xx.o(i.SSP0_Receive)
    SSP0_Receive                             0x00000f35   Thumb Code    18  ssp_lpc17xx.o(i.SSP0_Receive)
    i.SSP0_Send                              0x00000f4c   Section        0  ssp_lpc17xx.o(i.SSP0_Send)
    SSP0_Send                                0x00000f4d   Thumb Code    18  ssp_lpc17xx.o(i.SSP0_Send)
    i.SSP0_Transfer                          0x00000f64   Section        0  ssp_lpc17xx.o(i.SSP0_Transfer)
    SSP0_Transfer                            0x00000f65   Thumb Code    22  ssp_lpc17xx.o(i.SSP0_Transfer)
    i.SSP0_Uninitialize                      0x00000f80   Section        0  ssp_lpc17xx.o(i.SSP0_Uninitialize)
    SSP0_Uninitialize                        0x00000f81   Thumb Code    10  ssp_lpc17xx.o(i.SSP0_Uninitialize)
    i.SSP_GetCapabilities                    0x00000f90   Section        0  ssp_lpc17xx.o(i.SSP_GetCapabilities)
    SSP_GetCapabilities                      0x00000f91   Thumb Code     6  ssp_lpc17xx.o(i.SSP_GetCapabilities)
    i.SSP_GetVersion                         0x00000f9c   Section        0  ssp_lpc17xx.o(i.SSP_GetVersion)
    SSP_GetVersion                           0x00000f9d   Thumb Code    10  ssp_lpc17xx.o(i.SSP_GetVersion)
    i.SSPx_Control                           0x00000fac   Section        0  ssp_lpc17xx.o(i.SSPx_Control)
    SSPx_Control                             0x00000fad   Thumb Code  1310  ssp_lpc17xx.o(i.SSPx_Control)
    i.SSPx_GPDMA_Rx_SignalEvent              0x000014ca   Section        0  ssp_lpc17xx.o(i.SSPx_GPDMA_Rx_SignalEvent)
    i.SSPx_GPDMA_Tx_SignalEvent              0x00001500   Section        0  ssp_lpc17xx.o(i.SSPx_GPDMA_Tx_SignalEvent)
    i.SSPx_GetDataCount                      0x0000151c   Section        0  ssp_lpc17xx.o(i.SSPx_GetDataCount)
    SSPx_GetDataCount                        0x0000151d   Thumb Code    44  ssp_lpc17xx.o(i.SSPx_GetDataCount)
    i.SSPx_GetStatus                         0x00001548   Section        0  ssp_lpc17xx.o(i.SSPx_GetStatus)
    SSPx_GetStatus                           0x00001549   Thumb Code    90  ssp_lpc17xx.o(i.SSPx_GetStatus)
    i.SSPx_IRQHandler                        0x000015a2   Section        0  ssp_lpc17xx.o(i.SSPx_IRQHandler)
    SSPx_IRQHandler                          0x000015a3   Thumb Code   260  ssp_lpc17xx.o(i.SSPx_IRQHandler)
    i.SSPx_Initialize                        0x000016a6   Section        0  ssp_lpc17xx.o(i.SSPx_Initialize)
    SSPx_Initialize                          0x000016a7   Thumb Code   168  ssp_lpc17xx.o(i.SSPx_Initialize)
    i.SSPx_PowerControl                      0x00001750   Section        0  ssp_lpc17xx.o(i.SSPx_PowerControl)
    SSPx_PowerControl                        0x00001751   Thumb Code   446  ssp_lpc17xx.o(i.SSPx_PowerControl)
    i.SSPx_Receive                           0x00001914   Section        0  ssp_lpc17xx.o(i.SSPx_Receive)
    SSPx_Receive                             0x00001915   Thumb Code   344  ssp_lpc17xx.o(i.SSPx_Receive)
    i.SSPx_Send                              0x00001a70   Section        0  ssp_lpc17xx.o(i.SSPx_Send)
    SSPx_Send                                0x00001a71   Thumb Code   336  ssp_lpc17xx.o(i.SSPx_Send)
    i.SSPx_Transfer                          0x00001bc4   Section        0  ssp_lpc17xx.o(i.SSPx_Transfer)
    SSPx_Transfer                            0x00001bc5   Thumb Code   338  ssp_lpc17xx.o(i.SSPx_Transfer)
    i.SSPx_Uninitialize                      0x00001d16   Section        0  ssp_lpc17xx.o(i.SSPx_Uninitialize)
    SSPx_Uninitialize                        0x00001d17   Thumb Code   112  ssp_lpc17xx.o(i.SSPx_Uninitialize)
    i.Set_Channel_active_flag                0x00001d88   Section        0  gpdma_lpc17xx.o(i.Set_Channel_active_flag)
    Set_Channel_active_flag                  0x00001d89   Thumb Code    50  gpdma_lpc17xx.o(i.Set_Channel_active_flag)
    i.SysTick_Handler                        0x00001dc0   Section        0  timer.o(i.SysTick_Handler)
    i.SystemInit                             0x00001dd0   Section        0  system_lpc17xx.o(i.SystemInit)
    i.TIMER0_IRQHandler                      0x00001f10   Section        0  main.o(i.TIMER0_IRQHandler)
    i.Timer_Init                             0x00001f20   Section        0  timer.o(i.Timer_Init)
    i.UART0_IRQHandler                       0x00001fa8   Section        0  uart_lpc17xx.o(i.UART0_IRQHandler)
    i.UART_Init                              0x00001fb8   Section        0  uart.o(i.UART_Init)
    i.UART_Send                              0x00002024   Section        0  uart.o(i.UART_Send)
    i.UART_SendNum                           0x0000204c   Section        0  uart.o(i.UART_SendNum)
    i.USART0_Control                         0x00002074   Section        0  uart_lpc17xx.o(i.USART0_Control)
    USART0_Control                           0x00002075   Thumb Code    18  uart_lpc17xx.o(i.USART0_Control)
    i.USART0_GPDMA_Rx_Event                  0x0000208c   Section        0  uart_lpc17xx.o(i.USART0_GPDMA_Rx_Event)
    i.USART0_GPDMA_Tx_Event                  0x000020a0   Section        0  uart_lpc17xx.o(i.USART0_GPDMA_Tx_Event)
    i.USART0_GetCapabilities                 0x000020b4   Section        0  uart_lpc17xx.o(i.USART0_GetCapabilities)
    USART0_GetCapabilities                   0x000020b5   Thumb Code    12  uart_lpc17xx.o(i.USART0_GetCapabilities)
    i.USART0_GetModemStatus                  0x000020c4   Section        0  uart_lpc17xx.o(i.USART0_GetModemStatus)
    USART0_GetModemStatus                    0x000020c5   Thumb Code    12  uart_lpc17xx.o(i.USART0_GetModemStatus)
    i.USART0_GetRxCount                      0x000020d4   Section        0  uart_lpc17xx.o(i.USART0_GetRxCount)
    USART0_GetRxCount                        0x000020d5   Thumb Code    10  uart_lpc17xx.o(i.USART0_GetRxCount)
    i.USART0_GetStatus                       0x000020e4   Section        0  uart_lpc17xx.o(i.USART0_GetStatus)
    USART0_GetStatus                         0x000020e5   Thumb Code    12  uart_lpc17xx.o(i.USART0_GetStatus)
    i.USART0_GetTxCount                      0x000020f4   Section        0  uart_lpc17xx.o(i.USART0_GetTxCount)
    USART0_GetTxCount                        0x000020f5   Thumb Code    10  uart_lpc17xx.o(i.USART0_GetTxCount)
    i.USART0_Initialize                      0x00002104   Section        0  uart_lpc17xx.o(i.USART0_Initialize)
    USART0_Initialize                        0x00002105   Thumb Code    14  uart_lpc17xx.o(i.USART0_Initialize)
    i.USART0_PowerControl                    0x00002118   Section        0  uart_lpc17xx.o(i.USART0_PowerControl)
    USART0_PowerControl                      0x00002119   Thumb Code    14  uart_lpc17xx.o(i.USART0_PowerControl)
    i.USART0_Receive                         0x0000212c   Section        0  uart_lpc17xx.o(i.USART0_Receive)
    USART0_Receive                           0x0000212d   Thumb Code    18  uart_lpc17xx.o(i.USART0_Receive)
    i.USART0_Send                            0x00002144   Section        0  uart_lpc17xx.o(i.USART0_Send)
    USART0_Send                              0x00002145   Thumb Code    18  uart_lpc17xx.o(i.USART0_Send)
    i.USART0_SetModemControl                 0x0000215c   Section        0  uart_lpc17xx.o(i.USART0_SetModemControl)
    USART0_SetModemControl                   0x0000215d   Thumb Code    14  uart_lpc17xx.o(i.USART0_SetModemControl)
    i.USART0_Transfer                        0x00002170   Section        0  uart_lpc17xx.o(i.USART0_Transfer)
    USART0_Transfer                          0x00002171   Thumb Code    22  uart_lpc17xx.o(i.USART0_Transfer)
    i.USART0_Uninitialize                    0x0000218c   Section        0  uart_lpc17xx.o(i.USART0_Uninitialize)
    USART0_Uninitialize                      0x0000218d   Thumb Code    10  uart_lpc17xx.o(i.USART0_Uninitialize)
    i.USART_Control                          0x0000219c   Section        0  uart_lpc17xx.o(i.USART_Control)
    USART_Control                            0x0000219d   Thumb Code  1600  uart_lpc17xx.o(i.USART_Control)
    i.USART_GPDMA_Rx_Event                   0x000027e0   Section        0  uart_lpc17xx.o(i.USART_GPDMA_Rx_Event)
    USART_GPDMA_Rx_Event                     0x000027e1   Thumb Code   134  uart_lpc17xx.o(i.USART_GPDMA_Rx_Event)
    i.USART_GPDMA_Tx_Event                   0x00002866   Section        0  uart_lpc17xx.o(i.USART_GPDMA_Tx_Event)
    USART_GPDMA_Tx_Event                     0x00002867   Thumb Code    74  uart_lpc17xx.o(i.USART_GPDMA_Tx_Event)
    i.USART_GetCapabilities                  0x000028b0   Section        0  uart_lpc17xx.o(i.USART_GetCapabilities)
    USART_GetCapabilities                    0x000028b1   Thumb Code     6  uart_lpc17xx.o(i.USART_GetCapabilities)
    i.USART_GetModemStatus                   0x000028b6   Section        0  uart_lpc17xx.o(i.USART_GetModemStatus)
    USART_GetModemStatus                     0x000028b7   Thumb Code   236  uart_lpc17xx.o(i.USART_GetModemStatus)
    i.USART_GetRxCount                       0x000029a2   Section        0  uart_lpc17xx.o(i.USART_GetRxCount)
    USART_GetRxCount                         0x000029a3   Thumb Code    28  uart_lpc17xx.o(i.USART_GetRxCount)
    i.USART_GetStatus                        0x000029be   Section        0  uart_lpc17xx.o(i.USART_GetStatus)
    USART_GetStatus                          0x000029bf   Thumb Code   188  uart_lpc17xx.o(i.USART_GetStatus)
    i.USART_GetTxCount                       0x00002a7a   Section        0  uart_lpc17xx.o(i.USART_GetTxCount)
    USART_GetTxCount                         0x00002a7b   Thumb Code    28  uart_lpc17xx.o(i.USART_GetTxCount)
    i.USART_IRQHandler                       0x00002a96   Section        0  uart_lpc17xx.o(i.USART_IRQHandler)
    USART_IRQHandler                         0x00002a97   Thumb Code   538  uart_lpc17xx.o(i.USART_IRQHandler)
    i.USART_Initialize                       0x00002cb0   Section        0  uart_lpc17xx.o(i.USART_Initialize)
    USART_Initialize                         0x00002cb1   Thumb Code   254  uart_lpc17xx.o(i.USART_Initialize)
    i.USART_PowerControl                     0x00002db0   Section        0  uart_lpc17xx.o(i.USART_PowerControl)
    USART_PowerControl                       0x00002db1   Thumb Code   564  uart_lpc17xx.o(i.USART_PowerControl)
    i.USART_Receive                          0x00002fe8   Section        0  uart_lpc17xx.o(i.USART_Receive)
    USART_Receive                            0x00002fe9   Thumb Code   272  uart_lpc17xx.o(i.USART_Receive)
    i.USART_RxLineIntHandler                 0x000030f8   Section        0  uart_lpc17xx.o(i.USART_RxLineIntHandler)
    USART_RxLineIntHandler                   0x000030f9   Thumb Code   104  uart_lpc17xx.o(i.USART_RxLineIntHandler)
    i.USART_Send                             0x00003160   Section        0  uart_lpc17xx.o(i.USART_Send)
    USART_Send                               0x00003161   Thumb Code   412  uart_lpc17xx.o(i.USART_Send)
    i.USART_SetBaudrate                      0x000032fc   Section        0  uart_lpc17xx.o(i.USART_SetBaudrate)
    i.USART_SetModemControl                  0x00003430   Section        0  uart_lpc17xx.o(i.USART_SetModemControl)
    USART_SetModemControl                    0x00003431   Thumb Code   160  uart_lpc17xx.o(i.USART_SetModemControl)
    i.USART_Transfer                         0x000034d0   Section        0  uart_lpc17xx.o(i.USART_Transfer)
    USART_Transfer                           0x000034d1   Thumb Code   122  uart_lpc17xx.o(i.USART_Transfer)
    i.USART_Uninitialize                     0x0000354a   Section        0  uart_lpc17xx.o(i.USART_Uninitialize)
    USART_Uninitialize                       0x0000354b   Thumb Code   226  uart_lpc17xx.o(i.USART_Uninitialize)
    i.USARTx_GetVersion                      0x0000362c   Section        0  uart_lpc17xx.o(i.USARTx_GetVersion)
    USARTx_GetVersion                        0x0000362d   Thumb Code    10  uart_lpc17xx.o(i.USARTx_GetVersion)
    i.__NVIC_ClearPendingIRQ                 0x0000363c   Section        0  ssp_lpc17xx.o(i.__NVIC_ClearPendingIRQ)
    __NVIC_ClearPendingIRQ                   0x0000363d   Thumb Code    22  ssp_lpc17xx.o(i.__NVIC_ClearPendingIRQ)
    i.__NVIC_ClearPendingIRQ                 0x00003658   Section        0  uart_lpc17xx.o(i.__NVIC_ClearPendingIRQ)
    __NVIC_ClearPendingIRQ                   0x00003659   Thumb Code    22  uart_lpc17xx.o(i.__NVIC_ClearPendingIRQ)
    i.__NVIC_ClearPendingIRQ                 0x00003674   Section        0  gpdma_lpc17xx.o(i.__NVIC_ClearPendingIRQ)
    __NVIC_ClearPendingIRQ                   0x00003675   Thumb Code    22  gpdma_lpc17xx.o(i.__NVIC_ClearPendingIRQ)
    i.__NVIC_EnableIRQ                       0x00003690   Section        0  main.o(i.__NVIC_EnableIRQ)
    __NVIC_EnableIRQ                         0x00003691   Thumb Code    26  main.o(i.__NVIC_EnableIRQ)
    i.delay_ms                               0x000036aa   Section        0  lcd_ili9325.o(i.delay_ms)
    i.drawBorders                            0x000036c8   Section        0  lcd.o(i.drawBorders)
    drawBorders                              0x000036c9   Thumb Code   378  lcd.o(i.drawBorders)
    i.drawLine                               0x00003850   Section        0  lcd.o(i.drawLine)
    i.drawLineStrip                          0x00003922   Section        0  lcd.o(i.drawLineStrip)
    i.drawPixel                              0x00003964   Section        0  lcd.o(i.drawPixel)
    i.drawText                               0x0000398a   Section        0  lcd.o(i.drawText)
    i.initADC                                0x00003a34   Section        0  adc.o(i.initADC)
    i.initLCD                                0x00003a8c   Section        0  lcd.o(i.initLCD)
    i.init_ILI9325                           0x00003ac8   Section        0  lcd_ili9325.o(i.init_ILI9325)
    i.lcdConfiguration                       0x00003c9c   Section        0  open1768_lcd.o(i.lcdConfiguration)
    i.lcdRead                                0x00003cc4   Section        0  open1768_lcd.o(i.lcdRead)
    i.lcdReadData                            0x00003d10   Section        0  open1768_lcd.o(i.lcdReadData)
    i.lcdReadReg                             0x00003d48   Section        0  open1768_lcd.o(i.lcdReadReg)
    i.lcdSend                                0x00003d5c   Section        0  open1768_lcd.o(i.lcdSend)
    i.lcdWriteData                           0x00003d88   Section        0  open1768_lcd.o(i.lcdWriteData)
    i.lcdWriteIndex                          0x00003dc0   Section        0  open1768_lcd.o(i.lcdWriteIndex)
    i.lcdWriteReg                            0x00003e00   Section        0  open1768_lcd.o(i.lcdWriteReg)
    i.main                                   0x00003e14   Section        0  main.o(i.main)
    i.wait_delay                             0x00003e90   Section        0  open1768_lcd.o(i.wait_delay)
    .constdata                               0x00003ea2   Section     3040  asciilib.o(.constdata)
    AsciiLib                                 0x00003ea2   Data        3040  asciilib.o(.constdata)
    .constdata                               0x00004a84   Section      128  ssp_lpc17xx.o(.constdata)
    DriverVersion                            0x00004a84   Data           4  ssp_lpc17xx.o(.constdata)
    DriverCapabilities                       0x00004a88   Data           4  ssp_lpc17xx.o(.constdata)
    SSPO_pin_sck                             0x00004a8c   Data           2  ssp_lpc17xx.o(.constdata)
    SSPO_pin_ssel                            0x00004a8e   Data           2  ssp_lpc17xx.o(.constdata)
    SSP0_Resources                           0x00004a90   Data          72  ssp_lpc17xx.o(.constdata)
    .constdata                               0x00004b04   Section      464  uart_lpc17xx.o(.constdata)
    usart_driver_version                     0x00004b04   Data           4  uart_lpc17xx.o(.constdata)
    fract_div_lookup_table                   0x00004b08   Data         288  uart_lpc17xx.o(.constdata)
    UART0_DMA_Tx                             0x00004c28   Data           8  uart_lpc17xx.o(.constdata)
    UART0_DMA_Rx                             0x00004c30   Data           8  uart_lpc17xx.o(.constdata)
    USART0_Resources                         0x00004c38   Data         100  uart_lpc17xx.o(.constdata)
    .constdata                               0x00004cd4   Section       40  _printf_hex_int.o(.constdata)
    uc_hextab                                0x00004cd4   Data          20  _printf_hex_int.o(.constdata)
    lc_hextab                                0x00004ce8   Data          20  _printf_hex_int.o(.constdata)
    STACK                                    0x10000000   Section      512  startup_lpc17xx.o(STACK)
    Stack_Mem                                0x10000000   Data         512  startup_lpc17xx.o(STACK)
    __initial_sp                             0x10000200   Data           0  startup_lpc17xx.o(STACK)
    .data                                    0x2007c000   Section       40  lcd.o(.data)
    wafesDis                                 0x2007c000   Data          20  lcd.o(.data)
    settingsDis                              0x2007c014   Data          20  lcd.o(.data)
    .data                                    0x2007c028   Section        8  main.o(.data)
    flag                                     0x2007c028   Data           1  main.o(.data)
    lastInt                                  0x2007c02c   Data           4  main.o(.data)
    .data                                    0x2007c030   Section       17  buttons.o(.data)
    lastInt                                  0x2007c034   Data           4  buttons.o(.data)
    clickCoutn                               0x2007c038   Data           4  buttons.o(.data)
    timeStart                                0x2007c03c   Data           4  buttons.o(.data)
    flag                                     0x2007c040   Data           1  buttons.o(.data)
    .data                                    0x2007c044   Section        4  timer.o(.data)
    .data                                    0x2007c048   Section        8  ssp_lpc17xx.o(.data)
    dummy_data                               0x2007c048   Data           4  ssp_lpc17xx.o(.data)
    dummy_data                               0x2007c04c   Data           4  ssp_lpc17xx.o(.data)
    .data                                    0x2007c050   Section        8  gpdma_lpc17xx.o(.data)
    Channel_active                           0x2007c050   Data           4  gpdma_lpc17xx.o(.data)
    Init_cnt                                 0x2007c054   Data           4  gpdma_lpc17xx.o(.data)
    .data                                    0x2007c058   Section        4  system_lpc17xx.o(.data)
    .bss                                     0x2007c05c   Section       44  ssp_lpc17xx.o(.bss)
    SSP0_Info                                0x2007c05c   Data          16  ssp_lpc17xx.o(.bss)
    SSP0_Xfer                                0x2007c06c   Data          28  ssp_lpc17xx.o(.bss)
    .bss                                     0x2007c088   Section       52  uart_lpc17xx.o(.bss)
    USART0_Info                              0x2007c088   Data          52  uart_lpc17xx.o(.bss)
    .bss                                     0x2007c0bc   Section      160  gpdma_lpc17xx.o(.bss)
    Channel_info                             0x2007c0bc   Data         160  gpdma_lpc17xx.o(.bss)
    .bss                                     0x2007c15c   Section       96  libspace.o(.bss)
    HEAP                                     0x2007c1c0   Section        0  startup_lpc17xx.o(HEAP)
    Heap_Mem                                 0x2007c1c0   Data           0  startup_lpc17xx.o(HEAP)

    Global Symbols

    Symbol Name                              Value     Ov Type        Size  Object(Section)

    BuildAttributes$$THM_ISAv4$P$D$K$B$S$PE$A:L22UL41UL21$X:L11$S22US41US21$IEEE1$IW$USESV6$~STKCKD$USESV7$~SHL$OSPACE$ROPI$EBA8$UX$STANDARDLIB$REQ8$PRES8$EABIv2 0x00000000   Number         0  anon$$obj.o ABSOLUTE
    __ARM_use_no_argv                        0x00000000   Number         0  main.o ABSOLUTE
    __Vectors                                0x00000000   Data           4  startup_lpc17xx.o(RESET)
    __ARM_exceptions_init                     - Undefined Weak Reference
    __alloca_initialize                       - Undefined Weak Reference
    __arm_preinit_                            - Undefined Weak Reference
    __cpp_initialize__aeabi_                  - Undefined Weak Reference
    __cxa_finalize                            - Undefined Weak Reference
    __rt_locale                               - Undefined Weak Reference
    __sigvec_lookup                           - Undefined Weak Reference
    _atexit_init                              - Undefined Weak Reference
    _call_atexit_fns                          - Undefined Weak Reference
    _clock_init                               - Undefined Weak Reference
    _fp_trap_init                             - Undefined Weak Reference
    _fp_trap_shutdown                         - Undefined Weak Reference
    _get_lc_collate                           - Undefined Weak Reference
    _get_lc_ctype                             - Undefined Weak Reference
    _get_lc_monetary                          - Undefined Weak Reference
    _get_lc_numeric                           - Undefined Weak Reference
    _get_lc_time                              - Undefined Weak Reference
    _getenv_init                              - Undefined Weak Reference
    _handle_redirection                       - Undefined Weak Reference
    _init_alloc                               - Undefined Weak Reference
    _init_user_alloc                          - Undefined Weak Reference
    _initio                                   - Undefined Weak Reference
    _printf_post_padding                      - Undefined Weak Reference
    _printf_pre_padding                       - Undefined Weak Reference
    _printf_truncate_signed                   - Undefined Weak Reference
    _printf_truncate_unsigned                 - Undefined Weak Reference
    _rand_init                                - Undefined Weak Reference
    _signal_finish                            - Undefined Weak Reference
    _signal_init                              - Undefined Weak Reference
    _terminate_alloc                          - Undefined Weak Reference
    _terminate_user_alloc                     - Undefined Weak Reference
    _terminateio                              - Undefined Weak Reference
    __main                                   0x000000cd   Thumb Code     8  __main.o(!!!main)
    __scatterload                            0x000000d5   Thumb Code     0  __scatter.o(!!!scatter)
    __scatterload_rt2                        0x000000d5   Thumb Code    44  __scatter.o(!!!scatter)
    __scatterload_rt2_thumb_only             0x000000d5   Thumb Code     0  __scatter.o(!!!scatter)
    __scatterload_null                       0x000000e3   Thumb Code     0  __scatter.o(!!!scatter)
    __scatterload_copy                       0x00000109   Thumb Code    26  __scatter_copy.o(!!handler_copy)
    __scatterload_zeroinit                   0x00000125   Thumb Code    28  __scatter_zi.o(!!handler_zi)
    _printf_d                                0x00000141   Thumb Code     0  _printf_d.o(.ARM.Collect$$_printf_percent$$00000009)
    _printf_percent                          0x00000141   Thumb Code     0  _printf_percent.o(.ARM.Collect$$_printf_percent$$00000000)
    _printf_x                                0x00000147   Thumb Code     0  _printf_x.o(.ARM.Collect$$_printf_percent$$0000000C)
    _printf_percent_end                      0x0000014d   Thumb Code     0  _printf_percent_end.o(.ARM.Collect$$_printf_percent$$00000017)
    __rt_lib_init                            0x00000151   Thumb Code     0  libinit.o(.ARM.Collect$$libinit$$00000000)
    __rt_lib_init_alloca_1                   0x00000153   Thumb Code     0  libinit2.o(.ARM.Collect$$libinit$$0000002E)
    __rt_lib_init_argv_1                     0x00000153   Thumb Code     0  libinit2.o(.ARM.Collect$$libinit$$0000002C)
    __rt_lib_init_atexit_1                   0x00000153   Thumb Code     0  libinit2.o(.ARM.Collect$$libinit$$0000001B)
    __rt_lib_init_clock_1                    0x00000153   Thumb Code     0  libinit2.o(.ARM.Collect$$libinit$$00000021)
    __rt_lib_init_cpp_1                      0x00000153   Thumb Code     0  libinit2.o(.ARM.Collect$$libinit$$00000032)
    __rt_lib_init_exceptions_1               0x00000153   Thumb Code     0  libinit2.o(.ARM.Collect$$libinit$$00000030)
    __rt_lib_init_fp_1                       0x00000153   Thumb Code     0  libinit2.o(.ARM.Collect$$libinit$$00000002)
    __rt_lib_init_fp_trap_1                  0x00000153   Thumb Code     0  libinit2.o(.ARM.Collect$$libinit$$0000001F)
    __rt_lib_init_getenv_1                   0x00000153   Thumb Code     0  libinit2.o(.ARM.Collect$$libinit$$00000023)
    __rt_lib_init_heap_1                     0x00000153   Thumb Code     0  libinit2.o(.ARM.Collect$$libinit$$0000000A)
    __rt_lib_init_lc_collate_1               0x00000153   Thumb Code     0  libinit2.o(.ARM.Collect$$libinit$$00000011)
    __rt_lib_init_lc_ctype_1                 0x00000153   Thumb Code     0  libinit2.o(.ARM.Collect$$libinit$$00000013)
    __rt_lib_init_lc_monetary_1              0x00000153   Thumb Code     0  libinit2.o(.ARM.Collect$$libinit$$00000015)
    __rt_lib_init_lc_numeric_1               0x00000153   Thumb Code     0  libinit2.o(.ARM.Collect$$libinit$$00000017)
    __rt_lib_init_lc_time_1                  0x00000153   Thumb Code     0  libinit2.o(.ARM.Collect$$libinit$$00000019)
    __rt_lib_init_preinit_1                  0x00000153   Thumb Code     0  libinit2.o(.ARM.Collect$$libinit$$00000004)
    __rt_lib_init_rand_1                     0x00000153   Thumb Code     0  libinit2.o(.ARM.Collect$$libinit$$0000000E)
    __rt_lib_init_return                     0x00000153   Thumb Code     0  libinit2.o(.ARM.Collect$$libinit$$00000033)
    __rt_lib_init_signal_1                   0x00000153   Thumb Code     0  libinit2.o(.ARM.Collect$$libinit$$0000001D)
    __rt_lib_init_stdio_1                    0x00000153   Thumb Code     0  libinit2.o(.ARM.Collect$$libinit$$00000025)
    __rt_lib_init_user_alloc_1               0x00000153   Thumb Code     0  libinit2.o(.ARM.Collect$$libinit$$0000000C)
    __rt_lib_shutdown                        0x00000155   Thumb Code     0  libshutdown.o(.ARM.Collect$$libshutdown$$00000000)
    __rt_lib_shutdown_cpp_1                  0x00000157   Thumb Code     0  libshutdown2.o(.ARM.Collect$$libshutdown$$00000002)
    __rt_lib_shutdown_fp_trap_1              0x00000157   Thumb Code     0  libshutdown2.o(.ARM.Collect$$libshutdown$$00000007)
    __rt_lib_shutdown_heap_1                 0x00000157   Thumb Code     0  libshutdown2.o(.ARM.Collect$$libshutdown$$0000000F)
    __rt_lib_shutdown_return                 0x00000157   Thumb Code     0  libshutdown2.o(.ARM.Collect$$libshutdown$$00000010)
    __rt_lib_shutdown_signal_1               0x00000157   Thumb Code     0  libshutdown2.o(.ARM.Collect$$libshutdown$$0000000A)
    __rt_lib_shutdown_stdio_1                0x00000157   Thumb Code     0  libshutdown2.o(.ARM.Collect$$libshutdown$$00000004)
    __rt_lib_shutdown_user_alloc_1           0x00000157   Thumb Code     0  libshutdown2.o(.ARM.Collect$$libshutdown$$0000000C)
    __rt_entry                               0x00000159   Thumb Code     0  __rtentry.o(.ARM.Collect$$rtentry$$00000000)
    __rt_entry_presh_1                       0x00000159   Thumb Code     0  __rtentry2.o(.ARM.Collect$$rtentry$$00000002)
    __rt_entry_sh                            0x00000159   Thumb Code     0  __rtentry4.o(.ARM.Collect$$rtentry$$00000004)
    __rt_entry_li                            0x0000015f   Thumb Code     0  __rtentry2.o(.ARM.Collect$$rtentry$$0000000A)
    __rt_entry_postsh_1                      0x0000015f   Thumb Code     0  __rtentry2.o(.ARM.Collect$$rtentry$$00000009)
    __rt_entry_main                          0x00000163   Thumb Code     0  __rtentry2.o(.ARM.Collect$$rtentry$$0000000D)
    __rt_entry_postli_1                      0x00000163   Thumb Code     0  __rtentry2.o(.ARM.Collect$$rtentry$$0000000C)
    __rt_exit                                0x0000016b   Thumb Code     0  rtexit.o(.ARM.Collect$$rtexit$$00000000)
    __rt_exit_ls                             0x0000016d   Thumb Code     0  rtexit2.o(.ARM.Collect$$rtexit$$00000003)
    __rt_exit_prels_1                        0x0000016d   Thumb Code     0  rtexit2.o(.ARM.Collect$$rtexit$$00000002)
    __rt_exit_exit                           0x00000171   Thumb Code     0  rtexit2.o(.ARM.Collect$$rtexit$$00000004)
    Reset_Handler                            0x00000179   Thumb Code     8  startup_lpc17xx.o(.text)
    NMI_Handler                              0x00000181   Thumb Code     2  startup_lpc17xx.o(.text)
    HardFault_Handler                        0x00000183   Thumb Code     2  startup_lpc17xx.o(.text)
    MemManage_Handler                        0x00000185   Thumb Code     2  startup_lpc17xx.o(.text)
    BusFault_Handler                         0x00000187   Thumb Code     2  startup_lpc17xx.o(.text)
    UsageFault_Handler                       0x00000189   Thumb Code     2  startup_lpc17xx.o(.text)
    SVC_Handler                              0x0000018b   Thumb Code     2  startup_lpc17xx.o(.text)
    DebugMon_Handler                         0x0000018d   Thumb Code     2  startup_lpc17xx.o(.text)
    PendSV_Handler                           0x0000018f   Thumb Code     2  startup_lpc17xx.o(.text)
    BOD_IRQHandler                           0x00000193   Thumb Code     0  startup_lpc17xx.o(.text)
    CANActivity_IRQHandler                   0x00000193   Thumb Code     0  startup_lpc17xx.o(.text)
    CAN_IRQHandler                           0x00000193   Thumb Code     0  startup_lpc17xx.o(.text)
    EINT1_IRQHandler                         0x00000193   Thumb Code     0  startup_lpc17xx.o(.text)
    EINT2_IRQHandler                         0x00000193   Thumb Code     0  startup_lpc17xx.o(.text)
    ENET_IRQHandler                          0x00000193   Thumb Code     0  startup_lpc17xx.o(.text)
    I2C0_IRQHandler                          0x00000193   Thumb Code     0  startup_lpc17xx.o(.text)
    I2C1_IRQHandler                          0x00000193   Thumb Code     0  startup_lpc17xx.o(.text)
    I2C2_IRQHandler                          0x00000193   Thumb Code     0  startup_lpc17xx.o(.text)
    I2S_IRQHandler                           0x00000193   Thumb Code     0  startup_lpc17xx.o(.text)
    MCPWM_IRQHandler                         0x00000193   Thumb Code     0  startup_lpc17xx.o(.text)
    PLL0_IRQHandler                          0x00000193   Thumb Code     0  startup_lpc17xx.o(.text)
    PLL1_IRQHandler                          0x00000193   Thumb Code     0  startup_lpc17xx.o(.text)
    PWM1_IRQHandler                          0x00000193   Thumb Code     0  startup_lpc17xx.o(.text)
    QEI_IRQHandler                           0x00000193   Thumb Code     0  startup_lpc17xx.o(.text)
    RIT_IRQHandler                           0x00000193   Thumb Code     0  startup_lpc17xx.o(.text)
    SPI_IRQHandler                           0x00000193   Thumb Code     0  startup_lpc17xx.o(.text)
    SSP1_IRQHandler                          0x00000193   Thumb Code     0  startup_lpc17xx.o(.text)
    TIMER1_IRQHandler                        0x00000193   Thumb Code     0  startup_lpc17xx.o(.text)
    TIMER2_IRQHandler                        0x00000193   Thumb Code     0  startup_lpc17xx.o(.text)
    TIMER3_IRQHandler                        0x00000193   Thumb Code     0  startup_lpc17xx.o(.text)
    UART1_IRQHandler                         0x00000193   Thumb Code     0  startup_lpc17xx.o(.text)
    UART2_IRQHandler                         0x00000193   Thumb Code     0  startup_lpc17xx.o(.text)
    UART3_IRQHandler                         0x00000193   Thumb Code     0  startup_lpc17xx.o(.text)
    USBActivity_IRQHandler                   0x00000193   Thumb Code     0  startup_lpc17xx.o(.text)
    USB_IRQHandler                           0x00000193   Thumb Code     0  startup_lpc17xx.o(.text)
    WDT_IRQHandler                           0x00000193   Thumb Code     0  startup_lpc17xx.o(.text)
    __user_initial_stackheap                 0x00000195   Thumb Code     0  startup_lpc17xx.o(.text)
    __aeabi_uldivmod                         0x000001b5   Thumb Code     0  lludivv7m.o(.text)
    _ll_udiv                                 0x000001b5   Thumb Code   238  lludivv7m.o(.text)
    __2sprintf                               0x000002a5   Thumb Code    34  noretval__2sprintf.o(.text)
    __use_two_region_memory                  0x000002cd   Thumb Code     2  heapauxi.o(.text)
    __rt_heap_escrow$2region                 0x000002cf   Thumb Code     2  heapauxi.o(.text)
    __rt_heap_expand$2region                 0x000002d1   Thumb Code     2  heapauxi.o(.text)
    _sputc                                   0x000002d3   Thumb Code    10  _sputc.o(.text)
    exit                                     0x000002dd   Thumb Code    18  exit.o(.text)
    __user_libspace                          0x000002f1   Thumb Code     8  libspace.o(.text)
    __user_perproc_libspace                  0x000002f1   Thumb Code     0  libspace.o(.text)
    __user_perthread_libspace                0x000002f1   Thumb Code     0  libspace.o(.text)
    __I$use$semihosting                      0x000002f9   Thumb Code     0  use_no_semi.o(.text)
    __use_no_semihosting_swi                 0x000002f9   Thumb Code     2  use_no_semi.o(.text)
    __semihosting_library_function           0x000002fb   Thumb Code     0  indicate_semi.o(.text)
    __printf                                 0x00000301   Thumb Code   104  __printf.o(.text)
    _printf_int_dec                          0x00000369   Thumb Code   104  _printf_dec.o(.text)
    _printf_int_hex                          0x000003e1   Thumb Code    84  _printf_hex_int.o(.text)
    _printf_longlong_hex                     0x000003e1   Thumb Code     0  _printf_hex_int.o(.text)
    __aeabi_memcpy                           0x00000439   Thumb Code     0  rt_memcpy_v6.o(.text)
    __rt_memcpy                              0x00000439   Thumb Code   138  rt_memcpy_v6.o(.text)
    _memcpy_lastbytes                        0x0000049f   Thumb Code     0  rt_memcpy_v6.o(.text)
    __aeabi_memclr4                          0x000004c3   Thumb Code     0  rt_memclr_w.o(.text)
    __aeabi_memclr8                          0x000004c3   Thumb Code     0  rt_memclr_w.o(.text)
    __rt_memclr_w                            0x000004c3   Thumb Code    78  rt_memclr_w.o(.text)
    _memset_w                                0x000004c7   Thumb Code     0  rt_memclr_w.o(.text)
    _printf_int_common                       0x00000511   Thumb Code   178  _printf_intcommon.o(.text)
    _printf_char_common                      0x000005cf   Thumb Code    32  _printf_char_common.o(.text)
    __aeabi_memcpy4                          0x000005f5   Thumb Code     0  rt_memcpy_w.o(.text)
    __aeabi_memcpy8                          0x000005f5   Thumb Code     0  rt_memcpy_w.o(.text)
    __rt_memcpy_w                            0x000005f5   Thumb Code   100  rt_memcpy_w.o(.text)
    _memcpy_lastbytes_aligned                0x0000063d   Thumb Code     0  rt_memcpy_w.o(.text)
    __user_setup_stackheap                   0x00000659   Thumb Code    74  sys_stackheap_outer.o(.text)
    _sys_exit                                0x000006a5   Thumb Code     8  sys_exit.o(.text)
    ADC_IRQHandler                           0x000006b1   Thumb Code    24  adc.o(i.ADC_IRQHandler)
    ADC_StartConvertion                      0x000006d1   Thumb Code    14  adc.o(i.ADC_StartConvertion)
    DMA_IRQHandler                           0x00000705   Thumb Code   372  gpdma_lpc17xx.o(i.DMA_IRQHandler)
    EINT0_IRQHandler                         0x00000885   Thumb Code    48  buttons.o(i.EINT0_IRQHandler)
    EINT3_IRQHandler                         0x000008f5   Thumb Code    52  main.o(i.EINT3_IRQHandler)
    GPDMA_ChannelConfigure                   0x00000949   Thumb Code   232  gpdma_lpc17xx.o(i.GPDMA_ChannelConfigure)
    GPDMA_ChannelDisable                     0x00000a3d   Thumb Code    44  gpdma_lpc17xx.o(i.GPDMA_ChannelDisable)
    GPDMA_ChannelGetCount                    0x00000a6d   Thumb Code    38  gpdma_lpc17xx.o(i.GPDMA_ChannelGetCount)
    GPDMA_Initialize                         0x00000a9d   Thumb Code   146  gpdma_lpc17xx.o(i.GPDMA_Initialize)
    GPDMA_PeripheralSelect                   0x00000b45   Thumb Code    62  gpdma_lpc17xx.o(i.GPDMA_PeripheralSelect)
    GPDMA_Uninitialize                       0x00000b89   Thumb Code   116  gpdma_lpc17xx.o(i.GPDMA_Uninitialize)
    GPIO_Init                                0x00000c09   Thumb Code    32  main.o(i.GPIO_Init)
    GPIO_PinWrite                            0x00000c2d   Thumb Code    36  gpio_lpc17xx.o(i.GPIO_PinWrite)
    GPIO_SetDir                              0x00000c55   Thumb Code    52  gpio_lpc17xx.o(i.GPIO_SetDir)
    GetASCIICode                             0x00000c8d   Thumb Code    40  asciilib.o(i.GetASCIICode)
    PIN_Configure                            0x00000d6d   Thumb Code   246  pin_lpc17xx.o(i.PIN_Configure)
    RTC_IRQHandler                           0x00000e69   Thumb Code    20  main.o(i.RTC_IRQHandler)
    RTC_Init                                 0x00000e85   Thumb Code    18  main.o(i.RTC_Init)
    SSP0_GPDMA_Rx_SignalEvent                0x00000eb5   Thumb Code    14  ssp_lpc17xx.o(i.SSP0_GPDMA_Rx_SignalEvent)
    SSP0_GPDMA_Tx_SignalEvent                0x00000ec9   Thumb Code    14  ssp_lpc17xx.o(i.SSP0_GPDMA_Tx_SignalEvent)
    SSP0_IRQHandler                          0x00000efd   Thumb Code    10  ssp_lpc17xx.o(i.SSP0_IRQHandler)
    SSPx_GPDMA_Rx_SignalEvent                0x000014cb   Thumb Code    54  ssp_lpc17xx.o(i.SSPx_GPDMA_Rx_SignalEvent)
    SSPx_GPDMA_Tx_SignalEvent                0x00001501   Thumb Code    28  ssp_lpc17xx.o(i.SSPx_GPDMA_Tx_SignalEvent)
    SysTick_Handler                          0x00001dc1   Thumb Code    12  timer.o(i.SysTick_Handler)
    SystemInit                               0x00001dd1   Thumb Code   304  system_lpc17xx.o(i.SystemInit)
    TIMER0_IRQHandler                        0x00001f11   Thumb Code    16  main.o(i.TIMER0_IRQHandler)
    Timer_Init                               0x00001f21   Thumb Code   120  timer.o(i.Timer_Init)
    UART0_IRQHandler                         0x00001fa9   Thumb Code    10  uart_lpc17xx.o(i.UART0_IRQHandler)
    UART_Init                                0x00001fb9   Thumb Code    94  uart.o(i.UART_Init)
    UART_Send                                0x00002025   Thumb Code    36  uart.o(i.UART_Send)
    UART_SendNum                             0x0000204d   Thumb Code    34  uart.o(i.UART_SendNum)
    USART0_GPDMA_Rx_Event                    0x0000208d   Thumb Code    14  uart_lpc17xx.o(i.USART0_GPDMA_Rx_Event)
    USART0_GPDMA_Tx_Event                    0x000020a1   Thumb Code    14  uart_lpc17xx.o(i.USART0_GPDMA_Tx_Event)
    USART_SetBaudrate                        0x000032fd   Thumb Code   302  uart_lpc17xx.o(i.USART_SetBaudrate)
    delay_ms                                 0x000036ab   Thumb Code    30  lcd_ili9325.o(i.delay_ms)
    drawLine                                 0x00003851   Thumb Code   210  lcd.o(i.drawLine)
    drawLineStrip                            0x00003923   Thumb Code    66  lcd.o(i.drawLineStrip)
    drawPixel                                0x00003965   Thumb Code    38  lcd.o(i.drawPixel)
    drawText                                 0x0000398b   Thumb Code   170  lcd.o(i.drawText)
    initADC                                  0x00003a35   Thumb Code    76  adc.o(i.initADC)
    initLCD                                  0x00003a8d   Thumb Code    52  lcd.o(i.initLCD)
    init_ILI9325                             0x00003ac9   Thumb Code   468  lcd_ili9325.o(i.init_ILI9325)
    lcdConfiguration                         0x00003c9d   Thumb Code    36  open1768_lcd.o(i.lcdConfiguration)
    lcdRead                                  0x00003cc5   Thumb Code    70  open1768_lcd.o(i.lcdRead)
    lcdReadData                              0x00003d11   Thumb Code    50  open1768_lcd.o(i.lcdReadData)
    lcdReadReg                               0x00003d49   Thumb Code    20  open1768_lcd.o(i.lcdReadReg)
    lcdSend                                  0x00003d5d   Thumb Code    40  open1768_lcd.o(i.lcdSend)
    lcdWriteData                             0x00003d89   Thumb Code    50  open1768_lcd.o(i.lcdWriteData)
    lcdWriteIndex                            0x00003dc1   Thumb Code    60  open1768_lcd.o(i.lcdWriteIndex)
    lcdWriteReg                              0x00003e01   Thumb Code    20  open1768_lcd.o(i.lcdWriteReg)
    main                                     0x00003e15   Thumb Code    58  main.o(i.main)
    wait_delay                               0x00003e91   Thumb Code    18  open1768_lcd.o(i.wait_delay)
    Driver_SPI0                              0x00004ad8   Data          44  ssp_lpc17xx.o(.constdata)
    Driver_USART0                            0x00004c9c   Data          56  uart_lpc17xx.o(.constdata)
    Region$$Table$$Base                      0x00004cfc   Number         0  anon$$obj.o(Region$$Table)
    Region$$Table$$Limit                     0x00004d2c   Number         0  anon$$obj.o(Region$$Table)
    buttonClicked                            0x2007c030   Data           1  buttons.o(.data)
    sysTicks                                 0x2007c044   Data           4  timer.o(.data)
    SystemCoreClock                          0x2007c058   Data           4  system_lpc17xx.o(.data)
    __libspace_start                         0x2007c15c   Data          96  libspace.o(.bss)
    __temporary_stack_top$libspace           0x2007c1bc   Data           0  libspace.o(.bss)



==============================================================================

Memory Map of the image

  Image Entry point : 0x000000cd

  Load Region LR_IROM1 (Base: 0x00000000, Size: 0x00004d88, Max: 0x00080000, ABSOLUTE)

    Execution Region ER_IROM1 (Exec base: 0x00000000, Load base: 0x00000000, Size: 0x00004d2c, Max: 0x00080000, ABSOLUTE)

    Exec Addr    Load Addr    Size         Type   Attr      Idx    E Section Name        Object

    0x00000000   0x00000000   0x000000cc   Data   RO         1159    RESET               startup_lpc17xx.o
    0x000000cc   0x000000cc   0x00000008   Code   RO         1269  * !!!main             c_w.l(__main.o)
    0x000000d4   0x000000d4   0x00000034   Code   RO         1488    !!!scatter          c_w.l(__scatter.o)
    0x00000108   0x00000108   0x0000001a   Code   RO         1490    !!handler_copy      c_w.l(__scatter_copy.o)
    0x00000122   0x00000122   0x00000002   PAD
    0x00000124   0x00000124   0x0000001c   Code   RO         1492    !!handler_zi        c_w.l(__scatter_zi.o)
    0x00000140   0x00000140   0x00000000   Code   RO         1258    .ARM.Collect$$_printf_percent$$00000000  c_w.l(_printf_percent.o)
    0x00000140   0x00000140   0x00000006   Code   RO         1257    .ARM.Collect$$_printf_percent$$00000009  c_w.l(_printf_d.o)
    0x00000146   0x00000146   0x00000006   Code   RO         1256    .ARM.Collect$$_printf_percent$$0000000C  c_w.l(_printf_x.o)
    0x0000014c   0x0000014c   0x00000004   Code   RO         1312    .ARM.Collect$$_printf_percent$$00000017  c_w.l(_printf_percent_end.o)
    0x00000150   0x00000150   0x00000002   Code   RO         1358    .ARM.Collect$$libinit$$00000000  c_w.l(libinit.o)
    0x00000152   0x00000152   0x00000000   Code   RO         1371    .ARM.Collect$$libinit$$00000002  c_w.l(libinit2.o)
    0x00000152   0x00000152   0x00000000   Code   RO         1373    .ARM.Collect$$libinit$$00000004  c_w.l(libinit2.o)
    0x00000152   0x00000152   0x00000000   Code   RO         1376    .ARM.Collect$$libinit$$0000000A  c_w.l(libinit2.o)
    0x00000152   0x00000152   0x00000000   Code   RO         1378    .ARM.Collect$$libinit$$0000000C  c_w.l(libinit2.o)
    0x00000152   0x00000152   0x00000000   Code   RO         1380    .ARM.Collect$$libinit$$0000000E  c_w.l(libinit2.o)
    0x00000152   0x00000152   0x00000000   Code   RO         1383    .ARM.Collect$$libinit$$00000011  c_w.l(libinit2.o)
    0x00000152   0x00000152   0x00000000   Code   RO         1385    .ARM.Collect$$libinit$$00000013  c_w.l(libinit2.o)
    0x00000152   0x00000152   0x00000000   Code   RO         1387    .ARM.Collect$$libinit$$00000015  c_w.l(libinit2.o)
    0x00000152   0x00000152   0x00000000   Code   RO         1389    .ARM.Collect$$libinit$$00000017  c_w.l(libinit2.o)
    0x00000152   0x00000152   0x00000000   Code   RO         1391    .ARM.Collect$$libinit$$00000019  c_w.l(libinit2.o)
    0x00000152   0x00000152   0x00000000   Code   RO         1393    .ARM.Collect$$libinit$$0000001B  c_w.l(libinit2.o)
    0x00000152   0x00000152   0x00000000   Code   RO         1395    .ARM.Collect$$libinit$$0000001D  c_w.l(libinit2.o)
    0x00000152   0x00000152   0x00000000   Code   RO         1397    .ARM.Collect$$libinit$$0000001F  c_w.l(libinit2.o)
    0x00000152   0x00000152   0x00000000   Code   RO         1399    .ARM.Collect$$libinit$$00000021  c_w.l(libinit2.o)
    0x00000152   0x00000152   0x00000000   Code   RO         1401    .ARM.Collect$$libinit$$00000023  c_w.l(libinit2.o)
    0x00000152   0x00000152   0x00000000   Code   RO         1403    .ARM.Collect$$libinit$$00000025  c_w.l(libinit2.o)
    0x00000152   0x00000152   0x00000000   Code   RO         1407    .ARM.Collect$$libinit$$0000002C  c_w.l(libinit2.o)
    0x00000152   0x00000152   0x00000000   Code   RO         1409    .ARM.Collect$$libinit$$0000002E  c_w.l(libinit2.o)
    0x00000152   0x00000152   0x00000000   Code   RO         1411    .ARM.Collect$$libinit$$00000030  c_w.l(libinit2.o)
    0x00000152   0x00000152   0x00000000   Code   RO         1413    .ARM.Collect$$libinit$$00000032  c_w.l(libinit2.o)
    0x00000152   0x00000152   0x00000002   Code   RO         1414    .ARM.Collect$$libinit$$00000033  c_w.l(libinit2.o)
    0x00000154   0x00000154   0x00000002   Code   RO         1445    .ARM.Collect$$libshutdown$$00000000  c_w.l(libshutdown.o)
    0x00000156   0x00000156   0x00000000   Code   RO         1471    .ARM.Collect$$libshutdown$$00000002  c_w.l(libshutdown2.o)
    0x00000156   0x00000156   0x00000000   Code   RO         1473    .ARM.Collect$$libshutdown$$00000004  c_w.l(libshutdown2.o)
    0x00000156   0x00000156   0x00000000   Code   RO         1476    .ARM.Collect$$libshutdown$$00000007  c_w.l(libshutdown2.o)
    0x00000156   0x00000156   0x00000000   Code   RO         1479    .ARM.Collect$$libshutdown$$0000000A  c_w.l(libshutdown2.o)
    0x00000156   0x00000156   0x00000000   Code   RO         1481    .ARM.Collect$$libshutdown$$0000000C  c_w.l(libshutdown2.o)
    0x00000156   0x00000156   0x00000000   Code   RO         1484    .ARM.Collect$$libshutdown$$0000000F  c_w.l(libshutdown2.o)
    0x00000156   0x00000156   0x00000002   Code   RO         1485    .ARM.Collect$$libshutdown$$00000010  c_w.l(libshutdown2.o)
    0x00000158   0x00000158   0x00000000   Code   RO         1301    .ARM.Collect$$rtentry$$00000000  c_w.l(__rtentry.o)
    0x00000158   0x00000158   0x00000000   Code   RO         1327    .ARM.Collect$$rtentry$$00000002  c_w.l(__rtentry2.o)
    0x00000158   0x00000158   0x00000006   Code   RO         1339    .ARM.Collect$$rtentry$$00000004  c_w.l(__rtentry4.o)
    0x0000015e   0x0000015e   0x00000000   Code   RO         1329    .ARM.Collect$$rtentry$$00000009  c_w.l(__rtentry2.o)
    0x0000015e   0x0000015e   0x00000004   Code   RO         1330    .ARM.Collect$$rtentry$$0000000A  c_w.l(__rtentry2.o)
    0x00000162   0x00000162   0x00000000   Code   RO         1332    .ARM.Collect$$rtentry$$0000000C  c_w.l(__rtentry2.o)
    0x00000162   0x00000162   0x00000008   Code   RO         1333    .ARM.Collect$$rtentry$$0000000D  c_w.l(__rtentry2.o)
    0x0000016a   0x0000016a   0x00000002   Code   RO         1362    .ARM.Collect$$rtexit$$00000000  c_w.l(rtexit.o)
    0x0000016c   0x0000016c   0x00000000   Code   RO         1418    .ARM.Collect$$rtexit$$00000002  c_w.l(rtexit2.o)
    0x0000016c   0x0000016c   0x00000004   Code   RO         1419    .ARM.Collect$$rtexit$$00000003  c_w.l(rtexit2.o)
    0x00000170   0x00000170   0x00000006   Code   RO         1420    .ARM.Collect$$rtexit$$00000004  c_w.l(rtexit2.o)
    0x00000176   0x00000176   0x00000002   PAD
    0x00000178   0x00000178   0x0000003c   Code   RO         1161    .text               startup_lpc17xx.o
    0x000001b4   0x000001b4   0x000000ee   Code   RO         1205    .text               c_w.l(lludivv7m.o)
    0x000002a2   0x000002a2   0x00000002   PAD
    0x000002a4   0x000002a4   0x00000028   Code   RO         1209    .text               c_w.l(noretval__2sprintf.o)
    0x000002cc   0x000002cc   0x00000006   Code   RO         1267    .text               c_w.l(heapauxi.o)
    0x000002d2   0x000002d2   0x0000000a   Code   RO         1310    .text               c_w.l(_sputc.o)
    0x000002dc   0x000002dc   0x00000012   Code   RO         1347    .text               c_w.l(exit.o)
    0x000002ee   0x000002ee   0x00000002   PAD
    0x000002f0   0x000002f0   0x00000008   Code   RO         1359    .text               c_w.l(libspace.o)
    0x000002f8   0x000002f8   0x00000002   Code   RO         1434    .text               c_w.l(use_no_semi.o)
    0x000002fa   0x000002fa   0x00000000   Code   RO         1436    .text               c_w.l(indicate_semi.o)
    0x000002fa   0x000002fa   0x00000002   PAD
    0x000002fc   0x000002fc   0x00000004   Code   RO         1160    .ARM.__at_0x02FC    startup_lpc17xx.o
    0x00000300   0x00000300   0x00000068   Code   RO         1211    .text               c_w.l(__printf.o)
    0x00000368   0x00000368   0x00000078   Code   RO         1213    .text               c_w.l(_printf_dec.o)
    0x000003e0   0x000003e0   0x00000058   Code   RO         1218    .text               c_w.l(_printf_hex_int.o)
    0x00000438   0x00000438   0x0000008a   Code   RO         1261    .text               c_w.l(rt_memcpy_v6.o)
    0x000004c2   0x000004c2   0x0000004e   Code   RO         1265    .text               c_w.l(rt_memclr_w.o)
    0x00000510   0x00000510   0x000000b2   Code   RO         1306    .text               c_w.l(_printf_intcommon.o)
    0x000005c2   0x000005c2   0x00000002   PAD
    0x000005c4   0x000005c4   0x00000030   Code   RO         1308    .text               c_w.l(_printf_char_common.o)
    0x000005f4   0x000005f4   0x00000064   Code   RO         1313    .text               c_w.l(rt_memcpy_w.o)
    0x00000658   0x00000658   0x0000004a   Code   RO         1345    .text               c_w.l(sys_stackheap_outer.o)
    0x000006a2   0x000006a2   0x00000002   PAD
    0x000006a4   0x000006a4   0x0000000c   Code   RO         1415    .text               c_w.l(sys_exit.o)
    0x000006b0   0x000006b0   0x00000020   Code   RO          281    i.ADC_IRQHandler    adc.o
    0x000006d0   0x000006d0   0x00000014   Code   RO          282    i.ADC_StartConvertion  adc.o
    0x000006e4   0x000006e4   0x00000020   Code   RO          980    i.Clear_Channel_active_flag  gpdma_lpc17xx.o
    0x00000704   0x00000704   0x00000180   Code   RO          981    i.DMA_IRQHandler    gpdma_lpc17xx.o
    0x00000884   0x00000884   0x00000070   Code   RO          241    i.EINT0_IRQHandler  buttons.o
    0x000008f4   0x000008f4   0x00000054   Code   RO          162    i.EINT3_IRQHandler  main.o
    0x00000948   0x00000948   0x000000f4   Code   RO          982    i.GPDMA_ChannelConfigure  gpdma_lpc17xx.o
    0x00000a3c   0x00000a3c   0x00000030   Code   RO          983    i.GPDMA_ChannelDisable  gpdma_lpc17xx.o
    0x00000a6c   0x00000a6c   0x00000030   Code   RO          985    i.GPDMA_ChannelGetCount  gpdma_lpc17xx.o
    0x00000a9c   0x00000a9c   0x000000a8   Code   RO          987    i.GPDMA_Initialize  gpdma_lpc17xx.o
    0x00000b44   0x00000b44   0x00000044   Code   RO          988    i.GPDMA_PeripheralSelect  gpdma_lpc17xx.o
    0x00000b88   0x00000b88   0x00000080   Code   RO          989    i.GPDMA_Uninitialize  gpdma_lpc17xx.o
    0x00000c08   0x00000c08   0x00000024   Code   RO          163    i.GPIO_Init         main.o
    0x00000c2c   0x00000c2c   0x00000028   Code   RO         1071    i.GPIO_PinWrite     gpio_lpc17xx.o
    0x00000c54   0x00000c54   0x00000038   Code   RO         1075    i.GPIO_SetDir       gpio_lpc17xx.o
    0x00000c8c   0x00000c8c   0x0000002c   Code   RO          538    i.GetASCIICode      asciilib.o
    0x00000cb8   0x00000cb8   0x00000044   Code   RO          585    i.GetSSPClockFreq   ssp_lpc17xx.o
    0x00000cfc   0x00000cfc   0x00000044   Code   RO          769    i.GetUsartClockFreq  uart_lpc17xx.o
    0x00000d40   0x00000d40   0x00000018   Code   RO            4    i.LineCoord         lcd.o
    0x00000d58   0x00000d58   0x00000012   Code   RO            5    i.OnSignal          lcd.o
    0x00000d6a   0x00000d6a   0x00000002   PAD
    0x00000d6c   0x00000d6c   0x000000fc   Code   RO         1124    i.PIN_Configure     pin_lpc17xx.o
    0x00000e68   0x00000e68   0x0000001c   Code   RO          164    i.RTC_IRQHandler    main.o
    0x00000e84   0x00000e84   0x00000018   Code   RO          165    i.RTC_Init          main.o
    0x00000e9c   0x00000e9c   0x00000018   Code   RO          586    i.SSP0_Control      ssp_lpc17xx.o
    0x00000eb4   0x00000eb4   0x00000014   Code   RO          587    i.SSP0_GPDMA_Rx_SignalEvent  ssp_lpc17xx.o
    0x00000ec8   0x00000ec8   0x00000014   Code   RO          588    i.SSP0_GPDMA_Tx_SignalEvent  ssp_lpc17xx.o
    0x00000edc   0x00000edc   0x00000010   Code   RO          589    i.SSP0_GetDataCount  ssp_lpc17xx.o
    0x00000eec   0x00000eec   0x00000010   Code   RO          590    i.SSP0_GetStatus    ssp_lpc17xx.o
    0x00000efc   0x00000efc   0x00000010   Code   RO          591    i.SSP0_IRQHandler   ssp_lpc17xx.o
    0x00000f0c   0x00000f0c   0x00000014   Code   RO          592    i.SSP0_Initialize   ssp_lpc17xx.o
    0x00000f20   0x00000f20   0x00000014   Code   RO          593    i.SSP0_PowerControl  ssp_lpc17xx.o
    0x00000f34   0x00000f34   0x00000018   Code   RO          594    i.SSP0_Receive      ssp_lpc17xx.o
    0x00000f4c   0x00000f4c   0x00000018   Code   RO          595    i.SSP0_Send         ssp_lpc17xx.o
    0x00000f64   0x00000f64   0x0000001c   Code   RO          596    i.SSP0_Transfer     ssp_lpc17xx.o
    0x00000f80   0x00000f80   0x00000010   Code   RO          597    i.SSP0_Uninitialize  ssp_lpc17xx.o
    0x00000f90   0x00000f90   0x0000000c   Code   RO          598    i.SSP_GetCapabilities  ssp_lpc17xx.o
    0x00000f9c   0x00000f9c   0x00000010   Code   RO          599    i.SSP_GetVersion    ssp_lpc17xx.o
    0x00000fac   0x00000fac   0x0000051e   Code   RO          600    i.SSPx_Control      ssp_lpc17xx.o
    0x000014ca   0x000014ca   0x00000036   Code   RO          601    i.SSPx_GPDMA_Rx_SignalEvent  ssp_lpc17xx.o
    0x00001500   0x00001500   0x0000001c   Code   RO          602    i.SSPx_GPDMA_Tx_SignalEvent  ssp_lpc17xx.o
    0x0000151c   0x0000151c   0x0000002c   Code   RO          603    i.SSPx_GetDataCount  ssp_lpc17xx.o
    0x00001548   0x00001548   0x0000005a   Code   RO          604    i.SSPx_GetStatus    ssp_lpc17xx.o
    0x000015a2   0x000015a2   0x00000104   Code   RO          605    i.SSPx_IRQHandler   ssp_lpc17xx.o
    0x000016a6   0x000016a6   0x000000a8   Code   RO          606    i.SSPx_Initialize   ssp_lpc17xx.o
    0x0000174e   0x0000174e   0x00000002   PAD
    0x00001750   0x00001750   0x000001c4   Code   RO          607    i.SSPx_PowerControl  ssp_lpc17xx.o
    0x00001914   0x00001914   0x0000015c   Code   RO          608    i.SSPx_Receive      ssp_lpc17xx.o
    0x00001a70   0x00001a70   0x00000154   Code   RO          609    i.SSPx_Send         ssp_lpc17xx.o
    0x00001bc4   0x00001bc4   0x00000152   Code   RO          610    i.SSPx_Transfer     ssp_lpc17xx.o
    0x00001d16   0x00001d16   0x00000070   Code   RO          611    i.SSPx_Uninitialize  ssp_lpc17xx.o
    0x00001d86   0x00001d86   0x00000002   PAD
    0x00001d88   0x00001d88   0x00000038   Code   RO          990    i.Set_Channel_active_flag  gpdma_lpc17xx.o
    0x00001dc0   0x00001dc0   0x00000010   Code   RO          317    i.SysTick_Handler   timer.o
    0x00001dd0   0x00001dd0   0x00000140   Code   RO         1171    i.SystemInit        system_lpc17xx.o
    0x00001f10   0x00001f10   0x00000010   Code   RO          166    i.TIMER0_IRQHandler  main.o
    0x00001f20   0x00001f20   0x00000088   Code   RO          318    i.Timer_Init        timer.o
    0x00001fa8   0x00001fa8   0x00000010   Code   RO          770    i.UART0_IRQHandler  uart_lpc17xx.o
    0x00001fb8   0x00001fb8   0x0000006c   Code   RO          358    i.UART_Init         uart.o
    0x00002024   0x00002024   0x00000028   Code   RO          361    i.UART_Send         uart.o
    0x0000204c   0x0000204c   0x00000028   Code   RO          362    i.UART_SendNum      uart.o
    0x00002074   0x00002074   0x00000018   Code   RO          771    i.USART0_Control    uart_lpc17xx.o
    0x0000208c   0x0000208c   0x00000014   Code   RO          772    i.USART0_GPDMA_Rx_Event  uart_lpc17xx.o
    0x000020a0   0x000020a0   0x00000014   Code   RO          773    i.USART0_GPDMA_Tx_Event  uart_lpc17xx.o
    0x000020b4   0x000020b4   0x00000010   Code   RO          774    i.USART0_GetCapabilities  uart_lpc17xx.o
    0x000020c4   0x000020c4   0x00000010   Code   RO          775    i.USART0_GetModemStatus  uart_lpc17xx.o
    0x000020d4   0x000020d4   0x00000010   Code   RO          776    i.USART0_GetRxCount  uart_lpc17xx.o
    0x000020e4   0x000020e4   0x00000010   Code   RO          777    i.USART0_GetStatus  uart_lpc17xx.o
    0x000020f4   0x000020f4   0x00000010   Code   RO          778    i.USART0_GetTxCount  uart_lpc17xx.o
    0x00002104   0x00002104   0x00000014   Code   RO          779    i.USART0_Initialize  uart_lpc17xx.o
    0x00002118   0x00002118   0x00000014   Code   RO          780    i.USART0_PowerControl  uart_lpc17xx.o
    0x0000212c   0x0000212c   0x00000018   Code   RO          781    i.USART0_Receive    uart_lpc17xx.o
    0x00002144   0x00002144   0x00000018   Code   RO          782    i.USART0_Send       uart_lpc17xx.o
    0x0000215c   0x0000215c   0x00000014   Code   RO          783    i.USART0_SetModemControl  uart_lpc17xx.o
    0x00002170   0x00002170   0x0000001c   Code   RO          784    i.USART0_Transfer   uart_lpc17xx.o
    0x0000218c   0x0000218c   0x00000010   Code   RO          785    i.USART0_Uninitialize  uart_lpc17xx.o
    0x0000219c   0x0000219c   0x00000644   Code   RO          786    i.USART_Control     uart_lpc17xx.o
    0x000027e0   0x000027e0   0x00000086   Code   RO          787    i.USART_GPDMA_Rx_Event  uart_lpc17xx.o
    0x00002866   0x00002866   0x0000004a   Code   RO          788    i.USART_GPDMA_Tx_Event  uart_lpc17xx.o
    0x000028b0   0x000028b0   0x00000006   Code   RO          789    i.USART_GetCapabilities  uart_lpc17xx.o
    0x000028b6   0x000028b6   0x000000ec   Code   RO          790    i.USART_GetModemStatus  uart_lpc17xx.o
    0x000029a2   0x000029a2   0x0000001c   Code   RO          791    i.USART_GetRxCount  uart_lpc17xx.o
    0x000029be   0x000029be   0x000000bc   Code   RO          792    i.USART_GetStatus   uart_lpc17xx.o
    0x00002a7a   0x00002a7a   0x0000001c   Code   RO          793    i.USART_GetTxCount  uart_lpc17xx.o
    0x00002a96   0x00002a96   0x0000021a   Code   RO          794    i.USART_IRQHandler  uart_lpc17xx.o
    0x00002cb0   0x00002cb0   0x000000fe   Code   RO          795    i.USART_Initialize  uart_lpc17xx.o
    0x00002dae   0x00002dae   0x00000002   PAD
    0x00002db0   0x00002db0   0x00000238   Code   RO          796    i.USART_PowerControl  uart_lpc17xx.o
    0x00002fe8   0x00002fe8   0x00000110   Code   RO          797    i.USART_Receive     uart_lpc17xx.o
    0x000030f8   0x000030f8   0x00000068   Code   RO          798    i.USART_RxLineIntHandler  uart_lpc17xx.o
    0x00003160   0x00003160   0x0000019c   Code   RO          799    i.USART_Send        uart_lpc17xx.o
    0x000032fc   0x000032fc   0x00000134   Code   RO          800    i.USART_SetBaudrate  uart_lpc17xx.o
    0x00003430   0x00003430   0x000000a0   Code   RO          801    i.USART_SetModemControl  uart_lpc17xx.o
    0x000034d0   0x000034d0   0x0000007a   Code   RO          802    i.USART_Transfer    uart_lpc17xx.o
    0x0000354a   0x0000354a   0x000000e2   Code   RO          803    i.USART_Uninitialize  uart_lpc17xx.o
    0x0000362c   0x0000362c   0x00000010   Code   RO          804    i.USARTx_GetVersion  uart_lpc17xx.o
    0x0000363c   0x0000363c   0x0000001c   Code   RO          612    i.__NVIC_ClearPendingIRQ  ssp_lpc17xx.o
    0x00003658   0x00003658   0x0000001c   Code   RO          805    i.__NVIC_ClearPendingIRQ  uart_lpc17xx.o
    0x00003674   0x00003674   0x0000001c   Code   RO          991    i.__NVIC_ClearPendingIRQ  gpdma_lpc17xx.o
    0x00003690   0x00003690   0x0000001a   Code   RO          167    i.__NVIC_EnableIRQ  main.o
    0x000036aa   0x000036aa   0x0000001e   Code   RO          555    i.delay_ms          lcd_ili9325.o
    0x000036c8   0x000036c8   0x00000188   Code   RO            9    i.drawBorders       lcd.o
    0x00003850   0x00003850   0x000000d2   Code   RO           10    i.drawLine          lcd.o
    0x00003922   0x00003922   0x00000042   Code   RO           12    i.drawLineStrip     lcd.o
    0x00003964   0x00003964   0x00000026   Code   RO           13    i.drawPixel         lcd.o
    0x0000398a   0x0000398a   0x000000aa   Code   RO           15    i.drawText          lcd.o
    0x00003a34   0x00003a34   0x00000058   Code   RO          283    i.initADC           adc.o
    0x00003a8c   0x00003a8c   0x0000003c   Code   RO           16    i.initLCD           lcd.o
    0x00003ac8   0x00003ac8   0x000001d4   Code   RO          556    i.init_ILI9325      lcd_ili9325.o
    0x00003c9c   0x00003c9c   0x00000028   Code   RO          458    i.lcdConfiguration  open1768_lcd.o
    0x00003cc4   0x00003cc4   0x0000004c   Code   RO          459    i.lcdRead           open1768_lcd.o
    0x00003d10   0x00003d10   0x00000038   Code   RO          460    i.lcdReadData       open1768_lcd.o
    0x00003d48   0x00003d48   0x00000014   Code   RO          461    i.lcdReadReg        open1768_lcd.o
    0x00003d5c   0x00003d5c   0x0000002c   Code   RO          462    i.lcdSend           open1768_lcd.o
    0x00003d88   0x00003d88   0x00000038   Code   RO          464    i.lcdWriteData      open1768_lcd.o
    0x00003dc0   0x00003dc0   0x00000040   Code   RO          465    i.lcdWriteIndex     open1768_lcd.o
    0x00003e00   0x00003e00   0x00000014   Code   RO          466    i.lcdWriteReg       open1768_lcd.o
    0x00003e14   0x00003e14   0x0000007c   Code   RO          168    i.main              main.o
    0x00003e90   0x00003e90   0x00000012   Code   RO          524    i.wait_delay        open1768_lcd.o
    0x00003ea2   0x00003ea2   0x00000be0   Data   RO          539    .constdata          asciilib.o
    0x00004a82   0x00004a82   0x00000002   PAD
    0x00004a84   0x00004a84   0x00000080   Data   RO          614    .constdata          ssp_lpc17xx.o
    0x00004b04   0x00004b04   0x000001d0   Data   RO          807    .constdata          uart_lpc17xx.o
    0x00004cd4   0x00004cd4   0x00000028   Data   RO         1219    .constdata          c_w.l(_printf_hex_int.o)
    0x00004cfc   0x00004cfc   0x00000030   Data   RO         1486    Region$$Table       anon$$obj.o


    Execution Region RW_IRAM1 (Exec base: 0x10000000, Load base: 0x00004d2c, Size: 0x00000200, Max: 0x00008000, ABSOLUTE)

    Exec Addr    Load Addr    Size         Type   Attr      Idx    E Section Name        Object

    0x10000000        -       0x00000200   Zero   RW         1157    STACK               startup_lpc17xx.o


    Execution Region RW_IRAM2 (Exec base: 0x2007c000, Load base: 0x00004d2c, Size: 0x000001c0, Max: 0x00008000, ABSOLUTE)

    Exec Addr    Load Addr    Size         Type   Attr      Idx    E Section Name        Object

    0x2007c000   0x00004d2c   0x00000028   Data   RW           17    .data               lcd.o
    0x2007c028   0x00004d54   0x00000008   Data   RW          169    .data               main.o
    0x2007c030   0x00004d5c   0x00000011   Data   RW          244    .data               buttons.o
    0x2007c041   0x00004d6d   0x00000003   PAD
    0x2007c044   0x00004d70   0x00000004   Data   RW          319    .data               timer.o
    0x2007c048   0x00004d74   0x00000008   Data   RW          615    .data               ssp_lpc17xx.o
    0x2007c050   0x00004d7c   0x00000008   Data   RW          993    .data               gpdma_lpc17xx.o
    0x2007c058   0x00004d84   0x00000004   Data   RW         1172    .data               system_lpc17xx.o
    0x2007c05c        -       0x0000002c   Zero   RW          613    .bss                ssp_lpc17xx.o
    0x2007c088        -       0x00000034   Zero   RW          806    .bss                uart_lpc17xx.o
    0x2007c0bc        -       0x000000a0   Zero   RW          992    .bss                gpdma_lpc17xx.o
    0x2007c15c        -       0x00000060   Zero   RW         1360    .bss                c_w.l(libspace.o)
    0x2007c1bc   0x00004d88   0x00000004   PAD
    0x2007c1c0        -       0x00000000   Zero   RW         1158    HEAP                startup_lpc17xx.o


==============================================================================

Image component sizes


      Code (inc. data)   RO Data    RW Data    ZI Data      Debug   Object Name

       140         26          0          0          0       1365   adc.o
        44          4       3040          0          0       1163   asciilib.o
       112         64          0         17          0       1732   buttons.o
      1204         94          0          8        160       8206   gpdma_lpc17xx.o
        96          8          0          0          0       1202   gpio_lpc17xx.o
       978         22          0         40          0      27956   lcd.o
       498          0          0          0          0       1102   lcd_ili9325.o
       338        116          0          8          0      30261   main.o
       394         30          0          0          0       4612   open1768_lcd.o
       252          6          0          0          0        804   pin_lpc17xx.o
      3912        106        128          8         44      52883   ssp_lpc17xx.o
        64         26        204          0        512       1000   startup_lpc17xx.o
       320         16          0          4          0        807   system_lpc17xx.o
       152         20          0          4          0      28269   timer.o
       188         24          0          0          0      18451   uart.o
      5686        150        464          0         52      26727   uart_lpc17xx.o

    ----------------------------------------------------------------------
     14386        712       3886         92        768     206540   Object Totals
         0          0         48          0          0          0   (incl. Generated)
         8          0          2          3          0          0   (incl. Padding)

    ----------------------------------------------------------------------

      Code (inc. data)   RO Data    RW Data    ZI Data      Debug   Library Member Name

         8          0          0          0          0         68   __main.o
       104          0          0          0          0         84   __printf.o
         0          0          0          0          0          0   __rtentry.o
        12          0          0          0          0          0   __rtentry2.o
         6          0          0          0          0          0   __rtentry4.o
        52          8          0          0          0          0   __scatter.o
        26          0          0          0          0          0   __scatter_copy.o
        28          0          0          0          0          0   __scatter_zi.o
        48          6          0          0          0         96   _printf_char_common.o
         6          0          0          0          0          0   _printf_d.o
       120         16          0          0          0         92   _printf_dec.o
        88          4         40          0          0         88   _printf_hex_int.o
       178          0          0          0          0         88   _printf_intcommon.o
         0          0          0          0          0          0   _printf_percent.o
         4          0          0          0          0          0   _printf_percent_end.o
         6          0          0          0          0          0   _printf_x.o
        10          0          0          0          0         68   _sputc.o
        18          0          0          0          0         80   exit.o
         6          0          0          0          0        152   heapauxi.o
         0          0          0          0          0          0   indicate_semi.o
         2          0          0          0          0          0   libinit.o
         2          0          0          0          0          0   libinit2.o
         2          0          0          0          0          0   libshutdown.o
         2          0          0          0          0          0   libshutdown2.o
         8          4          0          0         96         68   libspace.o
       238          0          0          0          0        100   lludivv7m.o
        40          6          0          0          0         84   noretval__2sprintf.o
        78          0          0          0          0         80   rt_memclr_w.o
       138          0          0          0          0         68   rt_memcpy_v6.o
       100          0          0          0          0         80   rt_memcpy_w.o
         2          0          0          0          0          0   rtexit.o
        10          0          0          0          0          0   rtexit2.o
        12          4          0          0          0         68   sys_exit.o
        74          0          0          0          0         80   sys_stackheap_outer.o
         2          0          0          0          0         68   use_no_semi.o

    ----------------------------------------------------------------------
      1444         48         40          0        100       1512   Library Totals
        14          0          0          0          4          0   (incl. Padding)

    ----------------------------------------------------------------------

      Code (inc. data)   RO Data    RW Data    ZI Data      Debug   Library Name

      1430         48         40          0         96       1512   c_w.l

    ----------------------------------------------------------------------
      1444         48         40          0        100       1512   Library Totals

    ----------------------------------------------------------------------

==============================================================================


      Code (inc. data)   RO Data    RW Data    ZI Data      Debug   

     15830        760       3926         92        868     201496   Grand Totals
     15830        760       3926         92        868     201496   ELF Image Totals
     15830        760       3926         92          0          0   ROM Totals

==============================================================================

    Total RO  Size (Code + RO Data)                19756 (  19.29kB)
    Total RW  Size (RW Data + ZI Data)               960 (   0.94kB)
    Total ROM Size (Code + RO Data + RW Data)      19848 (  19.38kB)

==============================================================================

