Component: Arm Compiler for Embedded 6.19 Tool: armlink [5e73cb00]

==============================================================================

Section Cross References

    asciilib.o(.text.GetASCIICode) refers to asciilib.o(.rodata.AsciiLib) for AsciiLib
    asciilib.o(.ARM.exidx.text.GetASCIICode) refers to asciilib.o(.text.GetASCIICode) for [Anonymous Symbol]
    lcd.o(.text) refers (Special) to _printf_percent.o(.ARM.Collect$$_printf_percent$$00000000) for _printf_percent
    lcd.o(.text) refers (Special) to _printf_x.o(.ARM.Collect$$_printf_percent$$0000000C) for _printf_x
    lcd.o(.text) refers (Special) to _printf_hex_int.o(.text) for _printf_longlong_hex
    lcd.o(.text.initLCD) refers (Special) to _printf_percent.o(.ARM.Collect$$_printf_percent$$00000000) for _printf_percent
    lcd.o(.text.initLCD) refers (Special) to _printf_x.o(.ARM.Collect$$_printf_percent$$0000000C) for _printf_x
    lcd.o(.text.initLCD) refers (Special) to _printf_hex_int.o(.text) for _printf_longlong_hex
    lcd.o(.text.initLCD) refers to open1768_lcd.o(.text.lcdConfiguration) for lcdConfiguration
    lcd.o(.text.initLCD) refers to open1768_lcd.o(.text.lcdReadReg) for lcdReadReg
    lcd.o(.text.initLCD) refers to noretval__2sprintf.o(.text) for __2sprintf
    lcd.o(.text.initLCD) refers to uart.o(.text.UART_Send) for UART_Send
    lcd.o(.text.initLCD) refers to lcd_ili9325.o(.text.init_ILI9325) for init_ILI9325
    lcd.o(.text.initLCD) refers to lcd.o(.text.displayTextire) for displayTextire
    lcd.o(.ARM.exidx.text.initLCD) refers (Special) to _printf_percent.o(.ARM.Collect$$_printf_percent$$00000000) for _printf_percent
    lcd.o(.ARM.exidx.text.initLCD) refers (Special) to _printf_x.o(.ARM.Collect$$_printf_percent$$0000000C) for _printf_x
    lcd.o(.ARM.exidx.text.initLCD) refers (Special) to _printf_hex_int.o(.text) for _printf_longlong_hex
    lcd.o(.ARM.exidx.text.initLCD) refers to lcd.o(.text.initLCD) for [Anonymous Symbol]
    lcd.o(.text.displayTextire) refers (Special) to _printf_percent.o(.ARM.Collect$$_printf_percent$$00000000) for _printf_percent
    lcd.o(.text.displayTextire) refers (Special) to _printf_x.o(.ARM.Collect$$_printf_percent$$0000000C) for _printf_x
    lcd.o(.text.displayTextire) refers (Special) to _printf_hex_int.o(.text) for _printf_longlong_hex
    lcd.o(.text.displayTextire) refers to main.o(.bss.sysTicks) for sysTicks
    lcd.o(.text.displayTextire) refers to open1768_lcd.o(.text.lcdWriteReg) for lcdWriteReg
    lcd.o(.text.displayTextire) refers to open1768_lcd.o(.text.lcdWriteIndex) for lcdWriteIndex
    lcd.o(.text.displayTextire) refers to open1768_lcd.o(.text.lcdWriteData) for lcdWriteData
    lcd.o(.text.displayTextire) refers to uart.o(.text.UART_Send) for UART_Send
    lcd.o(.text.displayTextire) refers to uart.o(.text.UART_SendNum) for UART_SendNum
    lcd.o(.ARM.exidx.text.displayTextire) refers (Special) to _printf_percent.o(.ARM.Collect$$_printf_percent$$00000000) for _printf_percent
    lcd.o(.ARM.exidx.text.displayTextire) refers (Special) to _printf_x.o(.ARM.Collect$$_printf_percent$$0000000C) for _printf_x
    lcd.o(.ARM.exidx.text.displayTextire) refers (Special) to _printf_hex_int.o(.text) for _printf_longlong_hex
    lcd.o(.ARM.exidx.text.displayTextire) refers to lcd.o(.text.displayTextire) for [Anonymous Symbol]
    lcd.o(.text.drawBackGround) refers (Special) to _printf_percent.o(.ARM.Collect$$_printf_percent$$00000000) for _printf_percent
    lcd.o(.text.drawBackGround) refers (Special) to _printf_x.o(.ARM.Collect$$_printf_percent$$0000000C) for _printf_x
    lcd.o(.text.drawBackGround) refers (Special) to _printf_hex_int.o(.text) for _printf_longlong_hex
    lcd.o(.text.drawBackGround) refers to open1768_lcd.o(.text.lcdWriteReg) for lcdWriteReg
    lcd.o(.text.drawBackGround) refers to open1768_lcd.o(.text.lcdWriteIndex) for lcdWriteIndex
    lcd.o(.text.drawBackGround) refers to open1768_lcd.o(.text.lcdWriteData) for lcdWriteData
    lcd.o(.ARM.exidx.text.drawBackGround) refers (Special) to _printf_percent.o(.ARM.Collect$$_printf_percent$$00000000) for _printf_percent
    lcd.o(.ARM.exidx.text.drawBackGround) refers (Special) to _printf_x.o(.ARM.Collect$$_printf_percent$$0000000C) for _printf_x
    lcd.o(.ARM.exidx.text.drawBackGround) refers (Special) to _printf_hex_int.o(.text) for _printf_longlong_hex
    lcd.o(.ARM.exidx.text.drawBackGround) refers to lcd.o(.text.drawBackGround) for [Anonymous Symbol]
    lcd.o(.text.RGBto565) refers (Special) to _printf_percent.o(.ARM.Collect$$_printf_percent$$00000000) for _printf_percent
    lcd.o(.text.RGBto565) refers (Special) to _printf_x.o(.ARM.Collect$$_printf_percent$$0000000C) for _printf_x
    lcd.o(.text.RGBto565) refers (Special) to _printf_hex_int.o(.text) for _printf_longlong_hex
    lcd.o(.ARM.exidx.text.RGBto565) refers (Special) to _printf_percent.o(.ARM.Collect$$_printf_percent$$00000000) for _printf_percent
[...]
    rtexit2.o(.ARM.exidx) refers to rtexit2.o(.ARM.Collect$$rtexit$$00000004) for .ARM.Collect$$rtexit$$00000004
    __raise.o(.text) refers to defsig.o(CL$$defsig) for __default_signal_handler
    defsig_general.o(.text) refers to sys_wrch.o(.text) for _ttywrch
    argv_veneer.o(.emb_text) refers to no_argv.o(.text) for __ARM_get_argv
    sys_wrch.o(.text) refers (Special) to use_no_semi.o(.text) for __I$use$semihosting
    sys_wrch.o(.text) refers (Special) to indicate_semi.o(.text) for __semihosting_library_function
    sys_wrch_hlt.o(.text) refers (Special) to use_no_semi.o(.text) for __I$use$semihosting
    sys_wrch_hlt.o(.text) refers (Special) to indicate_semi.o(.text) for __semihosting_library_function
    defsig.o(CL$$defsig) refers to defsig_fpe_inner.o(.text) for __rt_SIGFPE_inner
    defsig.o(CL$$defsig) refers to defsig_rtmem_inner.o(.text) for __rt_SIGRTMEM_inner
    _get_argv_nomalloc.o(.text) refers (Special) to hrguard.o(.text) for __heap_region$guard
    _get_argv_nomalloc.o(.text) refers to defsig_rtmem_outer.o(.text) for __rt_SIGRTMEM
    _get_argv_nomalloc.o(.text) refers to sys_command.o(.text) for _sys_command_string
    libshutdown.o(.ARM.Collect$$libshutdown$$00000000) refers (Special) to libshutdown2.o(.ARM.Collect$$libshutdown$$00000002) for __rt_lib_shutdown_cpp_1
    libshutdown.o(.ARM.Collect$$libshutdown$$00000000) refers (Special) to libshutdown2.o(.ARM.Collect$$libshutdown$$00000007) for __rt_lib_shutdown_fp_trap_1
    libshutdown.o(.ARM.Collect$$libshutdown$$00000000) refers (Special) to libshutdown2.o(.ARM.Collect$$libshutdown$$0000000F) for __rt_lib_shutdown_heap_1
    libshutdown.o(.ARM.Collect$$libshutdown$$00000000) refers (Special) to libshutdown2.o(.ARM.Collect$$libshutdown$$00000010) for __rt_lib_shutdown_return
    libshutdown.o(.ARM.Collect$$libshutdown$$00000000) refers (Special) to libshutdown2.o(.ARM.Collect$$libshutdown$$0000000A) for __rt_lib_shutdown_signal_1
    libshutdown.o(.ARM.Collect$$libshutdown$$00000000) refers (Special) to libshutdown2.o(.ARM.Collect$$libshutdown$$00000004) for __rt_lib_shutdown_stdio_1
    libshutdown.o(.ARM.Collect$$libshutdown$$00000000) refers (Special) to libshutdown2.o(.ARM.Collect$$libshutdown$$0000000C) for __rt_lib_shutdown_user_alloc_1
    sys_command.o(.text) refers (Special) to use_no_semi.o(.text) for __I$use$semihosting
    sys_command.o(.text) refers (Special) to indicate_semi.o(.text) for __semihosting_library_function
    sys_command_hlt.o(.text) refers (Special) to use_no_semi.o(.text) for __I$use$semihosting
    sys_command_hlt.o(.text) refers (Special) to indicate_semi.o(.text) for __semihosting_library_function
    defsig_abrt_inner.o(.text) refers to defsig_general.o(.text) for __default_signal_display
    defsig_rtred_inner.o(.text) refers to defsig_general.o(.text) for __default_signal_display
    defsig_rtmem_inner.o(.text) refers to defsig_general.o(.text) for __default_signal_display
    defsig_rtmem_outer.o(.text) refers to defsig_rtmem_inner.o(.text) for __rt_SIGRTMEM_inner
    defsig_rtmem_outer.o(.text) refers to defsig_exit.o(.text) for __sig_exit
    defsig_rtmem_formal.o(.text) refers to rt_raise.o(.text) for __rt_raise
    defsig_stak_inner.o(.text) refers to defsig_general.o(.text) for __default_signal_display
    defsig_pvfn_inner.o(.text) refers to defsig_general.o(.text) for __default_signal_display
    defsig_cppl_inner.o(.text) refers to defsig_general.o(.text) for __default_signal_display
    defsig_segv_inner.o(.text) refers to defsig_general.o(.text) for __default_signal_display
    defsig_other.o(.text) refers to defsig_general.o(.text) for __default_signal_display


==============================================================================

Removing Unused input sections from the image.

    Removing asciilib.o(.text), (0 bytes).
    Removing asciilib.o(.ARM.exidx.text.GetASCIICode), (8 bytes).
    Removing lcd.o(.text), (0 bytes).
    Removing lcd.o(.ARM.exidx.text.initLCD), (8 bytes).
    Removing lcd.o(.ARM.exidx.text.displayTextire), (8 bytes).
    Removing lcd.o(.text.drawBackGround), (44 bytes).
    Removing lcd.o(.ARM.exidx.text.drawBackGround), (8 bytes).
    Removing lcd.o(.text.RGBto565), (22 bytes).
    Removing lcd.o(.ARM.exidx.text.RGBto565), (8 bytes).
    Removing lcd.o(.ARM.exidx.text.drawRectangle), (8 bytes).
    Removing lcd.o(.ARM.exidx.text.drawLine), (8 bytes).
    Removing lcd.o(.ARM.exidx.text.drawText), (8 bytes).
    Removing lcd.o(.ARM.exidx.text.drawTextNoBg), (8 bytes).
    Removing lcd_ili9325.o(.text), (0 bytes).
    Removing lcd_ili9325.o(.text.delay_ms), (2 bytes).
    Removing lcd_ili9325.o(.ARM.exidx.text.delay_ms), (8 bytes).
    Removing lcd_ili9325.o(.ARM.exidx.text.init_ILI9325), (8 bytes).
    Removing uart.o(.text), (0 bytes).
    Removing uart.o(.ARM.exidx.text.UART_Send), (8 bytes).
    Removing uart.o(.ARM.exidx.text.UART_SendNum), (8 bytes).
    Removing uart.o(.text.UART_IRQHandler), (22 bytes).
    Removing uart.o(.ARM.exidx.text.UART_IRQHandler), (8 bytes).
    Removing uart.o(.ARM.exidx.text.UART_Init), (8 bytes).
    Removing uart.o(.ARM.exidx.text.UART_ReadTask), (8 bytes).
    Removing uart.o(.ARM.exidx.text.UART_IsMsgReady), (8 bytes).
    Removing uart.o(.ARM.exidx.text.UART_GetMessage), (8 bytes).
    Removing uart.o(.text.ARM_USART_eventFunc), (2 bytes).
    Removing uart.o(.ARM.exidx.text.ARM_USART_eventFunc), (8 bytes).
    Removing uart.o(.text.InilializeUsart), (62 bytes).
    Removing uart.o(.ARM.exidx.text.InilializeUsart), (8 bytes).
    Removing main.o(.text), (0 bytes).
    Removing main.o(.ARM.exidx.text.SysTick_Handler), (8 bytes).
    Removing main.o(.text.delay), (20 bytes).
    Removing main.o(.ARM.exidx.text.delay), (8 bytes).
    Removing main.o(.ARM.exidx.text.TIMER0_IRQHandler), (8 bytes).
    Removing main.o(.text.Timer_Init), (40 bytes).
    Removing main.o(.ARM.exidx.text.Timer_Init), (8 bytes).
    Removing main.o(.ARM.exidx.text.RTC_IRQHandler), (8 bytes).
    Removing main.o(.text.RTC_Init), (30 bytes).
    Removing main.o(.ARM.exidx.text.RTC_Init), (8 bytes).
    Removing main.o(.ARM.exidx.text.EINT0_IRQHandler), (8 bytes).
    Removing main.o(.text.KEY2_Init), (84 bytes).
    Removing main.o(.ARM.exidx.text.KEY2_Init), (8 bytes).
    Removing main.o(.ARM.exidx.text.EINT3_IRQHandler), (8 bytes).
    Removing main.o(.text.GPIO_Init), (56 bytes).
    Removing main.o(.ARM.exidx.text.GPIO_Init), (8 bytes).
    Removing main.o(.ARM.exidx.text.main), (8 bytes).
    Removing main.o(.text.OnClikcTask), (136 bytes).
    Removing main.o(.ARM.exidx.text.OnClikcTask), (8 bytes).
    Removing main.o(.ARM.use_no_argv), (4 bytes).
    Removing open1768_lcd.o(.text), (0 bytes).
    Removing open1768_lcd.o(.ARM.exidx.text.lcdConfiguration), (8 bytes).
    Removing open1768_lcd.o(.text.lcdSend), (44 bytes).
    Removing open1768_lcd.o(.ARM.exidx.text.lcdSend), (8 bytes).
    Removing open1768_lcd.o(.text.wait_delay), (18 bytes).
    Removing open1768_lcd.o(.ARM.exidx.text.wait_delay), (8 bytes).
    Removing open1768_lcd.o(.text.lcdRead), (86 bytes).
    Removing open1768_lcd.o(.ARM.exidx.text.lcdRead), (8 bytes).
    Removing open1768_lcd.o(.ARM.exidx.text.lcdWriteIndex), (8 bytes).
    Removing open1768_lcd.o(.ARM.exidx.text.lcdWriteData), (8 bytes).
    Removing open1768_lcd.o(.text.lcdReadData), (140 bytes).
    Removing open1768_lcd.o(.ARM.exidx.text.lcdReadData), (8 bytes).
    Removing open1768_lcd.o(.ARM.exidx.text.lcdWriteReg), (8 bytes).
    Removing open1768_lcd.o(.ARM.exidx.text.lcdReadReg), (8 bytes).
    Removing open1768_lcd.o(.text.lcdSetCursor), (454 bytes).
    Removing open1768_lcd.o(.ARM.exidx.text.lcdSetCursor), (8 bytes).
    Removing console.o(.text), (0 bytes).
    Removing console.o(.ARM.exidx.text.Console_Task), (8 bytes).
    Removing ssp_lpc17xx.o(.text), (0 bytes).
    Removing ssp_lpc17xx.o(.text.SSPx_GPDMA_Tx_SignalEvent), (14 bytes).
    Removing ssp_lpc17xx.o(.ARM.exidx.text.SSPx_GPDMA_Tx_SignalEvent), (8 bytes).
    Removing ssp_lpc17xx.o(.text.SSPx_GPDMA_Rx_SignalEvent), (28 bytes).
    Removing ssp_lpc17xx.o(.ARM.exidx.text.SSPx_GPDMA_Rx_SignalEvent), (8 bytes).
    Removing ssp_lpc17xx.o(.text.SSP0_GPDMA_Tx_SignalEvent), (20 bytes).
    Removing ssp_lpc17xx.o(.ARM.exidx.text.SSP0_GPDMA_Tx_SignalEvent), (8 bytes).
    Removing ssp_lpc17xx.o(.text.SSP0_GPDMA_Rx_SignalEvent), (48 bytes).
    Removing ssp_lpc17xx.o(.ARM.exidx.text.SSP0_GPDMA_Rx_SignalEvent), (8 bytes).
    Removing ssp_lpc17xx.o(.ARM.exidx.text.SSP0_IRQHandler), (8 bytes).
    Removing ssp_lpc17xx.o(.text.SSP_GetVersion), (10 bytes).
    Removing ssp_lpc17xx.o(.ARM.exidx.text.SSP_GetVersion), (8 bytes).
    Removing ssp_lpc17xx.o(.text.SSP_GetCapabilities), (4 bytes).
    Removing ssp_lpc17xx.o(.ARM.exidx.text.SSP_GetCapabilities), (8 bytes).
    Removing ssp_lpc17xx.o(.text.SSP0_Initialize), (96 bytes).
    Removing ssp_lpc17xx.o(.ARM.exidx.text.SSP0_Initialize), (8 bytes).
    Removing ssp_lpc17xx.o(.text.SSP0_Uninitialize), (50 bytes).
    Removing ssp_lpc17xx.o(.ARM.exidx.text.SSP0_Uninitialize), (8 bytes).
    Removing ssp_lpc17xx.o(.text.SSP0_PowerControl), (326 bytes).
    Removing ssp_lpc17xx.o(.ARM.exidx.text.SSP0_PowerControl), (8 bytes).
    Removing ssp_lpc17xx.o(.text.SSP0_Send), (104 bytes).
    Removing ssp_lpc17xx.o(.ARM.exidx.text.SSP0_Send), (8 bytes).
    Removing ssp_lpc17xx.o(.text.SSP0_Receive), (104 bytes).
    Removing ssp_lpc17xx.o(.ARM.exidx.text.SSP0_Receive), (8 bytes).
    Removing ssp_lpc17xx.o(.text.SSP0_Transfer), (118 bytes).
    Removing ssp_lpc17xx.o(.ARM.exidx.text.SSP0_Transfer), (8 bytes).
    Removing ssp_lpc17xx.o(.text.SSP0_GetDataCount), (28 bytes).
    Removing ssp_lpc17xx.o(.ARM.exidx.text.SSP0_GetDataCount), (8 bytes).
    Removing ssp_lpc17xx.o(.text.SSP0_Control), (1006 bytes).
    Removing ssp_lpc17xx.o(.ARM.exidx.text.SSP0_Control), (8 bytes).
    Removing ssp_lpc17xx.o(.text.SSP0_GetStatus), (26 bytes).
    Removing ssp_lpc17xx.o(.ARM.exidx.text.SSP0_GetStatus), (8 bytes).
    Removing ssp_lpc17xx.o(.rodata.Driver_SPI0), (44 bytes).
    Removing ssp_lpc17xx.o(.bss.SSP0_Info.4), (4 bytes).
    Removing ssp_lpc17xx.o(.bss.SSP0_Info.5), (1 bytes).
    Removing ssp_lpc17xx.o(.rodata.cst16), (16 bytes).
    Removing uart_lpc17xx.o(.text), (0 bytes).
    Removing uart_lpc17xx.o(.text.USART_SetBaudrate), (288 bytes).
    Removing uart_lpc17xx.o(.ARM.exidx.text.USART_SetBaudrate), (8 bytes).
    Removing uart_lpc17xx.o(.ARM.exidx.text.UART0_IRQHandler), (8 bytes).
    Removing uart_lpc17xx.o(.text.USART0_GPDMA_Tx_Event), (48 bytes).
    Removing uart_lpc17xx.o(.ARM.exidx.text.USART0_GPDMA_Tx_Event), (8 bytes).
    Removing uart_lpc17xx.o(.text.USART0_GPDMA_Rx_Event), (82 bytes).
    Removing uart_lpc17xx.o(.ARM.exidx.text.USART0_GPDMA_Rx_Event), (8 bytes).
    Removing uart_lpc17xx.o(.text.USARTx_GetVersion), (10 bytes).
    Removing uart_lpc17xx.o(.ARM.exidx.text.USARTx_GetVersion), (8 bytes).
    Removing uart_lpc17xx.o(.text.USART0_GetCapabilities), (4 bytes).
    Removing uart_lpc17xx.o(.ARM.exidx.text.USART0_GetCapabilities), (8 bytes).
    Removing uart_lpc17xx.o(.text.USART0_Initialize), (48 bytes).
    Removing uart_lpc17xx.o(.ARM.exidx.text.USART0_Initialize), (8 bytes).
    Removing uart_lpc17xx.o(.text.USART0_Uninitialize), (24 bytes).
    Removing uart_lpc17xx.o(.ARM.exidx.text.USART0_Uninitialize), (8 bytes).
    Removing uart_lpc17xx.o(.text.USART0_PowerControl), (344 bytes).
    Removing uart_lpc17xx.o(.ARM.exidx.text.USART0_PowerControl), (8 bytes).
    Removing uart_lpc17xx.o(.text.USART0_Send), (4 bytes).
    Removing uart_lpc17xx.o(.ARM.exidx.text.USART0_Send), (8 bytes).
    Removing uart_lpc17xx.o(.text.USART0_Receive), (4 bytes).
    Removing uart_lpc17xx.o(.ARM.exidx.text.USART0_Receive), (8 bytes).
    Removing uart_lpc17xx.o(.text.USART0_Transfer), (90 bytes).
    Removing uart_lpc17xx.o(.ARM.exidx.text.USART0_Transfer), (8 bytes).
    Removing uart_lpc17xx.o(.text.USART0_GetTxCount), (6 bytes).
    Removing uart_lpc17xx.o(.ARM.exidx.text.USART0_GetTxCount), (8 bytes).
    Removing uart_lpc17xx.o(.text.USART0_GetRxCount), (6 bytes).
    Removing uart_lpc17xx.o(.ARM.exidx.text.USART0_GetRxCount), (8 bytes).
    Removing uart_lpc17xx.o(.text.USART0_Control), (848 bytes).
    Removing uart_lpc17xx.o(.ARM.exidx.text.USART0_Control), (8 bytes).
    Removing uart_lpc17xx.o(.text.USART0_GetStatus), (82 bytes).
    Removing uart_lpc17xx.o(.ARM.exidx.text.USART0_GetStatus), (8 bytes).
    Removing uart_lpc17xx.o(.text.USART0_SetModemControl), (26 bytes).
    Removing uart_lpc17xx.o(.ARM.exidx.text.USART0_SetModemControl), (8 bytes).
    Removing uart_lpc17xx.o(.text.USART0_GetModemStatus), (4 bytes).
    Removing uart_lpc17xx.o(.ARM.exidx.text.USART0_GetModemStatus), (8 bytes).
    Removing uart_lpc17xx.o(.text.USART_Send), (178 bytes).
    Removing uart_lpc17xx.o(.ARM.exidx.text.USART_Send), (8 bytes).
    Removing uart_lpc17xx.o(.text.USART_Receive), (206 bytes).
    Removing uart_lpc17xx.o(.ARM.exidx.text.USART_Receive), (8 bytes).
    Removing uart_lpc17xx.o(.rodata.fract_div_lookup_table), (288 bytes).
    Removing uart_lpc17xx.o(.rodata.Driver_USART0), (56 bytes).
    Removing uart_lpc17xx.o(.rodata.UART0_DMA_Tx), (8 bytes).
    Removing uart_lpc17xx.o(.rodata.UART0_DMA_Rx), (8 bytes).
    Removing uart_lpc17xx.o(.rodata.USART0_Resources), (100 bytes).
    Removing uart_lpc17xx.o(.rodata.cst16), (16 bytes).
    Removing gpdma_lpc17xx.o(.text), (0 bytes).
    Removing gpdma_lpc17xx.o(.text.GPDMA_Initialize), (110 bytes).
    Removing gpdma_lpc17xx.o(.ARM.exidx.text.GPDMA_Initialize), (8 bytes).
    Removing gpdma_lpc17xx.o(.text.GPDMA_Uninitialize), (76 bytes).
    Removing gpdma_lpc17xx.o(.ARM.exidx.text.GPDMA_Uninitialize), (8 bytes).
    Removing gpdma_lpc17xx.o(.text.GPDMA_PeripheralSelect), (58 bytes).
    Removing gpdma_lpc17xx.o(.ARM.exidx.text.GPDMA_PeripheralSelect), (8 bytes).
    Removing gpdma_lpc17xx.o(.text.GPDMA_ChannelConfigure), (248 bytes).
    Removing gpdma_lpc17xx.o(.ARM.exidx.text.GPDMA_ChannelConfigure), (8 bytes).
    Removing gpdma_lpc17xx.o(.text.GPDMA_ChannelEnable), (80 bytes).
    Removing gpdma_lpc17xx.o(.ARM.exidx.text.GPDMA_ChannelEnable), (8 bytes).
    Removing gpdma_lpc17xx.o(.text.GPDMA_ChannelDisable), (66 bytes).
    Removing gpdma_lpc17xx.o(.ARM.exidx.text.GPDMA_ChannelDisable), (8 bytes).
    Removing gpdma_lpc17xx.o(.text.GPDMA_ChannelGetStatus), (28 bytes).
    Removing gpdma_lpc17xx.o(.ARM.exidx.text.GPDMA_ChannelGetStatus), (8 bytes).
    Removing gpdma_lpc17xx.o(.text.GPDMA_ChannelGetCount), (46 bytes).
    Removing gpdma_lpc17xx.o(.ARM.exidx.text.GPDMA_ChannelGetCount), (8 bytes).
    Removing gpdma_lpc17xx.o(.ARM.exidx.text.DMA_IRQHandler), (8 bytes).
    Removing gpdma_lpc17xx.o(.bss.Init_cnt), (4 bytes).
    Removing gpio_lpc17xx.o(.text), (0 bytes).
    Removing gpio_lpc17xx.o(.text.GPIO_PortClock), (26 bytes).
    Removing gpio_lpc17xx.o(.ARM.exidx.text.GPIO_PortClock), (8 bytes).
    Removing gpio_lpc17xx.o(.text.GPIO_SetDir), (34 bytes).
    Removing gpio_lpc17xx.o(.ARM.exidx.text.GPIO_SetDir), (8 bytes).
    Removing gpio_lpc17xx.o(.text.GPIO_PinWrite), (28 bytes).
    Removing gpio_lpc17xx.o(.ARM.exidx.text.GPIO_PinWrite), (8 bytes).
    Removing gpio_lpc17xx.o(.text.GPIO_PinRead), (20 bytes).
    Removing gpio_lpc17xx.o(.ARM.exidx.text.GPIO_PinRead), (8 bytes).
    Removing gpio_lpc17xx.o(.text.GPIO_PortWrite), (20 bytes).
    Removing gpio_lpc17xx.o(.ARM.exidx.text.GPIO_PortWrite), (8 bytes).
    Removing gpio_lpc17xx.o(.text.GPIO_PortRead), (14 bytes).
    Removing gpio_lpc17xx.o(.ARM.exidx.text.GPIO_PortRead), (8 bytes).
    Removing pin_lpc17xx.o(.text), (0 bytes).
    Removing pin_lpc17xx.o(.ARM.exidx.text.PIN_Configure), (8 bytes).
    Removing pin_lpc17xx.o(.text.PIN_ConfigureTPIU), (24 bytes).
    Removing pin_lpc17xx.o(.ARM.exidx.text.PIN_ConfigureTPIU), (8 bytes).
    Removing pin_lpc17xx.o(.text.PIN_ConfigureI2C0Pins), (30 bytes).
    Removing pin_lpc17xx.o(.ARM.exidx.text.PIN_ConfigureI2C0Pins), (8 bytes).
    Removing system_lpc17xx.o(.text), (0 bytes).
    Removing system_lpc17xx.o(.text.SystemCoreClockUpdate), (248 bytes).
    Removing system_lpc17xx.o(.ARM.exidx.text.SystemCoreClockUpdate), (8 bytes).
    Removing system_lpc17xx.o(.ARM.exidx.text.SystemInit), (8 bytes).
    Removing system_lpc17xx.o(.data.SystemCoreClock), (4 bytes).

193 unused section(s) (total 8047 bytes) removed from the image.

==============================================================================

Image Symbol Table

    Local Symbols

    Symbol Name                              Value     Ov Type        Size  Object(Section)

    ../clib/angel/boardlib.s                 0x00000000   Number         0  boardinit1.o ABSOLUTE
    ../clib/angel/boardlib.s                 0x00000000   Number         0  boardinit2.o ABSOLUTE
    ../clib/angel/boardlib.s                 0x00000000   Number         0  boardinit3.o ABSOLUTE
    ../clib/angel/boardlib.s                 0x00000000   Number         0  boardshut.o ABSOLUTE
    ../clib/angel/handlers.s                 0x00000000   Number         0  __scatter_zi.o ABSOLUTE
    ../clib/angel/kernel.s                   0x00000000   Number         0  __rtentry.o ABSOLUTE
    ../clib/angel/kernel.s                   0x00000000   Number         0  __rtentry2.o ABSOLUTE
    ../clib/angel/kernel.s                   0x00000000   Number         0  __rtentry4.o ABSOLUTE
    ../clib/angel/kernel.s                   0x00000000   Number         0  rtexit.o ABSOLUTE
    ../clib/angel/kernel.s                   0x00000000   Number         0  rtexit2.o ABSOLUTE
    ../clib/angel/rt.s                       0x00000000   Number         0  aeabi_ldiv0.o ABSOLUTE
    ../clib/angel/rt.s                       0x00000000   Number         0  aeabi_ldiv0_sigfpe.o ABSOLUTE
    ../clib/angel/rt.s                       0x00000000   Number         0  rt_div0.o ABSOLUTE
    ../clib/angel/rt.s                       0x00000000   Number         0  rt_raise.o ABSOLUTE
    ../clib/angel/scatter.s                  0x00000000   Number         0  __scatter.o ABSOLUTE
    ../clib/angel/startup.s                  0x00000000   Number         0  __main.o ABSOLUTE
    ../clib/angel/sys.s                      0x00000000   Number         0  sys_stackheap_outer.o ABSOLUTE
    ../clib/angel/sys.s                      0x00000000   Number         0  libspace.o ABSOLUTE
    ../clib/angel/sys.s                      0x00000000   Number         0  use_no_semi.o ABSOLUTE
    ../clib/angel/sys.s                      0x00000000   Number         0  indicate_semi.o ABSOLUTE
    ../clib/angel/sysapp.c                   0x00000000   Number         0  sys_exit.o ABSOLUTE
    ../clib/angel/sysapp.c                   0x00000000   Number         0  sys_exit_hlt.o ABSOLUTE
    ../clib/angel/sysapp.c                   0x00000000   Number         0  sys_wrch.o ABSOLUTE
    ../clib/angel/sysapp.c                   0x00000000   Number         0  sys_wrch_hlt.o ABSOLUTE
    ../clib/angel/sysapp.c                   0x00000000   Number         0  sys_command.o ABSOLUTE
    ../clib/angel/sysapp.c                   0x00000000   Number         0  sys_command_hlt.o ABSOLUTE
    ../clib/armsys.c                         0x00000000   Number         0  argv_veneer.o ABSOLUTE
    ../clib/armsys.c                         0x00000000   Number         0  argv_veneer.o ABSOLUTE
    ../clib/armsys.c                         0x00000000   Number         0  _get_argv_nomalloc.o ABSOLUTE
    ../clib/armsys.c                         0x00000000   Number         0  no_argv.o ABSOLUTE
    ../clib/heapalloc.c                      0x00000000   Number         0  hrguard.o ABSOLUTE
    ../clib/heapaux.c                        0x00000000   Number         0  heapauxi.o ABSOLUTE
    ../clib/libinit.s                        0x00000000   Number         0  libinit.o ABSOLUTE
    ../clib/libinit.s                        0x00000000   Number         0  libinit2.o ABSOLUTE
    ../clib/libinit.s                        0x00000000   Number         0  libshutdown.o ABSOLUTE
    ../clib/libinit.s                        0x00000000   Number         0  libshutdown2.o ABSOLUTE
    ../clib/longlong.s                       0x00000000   Number         0  lludivv7m.o ABSOLUTE
    ../clib/memcpset.s                       0x00000000   Number         0  rt_memclr_w.o ABSOLUTE
    ../clib/printf.c                         0x00000000   Number         0  __2sprintf.o ABSOLUTE
    ../clib/printf.c                         0x00000000   Number         0  noretval__2sprintf.o ABSOLUTE
    ../clib/printf.c                         0x00000000   Number         0  __printf.o ABSOLUTE
    ../clib/printf.c                         0x00000000   Number         0  _printf_dec.o ABSOLUTE
    ../clib/printf.c                         0x00000000   Number         0  _printf_hex_ll.o ABSOLUTE
    ../clib/printf.c                         0x00000000   Number         0  _printf_hex_int.o ABSOLUTE
    ../clib/printf.c                         0x00000000   Number         0  _printf_hex_int_ll.o ABSOLUTE
    ../clib/printf.c                         0x00000000   Number         0  _printf_hex_ptr.o ABSOLUTE
    ../clib/printf.c                         0x00000000   Number         0  _printf_hex_int_ptr.o ABSOLUTE
    ../clib/printf.c                         0x00000000   Number         0  _printf_hex_ll_ptr.o ABSOLUTE
    ../clib/printf.c                         0x00000000   Number         0  _printf_hex_int_ll_ptr.o ABSOLUTE
    ../clib/printf.c                         0x00000000   Number         0  __printf_flags.o ABSOLUTE
    ../clib/printf.c                         0x00000000   Number         0  __printf_ss.o ABSOLUTE
    ../clib/printf.c                         0x00000000   Number         0  __printf_flags_ss.o ABSOLUTE
    ../clib/printf.c                         0x00000000   Number         0  __printf_wp.o ABSOLUTE
    ../clib/printf.c                         0x00000000   Number         0  __printf_flags_wp.o ABSOLUTE
    ../clib/printf.c                         0x00000000   Number         0  __printf_ss_wp.o ABSOLUTE
    ../clib/printf.c                         0x00000000   Number         0  __printf_flags_ss_wp.o ABSOLUTE
    ../clib/printf.c                         0x00000000   Number         0  _printf_intcommon.o ABSOLUTE
    ../clib/printf.c                         0x00000000   Number         0  _printf_char_common.o ABSOLUTE
    ../clib/printf.c                         0x00000000   Number         0  _sputc.o ABSOLUTE
    ../clib/printf.c                         0x00000000   Number         0  __printf_nopercent.o ABSOLUTE
    ../clib/printf_percent.s                 0x00000000   Number         0  _printf_x.o ABSOLUTE
    ../clib/printf_percent.s                 0x00000000   Number         0  _printf_d.o ABSOLUTE
    ../clib/printf_percent.s                 0x00000000   Number         0  _printf_percent.o ABSOLUTE
    ../clib/printf_percent.s                 0x00000000   Number         0  _printf_percent_end.o ABSOLUTE
    ../clib/signal.c                         0x00000000   Number         0  defsig_fpe_outer.o ABSOLUTE
    ../clib/signal.c                         0x00000000   Number         0  defsig_fpe_formal.o ABSOLUTE
    ../clib/signal.c                         0x00000000   Number         0  defsig_exit.o ABSOLUTE
    ../clib/signal.c                         0x00000000   Number         0  defsig_fpe_inner.o ABSOLUTE
    ../clib/signal.c                         0x00000000   Number         0  __raise.o ABSOLUTE
    ../clib/signal.c                         0x00000000   Number         0  defsig_general.o ABSOLUTE
    ../clib/signal.c                         0x00000000   Number         0  defsig_abrt_inner.o ABSOLUTE
    ../clib/signal.c                         0x00000000   Number         0  defsig_rtred_inner.o ABSOLUTE
    ../clib/signal.c                         0x00000000   Number         0  defsig_rtmem_inner.o ABSOLUTE
    ../clib/signal.c                         0x00000000   Number         0  defsig_rtmem_outer.o ABSOLUTE
    ../clib/signal.c                         0x00000000   Number         0  defsig_rtmem_formal.o ABSOLUTE
    ../clib/signal.c                         0x00000000   Number         0  defsig_stak_inner.o ABSOLUTE
    ../clib/signal.c                         0x00000000   Number         0  defsig_pvfn_inner.o ABSOLUTE
    ../clib/signal.c                         0x00000000   Number         0  defsig_cppl_inner.o ABSOLUTE
    ../clib/signal.c                         0x00000000   Number         0  defsig_segv_inner.o ABSOLUTE
    ../clib/signal.c                         0x00000000   Number         0  defsig_other.o ABSOLUTE
    ../clib/signal.s                         0x00000000   Number         0  defsig.o ABSOLUTE
    ../clib/stdlib.c                         0x00000000   Number         0  exit.o ABSOLUTE
    ../clib/string.c                         0x00000000   Number         0  strcpy.o ABSOLUTE
    ../fplib/d2f.s                           0x00000000   Number         0  d2f.o ABSOLUTE
    ../fplib/ddiv.s                          0x00000000   Number         0  ddiv.o ABSOLUTE
    ../fplib/dflt.s                          0x00000000   Number         0  dflt_clz.o ABSOLUTE
    ../fplib/dnaninf.s                       0x00000000   Number         0  dnaninf.o ABSOLUTE
    ../fplib/dretinf.s                       0x00000000   Number         0  dretinf.o ABSOLUTE
    ../fplib/faddsub.s                       0x00000000   Number         0  faddsub_clz.o ABSOLUTE
    ../fplib/fcmp.s                          0x00000000   Number         0  fcmp.o ABSOLUTE
    ../fplib/fcmpi.s                         0x00000000   Number         0  fcmpi.o ABSOLUTE
    ../fplib/feqf.s                          0x00000000   Number         0  feqf.o ABSOLUTE
    ../fplib/ffix.s                          0x00000000   Number         0  ffix.o ABSOLUTE
    ../fplib/fflt.s                          0x00000000   Number         0  fflt_clz.o ABSOLUTE
    ../fplib/fgeqf.s                         0x00000000   Number         0  fgeqf.o ABSOLUTE
    ../fplib/fleqf.s                         0x00000000   Number         0  fleqf.o ABSOLUTE
    ../fplib/fnaninf.s                       0x00000000   Number         0  fnaninf.o ABSOLUTE
    ../fplib/fpinit.s                        0x00000000   Number         0  fpinit.o ABSOLUTE
    ../fplib/fpinit_empty.s                  0x00000000   Number         0  fpinit_empty.o ABSOLUTE
    ../fplib/fretinf.s                       0x00000000   Number         0  fretinf.o ABSOLUTE
    ../fplib/usenofp.s                       0x00000000   Number         0  usenofp.o ABSOLUTE
    GPDMA_LPC17xx.c                          0x00000000   Number         0  gpdma_lpc17xx.o ABSOLUTE
    GPIO_LPC17xx.c                           0x00000000   Number         0  gpio_lpc17xx.o ABSOLUTE
    LCD_ILI9325.c                            0x00000000   Number         0  lcd_ili9325.o ABSOLUTE
    Open1768_LCD.c                           0x00000000   Number         0  open1768_lcd.o ABSOLUTE
    PIN_LPC17xx.c                            0x00000000   Number         0  pin_lpc17xx.o ABSOLUTE
    RTE/Device/LPC1768/startup_LPC17xx.s     0x00000000   Number         0  startup_lpc17xx.o ABSOLUTE
    SSP_LPC17xx.c                            0x00000000   Number         0  ssp_lpc17xx.o ABSOLUTE
    UART_LPC17xx.c                           0x00000000   Number         0  uart_lpc17xx.o ABSOLUTE
    asciiLib.c                               0x00000000   Number         0  asciilib.o ABSOLUTE
    console.c                                0x00000000   Number         0  console.o ABSOLUTE
    dc.s                                     0x00000000   Number         0  dc.o ABSOLUTE
    lcd.c                                    0x00000000   Number         0  lcd.o ABSOLUTE
    main.c                                   0x00000000   Number         0  main.o ABSOLUTE
    system_LPC17xx.c                         0x00000000   Number         0  system_lpc17xx.o ABSOLUTE
    uart.c                                   0x00000000   Number         0  uart.o ABSOLUTE
    RESET                                    0x00000000   Section      204  startup_lpc17xx.o(RESET)
    !!!main                                  0x000000cc   Section        8  __main.o(!!!main)
    !!!scatter                               0x000000d4   Section       52  __scatter.o(!!!scatter)
    !!handler_zi                             0x00000108   Section       28  __scatter_zi.o(!!handler_zi)
    .ARM.Collect$$_printf_percent$$00000000  0x00000124   Section        0  _printf_percent.o(.ARM.Collect$$_printf_percent$$00000000)
    .ARM.Collect$$_printf_percent$$00000009  0x00000124   Section        6  _printf_d.o(.ARM.Collect$$_printf_percent$$00000009)
    .ARM.Collect$$_printf_percent$$0000000C  0x0000012a   Section        6  _printf_x.o(.ARM.Collect$$_printf_percent$$0000000C)
    .ARM.Collect$$_printf_percent$$00000017  0x00000130   Section        4  _printf_percent_end.o(.ARM.Collect$$_printf_percent$$00000017)
    .ARM.Collect$$libinit$$00000000          0x00000134   Section        2  libinit.o(.ARM.Collect$$libinit$$00000000)
    .ARM.Collect$$libinit$$00000002          0x00000136   Section        0  libinit2.o(.ARM.Collect$$libinit$$00000002)
    .ARM.Collect$$libinit$$00000004          0x00000136   Section        0  libinit2.o(.ARM.Collect$$libinit$$00000004)
    .ARM.Collect$$libinit$$00000006          0x00000136   Section        0  libinit2.o(.ARM.Collect$$libinit$$00000006)
    .ARM.Collect$$libinit$$0000000C          0x00000136   Section        0  libinit2.o(.ARM.Collect$$libinit$$0000000C)
    .ARM.Collect$$libinit$$0000000E          0x00000136   Section        0  libinit2.o(.ARM.Collect$$libinit$$0000000E)
    .ARM.Collect$$libinit$$00000010          0x00000136   Section        0  libinit2.o(.ARM.Collect$$libinit$$00000010)
    .ARM.Collect$$libinit$$00000013          0x00000136   Section        0  libinit2.o(.ARM.Collect$$libinit$$00000013)
    .ARM.Collect$$libinit$$00000015          0x00000136   Section        0  libinit2.o(.ARM.Collect$$libinit$$00000015)
    .ARM.Collect$$libinit$$00000017          0x00000136   Section        0  libinit2.o(.ARM.Collect$$libinit$$00000017)
    .ARM.Collect$$libinit$$00000019          0x00000136   Section        0  libinit2.o(.ARM.Collect$$libinit$$00000019)
    .ARM.Collect$$libinit$$0000001B          0x00000136   Section        0  libinit2.o(.ARM.Collect$$libinit$$0000001B)
    .ARM.Collect$$libinit$$0000001D          0x00000136   Section        0  libinit2.o(.ARM.Collect$$libinit$$0000001D)
    .ARM.Collect$$libinit$$0000001F          0x00000136   Section        0  libinit2.o(.ARM.Collect$$libinit$$0000001F)
    .ARM.Collect$$libinit$$00000021          0x00000136   Section        0  libinit2.o(.ARM.Collect$$libinit$$00000021)
    .ARM.Collect$$libinit$$00000023          0x00000136   Section        0  libinit2.o(.ARM.Collect$$libinit$$00000023)
    .ARM.Collect$$libinit$$00000025          0x00000136   Section        0  libinit2.o(.ARM.Collect$$libinit$$00000025)
    .ARM.Collect$$libinit$$00000027          0x00000136   Section        0  libinit2.o(.ARM.Collect$$libinit$$00000027)
    .ARM.Collect$$libinit$$0000002E          0x00000136   Section        0  libinit2.o(.ARM.Collect$$libinit$$0000002E)
    .ARM.Collect$$libinit$$00000030          0x00000136   Section        0  libinit2.o(.ARM.Collect$$libinit$$00000030)
    .ARM.Collect$$libinit$$00000032          0x00000136   Section        0  libinit2.o(.ARM.Collect$$libinit$$00000032)
    .ARM.Collect$$libinit$$00000034          0x00000136   Section        0  libinit2.o(.ARM.Collect$$libinit$$00000034)
    .ARM.Collect$$libinit$$00000035          0x00000136   Section        2  libinit2.o(.ARM.Collect$$libinit$$00000035)
    .ARM.Collect$$libshutdown$$00000000      0x00000138   Section        2  libshutdown.o(.ARM.Collect$$libshutdown$$00000000)
    .ARM.Collect$$libshutdown$$00000002      0x0000013a   Section        0  libshutdown2.o(.ARM.Collect$$libshutdown$$00000002)
    .ARM.Collect$$libshutdown$$00000004      0x0000013a   Section        0  libshutdown2.o(.ARM.Collect$$libshutdown$$00000004)
    .ARM.Collect$$libshutdown$$00000007      0x0000013a   Section        0  libshutdown2.o(.ARM.Collect$$libshutdown$$00000007)
    .ARM.Collect$$libshutdown$$0000000A      0x0000013a   Section        0  libshutdown2.o(.ARM.Collect$$libshutdown$$0000000A)
    .ARM.Collect$$libshutdown$$0000000C      0x0000013a   Section        0  libshutdown2.o(.ARM.Collect$$libshutdown$$0000000C)
    .ARM.Collect$$libshutdown$$0000000F      0x0000013a   Section        0  libshutdown2.o(.ARM.Collect$$libshutdown$$0000000F)
    .ARM.Collect$$libshutdown$$00000010      0x0000013a   Section        2  libshutdown2.o(.ARM.Collect$$libshutdown$$00000010)
    .ARM.Collect$$rtentry$$00000000          0x0000013c   Section        0  __rtentry.o(.ARM.Collect$$rtentry$$00000000)
    .ARM.Collect$$rtentry$$00000002          0x0000013c   Section        0  __rtentry2.o(.ARM.Collect$$rtentry$$00000002)
    .ARM.Collect$$rtentry$$00000004          0x0000013c   Section        6  __rtentry4.o(.ARM.Collect$$rtentry$$00000004)
    .ARM.Collect$$rtentry$$00000009          0x00000142   Section        0  __rtentry2.o(.ARM.Collect$$rtentry$$00000009)
    .ARM.Collect$$rtentry$$0000000A          0x00000142   Section        4  __rtentry2.o(.ARM.Collect$$rtentry$$0000000A)
    .ARM.Collect$$rtentry$$0000000C          0x00000146   Section        0  __rtentry2.o(.ARM.Collect$$rtentry$$0000000C)
    .ARM.Collect$$rtentry$$0000000D          0x00000146   Section        8  __rtentry2.o(.ARM.Collect$$rtentry$$0000000D)
    .ARM.Collect$$rtexit$$00000000           0x0000014e   Section        2  rtexit.o(.ARM.Collect$$rtexit$$00000000)
    .ARM.Collect$$rtexit$$00000002           0x00000150   Section        0  rtexit2.o(.ARM.Collect$$rtexit$$00000002)
    .ARM.Collect$$rtexit$$00000003           0x00000150   Section        4  rtexit2.o(.ARM.Collect$$rtexit$$00000003)
    .ARM.Collect$$rtexit$$00000004           0x00000154   Section        6  rtexit2.o(.ARM.Collect$$rtexit$$00000004)
    .text                                    0x0000015c   Section       60  startup_lpc17xx.o(.text)
    .text                                    0x00000198   Section        0  noretval__2sprintf.o(.text)
    .text                                    0x000001c0   Section        0  __printf.o(.text)
    .text                                    0x00000228   Section        0  _printf_dec.o(.text)
    .text                                    0x000002a0   Section        0  _printf_hex_int.o(.text)
    .text                                    0x000002f8   Section        2  use_no_semi.o(.text)
    .text                                    0x000002fa   Section        0  indicate_semi.o(.text)
    x$fpl$usenofp                            0x000002fa   Section        0  usenofp.o(x$fpl$usenofp)
    .ARM.__at_0x02FC                         0x000002fc   Section        4  startup_lpc17xx.o(.ARM.__at_0x02FC)
    .text                                    0x00000300   Section        0  strcpy.o(.text)
    .text                                    0x00000348   Section       78  rt_memclr_w.o(.text)
    .text                                    0x00000396   Section        0  heapauxi.o(.text)
    .text                                    0x0000039c   Section        0  _printf_intcommon.o(.text)
    _printf_input_char                       0x00000451   Thumb Code    10  _printf_char_common.o(.text)
    .text                                    0x00000450   Section        0  _printf_char_common.o(.text)
    .text                                    0x00000480   Section        0  _sputc.o(.text)
    .text                                    0x0000048a   Section       74  sys_stackheap_outer.o(.text)
    .text                                    0x000004d4   Section        0  exit.o(.text)
    .text                                    0x000004e8   Section        8  libspace.o(.text)
    .text                                    0x000004f0   Section        0  sys_exit.o(.text)
    [Anonymous Symbol]                       0x000004fc   Section        0  console.o(.text.Console_Task)
    [Anonymous Symbol]                       0x00000518   Section        0  gpdma_lpc17xx.o(.text.DMA_IRQHandler)
    [Anonymous Symbol]                       0x00000624   Section        0  main.o(.text.EINT0_IRQHandler)
    [Anonymous Symbol]                       0x00000698   Section        0  main.o(.text.EINT3_IRQHandler)
    [Anonymous Symbol]                       0x000006e4   Section        0  asciilib.o(.text.GetASCIICode)
    [Anonymous Symbol]                       0x00000718   Section        0  pin_lpc17xx.o(.text.PIN_Configure)
    [Anonymous Symbol]                       0x0000078c   Section        0  main.o(.text.RTC_IRQHandler)
    [Anonymous Symbol]                       0x000007cc   Section        0  ssp_lpc17xx.o(.text.SSP0_IRQHandler)
    [Anonymous Symbol]                       0x000008b0   Section        0  main.o(.text.SysTick_Handler)
    [Anonymous Symbol]                       0x000008c0   Section        0  system_lpc17xx.o(.text.SystemInit)
    [Anonymous Symbol]                       0x0000098c   Section        0  main.o(.text.TIMER0_IRQHandler)
    [Anonymous Symbol]                       0x000009a8   Section        0  uart_lpc17xx.o(.text.UART0_IRQHandler)
    [Anonymous Symbol]                       0x00000bc4   Section        0  uart.o(.text.UART_GetMessage)
    [Anonymous Symbol]                       0x00000c00   Section        0  uart.o(.text.UART_Init)
    [Anonymous Symbol]                       0x00000c74   Section        0  uart.o(.text.UART_IsMsgReady)
    [Anonymous Symbol]                       0x00000c80   Section        0  uart.o(.text.UART_ReadTask)
    [Anonymous Symbol]                       0x00000d38   Section        0  uart.o(.text.UART_Send)
    [Anonymous Symbol]                       0x00000d5c   Section        0  uart.o(.text.UART_SendNum)
    [Anonymous Symbol]                       0x00000da4   Section        0  lcd.o(.text.displayTextire)
    [Anonymous Symbol]                       0x00000dfc   Section        0  lcd.o(.text.drawLine)
    [Anonymous Symbol]                       0x00000edc   Section        0  lcd.o(.text.drawRectangle)
    [Anonymous Symbol]                       0x00000f58   Section        0  lcd.o(.text.drawText)
    [Anonymous Symbol]                       0x00000fd8   Section        0  lcd.o(.text.drawTextNoBg)
    [Anonymous Symbol]                       0x00001058   Section        0  lcd.o(.text.initLCD)
    [Anonymous Symbol]                       0x000010a0   Section        0  lcd_ili9325.o(.text.init_ILI9325)
    [Anonymous Symbol]                       0x00001258   Section        0  open1768_lcd.o(.text.lcdConfiguration)
    [Anonymous Symbol]                       0x00001280   Section        0  open1768_lcd.o(.text.lcdReadReg)
    [Anonymous Symbol]                       0x00001368   Section        0  open1768_lcd.o(.text.lcdWriteData)
    [Anonymous Symbol]                       0x000013c4   Section        0  open1768_lcd.o(.text.lcdWriteIndex)
    [Anonymous Symbol]                       0x00001438   Section        0  open1768_lcd.o(.text.lcdWriteReg)
    [Anonymous Symbol]                       0x000014f0   Section        0  main.o(.text.main)
    x$fpl$d2f                                0x000016c4   Section       98  d2f.o(x$fpl$d2f)
    x$fpl$ddiv                               0x00001728   Section      692  ddiv.o(x$fpl$ddiv)
    ddiv_entry                               0x0000172f   Thumb Code     0  ddiv.o(x$fpl$ddiv)
    x$fpl$dflt                               0x000019dc   Section       46  dflt_clz.o(x$fpl$dflt)
    x$fpl$dnaninf                            0x00001a0a   Section      156  dnaninf.o(x$fpl$dnaninf)
    x$fpl$dretinf                            0x00001aa6   Section       12  dretinf.o(x$fpl$dretinf)
    x$fpl$fadd                               0x00001ab4   Section      196  faddsub_clz.o(x$fpl$fadd)
    _fadd1                                   0x00001ac3   Thumb Code     0  faddsub_clz.o(x$fpl$fadd)
    x$fpl$fcmp                               0x00001b78   Section       84  fcmp.o(x$fpl$fcmp)
    x$fpl$fcmpinf                            0x00001bcc   Section       24  fcmpi.o(x$fpl$fcmpinf)
    x$fpl$feqf                               0x00001be4   Section      104  feqf.o(x$fpl$feqf)
    x$fpl$ffix                               0x00001c4c   Section       54  ffix.o(x$fpl$ffix)
    x$fpl$fflt                               0x00001c84   Section       48  fflt_clz.o(x$fpl$fflt)
    x$fpl$fgeqf                              0x00001cb4   Section      104  fgeqf.o(x$fpl$fgeqf)
    x$fpl$fleqf                              0x00001d1c   Section      104  fleqf.o(x$fpl$fleqf)
    x$fpl$fnaninf                            0x00001d84   Section      140  fnaninf.o(x$fpl$fnaninf)
    x$fpl$fretinf                            0x00001e10   Section       10  fretinf.o(x$fpl$fretinf)
    x$fpl$fsub                               0x00001e1c   Section      234  faddsub_clz.o(x$fpl$fsub)
    _fsub1                                   0x00001e2b   Thumb Code     0  faddsub_clz.o(x$fpl$fsub)
    uc_hextab                                0x00001f06   Data          20  _printf_hex_int.o(.constdata)
    .constdata                               0x00001f06   Section       40  _printf_hex_int.o(.constdata)
    lc_hextab                                0x00001f1a   Data          20  _printf_hex_int.o(.constdata)
    AsciiLib                                 0x00001f2e   Data        3040  asciilib.o(.rodata.AsciiLib)
    [Anonymous Symbol]                       0x00001f2e   Section        0  asciilib.o(.rodata.AsciiLib)
    .L.str.1                                 0x00002b0e   Data           8  uart.o(.rodata.str1.1)
    [Anonymous Symbol]                       0x00002b0e   Section        0  uart.o(.rodata.str1.1)
    .L.str.2                                 0x00002b16   Data          24  uart.o(.rodata.str1.1)
    SSP0_Info.0                              0x10000000   Data           4  ssp_lpc17xx.o(.bss.SSP0_Info.0)
    [Anonymous Symbol]                       0x10000000   Section        0  ssp_lpc17xx.o(.bss.SSP0_Info.0)
    SSP0_Info.1                              0x10000004   Data           1  ssp_lpc17xx.o(.bss.SSP0_Info.1)
    [Anonymous Symbol]                       0x10000004   Section        0  ssp_lpc17xx.o(.bss.SSP0_Info.1)
    USART0_Info                              0x10000008   Data          52  uart_lpc17xx.o(.bss.USART0_Info)
    [Anonymous Symbol]                       0x10000008   Section        0  uart_lpc17xx.o(.bss.USART0_Info)
    msgReceived                              0x1000003d   Data           1  uart.o(.bss.msgReceived)
    [Anonymous Symbol]                       0x1000003d   Section        0  uart.o(.bss.msgReceived)
    Heap_Mem                                 0x10000040   Data           0  startup_lpc17xx.o(HEAP)
    Stack_Mem                                0x10000040   Data         512  startup_lpc17xx.o(STACK)
    HEAP                                     0x10000040   Section        0  startup_lpc17xx.o(HEAP)
    STACK                                    0x10000040   Section      512  startup_lpc17xx.o(STACK)
    __initial_sp                             0x10000240   Data           0  startup_lpc17xx.o(STACK)
    .bss                                     0x2007c000   Section       96  libspace.o(.bss)
    Channel_active                           0x2007c060   Data           4  gpdma_lpc17xx.o(.bss.Channel_active)
    [Anonymous Symbol]                       0x2007c060   Section        0  gpdma_lpc17xx.o(.bss.Channel_active)
    Channel_info                             0x2007c064   Data         160  gpdma_lpc17xx.o(.bss.Channel_info)
    [Anonymous Symbol]                       0x2007c064   Section        0  gpdma_lpc17xx.o(.bss.Channel_info)
    EINT0_IRQHandler.lastInt                 0x2007c104   Data           4  main.o(.bss.EINT0_IRQHandler.lastInt)
    [Anonymous Symbol]                       0x2007c104   Section        0  main.o(.bss.EINT0_IRQHandler.lastInt)
    EINT3_IRQHandler.lastInt                 0x2007c108   Data           4  main.o(.bss.EINT3_IRQHandler.lastInt)
    [Anonymous Symbol]                       0x2007c108   Section        0  main.o(.bss.EINT3_IRQHandler.lastInt)
    OnClikcTask.clickCoutn                   0x2007c10c   Data           4  main.o(.bss.OnClikcTask.clickCoutn)
    [Anonymous Symbol]                       0x2007c10c   Section        0  main.o(.bss.OnClikcTask.clickCoutn)
    OnClikcTask.flag                         0x2007c110   Data           1  main.o(.bss.OnClikcTask.flag)
    [Anonymous Symbol]                       0x2007c110   Section        0  main.o(.bss.OnClikcTask.flag)
    OnClikcTask.timeStart                    0x2007c114   Data           4  main.o(.bss.OnClikcTask.timeStart)
    [Anonymous Symbol]                       0x2007c114   Section        0  main.o(.bss.OnClikcTask.timeStart)
    RTC_IRQHandler.flag                      0x2007c118   Data           1  main.o(.bss.RTC_IRQHandler.flag)
    [Anonymous Symbol]                       0x2007c118   Section        0  main.o(.bss.RTC_IRQHandler.flag)
    SSP0_Info.2                              0x2007c11c   Data           1  ssp_lpc17xx.o(.bss.SSP0_Info.2)
    [Anonymous Symbol]                       0x2007c11c   Section        0  ssp_lpc17xx.o(.bss.SSP0_Info.2)
    SSP0_Xfer                                0x2007c120   Data          28  ssp_lpc17xx.o(.bss.SSP0_Xfer)
    [Anonymous Symbol]                       0x2007c120   Section        0  ssp_lpc17xx.o(.bss.SSP0_Xfer)
    currBuffSize                             0x2007c23c   Data           4  uart.o(.bss.currBuffSize)
    [Anonymous Symbol]                       0x2007c23c   Section        0  uart.o(.bss.currBuffSize)

    Global Symbols

    Symbol Name                              Value     Ov Type        Size  Object(Section)

    BuildAttributes$$THM_ISAv4$P$D$K$B$S$PE$A:L22UL41UL21$X:L11$S22US41US21$IEEE1$IW$~IW$USESV6$~STKCKD$USESV7$~SHL$OTIME$ROPI$EBA8$UX$STANDARDLIB$REQ8$PRES8$EABIv2 0x00000000   Number         0  anon$$obj.o ABSOLUTE
    __Vectors                                0x00000000   Data           4  startup_lpc17xx.o(RESET)
    __fp_init_empty                          0x00000000   Number         0  fpinit_empty.o ABSOLUTE
    __ARM_exceptions_init                     - Undefined Weak Reference
    __alloca_initialize                       - Undefined Weak Reference
    __arm_preinit_                            - Undefined Weak Reference
    __arm_relocate_pie_                       - Undefined Weak Reference
    __cpp_initialize__aeabi_                  - Undefined Weak Reference
    __cxa_finalize                            - Undefined Weak Reference
    __rt_locale                               - Undefined Weak Reference
    __sigvec_lookup                           - Undefined Weak Reference
    _atexit_init                              - Undefined Weak Reference
    _call_atexit_fns                          - Undefined Weak Reference
    _clock_init                               - Undefined Weak Reference
    _fp_trap_init                             - Undefined Weak Reference
    _fp_trap_shutdown                         - Undefined Weak Reference
    _get_lc_collate                           - Undefined Weak Reference
    _get_lc_ctype                             - Undefined Weak Reference
    _get_lc_monetary                          - Undefined Weak Reference
    _get_lc_numeric                           - Undefined Weak Reference
    _get_lc_time                              - Undefined Weak Reference
    _getenv_init                              - Undefined Weak Reference
    _handle_redirection                       - Undefined Weak Reference
    _init_alloc                               - Undefined Weak Reference
    _init_user_alloc                          - Undefined Weak Reference
    _initio                                   - Undefined Weak Reference
    _printf_post_padding                      - Undefined Weak Reference
    _printf_pre_padding                       - Undefined Weak Reference
    _printf_truncate_signed                   - Undefined Weak Reference
    _printf_truncate_unsigned                 - Undefined Weak Reference
    _rand_init                                - Undefined Weak Reference
    _signal_finish                            - Undefined Weak Reference
    _signal_init                              - Undefined Weak Reference
    _terminate_alloc                          - Undefined Weak Reference
    _terminate_user_alloc                     - Undefined Weak Reference
    _terminateio                              - Undefined Weak Reference
    __main                                   0x000000cd   Thumb Code     8  __main.o(!!!main)
    __scatterload                            0x000000d5   Thumb Code     0  __scatter.o(!!!scatter)
    __scatterload_rt2                        0x000000d5   Thumb Code    44  __scatter.o(!!!scatter)
    __scatterload_rt2_thumb_only             0x000000d5   Thumb Code     0  __scatter.o(!!!scatter)
    __scatterload_null                       0x000000e3   Thumb Code     0  __scatter.o(!!!scatter)
    __scatterload_zeroinit                   0x00000109   Thumb Code    28  __scatter_zi.o(!!handler_zi)
    _printf_d                                0x00000125   Thumb Code     0  _printf_d.o(.ARM.Collect$$_printf_percent$$00000009)
    _printf_percent                          0x00000125   Thumb Code     0  _printf_percent.o(.ARM.Collect$$_printf_percent$$00000000)
    _printf_x                                0x0000012b   Thumb Code     0  _printf_x.o(.ARM.Collect$$_printf_percent$$0000000C)
    _printf_percent_end                      0x00000131   Thumb Code     0  _printf_percent_end.o(.ARM.Collect$$_printf_percent$$00000017)
    __rt_lib_init                            0x00000135   Thumb Code     0  libinit.o(.ARM.Collect$$libinit$$00000000)
    __rt_lib_init_alloca_1                   0x00000137   Thumb Code     0  libinit2.o(.ARM.Collect$$libinit$$00000030)
    __rt_lib_init_argv_1                     0x00000137   Thumb Code     0  libinit2.o(.ARM.Collect$$libinit$$0000002E)
    __rt_lib_init_atexit_1                   0x00000137   Thumb Code     0  libinit2.o(.ARM.Collect$$libinit$$0000001D)
    __rt_lib_init_clock_1                    0x00000137   Thumb Code     0  libinit2.o(.ARM.Collect$$libinit$$00000023)
    __rt_lib_init_cpp_1                      0x00000137   Thumb Code     0  libinit2.o(.ARM.Collect$$libinit$$00000034)
    __rt_lib_init_exceptions_1               0x00000137   Thumb Code     0  libinit2.o(.ARM.Collect$$libinit$$00000032)
    __rt_lib_init_fp_1                       0x00000137   Thumb Code     0  libinit2.o(.ARM.Collect$$libinit$$00000002)
    __rt_lib_init_fp_trap_1                  0x00000137   Thumb Code     0  libinit2.o(.ARM.Collect$$libinit$$00000021)
    __rt_lib_init_getenv_1                   0x00000137   Thumb Code     0  libinit2.o(.ARM.Collect$$libinit$$00000025)
    __rt_lib_init_heap_1                     0x00000137   Thumb Code     0  libinit2.o(.ARM.Collect$$libinit$$0000000C)
    __rt_lib_init_lc_collate_1               0x00000137   Thumb Code     0  libinit2.o(.ARM.Collect$$libinit$$00000013)
    __rt_lib_init_lc_ctype_1                 0x00000137   Thumb Code     0  libinit2.o(.ARM.Collect$$libinit$$00000015)
    __rt_lib_init_lc_monetary_1              0x00000137   Thumb Code     0  libinit2.o(.ARM.Collect$$libinit$$00000017)
    __rt_lib_init_lc_numeric_1               0x00000137   Thumb Code     0  libinit2.o(.ARM.Collect$$libinit$$00000019)
    __rt_lib_init_lc_time_1                  0x00000137   Thumb Code     0  libinit2.o(.ARM.Collect$$libinit$$0000001B)
    __rt_lib_init_preinit_1                  0x00000137   Thumb Code     0  libinit2.o(.ARM.Collect$$libinit$$00000006)
    __rt_lib_init_rand_1                     0x00000137   Thumb Code     0  libinit2.o(.ARM.Collect$$libinit$$00000010)
    __rt_lib_init_relocate_pie_1             0x00000137   Thumb Code     0  libinit2.o(.ARM.Collect$$libinit$$00000004)
    __rt_lib_init_return                     0x00000137   Thumb Code     0  libinit2.o(.ARM.Collect$$libinit$$00000035)
    __rt_lib_init_signal_1                   0x00000137   Thumb Code     0  libinit2.o(.ARM.Collect$$libinit$$0000001F)
    __rt_lib_init_stdio_1                    0x00000137   Thumb Code     0  libinit2.o(.ARM.Collect$$libinit$$00000027)
    __rt_lib_init_user_alloc_1               0x00000137   Thumb Code     0  libinit2.o(.ARM.Collect$$libinit$$0000000E)
    __rt_lib_shutdown                        0x00000139   Thumb Code     0  libshutdown.o(.ARM.Collect$$libshutdown$$00000000)
    __rt_lib_shutdown_cpp_1                  0x0000013b   Thumb Code     0  libshutdown2.o(.ARM.Collect$$libshutdown$$00000002)
    __rt_lib_shutdown_fp_trap_1              0x0000013b   Thumb Code     0  libshutdown2.o(.ARM.Collect$$libshutdown$$00000007)
    __rt_lib_shutdown_heap_1                 0x0000013b   Thumb Code     0  libshutdown2.o(.ARM.Collect$$libshutdown$$0000000F)
    __rt_lib_shutdown_return                 0x0000013b   Thumb Code     0  libshutdown2.o(.ARM.Collect$$libshutdown$$00000010)
    __rt_lib_shutdown_signal_1               0x0000013b   Thumb Code     0  libshutdown2.o(.ARM.Collect$$libshutdown$$0000000A)
    __rt_lib_shutdown_stdio_1                0x0000013b   Thumb Code     0  libshutdown2.o(.ARM.Collect$$libshutdown$$00000004)
    __rt_lib_shutdown_user_alloc_1           0x0000013b   Thumb Code     0  libshutdown2.o(.ARM.Collect$$libshutdown$$0000000C)
    __rt_entry                               0x0000013d   Thumb Code     0  __rtentry.o(.ARM.Collect$$rtentry$$00000000)
    __rt_entry_presh_1                       0x0000013d   Thumb Code     0  __rtentry2.o(.ARM.Collect$$rtentry$$00000002)
    __rt_entry_sh                            0x0000013d   Thumb Code     0  __rtentry4.o(.ARM.Collect$$rtentry$$00000004)
    __rt_entry_li                            0x00000143   Thumb Code     0  __rtentry2.o(.ARM.Collect$$rtentry$$0000000A)
    __rt_entry_postsh_1                      0x00000143   Thumb Code     0  __rtentry2.o(.ARM.Collect$$rtentry$$00000009)
    __rt_entry_main                          0x00000147   Thumb Code     0  __rtentry2.o(.ARM.Collect$$rtentry$$0000000D)
    __rt_entry_postli_1                      0x00000147   Thumb Code     0  __rtentry2.o(.ARM.Collect$$rtentry$$0000000C)
    __rt_exit                                0x0000014f   Thumb Code     0  rtexit.o(.ARM.Collect$$rtexit$$00000000)
    __rt_exit_ls                             0x00000151   Thumb Code     0  rtexit2.o(.ARM.Collect$$rtexit$$00000003)
    __rt_exit_prels_1                        0x00000151   Thumb Code     0  rtexit2.o(.ARM.Collect$$rtexit$$00000002)
    __rt_exit_exit                           0x00000155   Thumb Code     0  rtexit2.o(.ARM.Collect$$rtexit$$00000004)
    Reset_Handler                            0x0000015d   Thumb Code     8  startup_lpc17xx.o(.text)
    NMI_Handler                              0x00000165   Thumb Code     2  startup_lpc17xx.o(.text)
    HardFault_Handler                        0x00000167   Thumb Code     2  startup_lpc17xx.o(.text)
    MemManage_Handler                        0x00000169   Thumb Code     2  startup_lpc17xx.o(.text)
    BusFault_Handler                         0x0000016b   Thumb Code     2  startup_lpc17xx.o(.text)
    UsageFault_Handler                       0x0000016d   Thumb Code     2  startup_lpc17xx.o(.text)
    SVC_Handler                              0x0000016f   Thumb Code     2  startup_lpc17xx.o(.text)
    DebugMon_Handler                         0x00000171   Thumb Code     2  startup_lpc17xx.o(.text)
    PendSV_Handler                           0x00000173   Thumb Code     2  startup_lpc17xx.o(.text)
    ADC_IRQHandler                           0x00000177   Thumb Code     0  startup_lpc17xx.o(.text)
    BOD_IRQHandler                           0x00000177   Thumb Code     0  startup_lpc17xx.o(.text)
    CANActivity_IRQHandler                   0x00000177   Thumb Code     0  startup_lpc17xx.o(.text)
    CAN_IRQHandler                           0x00000177   Thumb Code     0  startup_lpc17xx.o(.text)
    EINT1_IRQHandler                         0x00000177   Thumb Code     0  startup_lpc17xx.o(.text)
    EINT2_IRQHandler                         0x00000177   Thumb Code     0  startup_lpc17xx.o(.text)
    ENET_IRQHandler                          0x00000177   Thumb Code     0  startup_lpc17xx.o(.text)
    I2C0_IRQHandler                          0x00000177   Thumb Code     0  startup_lpc17xx.o(.text)
    I2C1_IRQHandler                          0x00000177   Thumb Code     0  startup_lpc17xx.o(.text)
    I2C2_IRQHandler                          0x00000177   Thumb Code     0  startup_lpc17xx.o(.text)
    I2S_IRQHandler                           0x00000177   Thumb Code     0  startup_lpc17xx.o(.text)
    MCPWM_IRQHandler                         0x00000177   Thumb Code     0  startup_lpc17xx.o(.text)
    PLL0_IRQHandler                          0x00000177   Thumb Code     0  startup_lpc17xx.o(.text)
    PLL1_IRQHandler                          0x00000177   Thumb Code     0  startup_lpc17xx.o(.text)
    PWM1_IRQHandler                          0x00000177   Thumb Code     0  startup_lpc17xx.o(.text)
    QEI_IRQHandler                           0x00000177   Thumb Code     0  startup_lpc17xx.o(.text)
    RIT_IRQHandler                           0x00000177   Thumb Code     0  startup_lpc17xx.o(.text)
    SPI_IRQHandler                           0x00000177   Thumb Code     0  startup_lpc17xx.o(.text)
    SSP1_IRQHandler                          0x00000177   Thumb Code     0  startup_lpc17xx.o(.text)
    TIMER1_IRQHandler                        0x00000177   Thumb Code     0  startup_lpc17xx.o(.text)
    TIMER2_IRQHandler                        0x00000177   Thumb Code     0  startup_lpc17xx.o(.text)
    TIMER3_IRQHandler                        0x00000177   Thumb Code     0  startup_lpc17xx.o(.text)
    UART1_IRQHandler                         0x00000177   Thumb Code     0  startup_lpc17xx.o(.text)
    UART2_IRQHandler                         0x00000177   Thumb Code     0  startup_lpc17xx.o(.text)
    UART3_IRQHandler                         0x00000177   Thumb Code     0  startup_lpc17xx.o(.text)
    USBActivity_IRQHandler                   0x00000177   Thumb Code     0  startup_lpc17xx.o(.text)
    USB_IRQHandler                           0x00000177   Thumb Code     0  startup_lpc17xx.o(.text)
    WDT_IRQHandler                           0x00000177   Thumb Code     0  startup_lpc17xx.o(.text)
    __user_initial_stackheap                 0x00000179   Thumb Code     0  startup_lpc17xx.o(.text)
    __2sprintf                               0x00000199   Thumb Code    34  noretval__2sprintf.o(.text)
    __printf                                 0x000001c1   Thumb Code   104  __printf.o(.text)
    _printf_int_dec                          0x00000229   Thumb Code   104  _printf_dec.o(.text)
    _printf_int_hex                          0x000002a1   Thumb Code    84  _printf_hex_int.o(.text)
    _printf_longlong_hex                     0x000002a1   Thumb Code     0  _printf_hex_int.o(.text)
    __I$use$semihosting                      0x000002f9   Thumb Code     0  use_no_semi.o(.text)
    __use_no_semihosting_swi                 0x000002f9   Thumb Code     2  use_no_semi.o(.text)
    __I$use$fp                               0x000002fa   Number         0  usenofp.o(x$fpl$usenofp)
    __semihosting_library_function           0x000002fb   Thumb Code     0  indicate_semi.o(.text)
    strcpy                                   0x00000301   Thumb Code    72  strcpy.o(.text)
    __aeabi_memclr4                          0x00000349   Thumb Code     0  rt_memclr_w.o(.text)
    __aeabi_memclr8                          0x00000349   Thumb Code     0  rt_memclr_w.o(.text)
    __rt_memclr_w                            0x00000349   Thumb Code     0  rt_memclr_w.o(.text)
    _memset_w                                0x0000034d   Thumb Code    74  rt_memclr_w.o(.text)
    __use_two_region_memory                  0x00000397   Thumb Code     2  heapauxi.o(.text)
    __rt_heap_escrow$2region                 0x00000399   Thumb Code     2  heapauxi.o(.text)
    __rt_heap_expand$2region                 0x0000039b   Thumb Code     2  heapauxi.o(.text)
    _printf_int_common                       0x0000039d   Thumb Code   178  _printf_intcommon.o(.text)
    _printf_char_common                      0x0000045b   Thumb Code    32  _printf_char_common.o(.text)
    _sputc                                   0x00000481   Thumb Code    10  _sputc.o(.text)
    __user_setup_stackheap                   0x0000048b   Thumb Code    74  sys_stackheap_outer.o(.text)
    exit                                     0x000004d5   Thumb Code    18  exit.o(.text)
    __user_libspace                          0x000004e9   Thumb Code     8  libspace.o(.text)
    __user_perproc_libspace                  0x000004e9   Thumb Code     0  libspace.o(.text)
    __user_perthread_libspace                0x000004e9   Thumb Code     0  libspace.o(.text)
    _sys_exit                                0x000004f1   Thumb Code     8  sys_exit.o(.text)
    Console_Task                             0x000004fd   Thumb Code    28  console.o(.text.Console_Task)
    DMA_IRQHandler                           0x00000519   Thumb Code   266  gpdma_lpc17xx.o(.text.DMA_IRQHandler)
    EINT0_IRQHandler                         0x00000625   Thumb Code    68  main.o(.text.EINT0_IRQHandler)
    EINT3_IRQHandler                         0x00000699   Thumb Code    56  main.o(.text.EINT3_IRQHandler)
    GetASCIICode                             0x000006e5   Thumb Code    50  asciilib.o(.text.GetASCIICode)
    PIN_Configure                            0x00000719   Thumb Code   116  pin_lpc17xx.o(.text.PIN_Configure)
    RTC_IRQHandler                           0x0000078d   Thumb Code    48  main.o(.text.RTC_IRQHandler)
    SSP0_IRQHandler                          0x000007cd   Thumb Code   226  ssp_lpc17xx.o(.text.SSP0_IRQHandler)
    SysTick_Handler                          0x000008b1   Thumb Code    16  main.o(.text.SysTick_Handler)
    SystemInit                               0x000008c1   Thumb Code   204  system_lpc17xx.o(.text.SystemInit)
    TIMER0_IRQHandler                        0x0000098d   Thumb Code    20  main.o(.text.TIMER0_IRQHandler)
    UART0_IRQHandler                         0x000009a9   Thumb Code   538  uart_lpc17xx.o(.text.UART0_IRQHandler)
    UART_GetMessage                          0x00000bc5   Thumb Code    60  uart.o(.text.UART_GetMessage)
    UART_Init                                0x00000c01   Thumb Code   114  uart.o(.text.UART_Init)
    UART_IsMsgReady                          0x00000c75   Thumb Code    12  uart.o(.text.UART_IsMsgReady)
    UART_ReadTask                            0x00000c81   Thumb Code   182  uart.o(.text.UART_ReadTask)
    UART_Send                                0x00000d39   Thumb Code    34  uart.o(.text.UART_Send)
    UART_SendNum                             0x00000d5d   Thumb Code    68  uart.o(.text.UART_SendNum)
    displayTextire                           0x00000da5   Thumb Code    76  lcd.o(.text.displayTextire)
    drawLine                                 0x00000dfd   Thumb Code   222  lcd.o(.text.drawLine)
    drawRectangle                            0x00000edd   Thumb Code   124  lcd.o(.text.drawRectangle)
    drawText                                 0x00000f59   Thumb Code   126  lcd.o(.text.drawText)
    drawTextNoBg                             0x00000fd9   Thumb Code   126  lcd.o(.text.drawTextNoBg)
    initLCD                                  0x00001059   Thumb Code    64  lcd.o(.text.initLCD)
    init_ILI9325                             0x000010a1   Thumb Code   440  lcd_ili9325.o(.text.init_ILI9325)
    lcdConfiguration                         0x00001259   Thumb Code    38  open1768_lcd.o(.text.lcdConfiguration)
    lcdReadReg                               0x00001281   Thumb Code   232  open1768_lcd.o(.text.lcdReadReg)
    lcdWriteData                             0x00001369   Thumb Code    90  open1768_lcd.o(.text.lcdWriteData)
    lcdWriteIndex                            0x000013c5   Thumb Code   114  open1768_lcd.o(.text.lcdWriteIndex)
    lcdWriteReg                              0x00001439   Thumb Code   182  open1768_lcd.o(.text.lcdWriteReg)
    main                                     0x000014f1   Thumb Code   428  main.o(.text.main)
    __aeabi_d2f                              0x000016c5   Thumb Code     0  d2f.o(x$fpl$d2f)
    _d2f                                     0x000016c5   Thumb Code    98  d2f.o(x$fpl$d2f)
    __aeabi_ddiv                             0x00001729   Thumb Code     0  ddiv.o(x$fpl$ddiv)
    _ddiv                                    0x00001729   Thumb Code   556  ddiv.o(x$fpl$ddiv)
    __aeabi_i2d                              0x000019dd   Thumb Code     0  dflt_clz.o(x$fpl$dflt)
    _dflt                                    0x000019dd   Thumb Code    46  dflt_clz.o(x$fpl$dflt)
    __fpl_dnaninf                            0x00001a0b   Thumb Code   156  dnaninf.o(x$fpl$dnaninf)
    __fpl_dretinf                            0x00001aa7   Thumb Code    12  dretinf.o(x$fpl$dretinf)
    __aeabi_fadd                             0x00001ab5   Thumb Code     0  faddsub_clz.o(x$fpl$fadd)
    _fadd                                    0x00001ab5   Thumb Code   196  faddsub_clz.o(x$fpl$fadd)
    __aeabi_fcmpeq                           0x00001b79   Thumb Code     0  fcmp.o(x$fpl$fcmp)
    _feq                                     0x00001b79   Thumb Code    14  fcmp.o(x$fpl$fcmp)
    _fneq                                    0x00001b87   Thumb Code    14  fcmp.o(x$fpl$fcmp)
    __aeabi_fcmpgt                           0x00001b95   Thumb Code     0  fcmp.o(x$fpl$fcmp)
    _fgr                                     0x00001b95   Thumb Code    14  fcmp.o(x$fpl$fcmp)
    __aeabi_fcmpge                           0x00001ba3   Thumb Code     0  fcmp.o(x$fpl$fcmp)
    _fgeq                                    0x00001ba3   Thumb Code    14  fcmp.o(x$fpl$fcmp)
    __aeabi_fcmple                           0x00001bb1   Thumb Code     0  fcmp.o(x$fpl$fcmp)
    _fleq                                    0x00001bb1   Thumb Code    14  fcmp.o(x$fpl$fcmp)
    __aeabi_fcmplt                           0x00001bbf   Thumb Code     0  fcmp.o(x$fpl$fcmp)
    _fls                                     0x00001bbf   Thumb Code    14  fcmp.o(x$fpl$fcmp)
    __fpl_fcmp_Inf                           0x00001bcd   Thumb Code    24  fcmpi.o(x$fpl$fcmpinf)
    __aeabi_cfcmpeq                          0x00001be5   Thumb Code     0  feqf.o(x$fpl$feqf)
    _fcmpeq                                  0x00001be5   Thumb Code   104  feqf.o(x$fpl$feqf)
    __aeabi_f2iz                             0x00001c4d   Thumb Code     0  ffix.o(x$fpl$ffix)
    _ffix                                    0x00001c4d   Thumb Code    54  ffix.o(x$fpl$ffix)
    __aeabi_i2f                              0x00001c85   Thumb Code     0  fflt_clz.o(x$fpl$fflt)
    _fflt                                    0x00001c85   Thumb Code    48  fflt_clz.o(x$fpl$fflt)
    _fcmpge                                  0x00001cb5   Thumb Code   104  fgeqf.o(x$fpl$fgeqf)
    __aeabi_cfcmple                          0x00001d1d   Thumb Code     0  fleqf.o(x$fpl$fleqf)
    _fcmple                                  0x00001d1d   Thumb Code   104  fleqf.o(x$fpl$fleqf)
    __fpl_fcmple_InfNaN                      0x00001d6f   Thumb Code     0  fleqf.o(x$fpl$fleqf)
    __fpl_fnaninf                            0x00001d85   Thumb Code   140  fnaninf.o(x$fpl$fnaninf)
    __fpl_fretinf                            0x00001e11   Thumb Code    10  fretinf.o(x$fpl$fretinf)
    __aeabi_fsub                             0x00001e1d   Thumb Code     0  faddsub_clz.o(x$fpl$fsub)
    _fsub                                    0x00001e1d   Thumb Code   234  faddsub_clz.o(x$fpl$fsub)
    Region$$Table$$Base                      0x00002b30   Number         0  anon$$obj.o(Region$$Table)
    Region$$Table$$Limit                     0x00002b50   Number         0  anon$$obj.o(Region$$Table)
    buttonClicked                            0x1000003c   Data           1  main.o(.bss.buttonClicked)
    __libspace_start                         0x2007c000   Data          96  libspace.o(.bss)
    __temporary_stack_top$libspace           0x2007c060   Data           0  libspace.o(.bss)
    UART_buffer                              0x2007c13c   Data         256  uart.o(.bss.UART_buffer)
    sysTicks                                 0x2007c240   Data           4  main.o(.bss.sysTicks)



==============================================================================

Memory Map of the image

  Image Entry point : 0x000000cd

  Load Region LR_IROM1 (Base: 0x00000000, Size: 0x00002b50, Max: 0x00080000, ABSOLUTE)

    Execution Region ER_IROM1 (Exec base: 0x00000000, Load base: 0x00000000, Size: 0x00002b50, Max: 0x00080000, ABSOLUTE)

    Exec Addr    Load Addr    Size         Type   Attr      Idx    E Section Name        Object

    0x00000000   0x00000000   0x000000cc   Data   RO          321    RESET               startup_lpc17xx.o
    0x000000cc   0x000000cc   0x00000008   Code   RO          405  * !!!main             c_w.l(__main.o)
    0x000000d4   0x000000d4   0x00000034   Code   RO          636    !!!scatter          c_w.l(__scatter.o)
    0x00000108   0x00000108   0x0000001c   Code   RO          638    !!handler_zi        c_w.l(__scatter_zi.o)
    0x00000124   0x00000124   0x00000000   Code   RO          398    .ARM.Collect$$_printf_percent$$00000000  c_w.l(_printf_percent.o)
    0x00000124   0x00000124   0x00000006   Code   RO          397    .ARM.Collect$$_printf_percent$$00000009  c_w.l(_printf_d.o)
    0x0000012a   0x0000012a   0x00000006   Code   RO          396    .ARM.Collect$$_printf_percent$$0000000C  c_w.l(_printf_x.o)
    0x00000130   0x00000130   0x00000004   Code   RO          448    .ARM.Collect$$_printf_percent$$00000017  c_w.l(_printf_percent_end.o)
    0x00000134   0x00000134   0x00000002   Code   RO          498    .ARM.Collect$$libinit$$00000000  c_w.l(libinit.o)
    0x00000136   0x00000136   0x00000000   Code   RO          511    .ARM.Collect$$libinit$$00000002  c_w.l(libinit2.o)
    0x00000136   0x00000136   0x00000000   Code   RO          513    .ARM.Collect$$libinit$$00000004  c_w.l(libinit2.o)
    0x00000136   0x00000136   0x00000000   Code   RO          515    .ARM.Collect$$libinit$$00000006  c_w.l(libinit2.o)
    0x00000136   0x00000136   0x00000000   Code   RO          518    .ARM.Collect$$libinit$$0000000C  c_w.l(libinit2.o)
    0x00000136   0x00000136   0x00000000   Code   RO          520    .ARM.Collect$$libinit$$0000000E  c_w.l(libinit2.o)
    0x00000136   0x00000136   0x00000000   Code   RO          522    .ARM.Collect$$libinit$$00000010  c_w.l(libinit2.o)
    0x00000136   0x00000136   0x00000000   Code   RO          525    .ARM.Collect$$libinit$$00000013  c_w.l(libinit2.o)
    0x00000136   0x00000136   0x00000000   Code   RO          527    .ARM.Collect$$libinit$$00000015  c_w.l(libinit2.o)
    0x00000136   0x00000136   0x00000000   Code   RO          529    .ARM.Collect$$libinit$$00000017  c_w.l(libinit2.o)
    0x00000136   0x00000136   0x00000000   Code   RO          531    .ARM.Collect$$libinit$$00000019  c_w.l(libinit2.o)
    0x00000136   0x00000136   0x00000000   Code   RO          533    .ARM.Collect$$libinit$$0000001B  c_w.l(libinit2.o)
    0x00000136   0x00000136   0x00000000   Code   RO          535    .ARM.Collect$$libinit$$0000001D  c_w.l(libinit2.o)
    0x00000136   0x00000136   0x00000000   Code   RO          537    .ARM.Collect$$libinit$$0000001F  c_w.l(libinit2.o)
    0x00000136   0x00000136   0x00000000   Code   RO          539    .ARM.Collect$$libinit$$00000021  c_w.l(libinit2.o)
    0x00000136   0x00000136   0x00000000   Code   RO          541    .ARM.Collect$$libinit$$00000023  c_w.l(libinit2.o)
    0x00000136   0x00000136   0x00000000   Code   RO          543    .ARM.Collect$$libinit$$00000025  c_w.l(libinit2.o)
    0x00000136   0x00000136   0x00000000   Code   RO          545    .ARM.Collect$$libinit$$00000027  c_w.l(libinit2.o)
    0x00000136   0x00000136   0x00000000   Code   RO          549    .ARM.Collect$$libinit$$0000002E  c_w.l(libinit2.o)
    0x00000136   0x00000136   0x00000000   Code   RO          551    .ARM.Collect$$libinit$$00000030  c_w.l(libinit2.o)
    0x00000136   0x00000136   0x00000000   Code   RO          553    .ARM.Collect$$libinit$$00000032  c_w.l(libinit2.o)
    0x00000136   0x00000136   0x00000000   Code   RO          555    .ARM.Collect$$libinit$$00000034  c_w.l(libinit2.o)
    0x00000136   0x00000136   0x00000002   Code   RO          556    .ARM.Collect$$libinit$$00000035  c_w.l(libinit2.o)
    0x00000138   0x00000138   0x00000002   Code   RO          591    .ARM.Collect$$libshutdown$$00000000  c_w.l(libshutdown.o)
    0x0000013a   0x0000013a   0x00000000   Code   RO          619    .ARM.Collect$$libshutdown$$00000002  c_w.l(libshutdown2.o)
    0x0000013a   0x0000013a   0x00000000   Code   RO          621    .ARM.Collect$$libshutdown$$00000004  c_w.l(libshutdown2.o)
    0x0000013a   0x0000013a   0x00000000   Code   RO          624    .ARM.Collect$$libshutdown$$00000007  c_w.l(libshutdown2.o)
    0x0000013a   0x0000013a   0x00000000   Code   RO          627    .ARM.Collect$$libshutdown$$0000000A  c_w.l(libshutdown2.o)
    0x0000013a   0x0000013a   0x00000000   Code   RO          629    .ARM.Collect$$libshutdown$$0000000C  c_w.l(libshutdown2.o)
    0x0000013a   0x0000013a   0x00000000   Code   RO          632    .ARM.Collect$$libshutdown$$0000000F  c_w.l(libshutdown2.o)
    0x0000013a   0x0000013a   0x00000002   Code   RO          633    .ARM.Collect$$libshutdown$$00000010  c_w.l(libshutdown2.o)
    0x0000013c   0x0000013c   0x00000000   Code   RO          437    .ARM.Collect$$rtentry$$00000000  c_w.l(__rtentry.o)
    0x0000013c   0x0000013c   0x00000000   Code   RO          465    .ARM.Collect$$rtentry$$00000002  c_w.l(__rtentry2.o)
    0x0000013c   0x0000013c   0x00000006   Code   RO          477    .ARM.Collect$$rtentry$$00000004  c_w.l(__rtentry4.o)
    0x00000142   0x00000142   0x00000000   Code   RO          467    .ARM.Collect$$rtentry$$00000009  c_w.l(__rtentry2.o)
    0x00000142   0x00000142   0x00000004   Code   RO          468    .ARM.Collect$$rtentry$$0000000A  c_w.l(__rtentry2.o)
    0x00000146   0x00000146   0x00000000   Code   RO          470    .ARM.Collect$$rtentry$$0000000C  c_w.l(__rtentry2.o)
    0x00000146   0x00000146   0x00000008   Code   RO          471    .ARM.Collect$$rtentry$$0000000D  c_w.l(__rtentry2.o)
    0x0000014e   0x0000014e   0x00000002   Code   RO          502    .ARM.Collect$$rtexit$$00000000  c_w.l(rtexit.o)
    0x00000150   0x00000150   0x00000000   Code   RO          562    .ARM.Collect$$rtexit$$00000002  c_w.l(rtexit2.o)
    0x00000150   0x00000150   0x00000004   Code   RO          563    .ARM.Collect$$rtexit$$00000003  c_w.l(rtexit2.o)
    0x00000154   0x00000154   0x00000006   Code   RO          564    .ARM.Collect$$rtexit$$00000004  c_w.l(rtexit2.o)
    0x0000015a   0x0000015a   0x00000002   PAD
    0x0000015c   0x0000015c   0x0000003c   Code   RO          323    .text               startup_lpc17xx.o
    0x00000198   0x00000198   0x00000028   Code   RO          349    .text               c_w.l(noretval__2sprintf.o)
    0x000001c0   0x000001c0   0x00000068   Code   RO          351    .text               c_w.l(__printf.o)
    0x00000228   0x00000228   0x00000078   Code   RO          353    .text               c_w.l(_printf_dec.o)
    0x000002a0   0x000002a0   0x00000058   Code   RO          358    .text               c_w.l(_printf_hex_int.o)
    0x000002f8   0x000002f8   0x00000002   Code   RO          580    .text               c_w.l(use_no_semi.o)
    0x000002fa   0x000002fa   0x00000000   Code   RO          582    .text               c_w.l(indicate_semi.o)
    0x000002fa   0x000002fa   0x00000000   Code   RO          463    x$fpl$usenofp       fz_ws.l(usenofp.o)
    0x000002fa   0x000002fa   0x00000002   PAD
    0x000002fc   0x000002fc   0x00000004   Code   RO          322    .ARM.__at_0x02FC    startup_lpc17xx.o
    0x00000300   0x00000300   0x00000048   Code   RO          399    .text               c_w.l(strcpy.o)
    0x00000348   0x00000348   0x0000004e   Code   RO          401    .text               c_w.l(rt_memclr_w.o)
    0x00000396   0x00000396   0x00000006   Code   RO          403    .text               c_w.l(heapauxi.o)
    0x0000039c   0x0000039c   0x000000b2   Code   RO          442    .text               c_w.l(_printf_intcommon.o)
    0x0000044e   0x0000044e   0x00000002   PAD
    0x00000450   0x00000450   0x00000030   Code   RO          444    .text               c_w.l(_printf_char_common.o)
    0x00000480   0x00000480   0x0000000a   Code   RO          446    .text               c_w.l(_sputc.o)
    0x0000048a   0x0000048a   0x0000004a   Code   RO          485    .text               c_w.l(sys_stackheap_outer.o)
    0x000004d4   0x000004d4   0x00000012   Code   RO          487    .text               c_w.l(exit.o)
    0x000004e6   0x000004e6   0x00000002   PAD
    0x000004e8   0x000004e8   0x00000008   Code   RO          499    .text               c_w.l(libspace.o)
    0x000004f0   0x000004f0   0x0000000c   Code   RO          557    .text               c_w.l(sys_exit.o)
    0x000004fc   0x000004fc   0x0000001c   Code   RO          146    .text.Console_Task  console.o
    0x00000518   0x00000518   0x0000010a   Code   RO          273    .text.DMA_IRQHandler  gpdma_lpc17xx.o
    0x00000622   0x00000622   0x00000002   PAD
    0x00000624   0x00000624   0x00000074   Code   RO           89    .text.EINT0_IRQHandler  main.o
    0x00000698   0x00000698   0x0000004c   Code   RO           93    .text.EINT3_IRQHandler  main.o
    0x000006e4   0x000006e4   0x00000032   Code   RO            2    .text.GetASCIICode  asciilib.o
    0x00000716   0x00000716   0x00000002   PAD
    0x00000718   0x00000718   0x00000074   Code   RO          306    .text.PIN_Configure  pin_lpc17xx.o
    0x0000078c   0x0000078c   0x00000040   Code   RO           85    .text.RTC_IRQHandler  main.o
    0x000007cc   0x000007cc   0x000000e2   Code   RO          162    .text.SSP0_IRQHandler  ssp_lpc17xx.o
    0x000008ae   0x000008ae   0x00000002   PAD
    0x000008b0   0x000008b0   0x00000010   Code   RO           77    .text.SysTick_Handler  main.o
    0x000008c0   0x000008c0   0x000000cc   Code   RO          334    .text.SystemInit    system_lpc17xx.o
    0x0000098c   0x0000098c   0x0000001c   Code   RO           81    .text.TIMER0_IRQHandler  main.o
    0x000009a8   0x000009a8   0x0000021a   Code   RO          204    .text.UART0_IRQHandler  uart_lpc17xx.o
    0x00000bc2   0x00000bc2   0x00000002   PAD
    0x00000bc4   0x00000bc4   0x0000003c   Code   RO           59    .text.UART_GetMessage  uart.o
    0x00000c00   0x00000c00   0x00000072   Code   RO           53    .text.UART_Init     uart.o
    0x00000c72   0x00000c72   0x00000002   PAD
    0x00000c74   0x00000c74   0x0000000c   Code   RO           57    .text.UART_IsMsgReady  uart.o
    0x00000c80   0x00000c80   0x000000b6   Code   RO           55    .text.UART_ReadTask  uart.o
    0x00000d36   0x00000d36   0x00000002   PAD
    0x00000d38   0x00000d38   0x00000022   Code   RO           47    .text.UART_Send     uart.o
    0x00000d5a   0x00000d5a   0x00000002   PAD
    0x00000d5c   0x00000d5c   0x00000048   Code   RO           49    .text.UART_SendNum  uart.o
    0x00000da4   0x00000da4   0x00000058   Code   RO           14    .text.displayTextire  lcd.o
    0x00000dfc   0x00000dfc   0x000000de   Code   RO           22    .text.drawLine      lcd.o
    0x00000eda   0x00000eda   0x00000002   PAD
    0x00000edc   0x00000edc   0x0000007c   Code   RO           20    .text.drawRectangle  lcd.o
    0x00000f58   0x00000f58   0x0000007e   Code   RO           24    .text.drawText      lcd.o
    0x00000fd6   0x00000fd6   0x00000002   PAD
    0x00000fd8   0x00000fd8   0x0000007e   Code   RO           26    .text.drawTextNoBg  lcd.o
    0x00001056   0x00001056   0x00000002   PAD
    0x00001058   0x00001058   0x00000048   Code   RO           12    .text.initLCD       lcd.o
    0x000010a0   0x000010a0   0x000001b8   Code   RO           38    .text.init_ILI9325  lcd_ili9325.o
    0x00001258   0x00001258   0x00000026   Code   RO          118    .text.lcdConfiguration  open1768_lcd.o
    0x0000127e   0x0000127e   0x00000002   PAD
    0x00001280   0x00001280   0x000000e8   Code   RO          134    .text.lcdReadReg    open1768_lcd.o
    0x00001368   0x00001368   0x0000005a   Code   RO          128    .text.lcdWriteData  open1768_lcd.o
    0x000013c2   0x000013c2   0x00000002   PAD
    0x000013c4   0x000013c4   0x00000072   Code   RO          126    .text.lcdWriteIndex  open1768_lcd.o
    0x00001436   0x00001436   0x00000002   PAD
    0x00001438   0x00001438   0x000000b6   Code   RO          132    .text.lcdWriteReg   open1768_lcd.o
    0x000014ee   0x000014ee   0x00000002   PAD
    0x000014f0   0x000014f0   0x000001d4   Code   RO           97    .text.main          main.o
    0x000016c4   0x000016c4   0x00000062   Code   RO          407    x$fpl$d2f           fz_ws.l(d2f.o)
    0x00001726   0x00001726   0x00000002   PAD
    0x00001728   0x00001728   0x000002b4   Code   RO          410    x$fpl$ddiv          fz_ws.l(ddiv.o)
    0x000019dc   0x000019dc   0x0000002e   Code   RO          414    x$fpl$dflt          fz_ws.l(dflt_clz.o)
    0x00001a0a   0x00001a0a   0x0000009c   Code   RO          449    x$fpl$dnaninf       fz_ws.l(dnaninf.o)
    0x00001aa6   0x00001aa6   0x0000000c   Code   RO          451    x$fpl$dretinf       fz_ws.l(dretinf.o)
    0x00001ab2   0x00001ab2   0x00000002   PAD
    0x00001ab4   0x00001ab4   0x000000c4   Code   RO          419    x$fpl$fadd          fz_ws.l(faddsub_clz.o)
    0x00001b78   0x00001b78   0x00000054   Code   RO          425    x$fpl$fcmp          fz_ws.l(fcmp.o)
    0x00001bcc   0x00001bcc   0x00000018   Code   RO          483    x$fpl$fcmpinf       fz_ws.l(fcmpi.o)
    0x00001be4   0x00001be4   0x00000068   Code   RO          453    x$fpl$feqf          fz_ws.l(feqf.o)
    0x00001c4c   0x00001c4c   0x00000036   Code   RO          427    x$fpl$ffix          fz_ws.l(ffix.o)
    0x00001c82   0x00001c82   0x00000002   PAD
    0x00001c84   0x00001c84   0x00000030   Code   RO          432    x$fpl$fflt          fz_ws.l(fflt_clz.o)
    0x00001cb4   0x00001cb4   0x00000068   Code   RO          455    x$fpl$fgeqf         fz_ws.l(fgeqf.o)
    0x00001d1c   0x00001d1c   0x00000068   Code   RO          457    x$fpl$fleqf         fz_ws.l(fleqf.o)
    0x00001d84   0x00001d84   0x0000008c   Code   RO          459    x$fpl$fnaninf       fz_ws.l(fnaninf.o)
    0x00001e10   0x00001e10   0x0000000a   Code   RO          461    x$fpl$fretinf       fz_ws.l(fretinf.o)
    0x00001e1a   0x00001e1a   0x00000002   PAD
    0x00001e1c   0x00001e1c   0x000000ea   Code   RO          421    x$fpl$fsub          fz_ws.l(faddsub_clz.o)
    0x00001f06   0x00001f06   0x00000028   Data   RO          359    .constdata          c_w.l(_printf_hex_int.o)
    0x00001f2e   0x00001f2e   0x00000be0   Data   RO            4    .rodata.AsciiLib    asciilib.o
    0x00002b0e   0x00002b0e   0x00000020   Data   RO           65    .rodata.str1.1      uart.o
    0x00002b2e   0x00002b2e   0x00000002   PAD
    0x00002b30   0x00002b30   0x00000020   Data   RO          635    Region$$Table       anon$$obj.o


    Execution Region RW_IRAM1 (Exec base: 0x10000000, Load base: 0x00002b50, Size: 0x00000240, Max: 0x00008000, ABSOLUTE)

    Exec Addr    Load Addr    Size         Type   Attr      Idx    E Section Name        Object

    0x10000000        -       0x00000004   Zero   RW          187    .bss.SSP0_Info.0    ssp_lpc17xx.o
    0x10000004        -       0x00000001   Zero   RW          188    .bss.SSP0_Info.1    ssp_lpc17xx.o
    0x10000005   0x00002b50   0x00000003   PAD
    0x10000008        -       0x00000034   Zero   RW          246    .bss.USART0_Info    uart_lpc17xx.o
    0x1000003c        -       0x00000001   Zero   RW          103    .bss.buttonClicked  main.o
    0x1000003d        -       0x00000001   Zero   RW           66    .bss.msgReceived    uart.o
    0x1000003e   0x00002b50   0x00000002   PAD
    0x10000040        -       0x00000000   Zero   RW          320    HEAP                startup_lpc17xx.o
    0x10000040        -       0x00000200   Zero   RW          319    STACK               startup_lpc17xx.o


    Execution Region RW_IRAM2 (Exec base: 0x2007c000, Load base: 0x00002b50, Size: 0x00000244, Max: 0x00008000, ABSOLUTE)

    Exec Addr    Load Addr    Size         Type   Attr      Idx    E Section Name        Object

    0x2007c000        -       0x00000060   Zero   RW          500    .bss                c_w.l(libspace.o)
    0x2007c060        -       0x00000004   Zero   RW          277    .bss.Channel_active  gpdma_lpc17xx.o
    0x2007c064        -       0x000000a0   Zero   RW          276    .bss.Channel_info   gpdma_lpc17xx.o
    0x2007c104        -       0x00000004   Zero   RW          104    .bss.EINT0_IRQHandler.lastInt  main.o
    0x2007c108        -       0x00000004   Zero   RW          105    .bss.EINT3_IRQHandler.lastInt  main.o
    0x2007c10c        -       0x00000004   Zero   RW          106    .bss.OnClikcTask.clickCoutn  main.o
    0x2007c110        -       0x00000001   Zero   RW          108    .bss.OnClikcTask.flag  main.o
    0x2007c111   0x00002b50   0x00000003   PAD
    0x2007c114        -       0x00000004   Zero   RW          107    .bss.OnClikcTask.timeStart  main.o
    0x2007c118        -       0x00000001   Zero   RW          102    .bss.RTC_IRQHandler.flag  main.o
    0x2007c119   0x00002b50   0x00000003   PAD
    0x2007c11c        -       0x00000001   Zero   RW          189    .bss.SSP0_Info.2    ssp_lpc17xx.o
    0x2007c11d   0x00002b50   0x00000003   PAD
    0x2007c120        -       0x0000001c   Zero   RW          192    .bss.SSP0_Xfer      ssp_lpc17xx.o
    0x2007c13c        -       0x00000100   Zero   RW           68    .bss.UART_buffer    uart.o
    0x2007c23c        -       0x00000004   Zero   RW           67    .bss.currBuffSize   uart.o
    0x2007c240        -       0x00000004   Zero   RW          101    .bss.sysTicks       main.o


==============================================================================

Image component sizes


      Code (inc. data)   RO Data    RW Data    ZI Data      Debug   Object Name

        50          0       3040          0          0        722   asciilib.o
        28          0          0          0          0        573   console.o
       266          0          0          0        164       7466   gpdma_lpc17xx.o
       758         20          0          0          0       4764   lcd.o
       440          0          0          0          0        796   lcd_ili9325.o
       768        132          0          0         23       9497   main.o
       656          0          0          0          0       5947   open1768_lcd.o
       116          0          0          0          0       2525   pin_lpc17xx.o
       226          0          0          0         34      13265   ssp_lpc17xx.o
        64         26        204          0        512       1040   startup_lpc17xx.o
       204          0          0          0          0       2135   system_lpc17xx.o
       474          4         32          0        261       9621   uart.o
       538          0          0          0         52      18661   uart_lpc17xx.o

    ----------------------------------------------------------------------
      4616        182       3310          0       1060      77012   Object Totals
         0          0         32          0          0          0   (incl. Generated)
        28          0          2          0         14          0   (incl. Padding)

    ----------------------------------------------------------------------

      Code (inc. data)   RO Data    RW Data    ZI Data      Debug   Library Member Name

         8          0          0          0          0         68   __main.o
       104          0          0          0          0         84   __printf.o
         0          0          0          0          0          0   __rtentry.o
        12          0          0          0          0          0   __rtentry2.o
         6          0          0          0          0          0   __rtentry4.o
        52          8          0          0          0          0   __scatter.o
        28          0          0          0          0          0   __scatter_zi.o
        48          6          0          0          0         96   _printf_char_common.o
         6          0          0          0          0          0   _printf_d.o
       120         16          0          0          0         92   _printf_dec.o
        88          4         40          0          0         88   _printf_hex_int.o
       178          0          0          0          0         88   _printf_intcommon.o
         0          0          0          0          0          0   _printf_percent.o
         4          0          0          0          0          0   _printf_percent_end.o
         6          0          0          0          0          0   _printf_x.o
        10          0          0          0          0         68   _sputc.o
        18          0          0          0          0         80   exit.o
         6          0          0          0          0        152   heapauxi.o
         0          0          0          0          0          0   indicate_semi.o
         2          0          0          0          0          0   libinit.o
         2          0          0          0          0          0   libinit2.o
         2          0          0          0          0          0   libshutdown.o
         2          0          0          0          0          0   libshutdown2.o
         8          4          0          0         96         68   libspace.o
        40          6          0          0          0         84   noretval__2sprintf.o
        78          0          0          0          0         80   rt_memclr_w.o
         2          0          0          0          0          0   rtexit.o
        10          0          0          0          0          0   rtexit2.o
        72          0          0          0          0         80   strcpy.o
        12          4          0          0          0         68   sys_exit.o
        74          0          0          0          0         80   sys_stackheap_outer.o
         2          0          0          0          0         68   use_no_semi.o
        98          4          0          0          0         92   d2f.o
       692        140          0          0          0        216   ddiv.o
        46          0          0          0          0         68   dflt_clz.o
       156          4          0          0          0         92   dnaninf.o
        12          0          0          0          0         68   dretinf.o
       430          8          0          0          0        168   faddsub_clz.o
        84          0          0          0          0        196   fcmp.o
        24          0          0          0          0         68   fcmpi.o
       104          4          0          0          0         84   feqf.o
        54          4          0          0          0         84   ffix.o
        48          0          0          0          0         68   fflt_clz.o
       104          4          0          0          0         84   fgeqf.o
       104          4          0          0          0         84   fleqf.o
       140          4          0          0          0         84   fnaninf.o
        10          0          0          0          0         68   fretinf.o
         0          0          0          0          0          0   usenofp.o

    ----------------------------------------------------------------------
      3122        224         40          0         96       2868   Library Totals
        16          0          0          0          0          0   (incl. Padding)

    ----------------------------------------------------------------------

      Code (inc. data)   RO Data    RW Data    ZI Data      Debug   Library Name

      1000         48         40          0         96       1344   c_w.l
      2106        176          0          0          0       1524   fz_ws.l

    ----------------------------------------------------------------------
      3122        224         40          0         96       2868   Library Totals

    ----------------------------------------------------------------------

==============================================================================


      Code (inc. data)   RO Data    RW Data    ZI Data      Debug   

      7738        406       3350          0       1156      78184   Grand Totals
      7738        406       3350          0       1156      78184   ELF Image Totals
      7738        406       3350          0          0          0   ROM Totals

==============================================================================

    Total RO  Size (Code + RO Data)                11088 (  10.83kB)
    Total RW  Size (RW Data + ZI Data)              1156 (   1.13kB)
    Total ROM Size (Code + RO Data + RW Data)      11088 (  10.83kB)

==============================================================================

