Component: Arm Compiler for Embedded 6.19 Tool: armlink [5e73cb00]

==============================================================================

Section Cross References

    lcd.o(.text) refers (Special) to _printf_percent.o(.ARM.Collect$$_printf_percent$$00000000) for _printf_percent
    lcd.o(.text) refers (Special) to _printf_x.o(.ARM.Collect$$_printf_percent$$0000000C) for _printf_x
    lcd.o(.text) refers (Special) to _printf_hex_int.o(.text) for _printf_longlong_hex
    lcd.o(.text.OnSignal) refers (Special) to _printf_percent.o(.ARM.Collect$$_printf_percent$$00000000) for _printf_percent
    lcd.o(.text.OnSignal) refers (Special) to _printf_x.o(.ARM.Collect$$_printf_percent$$0000000C) for _printf_x
    lcd.o(.text.OnSignal) refers (Special) to _printf_hex_int.o(.text) for _printf_longlong_hex
    lcd.o(.ARM.exidx.text.OnSignal) refers (Special) to _printf_percent.o(.ARM.Collect$$_printf_percent$$00000000) for _printf_percent
    lcd.o(.ARM.exidx.text.OnSignal) refers (Special) to _printf_x.o(.ARM.Collect$$_printf_percent$$0000000C) for _printf_x
    lcd.o(.ARM.exidx.text.OnSignal) refers (Special) to _printf_hex_int.o(.text) for _printf_longlong_hex
    lcd.o(.ARM.exidx.text.OnSignal) refers to lcd.o(.text.OnSignal) for [Anonymous Symbol]
    lcd.o(.text.initLCD) refers (Special) to _printf_percent.o(.ARM.Collect$$_printf_percent$$00000000) for _printf_percent
    lcd.o(.text.initLCD) refers (Special) to _printf_x.o(.ARM.Collect$$_printf_percent$$0000000C) for _printf_x
    lcd.o(.text.initLCD) refers (Special) to _printf_hex_int.o(.text) for _printf_longlong_hex
    lcd.o(.text.initLCD) refers to open1768_lcd.o(.text.lcdConfiguration) for lcdConfiguration
    lcd.o(.text.initLCD) refers to open1768_lcd.o(.text.lcdReadReg) for lcdReadReg
    lcd.o(.text.initLCD) refers to noretval__2sprintf.o(.text) for __2sprintf
    lcd.o(.text.initLCD) refers to uart.o(.text.UART_Send) for UART_Send
    lcd.o(.text.initLCD) refers to lcd_ili9325.o(.text.init_ILI9325) for init_ILI9325
    lcd.o(.text.initLCD) refers to lcd.o(.text.drawLine) for drawLine
    lcd.o(.text.initLCD) refers to lcd.o(.rodata.str1.1) for .L.str.3
    lcd.o(.text.initLCD) refers to lcd.o(.text.drawText) for drawText
    lcd.o(.ARM.exidx.text.initLCD) refers (Special) to _printf_percent.o(.ARM.Collect$$_printf_percent$$00000000) for _printf_percent
    lcd.o(.ARM.exidx.text.initLCD) refers (Special) to _printf_x.o(.ARM.Collect$$_printf_percent$$0000000C) for _printf_x
    lcd.o(.ARM.exidx.text.initLCD) refers (Special) to _printf_hex_int.o(.text) for _printf_longlong_hex
    lcd.o(.ARM.exidx.text.initLCD) refers to lcd.o(.text.initLCD) for [Anonymous Symbol]
    lcd.o(.text.drawBackGround) refers (Special) to _printf_percent.o(.ARM.Collect$$_printf_percent$$00000000) for _printf_percent
    lcd.o(.text.drawBackGround) refers (Special) to _printf_x.o(.ARM.Collect$$_printf_percent$$0000000C) for _printf_x
    lcd.o(.text.drawBackGround) refers (Special) to _printf_hex_int.o(.text) for _printf_longlong_hex
    lcd.o(.text.drawBackGround) refers to open1768_lcd.o(.text.lcdWriteReg) for lcdWriteReg
    lcd.o(.text.drawBackGround) refers to open1768_lcd.o(.text.lcdWriteIndex) for lcdWriteIndex
    lcd.o(.text.drawBackGround) refers to open1768_lcd.o(.text.lcdWriteData) for lcdWriteData
    lcd.o(.ARM.exidx.text.drawBackGround) refers (Special) to _printf_percent.o(.ARM.Collect$$_printf_percent$$00000000) for _printf_percent
    lcd.o(.ARM.exidx.text.drawBackGround) refers (Special) to _printf_x.o(.ARM.Collect$$_printf_percent$$0000000C) for _printf_x
    lcd.o(.ARM.exidx.text.drawBackGround) refers (Special) to _printf_hex_int.o(.text) for _printf_longlong_hex
    lcd.o(.ARM.exidx.text.drawBackGround) refers to lcd.o(.text.drawBackGround) for [Anonymous Symbol]
    lcd.o(.text.RGBto565) refers (Special) to _printf_percent.o(.ARM.Collect$$_printf_percent$$00000000) for _printf_percent
    lcd.o(.text.RGBto565) refers (Special) to _printf_x.o(.ARM.Collect$$_printf_percent$$0000000C) for _printf_x
    lcd.o(.text.RGBto565) refers (Special) to _printf_hex_int.o(.text) for _printf_longlong_hex
    lcd.o(.ARM.exidx.text.RGBto565) refers (Special) to _printf_percent.o(.ARM.Collect$$_printf_percent$$00000000) for _printf_percent
    lcd.o(.ARM.exidx.text.RGBto565) refers (Special) to _printf_x.o(.ARM.Collect$$_printf_percent$$0000000C) for _printf_x
    lcd.o(.ARM.exidx.text.RGBto565) refers (Special) to _printf_hex_int.o(.text) for _printf_longlong_hex
    lcd.o(.ARM.exidx.text.RGBto565) refers to lcd.o(.text.RGBto565) for [Anonymous Symbol]
    lcd.o(.text.drawPixel) refers (Special) to _printf_percent.o(.ARM.Collect$$_printf_percent$$00000000) for _printf_percent
    lcd.o(.text.drawPixel) refers (Special) to _printf_x.o(.ARM.Collect$$_printf_percent$$0000000C) for _printf_x
    lcd.o(.text.drawPixel) refers (Special) to _printf_hex_int.o(.text) for _printf_longlong_hex
[...]
    defsig_rtmem_inner.o(.text) refers to defsig_general.o(.text) for __default_signal_display
    _get_argv_nomalloc.o(.text) refers (Special) to hrguard.o(.text) for __heap_region$guard
    _get_argv_nomalloc.o(.text) refers to defsig_rtmem_outer.o(.text) for __rt_SIGRTMEM
    _get_argv_nomalloc.o(.text) refers to sys_command.o(.text) for _sys_command_string
    libinit.o(.ARM.Collect$$libinit$$00000000) refers (Special) to libinit2.o(.ARM.Collect$$libinit$$00000030) for __rt_lib_init_alloca_1
    libinit.o(.ARM.Collect$$libinit$$00000000) refers (Special) to libinit2.o(.ARM.Collect$$libinit$$0000002E) for __rt_lib_init_argv_1
    libinit.o(.ARM.Collect$$libinit$$00000000) refers (Special) to libinit2.o(.ARM.Collect$$libinit$$0000001D) for __rt_lib_init_atexit_1
    libinit.o(.ARM.Collect$$libinit$$00000000) refers (Special) to libinit2.o(.ARM.Collect$$libinit$$00000023) for __rt_lib_init_clock_1
    libinit.o(.ARM.Collect$$libinit$$00000000) refers (Special) to libinit2.o(.ARM.Collect$$libinit$$00000034) for __rt_lib_init_cpp_1
    libinit.o(.ARM.Collect$$libinit$$00000000) refers (Special) to libinit2.o(.ARM.Collect$$libinit$$00000032) for __rt_lib_init_exceptions_1
    libinit.o(.ARM.Collect$$libinit$$00000000) refers (Special) to libinit2.o(.ARM.Collect$$libinit$$00000002) for __rt_lib_init_fp_1
    libinit.o(.ARM.Collect$$libinit$$00000000) refers (Special) to libinit2.o(.ARM.Collect$$libinit$$00000021) for __rt_lib_init_fp_trap_1
    libinit.o(.ARM.Collect$$libinit$$00000000) refers (Special) to libinit2.o(.ARM.Collect$$libinit$$00000025) for __rt_lib_init_getenv_1
    libinit.o(.ARM.Collect$$libinit$$00000000) refers (Special) to libinit2.o(.ARM.Collect$$libinit$$0000000C) for __rt_lib_init_heap_1
    libinit.o(.ARM.Collect$$libinit$$00000000) refers (Special) to libinit2.o(.ARM.Collect$$libinit$$00000013) for __rt_lib_init_lc_collate_1
    libinit.o(.ARM.Collect$$libinit$$00000000) refers (Special) to libinit2.o(.ARM.Collect$$libinit$$00000015) for __rt_lib_init_lc_ctype_1
    libinit.o(.ARM.Collect$$libinit$$00000000) refers (Special) to libinit2.o(.ARM.Collect$$libinit$$00000017) for __rt_lib_init_lc_monetary_1
    libinit.o(.ARM.Collect$$libinit$$00000000) refers (Special) to libinit2.o(.ARM.Collect$$libinit$$00000019) for __rt_lib_init_lc_numeric_1
    libinit.o(.ARM.Collect$$libinit$$00000000) refers (Special) to libinit2.o(.ARM.Collect$$libinit$$0000001B) for __rt_lib_init_lc_time_1
    libinit.o(.ARM.Collect$$libinit$$00000000) refers (Special) to libinit2.o(.ARM.Collect$$libinit$$00000006) for __rt_lib_init_preinit_1
    libinit.o(.ARM.Collect$$libinit$$00000000) refers (Special) to libinit2.o(.ARM.Collect$$libinit$$00000010) for __rt_lib_init_rand_1
    libinit.o(.ARM.Collect$$libinit$$00000000) refers (Special) to libinit2.o(.ARM.Collect$$libinit$$00000004) for __rt_lib_init_relocate_pie_1
    libinit.o(.ARM.Collect$$libinit$$00000000) refers (Special) to libinit2.o(.ARM.Collect$$libinit$$00000035) for __rt_lib_init_return
    libinit.o(.ARM.Collect$$libinit$$00000000) refers (Special) to libinit2.o(.ARM.Collect$$libinit$$0000001F) for __rt_lib_init_signal_1
    libinit.o(.ARM.Collect$$libinit$$00000000) refers (Special) to libinit2.o(.ARM.Collect$$libinit$$00000027) for __rt_lib_init_stdio_1
    libinit.o(.ARM.Collect$$libinit$$00000000) refers (Special) to libinit2.o(.ARM.Collect$$libinit$$0000000E) for __rt_lib_init_user_alloc_1
    sys_exit.o(.text) refers (Special) to use_no_semi.o(.text) for __I$use$semihosting
    sys_exit.o(.text) refers (Special) to indicate_semi.o(.text) for __semihosting_library_function
    sys_exit_hlt.o(.text) refers (Special) to use_no_semi.o(.text) for __I$use$semihosting
    sys_exit_hlt.o(.text) refers (Special) to indicate_semi.o(.text) for __semihosting_library_function
    rtexit.o(.ARM.Collect$$rtexit$$00000000) refers (Special) to rtexit2.o(.ARM.Collect$$rtexit$$00000004) for __rt_exit_exit
    rtexit.o(.ARM.Collect$$rtexit$$00000000) refers (Special) to rtexit2.o(.ARM.Collect$$rtexit$$00000003) for __rt_exit_ls
    rtexit.o(.ARM.Collect$$rtexit$$00000000) refers (Special) to rtexit2.o(.ARM.Collect$$rtexit$$00000002) for __rt_exit_prels_1
    rtexit.o(.ARM.exidx) refers (Special) to rtexit2.o(.ARM.Collect$$rtexit$$00000004) for __rt_exit_exit
    rtexit.o(.ARM.exidx) refers (Special) to rtexit2.o(.ARM.Collect$$rtexit$$00000003) for __rt_exit_ls
    rtexit.o(.ARM.exidx) refers (Special) to rtexit2.o(.ARM.Collect$$rtexit$$00000002) for __rt_exit_prels_1
    rtexit.o(.ARM.exidx) refers to rtexit.o(.ARM.Collect$$rtexit$$00000000) for .ARM.Collect$$rtexit$$00000000
    __raise.o(.text) refers to defsig.o(CL$$defsig) for __default_signal_handler
    defsig_general.o(.text) refers to sys_wrch.o(.text) for _ttywrch
    defsig_fpe_inner.o(.text) refers to defsig_general.o(.text) for __default_signal_display
    libshutdown2.o(.ARM.Collect$$libshutdown$$0000000D) refers (Weak) to term_alloc.o(.text) for _terminate_alloc
    sys_wrch.o(.text) refers (Special) to use_no_semi.o(.text) for __I$use$semihosting
    sys_wrch.o(.text) refers (Special) to indicate_semi.o(.text) for __semihosting_library_function
    sys_wrch_hlt.o(.text) refers (Special) to use_no_semi.o(.text) for __I$use$semihosting
    sys_wrch_hlt.o(.text) refers (Special) to indicate_semi.o(.text) for __semihosting_library_function
    rtexit2.o(.ARM.Collect$$rtexit$$00000003) refers to libshutdown.o(.ARM.Collect$$libshutdown$$00000000) for __rt_lib_shutdown
    rtexit2.o(.ARM.Collect$$rtexit$$00000004) refers to sys_exit.o(.text) for _sys_exit
    rtexit2.o(.ARM.exidx) refers to rtexit2.o(.ARM.Collect$$rtexit$$00000001) for .ARM.Collect$$rtexit$$00000001
    rtexit2.o(.ARM.exidx) refers to rtexit2.o(.ARM.Collect$$rtexit$$00000003) for .ARM.Collect$$rtexit$$00000003
    rtexit2.o(.ARM.exidx) refers to rtexit2.o(.ARM.Collect$$rtexit$$00000004) for .ARM.Collect$$rtexit$$00000004
    defsig.o(CL$$defsig) refers to defsig_fpe_inner.o(.text) for __rt_SIGFPE_inner
    defsig.o(CL$$defsig) refers to defsig_rtmem_inner.o(.text) for __rt_SIGRTMEM_inner
    defsig_abrt_inner.o(.text) refers to defsig_general.o(.text) for __default_signal_display
    defsig_rtred_inner.o(.text) refers to defsig_general.o(.text) for __default_signal_display
    defsig_stak_inner.o(.text) refers to defsig_general.o(.text) for __default_signal_display
    defsig_pvfn_inner.o(.text) refers to defsig_general.o(.text) for __default_signal_display
    defsig_cppl_inner.o(.text) refers to defsig_general.o(.text) for __default_signal_display
    defsig_segv_inner.o(.text) refers to defsig_general.o(.text) for __default_signal_display
    defsig_other.o(.text) refers to defsig_general.o(.text) for __default_signal_display
    libshutdown.o(.ARM.Collect$$libshutdown$$00000000) refers (Special) to libshutdown2.o(.ARM.Collect$$libshutdown$$00000002) for __rt_lib_shutdown_cpp_1
    libshutdown.o(.ARM.Collect$$libshutdown$$00000000) refers (Special) to libshutdown2.o(.ARM.Collect$$libshutdown$$00000007) for __rt_lib_shutdown_fp_trap_1
    libshutdown.o(.ARM.Collect$$libshutdown$$00000000) refers (Special) to libshutdown2.o(.ARM.Collect$$libshutdown$$0000000F) for __rt_lib_shutdown_heap_1
    libshutdown.o(.ARM.Collect$$libshutdown$$00000000) refers (Special) to libshutdown2.o(.ARM.Collect$$libshutdown$$00000010) for __rt_lib_shutdown_return
    libshutdown.o(.ARM.Collect$$libshutdown$$00000000) refers (Special) to libshutdown2.o(.ARM.Collect$$libshutdown$$0000000A) for __rt_lib_shutdown_signal_1
    libshutdown.o(.ARM.Collect$$libshutdown$$00000000) refers (Special) to libshutdown2.o(.ARM.Collect$$libshutdown$$00000004) for __rt_lib_shutdown_stdio_1
    libshutdown.o(.ARM.Collect$$libshutdown$$00000000) refers (Special) to libshutdown2.o(.ARM.Collect$$libshutdown$$0000000C) for __rt_lib_shutdown_user_alloc_1


==============================================================================

Removing Unused input sections from the image.

    Removing lcd.o(.text), (0 bytes).
    Removing lcd.o(.text.OnSignal), (8 bytes).
    Removing lcd.o(.ARM.exidx.text.OnSignal), (8 bytes).
    Removing lcd.o(.ARM.exidx.text.initLCD), (8 bytes).
    Removing lcd.o(.text.drawBackGround), (44 bytes).
    Removing lcd.o(.ARM.exidx.text.drawBackGround), (8 bytes).
    Removing lcd.o(.text.RGBto565), (22 bytes).
    Removing lcd.o(.ARM.exidx.text.RGBto565), (8 bytes).
    Removing lcd.o(.text.drawPixel), (38 bytes).
    Removing lcd.o(.ARM.exidx.text.drawPixel), (8 bytes).
    Removing lcd.o(.text.drawRectangle), (124 bytes).
    Removing lcd.o(.ARM.exidx.text.drawRectangle), (8 bytes).
    Removing lcd.o(.text.drawLineLegacy), (248 bytes).
    Removing lcd.o(.ARM.exidx.text.drawLineLegacy), (8 bytes).
    Removing lcd.o(.ARM.exidx.text.drawLine), (8 bytes).
    Removing lcd.o(.text.drawLineStrip), (44 bytes).
    Removing lcd.o(.ARM.exidx.text.drawLineStrip), (8 bytes).
    Removing lcd.o(.ARM.exidx.text.drawText), (8 bytes).
    Removing lcd.o(.text.displayTexture), (88 bytes).
    Removing lcd.o(.ARM.exidx.text.displayTexture), (8 bytes).
    Removing main.o(.text), (0 bytes).
    Removing main.o(.text.RTC_Init), (30 bytes).
    Removing main.o(.ARM.exidx.text.RTC_Init), (8 bytes).
    Removing main.o(.text.GPIO_Init), (56 bytes).
    Removing main.o(.ARM.exidx.text.GPIO_Init), (8 bytes).
    Removing main.o(.ARM.exidx.text.TIMER0_IRQHandler), (8 bytes).
    Removing main.o(.ARM.exidx.text.RTC_IRQHandler), (8 bytes).
    Removing main.o(.ARM.exidx.text.EINT3_IRQHandler), (8 bytes).
    Removing main.o(.ARM.exidx.text.main), (8 bytes).
    Removing main.o(.ARM.use_no_argv), (4 bytes).
    Removing buttons.o(.text), (0 bytes).
    Removing buttons.o(.text.KEY2_Init), (84 bytes).
    Removing buttons.o(.ARM.exidx.text.KEY2_Init), (8 bytes).
    Removing buttons.o(.ARM.exidx.text.EINT0_IRQHandler), (8 bytes).
    Removing buttons.o(.text.OnClikcTask), (132 bytes).
    Removing buttons.o(.ARM.exidx.text.OnClikcTask), (8 bytes).
    Removing buttons.o(.bss.OnClikcTask.clickCoutn), (4 bytes).
    Removing buttons.o(.bss.OnClikcTask.timeStart), (4 bytes).
    Removing buttons.o(.bss.OnClikcTask.flag), (1 bytes).
    Removing adc.o(.text), (0 bytes).
    Removing adc.o(.ARM.exidx.text.initADC), (8 bytes).
    Removing adc.o(.ARM.exidx.text.ADC_StartConvertion), (8 bytes).
    Removing adc.o(.ARM.exidx.text.ADC_IRQHandler), (8 bytes).
    Removing timer.o(.text), (0 bytes).
    Removing timer.o(.ARM.exidx.text.Timer_Init), (8 bytes).
    Removing timer.o(.ARM.exidx.text.SysTick_Handler), (8 bytes).
    Removing uart.o(.text), (0 bytes).
    Removing uart.o(.ARM.exidx.text.UART_Send), (8 bytes).
    Removing uart.o(.ARM.exidx.text.UART_SendNum), (8 bytes).
    Removing uart.o(.text.UART_IRQHandler), (22 bytes).
    Removing uart.o(.ARM.exidx.text.UART_IRQHandler), (8 bytes).
    Removing uart.o(.ARM.exidx.text.UART_Init), (8 bytes).
    Removing uart.o(.ARM.exidx.text.UART_ReadTask), (8 bytes).
    Removing uart.o(.ARM.exidx.text.UART_IsMsgReady), (8 bytes).
    Removing uart.o(.ARM.exidx.text.UART_GetMessage), (8 bytes).
    Removing uart.o(.text.ARM_USART_eventFunc), (2 bytes).
    Removing uart.o(.ARM.exidx.text.ARM_USART_eventFunc), (8 bytes).
    Removing uart.o(.text.InilializeUsart), (62 bytes).
    Removing uart.o(.ARM.exidx.text.InilializeUsart), (8 bytes).
    Removing console.o(.text), (0 bytes).
    Removing console.o(.ARM.exidx.text.Console_Task), (8 bytes).
    Removing sigdisplay.o(.text), (0 bytes).
    Removing sigdisplay.o(.text.Display_Signal), (196 bytes).
    Removing sigdisplay.o(.ARM.exidx.text.Display_Signal), (8 bytes).
    Removing sigdisplay.o(.bss.displayBuff), (320 bytes).
    Removing open1768_lcd.o(.text), (0 bytes).
    Removing open1768_lcd.o(.ARM.exidx.text.lcdConfiguration), (8 bytes).
    Removing open1768_lcd.o(.text.lcdSend), (44 bytes).
    Removing open1768_lcd.o(.ARM.exidx.text.lcdSend), (8 bytes).
    Removing open1768_lcd.o(.text.wait_delay), (18 bytes).
    Removing open1768_lcd.o(.ARM.exidx.text.wait_delay), (8 bytes).
    Removing open1768_lcd.o(.text.lcdRead), (86 bytes).
    Removing open1768_lcd.o(.ARM.exidx.text.lcdRead), (8 bytes).
    Removing open1768_lcd.o(.ARM.exidx.text.lcdWriteIndex), (8 bytes).
    Removing open1768_lcd.o(.ARM.exidx.text.lcdWriteData), (8 bytes).
    Removing open1768_lcd.o(.text.lcdReadData), (140 bytes).
    Removing open1768_lcd.o(.ARM.exidx.text.lcdReadData), (8 bytes).
    Removing open1768_lcd.o(.ARM.exidx.text.lcdWriteReg), (8 bytes).
    Removing open1768_lcd.o(.ARM.exidx.text.lcdReadReg), (8 bytes).
    Removing open1768_lcd.o(.text.lcdSetCursor), (454 bytes).
    Removing open1768_lcd.o(.ARM.exidx.text.lcdSetCursor), (8 bytes).
    Removing asciilib.o(.text), (0 bytes).
    Removing asciilib.o(.ARM.exidx.text.GetASCIICode), (8 bytes).
    Removing lcd_ili9325.o(.text), (0 bytes).
    Removing lcd_ili9325.o(.text.delay_ms), (2 bytes).
    Removing lcd_ili9325.o(.ARM.exidx.text.delay_ms), (8 bytes).
    Removing lcd_ili9325.o(.ARM.exidx.text.init_ILI9325), (8 bytes).
    Removing ssp_lpc17xx.o(.text), (0 bytes).
    Removing ssp_lpc17xx.o(.text.SSPx_GPDMA_Tx_SignalEvent), (14 bytes).
    Removing ssp_lpc17xx.o(.ARM.exidx.text.SSPx_GPDMA_Tx_SignalEvent), (8 bytes).
    Removing ssp_lpc17xx.o(.text.SSPx_GPDMA_Rx_SignalEvent), (28 bytes).
    Removing ssp_lpc17xx.o(.ARM.exidx.text.SSPx_GPDMA_Rx_SignalEvent), (8 bytes).
    Removing ssp_lpc17xx.o(.text.SSP0_GPDMA_Tx_SignalEvent), (20 bytes).
    Removing ssp_lpc17xx.o(.ARM.exidx.text.SSP0_GPDMA_Tx_SignalEvent), (8 bytes).
    Removing ssp_lpc17xx.o(.text.SSP0_GPDMA_Rx_SignalEvent), (48 bytes).
    Removing ssp_lpc17xx.o(.ARM.exidx.text.SSP0_GPDMA_Rx_SignalEvent), (8 bytes).
    Removing ssp_lpc17xx.o(.ARM.exidx.text.SSP0_IRQHandler), (8 bytes).
    Removing ssp_lpc17xx.o(.text.SSP_GetVersion), (10 bytes).
    Removing ssp_lpc17xx.o(.ARM.exidx.text.SSP_GetVersion), (8 bytes).
    Removing ssp_lpc17xx.o(.text.SSP_GetCapabilities), (4 bytes).
    Removing ssp_lpc17xx.o(.ARM.exidx.text.SSP_GetCapabilities), (8 bytes).
    Removing ssp_lpc17xx.o(.text.SSP0_Initialize), (96 bytes).
    Removing ssp_lpc17xx.o(.ARM.exidx.text.SSP0_Initialize), (8 bytes).
    Removing ssp_lpc17xx.o(.text.SSP0_Uninitialize), (50 bytes).
    Removing ssp_lpc17xx.o(.ARM.exidx.text.SSP0_Uninitialize), (8 bytes).
    Removing ssp_lpc17xx.o(.text.SSP0_PowerControl), (326 bytes).
    Removing ssp_lpc17xx.o(.ARM.exidx.text.SSP0_PowerControl), (8 bytes).
    Removing ssp_lpc17xx.o(.text.SSP0_Send), (104 bytes).
    Removing ssp_lpc17xx.o(.ARM.exidx.text.SSP0_Send), (8 bytes).
    Removing ssp_lpc17xx.o(.text.SSP0_Receive), (104 bytes).
    Removing ssp_lpc17xx.o(.ARM.exidx.text.SSP0_Receive), (8 bytes).
    Removing ssp_lpc17xx.o(.text.SSP0_Transfer), (118 bytes).
    Removing ssp_lpc17xx.o(.ARM.exidx.text.SSP0_Transfer), (8 bytes).
    Removing ssp_lpc17xx.o(.text.SSP0_GetDataCount), (28 bytes).
    Removing ssp_lpc17xx.o(.ARM.exidx.text.SSP0_GetDataCount), (8 bytes).
    Removing ssp_lpc17xx.o(.text.SSP0_Control), (1006 bytes).
    Removing ssp_lpc17xx.o(.ARM.exidx.text.SSP0_Control), (8 bytes).
    Removing ssp_lpc17xx.o(.text.SSP0_GetStatus), (26 bytes).
    Removing ssp_lpc17xx.o(.ARM.exidx.text.SSP0_GetStatus), (8 bytes).
    Removing ssp_lpc17xx.o(.rodata.Driver_SPI0), (44 bytes).
    Removing ssp_lpc17xx.o(.bss.SSP0_Info.4), (4 bytes).
    Removing ssp_lpc17xx.o(.bss.SSP0_Info.5), (1 bytes).
    Removing ssp_lpc17xx.o(.rodata.cst16), (16 bytes).
    Removing uart_lpc17xx.o(.text), (0 bytes).
    Removing uart_lpc17xx.o(.text.USART_SetBaudrate), (288 bytes).
    Removing uart_lpc17xx.o(.ARM.exidx.text.USART_SetBaudrate), (8 bytes).
    Removing uart_lpc17xx.o(.ARM.exidx.text.UART0_IRQHandler), (8 bytes).
    Removing uart_lpc17xx.o(.text.USART0_GPDMA_Tx_Event), (48 bytes).
    Removing uart_lpc17xx.o(.ARM.exidx.text.USART0_GPDMA_Tx_Event), (8 bytes).
    Removing uart_lpc17xx.o(.text.USART0_GPDMA_Rx_Event), (82 bytes).
    Removing uart_lpc17xx.o(.ARM.exidx.text.USART0_GPDMA_Rx_Event), (8 bytes).
    Removing uart_lpc17xx.o(.text.USARTx_GetVersion), (10 bytes).
    Removing uart_lpc17xx.o(.ARM.exidx.text.USARTx_GetVersion), (8 bytes).
    Removing uart_lpc17xx.o(.text.USART0_GetCapabilities), (4 bytes).
    Removing uart_lpc17xx.o(.ARM.exidx.text.USART0_GetCapabilities), (8 bytes).
    Removing uart_lpc17xx.o(.text.USART0_Initialize), (48 bytes).
    Removing uart_lpc17xx.o(.ARM.exidx.text.USART0_Initialize), (8 bytes).
    Removing uart_lpc17xx.o(.text.USART0_Uninitialize), (24 bytes).
    Removing uart_lpc17xx.o(.ARM.exidx.text.USART0_Uninitialize), (8 bytes).
    Removing uart_lpc17xx.o(.text.USART0_PowerControl), (344 bytes).
    Removing uart_lpc17xx.o(.ARM.exidx.text.USART0_PowerControl), (8 bytes).
    Removing uart_lpc17xx.o(.text.USART0_Send), (4 bytes).
    Removing uart_lpc17xx.o(.ARM.exidx.text.USART0_Send), (8 bytes).
    Removing uart_lpc17xx.o(.text.USART0_Receive), (4 bytes).
    Removing uart_lpc17xx.o(.ARM.exidx.text.USART0_Receive), (8 bytes).
    Removing uart_lpc17xx.o(.text.USART0_Transfer), (90 bytes).
    Removing uart_lpc17xx.o(.ARM.exidx.text.USART0_Transfer), (8 bytes).
    Removing uart_lpc17xx.o(.text.USART0_GetTxCount), (6 bytes).
    Removing uart_lpc17xx.o(.ARM.exidx.text.USART0_GetTxCount), (8 bytes).
    Removing uart_lpc17xx.o(.text.USART0_GetRxCount), (6 bytes).
    Removing uart_lpc17xx.o(.ARM.exidx.text.USART0_GetRxCount), (8 bytes).
    Removing uart_lpc17xx.o(.text.USART0_Control), (848 bytes).
    Removing uart_lpc17xx.o(.ARM.exidx.text.USART0_Control), (8 bytes).
    Removing uart_lpc17xx.o(.text.USART0_GetStatus), (82 bytes).
    Removing uart_lpc17xx.o(.ARM.exidx.text.USART0_GetStatus), (8 bytes).
    Removing uart_lpc17xx.o(.text.USART0_SetModemControl), (26 bytes).
    Removing uart_lpc17xx.o(.ARM.exidx.text.USART0_SetModemControl), (8 bytes).
    Removing uart_lpc17xx.o(.text.USART0_GetModemStatus), (4 bytes).
    Removing uart_lpc17xx.o(.ARM.exidx.text.USART0_GetModemStatus), (8 bytes).
    Removing uart_lpc17xx.o(.text.USART_Send), (178 bytes).
    Removing uart_lpc17xx.o(.ARM.exidx.text.USART_Send), (8 bytes).
    Removing uart_lpc17xx.o(.text.USART_Receive), (206 bytes).
    Removing uart_lpc17xx.o(.ARM.exidx.text.USART_Receive), (8 bytes).
    Removing uart_lpc17xx.o(.rodata.fract_div_lookup_table), (288 bytes).
    Removing uart_lpc17xx.o(.rodata.Driver_USART0), (56 bytes).
    Removing uart_lpc17xx.o(.rodata.UART0_DMA_Tx), (8 bytes).
    Removing uart_lpc17xx.o(.rodata.UART0_DMA_Rx), (8 bytes).
    Removing uart_lpc17xx.o(.rodata.USART0_Resources), (100 bytes).
    Removing uart_lpc17xx.o(.rodata.cst16), (16 bytes).
    Removing gpdma_lpc17xx.o(.text), (0 bytes).
    Removing gpdma_lpc17xx.o(.text.GPDMA_Initialize), (110 bytes).
    Removing gpdma_lpc17xx.o(.ARM.exidx.text.GPDMA_Initialize), (8 bytes).
    Removing gpdma_lpc17xx.o(.text.GPDMA_Uninitialize), (76 bytes).
    Removing gpdma_lpc17xx.o(.ARM.exidx.text.GPDMA_Uninitialize), (8 bytes).
    Removing gpdma_lpc17xx.o(.text.GPDMA_PeripheralSelect), (58 bytes).
    Removing gpdma_lpc17xx.o(.ARM.exidx.text.GPDMA_PeripheralSelect), (8 bytes).
    Removing gpdma_lpc17xx.o(.text.GPDMA_ChannelConfigure), (248 bytes).
    Removing gpdma_lpc17xx.o(.ARM.exidx.text.GPDMA_ChannelConfigure), (8 bytes).
    Removing gpdma_lpc17xx.o(.text.GPDMA_ChannelEnable), (80 bytes).
    Removing gpdma_lpc17xx.o(.ARM.exidx.text.GPDMA_ChannelEnable), (8 bytes).
    Removing gpdma_lpc17xx.o(.text.GPDMA_ChannelDisable), (66 bytes).
    Removing gpdma_lpc17xx.o(.ARM.exidx.text.GPDMA_ChannelDisable), (8 bytes).
    Removing gpdma_lpc17xx.o(.text.GPDMA_ChannelGetStatus), (28 bytes).
    Removing gpdma_lpc17xx.o(.ARM.exidx.text.GPDMA_ChannelGetStatus), (8 bytes).
    Removing gpdma_lpc17xx.o(.text.GPDMA_ChannelGetCount), (46 bytes).
    Removing gpdma_lpc17xx.o(.ARM.exidx.text.GPDMA_ChannelGetCount), (8 bytes).
    Removing gpdma_lpc17xx.o(.ARM.exidx.text.DMA_IRQHandler), (8 bytes).
    Removing gpdma_lpc17xx.o(.bss.Init_cnt), (4 bytes).
    Removing gpio_lpc17xx.o(.text), (0 bytes).
    Removing gpio_lpc17xx.o(.text.GPIO_PortClock), (26 bytes).
    Removing gpio_lpc17xx.o(.ARM.exidx.text.GPIO_PortClock), (8 bytes).
    Removing gpio_lpc17xx.o(.text.GPIO_SetDir), (34 bytes).
    Removing gpio_lpc17xx.o(.ARM.exidx.text.GPIO_SetDir), (8 bytes).
    Removing gpio_lpc17xx.o(.text.GPIO_PinWrite), (28 bytes).
    Removing gpio_lpc17xx.o(.ARM.exidx.text.GPIO_PinWrite), (8 bytes).
    Removing gpio_lpc17xx.o(.text.GPIO_PinRead), (20 bytes).
    Removing gpio_lpc17xx.o(.ARM.exidx.text.GPIO_PinRead), (8 bytes).
    Removing gpio_lpc17xx.o(.text.GPIO_PortWrite), (20 bytes).
    Removing gpio_lpc17xx.o(.ARM.exidx.text.GPIO_PortWrite), (8 bytes).
    Removing gpio_lpc17xx.o(.text.GPIO_PortRead), (14 bytes).
    Removing gpio_lpc17xx.o(.ARM.exidx.text.GPIO_PortRead), (8 bytes).
    Removing pin_lpc17xx.o(.text), (0 bytes).
    Removing pin_lpc17xx.o(.ARM.exidx.text.PIN_Configure), (8 bytes).
    Removing pin_lpc17xx.o(.text.PIN_ConfigureTPIU), (24 bytes).
    Removing pin_lpc17xx.o(.ARM.exidx.text.PIN_ConfigureTPIU), (8 bytes).
    Removing pin_lpc17xx.o(.text.PIN_ConfigureI2C0Pins), (30 bytes).
    Removing pin_lpc17xx.o(.ARM.exidx.text.PIN_ConfigureI2C0Pins), (8 bytes).
    Removing system_lpc17xx.o(.text), (0 bytes).
    Removing system_lpc17xx.o(.text.SystemCoreClockUpdate), (248 bytes).
    Removing system_lpc17xx.o(.ARM.exidx.text.SystemCoreClockUpdate), (8 bytes).
    Removing system_lpc17xx.o(.ARM.exidx.text.SystemInit), (8 bytes).
    Removing system_lpc17xx.o(.data.SystemCoreClock), (4 bytes).

212 unused section(s) (total 9106 bytes) removed from the image.

==============================================================================

Image Symbol Table

    Local Symbols

    Symbol Name                              Value     Ov Type        Size  Object(Section)

    ../clib/angel/boardlib.s                 0x00000000   Number         0  boardinit1.o ABSOLUTE
    ../clib/angel/boardlib.s                 0x00000000   Number         0  boardinit2.o ABSOLUTE
    ../clib/angel/boardlib.s                 0x00000000   Number         0  boardinit3.o ABSOLUTE
    ../clib/angel/boardlib.s                 0x00000000   Number         0  boardshut.o ABSOLUTE
    ../clib/angel/handlers.s                 0x00000000   Number         0  __scatter_zi.o ABSOLUTE
    ../clib/angel/kernel.s                   0x00000000   Number         0  __rtentry.o ABSOLUTE
    ../clib/angel/kernel.s                   0x00000000   Number         0  __rtentry2.o ABSOLUTE
    ../clib/angel/kernel.s                   0x00000000   Number         0  __rtentry4.o ABSOLUTE
    ../clib/angel/kernel.s                   0x00000000   Number         0  rtexit.o ABSOLUTE
    ../clib/angel/kernel.s                   0x00000000   Number         0  rtexit2.o ABSOLUTE
    ../clib/angel/rt.s                       0x00000000   Number         0  aeabi_ldiv0.o ABSOLUTE
    ../clib/angel/rt.s                       0x00000000   Number         0  aeabi_ldiv0_sigfpe.o ABSOLUTE
    ../clib/angel/rt.s                       0x00000000   Number         0  rt_heap_descriptor.o ABSOLUTE
    ../clib/angel/rt.s                       0x00000000   Number         0  rt_heap_descriptor_intlibspace.o ABSOLUTE
    ../clib/angel/rt.s                       0x00000000   Number         0  rt_div0.o ABSOLUTE
    ../clib/angel/rt.s                       0x00000000   Number         0  rt_raise.o ABSOLUTE
    ../clib/angel/scatter.s                  0x00000000   Number         0  __scatter.o ABSOLUTE
    ../clib/angel/startup.s                  0x00000000   Number         0  __main.o ABSOLUTE
    ../clib/angel/sys.s                      0x00000000   Number         0  mutex_dummy.o ABSOLUTE
    ../clib/angel/sys.s                      0x00000000   Number         0  libspace.o ABSOLUTE
    ../clib/angel/sys.s                      0x00000000   Number         0  use_no_semi.o ABSOLUTE
    ../clib/angel/sys.s                      0x00000000   Number         0  indicate_semi.o ABSOLUTE
    ../clib/angel/sys.s                      0x00000000   Number         0  sys_stackheap_outer.o ABSOLUTE
    ../clib/angel/sysapp.c                   0x00000000   Number         0  sys_command.o ABSOLUTE
    ../clib/angel/sysapp.c                   0x00000000   Number         0  sys_command_hlt.o ABSOLUTE
    ../clib/angel/sysapp.c                   0x00000000   Number         0  sys_exit.o ABSOLUTE
    ../clib/angel/sysapp.c                   0x00000000   Number         0  sys_exit_hlt.o ABSOLUTE
    ../clib/angel/sysapp.c                   0x00000000   Number         0  sys_wrch.o ABSOLUTE
    ../clib/angel/sysapp.c                   0x00000000   Number         0  sys_wrch_hlt.o ABSOLUTE
    ../clib/armsys.c                         0x00000000   Number         0  _get_argv.o ABSOLUTE
    ../clib/armsys.c                         0x00000000   Number         0  argv_veneer.o ABSOLUTE
    ../clib/armsys.c                         0x00000000   Number         0  argv_veneer.o ABSOLUTE
    ../clib/armsys.c                         0x00000000   Number         0  _get_argv_nomalloc.o ABSOLUTE
    ../clib/armsys.c                         0x00000000   Number         0  no_argv.o ABSOLUTE
    ../clib/heap1.c                          0x00000000   Number         0  h1_alloc.o ABSOLUTE
    ../clib/heap1.c                          0x00000000   Number         0  h1_free.o ABSOLUTE
    ../clib/heap1.c                          0x00000000   Number         0  h1_alloc_threads.o ABSOLUTE
    ../clib/heap1.c                          0x00000000   Number         0  h1_free_threads.o ABSOLUTE
    ../clib/heap1.c                          0x00000000   Number         0  h1_init.o ABSOLUTE
    ../clib/heap1.c                          0x00000000   Number         0  h1_init_threads.o ABSOLUTE
    ../clib/heap1.c                          0x00000000   Number         0  h1_extend.o ABSOLUTE
    ../clib/heap1.c                          0x00000000   Number         0  h1_extend_threads.o ABSOLUTE
    ../clib/heap1.c                          0x00000000   Number         0  h1_final.o ABSOLUTE
    ../clib/heap1.c                          0x00000000   Number         0  h1_final_threads.o ABSOLUTE
    ../clib/heap2.c                          0x00000000   Number         0  heap2.o ABSOLUTE
    ../clib/heap2.c                          0x00000000   Number         0  heap2_threads.o ABSOLUTE
    ../clib/heap2.c                          0x00000000   Number         0  fdtree.o ABSOLUTE
    ../clib/heapalloc.c                      0x00000000   Number         0  malloc.o ABSOLUTE
    ../clib/heapalloc.c                      0x00000000   Number         0  free.o ABSOLUTE
    ../clib/heapalloc.c                      0x00000000   Number         0  hguard.o ABSOLUTE
    ../clib/heapalloc.c                      0x00000000   Number         0  init_alloc.o ABSOLUTE
    ../clib/heapalloc.c                      0x00000000   Number         0  heapstubs.o ABSOLUTE
    ../clib/heapalloc.c                      0x00000000   Number         0  hrguard.o ABSOLUTE
    ../clib/heapalloc.c                      0x00000000   Number         0  term_alloc.o ABSOLUTE
    ../clib/heapaux.c                        0x00000000   Number         0  heapauxi.o ABSOLUTE
    ../clib/heapaux.c                        0x00000000   Number         0  heapauxa.o ABSOLUTE
    ../clib/libinit.s                        0x00000000   Number         0  libinit2.o ABSOLUTE
    ../clib/libinit.s                        0x00000000   Number         0  libinit.o ABSOLUTE
    ../clib/libinit.s                        0x00000000   Number         0  libshutdown2.o ABSOLUTE
    ../clib/libinit.s                        0x00000000   Number         0  libshutdown.o ABSOLUTE
    ../clib/longlong.s                       0x00000000   Number         0  lludivv7m.o ABSOLUTE
    ../clib/maybe.s                          0x00000000   Number         0  maybetermalloc1.o ABSOLUTE
    ../clib/maybe.s                          0x00000000   Number         0  maybetermalloc2.o ABSOLUTE
    ../clib/memcpset.s                       0x00000000   Number         0  rt_memclr.o ABSOLUTE
    ../clib/memcpset.s                       0x00000000   Number         0  rt_memclr_w.o ABSOLUTE
    ../clib/memcpset.s                       0x00000000   Number         0  rt_memcpy_w.o ABSOLUTE
    ../clib/printf.c                         0x00000000   Number         0  __2sprintf.o ABSOLUTE
    ../clib/printf.c                         0x00000000   Number         0  noretval__2sprintf.o ABSOLUTE
    ../clib/printf.c                         0x00000000   Number         0  __printf.o ABSOLUTE
    ../clib/printf.c                         0x00000000   Number         0  _printf_dec.o ABSOLUTE
    ../clib/printf.c                         0x00000000   Number         0  _printf_hex_ll.o ABSOLUTE
    ../clib/printf.c                         0x00000000   Number         0  _printf_hex_int.o ABSOLUTE
    ../clib/printf.c                         0x00000000   Number         0  _printf_hex_int_ll.o ABSOLUTE
    ../clib/printf.c                         0x00000000   Number         0  _printf_hex_ptr.o ABSOLUTE
    ../clib/printf.c                         0x00000000   Number         0  _printf_hex_int_ptr.o ABSOLUTE
    ../clib/printf.c                         0x00000000   Number         0  _printf_hex_ll_ptr.o ABSOLUTE
    ../clib/printf.c                         0x00000000   Number         0  _printf_hex_int_ll_ptr.o ABSOLUTE
    ../clib/printf.c                         0x00000000   Number         0  __printf_flags.o ABSOLUTE
    ../clib/printf.c                         0x00000000   Number         0  __printf_ss.o ABSOLUTE
    ../clib/printf.c                         0x00000000   Number         0  __printf_flags_ss.o ABSOLUTE
    ../clib/printf.c                         0x00000000   Number         0  __printf_wp.o ABSOLUTE
    ../clib/printf.c                         0x00000000   Number         0  __printf_flags_wp.o ABSOLUTE
    ../clib/printf.c                         0x00000000   Number         0  __printf_ss_wp.o ABSOLUTE
    ../clib/printf.c                         0x00000000   Number         0  __printf_flags_ss_wp.o ABSOLUTE
    ../clib/printf.c                         0x00000000   Number         0  _printf_intcommon.o ABSOLUTE
    ../clib/printf.c                         0x00000000   Number         0  _printf_char_common.o ABSOLUTE
    ../clib/printf.c                         0x00000000   Number         0  _sputc.o ABSOLUTE
    ../clib/printf.c                         0x00000000   Number         0  __printf_nopercent.o ABSOLUTE
    ../clib/printf_percent.s                 0x00000000   Number         0  _printf_x.o ABSOLUTE
    ../clib/printf_percent.s                 0x00000000   Number         0  _printf_d.o ABSOLUTE
    ../clib/printf_percent.s                 0x00000000   Number         0  _printf_percent.o ABSOLUTE
    ../clib/printf_percent.s                 0x00000000   Number         0  _printf_percent_end.o ABSOLUTE
    ../clib/signal.c                         0x00000000   Number         0  defsig_rtmem_outer.o ABSOLUTE
    ../clib/signal.c                         0x00000000   Number         0  defsig_rtmem_formal.o ABSOLUTE
    ../clib/signal.c                         0x00000000   Number         0  defsig_exit.o ABSOLUTE
    ../clib/signal.c                         0x00000000   Number         0  defsig_fpe_outer.o ABSOLUTE
    ../clib/signal.c                         0x00000000   Number         0  defsig_fpe_formal.o ABSOLUTE
    ../clib/signal.c                         0x00000000   Number         0  defsig_rtmem_inner.o ABSOLUTE
    ../clib/signal.c                         0x00000000   Number         0  __raise.o ABSOLUTE
    ../clib/signal.c                         0x00000000   Number         0  defsig_general.o ABSOLUTE
    ../clib/signal.c                         0x00000000   Number         0  defsig_fpe_inner.o ABSOLUTE
    ../clib/signal.c                         0x00000000   Number         0  defsig_abrt_inner.o ABSOLUTE
    ../clib/signal.c                         0x00000000   Number         0  defsig_rtred_inner.o ABSOLUTE
    ../clib/signal.c                         0x00000000   Number         0  defsig_stak_inner.o ABSOLUTE
    ../clib/signal.c                         0x00000000   Number         0  defsig_pvfn_inner.o ABSOLUTE
    ../clib/signal.c                         0x00000000   Number         0  defsig_cppl_inner.o ABSOLUTE
    ../clib/signal.c                         0x00000000   Number         0  defsig_segv_inner.o ABSOLUTE
    ../clib/signal.c                         0x00000000   Number         0  defsig_other.o ABSOLUTE
    ../clib/signal.s                         0x00000000   Number         0  defsig.o ABSOLUTE
    ../clib/stdlib.c                         0x00000000   Number         0  exit.o ABSOLUTE
    ../clib/string.c                         0x00000000   Number         0  strstr.o ABSOLUTE
    ../clib/string.c                         0x00000000   Number         0  memcmp.o ABSOLUTE
    ../clib/string.c                         0x00000000   Number         0  strcpy.o ABSOLUTE
    ../fplib/faddsub.s                       0x00000000   Number         0  faddsub_clz.o ABSOLUTE
    ../fplib/fcmp.s                          0x00000000   Number         0  fcmp.o ABSOLUTE
    ../fplib/fcmpi.s                         0x00000000   Number         0  fcmpi.o ABSOLUTE
    ../fplib/fdiv.s                          0x00000000   Number         0  fdiv.o ABSOLUTE
    ../fplib/feqf.s                          0x00000000   Number         0  feqf.o ABSOLUTE
    ../fplib/ffix.s                          0x00000000   Number         0  ffix.o ABSOLUTE
    ../fplib/fflt.s                          0x00000000   Number         0  fflt_clz.o ABSOLUTE
    ../fplib/fgeqf.s                         0x00000000   Number         0  fgeqf.o ABSOLUTE
    ../fplib/fleqf.s                         0x00000000   Number         0  fleqf.o ABSOLUTE
    ../fplib/fnaninf.s                       0x00000000   Number         0  fnaninf.o ABSOLUTE
    ../fplib/fpinit.s                        0x00000000   Number         0  fpinit.o ABSOLUTE
    ../fplib/fpinit_empty.s                  0x00000000   Number         0  fpinit_empty.o ABSOLUTE
    ../fplib/fretinf.s                       0x00000000   Number         0  fretinf.o ABSOLUTE
    ../fplib/usenofp.s                       0x00000000   Number         0  usenofp.o ABSOLUTE
    ADC.c                                    0x00000000   Number         0  adc.o ABSOLUTE
    GPDMA_LPC17xx.c                          0x00000000   Number         0  gpdma_lpc17xx.o ABSOLUTE
    GPIO_LPC17xx.c                           0x00000000   Number         0  gpio_lpc17xx.o ABSOLUTE
    LCD_ILI9325.c                            0x00000000   Number         0  lcd_ili9325.o ABSOLUTE
    Open1768_LCD.c                           0x00000000   Number         0  open1768_lcd.o ABSOLUTE
    PIN_LPC17xx.c                            0x00000000   Number         0  pin_lpc17xx.o ABSOLUTE
    RTE/Device/LPC1768/startup_LPC17xx.s     0x00000000   Number         0  startup_lpc17xx.o ABSOLUTE
    SSP_LPC17xx.c                            0x00000000   Number         0  ssp_lpc17xx.o ABSOLUTE
    UART_LPC17xx.c                           0x00000000   Number         0  uart_lpc17xx.o ABSOLUTE
    asciiLib.c                               0x00000000   Number         0  asciilib.o ABSOLUTE
    buttons.c                                0x00000000   Number         0  buttons.o ABSOLUTE
    console.c                                0x00000000   Number         0  console.o ABSOLUTE
    dc.s                                     0x00000000   Number         0  dc.o ABSOLUTE
    lcd.c                                    0x00000000   Number         0  lcd.o ABSOLUTE
    main.c                                   0x00000000   Number         0  main.o ABSOLUTE
    sigdisplay.c                             0x00000000   Number         0  sigdisplay.o ABSOLUTE
    system_LPC17xx.c                         0x00000000   Number         0  system_lpc17xx.o ABSOLUTE
    timer.c                                  0x00000000   Number         0  timer.o ABSOLUTE
    uart.c                                   0x00000000   Number         0  uart.o ABSOLUTE
    RESET                                    0x00000000   Section      204  startup_lpc17xx.o(RESET)
    !!!main                                  0x000000cc   Section        8  __main.o(!!!main)
    !!!scatter                               0x000000d4   Section       52  __scatter.o(!!!scatter)
    !!handler_zi                             0x00000108   Section       28  __scatter_zi.o(!!handler_zi)
    .ARM.Collect$$_printf_percent$$00000000  0x00000124   Section        0  _printf_percent.o(.ARM.Collect$$_printf_percent$$00000000)
    .ARM.Collect$$_printf_percent$$00000009  0x00000124   Section        6  _printf_d.o(.ARM.Collect$$_printf_percent$$00000009)
    .ARM.Collect$$_printf_percent$$0000000C  0x0000012a   Section        6  _printf_x.o(.ARM.Collect$$_printf_percent$$0000000C)
    .ARM.Collect$$_printf_percent$$00000017  0x00000130   Section        4  _printf_percent_end.o(.ARM.Collect$$_printf_percent$$00000017)
    .ARM.Collect$$libinit$$00000000          0x00000134   Section        2  libinit.o(.ARM.Collect$$libinit$$00000000)
    .ARM.Collect$$libinit$$00000002          0x00000136   Section        0  libinit2.o(.ARM.Collect$$libinit$$00000002)
    .ARM.Collect$$libinit$$00000004          0x00000136   Section        0  libinit2.o(.ARM.Collect$$libinit$$00000004)
    .ARM.Collect$$libinit$$00000006          0x00000136   Section        0  libinit2.o(.ARM.Collect$$libinit$$00000006)
    .ARM.Collect$$libinit$$0000000C          0x00000136   Section        0  libinit2.o(.ARM.Collect$$libinit$$0000000C)
    .ARM.Collect$$libinit$$0000000E          0x00000136   Section        0  libinit2.o(.ARM.Collect$$libinit$$0000000E)
    .ARM.Collect$$libinit$$00000010          0x00000136   Section        0  libinit2.o(.ARM.Collect$$libinit$$00000010)
    .ARM.Collect$$libinit$$00000013          0x00000136   Section        0  libinit2.o(.ARM.Collect$$libinit$$00000013)
    .ARM.Collect$$libinit$$00000015          0x00000136   Section        0  libinit2.o(.ARM.Collect$$libinit$$00000015)
    .ARM.Collect$$libinit$$00000017          0x00000136   Section        0  libinit2.o(.ARM.Collect$$libinit$$00000017)
    .ARM.Collect$$libinit$$00000019          0x00000136   Section        0  libinit2.o(.ARM.Collect$$libinit$$00000019)
    .ARM.Collect$$libinit$$0000001B          0x00000136   Section        0  libinit2.o(.ARM.Collect$$libinit$$0000001B)
    .ARM.Collect$$libinit$$0000001D          0x00000136   Section        0  libinit2.o(.ARM.Collect$$libinit$$0000001D)
    .ARM.Collect$$libinit$$0000001F          0x00000136   Section        0  libinit2.o(.ARM.Collect$$libinit$$0000001F)
    .ARM.Collect$$libinit$$00000021          0x00000136   Section        0  libinit2.o(.ARM.Collect$$libinit$$00000021)
    .ARM.Collect$$libinit$$00000023          0x00000136   Section        0  libinit2.o(.ARM.Collect$$libinit$$00000023)
    .ARM.Collect$$libinit$$00000025          0x00000136   Section        0  libinit2.o(.ARM.Collect$$libinit$$00000025)
    .ARM.Collect$$libinit$$00000027          0x00000136   Section        0  libinit2.o(.ARM.Collect$$libinit$$00000027)
    .ARM.Collect$$libinit$$0000002E          0x00000136   Section        0  libinit2.o(.ARM.Collect$$libinit$$0000002E)
    .ARM.Collect$$libinit$$00000030          0x00000136   Section        0  libinit2.o(.ARM.Collect$$libinit$$00000030)
    .ARM.Collect$$libinit$$00000032          0x00000136   Section        0  libinit2.o(.ARM.Collect$$libinit$$00000032)
    .ARM.Collect$$libinit$$00000034          0x00000136   Section        0  libinit2.o(.ARM.Collect$$libinit$$00000034)
    .ARM.Collect$$libinit$$00000035          0x00000136   Section        2  libinit2.o(.ARM.Collect$$libinit$$00000035)
    .ARM.Collect$$libshutdown$$00000000      0x00000138   Section        2  libshutdown.o(.ARM.Collect$$libshutdown$$00000000)
    .ARM.Collect$$libshutdown$$00000002      0x0000013a   Section        0  libshutdown2.o(.ARM.Collect$$libshutdown$$00000002)
    .ARM.Collect$$libshutdown$$00000004      0x0000013a   Section        0  libshutdown2.o(.ARM.Collect$$libshutdown$$00000004)
    .ARM.Collect$$libshutdown$$00000007      0x0000013a   Section        0  libshutdown2.o(.ARM.Collect$$libshutdown$$00000007)
    .ARM.Collect$$libshutdown$$0000000A      0x0000013a   Section        0  libshutdown2.o(.ARM.Collect$$libshutdown$$0000000A)
    .ARM.Collect$$libshutdown$$0000000C      0x0000013a   Section        0  libshutdown2.o(.ARM.Collect$$libshutdown$$0000000C)
    .ARM.Collect$$libshutdown$$0000000F      0x0000013a   Section        0  libshutdown2.o(.ARM.Collect$$libshutdown$$0000000F)
    .ARM.Collect$$libshutdown$$00000010      0x0000013a   Section        2  libshutdown2.o(.ARM.Collect$$libshutdown$$00000010)
    .ARM.Collect$$rtentry$$00000000          0x0000013c   Section        0  __rtentry.o(.ARM.Collect$$rtentry$$00000000)
    .ARM.Collect$$rtentry$$00000002          0x0000013c   Section        0  __rtentry2.o(.ARM.Collect$$rtentry$$00000002)
    .ARM.Collect$$rtentry$$00000004          0x0000013c   Section        6  __rtentry4.o(.ARM.Collect$$rtentry$$00000004)
    .ARM.Collect$$rtentry$$00000009          0x00000142   Section        0  __rtentry2.o(.ARM.Collect$$rtentry$$00000009)
    .ARM.Collect$$rtentry$$0000000A          0x00000142   Section        4  __rtentry2.o(.ARM.Collect$$rtentry$$0000000A)
    .ARM.Collect$$rtentry$$0000000C          0x00000146   Section        0  __rtentry2.o(.ARM.Collect$$rtentry$$0000000C)
    .ARM.Collect$$rtentry$$0000000D          0x00000146   Section        8  __rtentry2.o(.ARM.Collect$$rtentry$$0000000D)
    .ARM.Collect$$rtexit$$00000000           0x0000014e   Section        2  rtexit.o(.ARM.Collect$$rtexit$$00000000)
    .ARM.Collect$$rtexit$$00000002           0x00000150   Section        0  rtexit2.o(.ARM.Collect$$rtexit$$00000002)
    .ARM.Collect$$rtexit$$00000003           0x00000150   Section        4  rtexit2.o(.ARM.Collect$$rtexit$$00000003)
    .ARM.Collect$$rtexit$$00000004           0x00000154   Section        6  rtexit2.o(.ARM.Collect$$rtexit$$00000004)
    .text                                    0x0000015c   Section       60  startup_lpc17xx.o(.text)
    .text                                    0x00000198   Section        0  noretval__2sprintf.o(.text)
    .text                                    0x000001c0   Section        0  __printf.o(.text)
    .text                                    0x00000228   Section        0  _printf_dec.o(.text)
    .text                                    0x000002a0   Section        0  _printf_hex_int.o(.text)
    .text                                    0x000002f8   Section        2  use_no_semi.o(.text)
    .text                                    0x000002fa   Section        0  indicate_semi.o(.text)
    .ARM.__at_0x02FC                         0x000002fc   Section        4  startup_lpc17xx.o(.ARM.__at_0x02FC)
    .text                                    0x00000300   Section        0  strstr.o(.text)
    .text                                    0x00000324   Section        0  memcmp.o(.text)
    .text                                    0x0000037c   Section        0  strcpy.o(.text)
    .text                                    0x000003c4   Section       78  rt_memclr_w.o(.text)
    .text                                    0x00000412   Section        0  heapauxi.o(.text)
    .text                                    0x00000418   Section        0  _printf_intcommon.o(.text)
    _printf_input_char                       0x000004cd   Thumb Code    10  _printf_char_common.o(.text)
    .text                                    0x000004cc   Section        0  _printf_char_common.o(.text)
    .text                                    0x000004fc   Section        0  _sputc.o(.text)
    .text                                    0x00000508   Section        8  libspace.o(.text)
    .text                                    0x00000510   Section       74  sys_stackheap_outer.o(.text)
    .text                                    0x0000055a   Section        0  exit.o(.text)
    .text                                    0x0000056c   Section        0  sys_exit.o(.text)
    [Anonymous Symbol]                       0x00000578   Section        0  adc.o(.text.ADC_IRQHandler)
    [Anonymous Symbol]                       0x0000059c   Section        0  adc.o(.text.ADC_StartConvertion)
    [Anonymous Symbol]                       0x000005b0   Section        0  console.o(.text.Console_Task)
    [Anonymous Symbol]                       0x00000668   Section        0  gpdma_lpc17xx.o(.text.DMA_IRQHandler)
    [Anonymous Symbol]                       0x00000774   Section        0  buttons.o(.text.EINT0_IRQHandler)
    [Anonymous Symbol]                       0x000007e0   Section        0  main.o(.text.EINT3_IRQHandler)
    [Anonymous Symbol]                       0x00000828   Section        0  asciilib.o(.text.GetASCIICode)
    [Anonymous Symbol]                       0x0000085c   Section        0  pin_lpc17xx.o(.text.PIN_Configure)
    [Anonymous Symbol]                       0x000008d0   Section        0  main.o(.text.RTC_IRQHandler)
    [Anonymous Symbol]                       0x000008f0   Section        0  ssp_lpc17xx.o(.text.SSP0_IRQHandler)
    [Anonymous Symbol]                       0x000009d4   Section        0  timer.o(.text.SysTick_Handler)
    [Anonymous Symbol]                       0x000009e4   Section        0  system_lpc17xx.o(.text.SystemInit)
    [Anonymous Symbol]                       0x00000ab0   Section        0  main.o(.text.TIMER0_IRQHandler)
    [Anonymous Symbol]                       0x00000abc   Section        0  timer.o(.text.Timer_Init)
    [Anonymous Symbol]                       0x00000ae4   Section        0  uart_lpc17xx.o(.text.UART0_IRQHandler)
    [Anonymous Symbol]                       0x00000d00   Section        0  uart.o(.text.UART_GetMessage)
    [Anonymous Symbol]                       0x00000d3c   Section        0  uart.o(.text.UART_Init)
    [Anonymous Symbol]                       0x00000db0   Section        0  uart.o(.text.UART_IsMsgReady)
    [Anonymous Symbol]                       0x00000dbc   Section        0  uart.o(.text.UART_ReadTask)
    [Anonymous Symbol]                       0x00000e74   Section        0  uart.o(.text.UART_Send)
    [Anonymous Symbol]                       0x00000e98   Section        0  uart.o(.text.UART_SendNum)
    [Anonymous Symbol]                       0x00000ee0   Section        0  lcd.o(.text.drawLine)
    [Anonymous Symbol]                       0x00000fb4   Section        0  lcd.o(.text.drawText)
    [Anonymous Symbol]                       0x00001070   Section        0  adc.o(.text.initADC)
    [Anonymous Symbol]                       0x00001110   Section        0  lcd.o(.text.initLCD)
    [Anonymous Symbol]                       0x00001254   Section        0  lcd_ili9325.o(.text.init_ILI9325)
    [Anonymous Symbol]                       0x0000140c   Section        0  open1768_lcd.o(.text.lcdConfiguration)
    [Anonymous Symbol]                       0x00001434   Section        0  open1768_lcd.o(.text.lcdReadReg)
    [Anonymous Symbol]                       0x0000151c   Section        0  open1768_lcd.o(.text.lcdWriteData)
    [Anonymous Symbol]                       0x00001578   Section        0  open1768_lcd.o(.text.lcdWriteIndex)
    [Anonymous Symbol]                       0x000015ec   Section        0  open1768_lcd.o(.text.lcdWriteReg)
    [Anonymous Symbol]                       0x000016a4   Section        0  main.o(.text.main)
    uc_hextab                                0x00001760   Data          20  _printf_hex_int.o(.constdata)
    .constdata                               0x00001760   Section       40  _printf_hex_int.o(.constdata)
    lc_hextab                                0x00001774   Data          20  _printf_hex_int.o(.constdata)
    AsciiLib                                 0x00001788   Data        3040  asciilib.o(.rodata.AsciiLib)
    [Anonymous Symbol]                       0x00001788   Section        0  asciilib.o(.rodata.AsciiLib)
    .L.str.3                                 0x00002368   Data           4  lcd.o(.rodata.str1.1)
    [Anonymous Symbol]                       0x00002368   Section        0  lcd.o(.rodata.str1.1)
    .L.str.1                                 0x0000236c   Data           8  uart.o(.rodata.str1.1)
    [Anonymous Symbol]                       0x0000236c   Section        0  uart.o(.rodata.str1.1)
    .L.str.2                                 0x00002374   Data          24  uart.o(.rodata.str1.1)
    .L.str                                   0x00002389   Data           3  uart.o(.rodata.str1.1)
    RTC_IRQHandler.flag                      0x10000000   Data           1  main.o(.bss.RTC_IRQHandler.flag)
    [Anonymous Symbol]                       0x10000000   Section        0  main.o(.bss.RTC_IRQHandler.flag)
    SSP0_Info.2                              0x10000004   Data           1  ssp_lpc17xx.o(.bss.SSP0_Info.2)
    [Anonymous Symbol]                       0x10000004   Section        0  ssp_lpc17xx.o(.bss.SSP0_Info.2)
    USART0_Info                              0x10000008   Data          52  uart_lpc17xx.o(.bss.USART0_Info)
    [Anonymous Symbol]                       0x10000008   Section        0  uart_lpc17xx.o(.bss.USART0_Info)
    msgReceived                              0x1000003c   Data           1  uart.o(.bss.msgReceived)
    [Anonymous Symbol]                       0x1000003c   Section        0  uart.o(.bss.msgReceived)
    Stack_Mem                                0x10000040   Data         512  startup_lpc17xx.o(STACK)
    STACK                                    0x10000040   Section      512  startup_lpc17xx.o(STACK)
    __initial_sp                             0x10000240   Data           0  startup_lpc17xx.o(STACK)
    .bss                                     0x2007c000   Section       96  libspace.o(.bss)
    Channel_active                           0x2007c060   Data           4  gpdma_lpc17xx.o(.bss.Channel_active)
    [Anonymous Symbol]                       0x2007c060   Section        0  gpdma_lpc17xx.o(.bss.Channel_active)
    Channel_info                             0x2007c064   Data         160  gpdma_lpc17xx.o(.bss.Channel_info)
    [Anonymous Symbol]                       0x2007c064   Section        0  gpdma_lpc17xx.o(.bss.Channel_info)
    EINT0_IRQHandler.lastInt                 0x2007c104   Data           4  buttons.o(.bss.EINT0_IRQHandler.lastInt)
    [Anonymous Symbol]                       0x2007c104   Section        0  buttons.o(.bss.EINT0_IRQHandler.lastInt)
    EINT3_IRQHandler.lastInt                 0x2007c108   Data           4  main.o(.bss.EINT3_IRQHandler.lastInt)
    [Anonymous Symbol]                       0x2007c108   Section        0  main.o(.bss.EINT3_IRQHandler.lastInt)
    SSP0_Info.0                              0x2007c10c   Data           4  ssp_lpc17xx.o(.bss.SSP0_Info.0)
    [Anonymous Symbol]                       0x2007c10c   Section        0  ssp_lpc17xx.o(.bss.SSP0_Info.0)
    SSP0_Info.1                              0x2007c110   Data           1  ssp_lpc17xx.o(.bss.SSP0_Info.1)
    [Anonymous Symbol]                       0x2007c110   Section        0  ssp_lpc17xx.o(.bss.SSP0_Info.1)
    SSP0_Xfer                                0x2007c114   Data          28  ssp_lpc17xx.o(.bss.SSP0_Xfer)
    [Anonymous Symbol]                       0x2007c114   Section        0  ssp_lpc17xx.o(.bss.SSP0_Xfer)
    currBuffSize                             0x2007c234   Data           4  uart.o(.bss.currBuffSize)
    [Anonymous Symbol]                       0x2007c234   Section        0  uart.o(.bss.currBuffSize)
    Heap_Mem                                 0x2007c240   Data           0  startup_lpc17xx.o(HEAP)
    HEAP                                     0x2007c240   Section        0  startup_lpc17xx.o(HEAP)

    Global Symbols

    Symbol Name                              Value     Ov Type        Size  Object(Section)

    BuildAttributes$$THM_ISAv4$P$D$K$B$S$PE$A:L22UL41UL21$X:L11$S22US41US21$IEEE1$IW$~IW$USESV6$~STKCKD$USESV7$~SHL$OTIME$ROPI$EBA8$UX$STANDARDLIB$REQ8$PRES8$EABIv2 0x00000000   Number         0  anon$$obj.o ABSOLUTE
    __Vectors                                0x00000000   Data           4  startup_lpc17xx.o(RESET)
    __fp_init_empty                          0x00000000   Number         0  fpinit_empty.o ABSOLUTE
    __ARM_exceptions_init                     - Undefined Weak Reference
    __alloca_initialize                       - Undefined Weak Reference
    __arm_preinit_                            - Undefined Weak Reference
    __arm_relocate_pie_                       - Undefined Weak Reference
    __cpp_initialize__aeabi_                  - Undefined Weak Reference
    __cxa_finalize                            - Undefined Weak Reference
    __rt_locale                               - Undefined Weak Reference
    __sigvec_lookup                           - Undefined Weak Reference
    __user_heap_extent                        - Undefined Weak Reference
    _atexit_init                              - Undefined Weak Reference
    _call_atexit_fns                          - Undefined Weak Reference
    _clock_init                               - Undefined Weak Reference
    _fp_trap_init                             - Undefined Weak Reference
    _fp_trap_shutdown                         - Undefined Weak Reference
    _get_lc_collate                           - Undefined Weak Reference
    _get_lc_ctype                             - Undefined Weak Reference
    _get_lc_monetary                          - Undefined Weak Reference
    _get_lc_numeric                           - Undefined Weak Reference
    _get_lc_time                              - Undefined Weak Reference
    _getenv_init                              - Undefined Weak Reference
    _handle_redirection                       - Undefined Weak Reference
    _initio                                   - Undefined Weak Reference
    _mutex_acquire                            - Undefined Weak Reference
    _mutex_free                               - Undefined Weak Reference
    _mutex_release                            - Undefined Weak Reference
    _printf_post_padding                      - Undefined Weak Reference
    _printf_pre_padding                       - Undefined Weak Reference
    _printf_truncate_signed                   - Undefined Weak Reference
    _printf_truncate_unsigned                 - Undefined Weak Reference
    _rand_init                                - Undefined Weak Reference
    _signal_finish                            - Undefined Weak Reference
    _signal_init                              - Undefined Weak Reference
    _terminateio                              - Undefined Weak Reference
    __main                                   0x000000cd   Thumb Code     8  __main.o(!!!main)
    __scatterload                            0x000000d5   Thumb Code     0  __scatter.o(!!!scatter)
    __scatterload_rt2                        0x000000d5   Thumb Code    44  __scatter.o(!!!scatter)
    __scatterload_rt2_thumb_only             0x000000d5   Thumb Code     0  __scatter.o(!!!scatter)
    __scatterload_null                       0x000000e3   Thumb Code     0  __scatter.o(!!!scatter)
    __scatterload_zeroinit                   0x00000109   Thumb Code    28  __scatter_zi.o(!!handler_zi)
    _printf_d                                0x00000125   Thumb Code     0  _printf_d.o(.ARM.Collect$$_printf_percent$$00000009)
    _printf_percent                          0x00000125   Thumb Code     0  _printf_percent.o(.ARM.Collect$$_printf_percent$$00000000)
    _printf_x                                0x0000012b   Thumb Code     0  _printf_x.o(.ARM.Collect$$_printf_percent$$0000000C)
    _printf_percent_end                      0x00000131   Thumb Code     0  _printf_percent_end.o(.ARM.Collect$$_printf_percent$$00000017)
    __rt_lib_init                            0x00000135   Thumb Code     0  libinit.o(.ARM.Collect$$libinit$$00000000)
    __rt_lib_init_alloca_1                   0x00000137   Thumb Code     0  libinit2.o(.ARM.Collect$$libinit$$00000030)
    __rt_lib_init_argv_1                     0x00000137   Thumb Code     0  libinit2.o(.ARM.Collect$$libinit$$0000002E)
    __rt_lib_init_atexit_1                   0x00000137   Thumb Code     0  libinit2.o(.ARM.Collect$$libinit$$0000001D)
    __rt_lib_init_clock_1                    0x00000137   Thumb Code     0  libinit2.o(.ARM.Collect$$libinit$$00000023)
    __rt_lib_init_cpp_1                      0x00000137   Thumb Code     0  libinit2.o(.ARM.Collect$$libinit$$00000034)
    __rt_lib_init_exceptions_1               0x00000137   Thumb Code     0  libinit2.o(.ARM.Collect$$libinit$$00000032)
    __rt_lib_init_fp_1                       0x00000137   Thumb Code     0  libinit2.o(.ARM.Collect$$libinit$$00000002)
    __rt_lib_init_fp_trap_1                  0x00000137   Thumb Code     0  libinit2.o(.ARM.Collect$$libinit$$00000021)
    __rt_lib_init_getenv_1                   0x00000137   Thumb Code     0  libinit2.o(.ARM.Collect$$libinit$$00000025)
    __rt_lib_init_heap_1                     0x00000137   Thumb Code     0  libinit2.o(.ARM.Collect$$libinit$$0000000C)
    __rt_lib_init_lc_collate_1               0x00000137   Thumb Code     0  libinit2.o(.ARM.Collect$$libinit$$00000013)
    __rt_lib_init_lc_ctype_1                 0x00000137   Thumb Code     0  libinit2.o(.ARM.Collect$$libinit$$00000015)
    __rt_lib_init_lc_monetary_1              0x00000137   Thumb Code     0  libinit2.o(.ARM.Collect$$libinit$$00000017)
    __rt_lib_init_lc_numeric_1               0x00000137   Thumb Code     0  libinit2.o(.ARM.Collect$$libinit$$00000019)
    __rt_lib_init_lc_time_1                  0x00000137   Thumb Code     0  libinit2.o(.ARM.Collect$$libinit$$0000001B)
    __rt_lib_init_preinit_1                  0x00000137   Thumb Code     0  libinit2.o(.ARM.Collect$$libinit$$00000006)
    __rt_lib_init_rand_1                     0x00000137   Thumb Code     0  libinit2.o(.ARM.Collect$$libinit$$00000010)
    __rt_lib_init_relocate_pie_1             0x00000137   Thumb Code     0  libinit2.o(.ARM.Collect$$libinit$$00000004)
    __rt_lib_init_return                     0x00000137   Thumb Code     0  libinit2.o(.ARM.Collect$$libinit$$00000035)
    __rt_lib_init_signal_1                   0x00000137   Thumb Code     0  libinit2.o(.ARM.Collect$$libinit$$0000001F)
    __rt_lib_init_stdio_1                    0x00000137   Thumb Code     0  libinit2.o(.ARM.Collect$$libinit$$00000027)
    __rt_lib_init_user_alloc_1               0x00000137   Thumb Code     0  libinit2.o(.ARM.Collect$$libinit$$0000000E)
    __rt_lib_shutdown                        0x00000139   Thumb Code     0  libshutdown.o(.ARM.Collect$$libshutdown$$00000000)
    __rt_lib_shutdown_cpp_1                  0x0000013b   Thumb Code     0  libshutdown2.o(.ARM.Collect$$libshutdown$$00000002)
    __rt_lib_shutdown_fp_trap_1              0x0000013b   Thumb Code     0  libshutdown2.o(.ARM.Collect$$libshutdown$$00000007)
    __rt_lib_shutdown_heap_1                 0x0000013b   Thumb Code     0  libshutdown2.o(.ARM.Collect$$libshutdown$$0000000F)
    __rt_lib_shutdown_return                 0x0000013b   Thumb Code     0  libshutdown2.o(.ARM.Collect$$libshutdown$$00000010)
    __rt_lib_shutdown_signal_1               0x0000013b   Thumb Code     0  libshutdown2.o(.ARM.Collect$$libshutdown$$0000000A)
    __rt_lib_shutdown_stdio_1                0x0000013b   Thumb Code     0  libshutdown2.o(.ARM.Collect$$libshutdown$$00000004)
    __rt_lib_shutdown_user_alloc_1           0x0000013b   Thumb Code     0  libshutdown2.o(.ARM.Collect$$libshutdown$$0000000C)
    __rt_entry                               0x0000013d   Thumb Code     0  __rtentry.o(.ARM.Collect$$rtentry$$00000000)
    __rt_entry_presh_1                       0x0000013d   Thumb Code     0  __rtentry2.o(.ARM.Collect$$rtentry$$00000002)
    __rt_entry_sh                            0x0000013d   Thumb Code     0  __rtentry4.o(.ARM.Collect$$rtentry$$00000004)
    __rt_entry_li                            0x00000143   Thumb Code     0  __rtentry2.o(.ARM.Collect$$rtentry$$0000000A)
    __rt_entry_postsh_1                      0x00000143   Thumb Code     0  __rtentry2.o(.ARM.Collect$$rtentry$$00000009)
    __rt_entry_main                          0x00000147   Thumb Code     0  __rtentry2.o(.ARM.Collect$$rtentry$$0000000D)
    __rt_entry_postli_1                      0x00000147   Thumb Code     0  __rtentry2.o(.ARM.Collect$$rtentry$$0000000C)
    __rt_exit                                0x0000014f   Thumb Code     0  rtexit.o(.ARM.Collect$$rtexit$$00000000)
    __rt_exit_ls                             0x00000151   Thumb Code     0  rtexit2.o(.ARM.Collect$$rtexit$$00000003)
    __rt_exit_prels_1                        0x00000151   Thumb Code     0  rtexit2.o(.ARM.Collect$$rtexit$$00000002)
    __rt_exit_exit                           0x00000155   Thumb Code     0  rtexit2.o(.ARM.Collect$$rtexit$$00000004)
    Reset_Handler                            0x0000015d   Thumb Code     8  startup_lpc17xx.o(.text)
    NMI_Handler                              0x00000165   Thumb Code     2  startup_lpc17xx.o(.text)
    HardFault_Handler                        0x00000167   Thumb Code     2  startup_lpc17xx.o(.text)
    MemManage_Handler                        0x00000169   Thumb Code     2  startup_lpc17xx.o(.text)
    BusFault_Handler                         0x0000016b   Thumb Code     2  startup_lpc17xx.o(.text)
    UsageFault_Handler                       0x0000016d   Thumb Code     2  startup_lpc17xx.o(.text)
    SVC_Handler                              0x0000016f   Thumb Code     2  startup_lpc17xx.o(.text)
    DebugMon_Handler                         0x00000171   Thumb Code     2  startup_lpc17xx.o(.text)
    PendSV_Handler                           0x00000173   Thumb Code     2  startup_lpc17xx.o(.text)
    BOD_IRQHandler                           0x00000177   Thumb Code     0  startup_lpc17xx.o(.text)
    CANActivity_IRQHandler                   0x00000177   Thumb Code     0  startup_lpc17xx.o(.text)
    CAN_IRQHandler                           0x00000177   Thumb Code     0  startup_lpc17xx.o(.text)
    EINT1_IRQHandler                         0x00000177   Thumb Code     0  startup_lpc17xx.o(.text)
    EINT2_IRQHandler                         0x00000177   Thumb Code     0  startup_lpc17xx.o(.text)
    ENET_IRQHandler                          0x00000177   Thumb Code     0  startup_lpc17xx.o(.text)
    I2C0_IRQHandler                          0x00000177   Thumb Code     0  startup_lpc17xx.o(.text)
    I2C1_IRQHandler                          0x00000177   Thumb Code     0  startup_lpc17xx.o(.text)
    I2C2_IRQHandler                          0x00000177   Thumb Code     0  startup_lpc17xx.o(.text)
    I2S_IRQHandler                           0x00000177   Thumb Code     0  startup_lpc17xx.o(.text)
    MCPWM_IRQHandler                         0x00000177   Thumb Code     0  startup_lpc17xx.o(.text)
    PLL0_IRQHandler                          0x00000177   Thumb Code     0  startup_lpc17xx.o(.text)
    PLL1_IRQHandler                          0x00000177   Thumb Code     0  startup_lpc17xx.o(.text)
    PWM1_IRQHandler                          0x00000177   Thumb Code     0  startup_lpc17xx.o(.text)
    QEI_IRQHandler                           0x00000177   Thumb Code     0  startup_lpc17xx.o(.text)
    RIT_IRQHandler                           0x00000177   Thumb Code     0  startup_lpc17xx.o(.text)
    SPI_IRQHandler                           0x00000177   Thumb Code     0  startup_lpc17xx.o(.text)
    SSP1_IRQHandler                          0x00000177   Thumb Code     0  startup_lpc17xx.o(.text)
    TIMER1_IRQHandler                        0x00000177   Thumb Code     0  startup_lpc17xx.o(.text)
    TIMER2_IRQHandler                        0x00000177   Thumb Code     0  startup_lpc17xx.o(.text)
    TIMER3_IRQHandler                        0x00000177   Thumb Code     0  startup_lpc17xx.o(.text)
    UART1_IRQHandler                         0x00000177   Thumb Code     0  startup_lpc17xx.o(.text)
    UART2_IRQHandler                         0x00000177   Thumb Code     0  startup_lpc17xx.o(.text)
    UART3_IRQHandler                         0x00000177   Thumb Code     0  startup_lpc17xx.o(.text)
    USBActivity_IRQHandler                   0x00000177   Thumb Code     0  startup_lpc17xx.o(.text)
    USB_IRQHandler                           0x00000177   Thumb Code     0  startup_lpc17xx.o(.text)
    WDT_IRQHandler                           0x00000177   Thumb Code     0  startup_lpc17xx.o(.text)
    __user_initial_stackheap                 0x00000179   Thumb Code     0  startup_lpc17xx.o(.text)
    __2sprintf                               0x00000199   Thumb Code    34  noretval__2sprintf.o(.text)
    __printf                                 0x000001c1   Thumb Code   104  __printf.o(.text)
    _printf_int_dec                          0x00000229   Thumb Code   104  _printf_dec.o(.text)
    _printf_int_hex                          0x000002a1   Thumb Code    84  _printf_hex_int.o(.text)
    _printf_longlong_hex                     0x000002a1   Thumb Code     0  _printf_hex_int.o(.text)
    __I$use$semihosting                      0x000002f9   Thumb Code     0  use_no_semi.o(.text)
    __use_no_semihosting_swi                 0x000002f9   Thumb Code     2  use_no_semi.o(.text)
    __semihosting_library_function           0x000002fb   Thumb Code     0  indicate_semi.o(.text)
    strstr                                   0x00000301   Thumb Code    36  strstr.o(.text)
    memcmp                                   0x00000325   Thumb Code    88  memcmp.o(.text)
    strcpy                                   0x0000037d   Thumb Code    72  strcpy.o(.text)
    __aeabi_memclr4                          0x000003c5   Thumb Code     0  rt_memclr_w.o(.text)
    __aeabi_memclr8                          0x000003c5   Thumb Code     0  rt_memclr_w.o(.text)
    __rt_memclr_w                            0x000003c5   Thumb Code     0  rt_memclr_w.o(.text)
    _memset_w                                0x000003c9   Thumb Code    74  rt_memclr_w.o(.text)
    __use_two_region_memory                  0x00000413   Thumb Code     2  heapauxi.o(.text)
    __rt_heap_escrow                         0x00000415   Thumb Code     2  heapauxi.o(.text)
    __rt_heap_expand                         0x00000417   Thumb Code     2  heapauxi.o(.text)
    _printf_int_common                       0x00000419   Thumb Code   178  _printf_intcommon.o(.text)
    _printf_char_common                      0x000004d7   Thumb Code    32  _printf_char_common.o(.text)
    _sputc                                   0x000004fd   Thumb Code    10  _sputc.o(.text)
    __user_libspace                          0x00000509   Thumb Code     8  libspace.o(.text)
    __user_perproc_libspace                  0x00000509   Thumb Code     0  libspace.o(.text)
    __user_perthread_libspace                0x00000509   Thumb Code     0  libspace.o(.text)
    __user_setup_stackheap                   0x00000511   Thumb Code    74  sys_stackheap_outer.o(.text)
    exit                                     0x0000055b   Thumb Code    18  exit.o(.text)
    _sys_exit                                0x0000056d   Thumb Code     8  sys_exit.o(.text)
    ADC_IRQHandler                           0x00000579   Thumb Code    32  adc.o(.text.ADC_IRQHandler)
    ADC_StartConvertion                      0x0000059d   Thumb Code    18  adc.o(.text.ADC_StartConvertion)
    Console_Task                             0x000005b1   Thumb Code   128  console.o(.text.Console_Task)
    DMA_IRQHandler                           0x00000669   Thumb Code   266  gpdma_lpc17xx.o(.text.DMA_IRQHandler)
    EINT0_IRQHandler                         0x00000775   Thumb Code    60  buttons.o(.text.EINT0_IRQHandler)
    EINT3_IRQHandler                         0x000007e1   Thumb Code    52  main.o(.text.EINT3_IRQHandler)
    GetASCIICode                             0x00000829   Thumb Code    50  asciilib.o(.text.GetASCIICode)
    PIN_Configure                            0x0000085d   Thumb Code   116  pin_lpc17xx.o(.text.PIN_Configure)
    RTC_IRQHandler                           0x000008d1   Thumb Code    30  main.o(.text.RTC_IRQHandler)
    SSP0_IRQHandler                          0x000008f1   Thumb Code   226  ssp_lpc17xx.o(.text.SSP0_IRQHandler)
    SysTick_Handler                          0x000009d5   Thumb Code    16  timer.o(.text.SysTick_Handler)
    SystemInit                               0x000009e5   Thumb Code   204  system_lpc17xx.o(.text.SystemInit)
    TIMER0_IRQHandler                        0x00000ab1   Thumb Code    12  main.o(.text.TIMER0_IRQHandler)
    Timer_Init                               0x00000abd   Thumb Code    40  timer.o(.text.Timer_Init)
    UART0_IRQHandler                         0x00000ae5   Thumb Code   538  uart_lpc17xx.o(.text.UART0_IRQHandler)
    UART_GetMessage                          0x00000d01   Thumb Code    60  uart.o(.text.UART_GetMessage)
    UART_Init                                0x00000d3d   Thumb Code   114  uart.o(.text.UART_Init)
    UART_IsMsgReady                          0x00000db1   Thumb Code    12  uart.o(.text.UART_IsMsgReady)
    UART_ReadTask                            0x00000dbd   Thumb Code   182  uart.o(.text.UART_ReadTask)
    UART_Send                                0x00000e75   Thumb Code    34  uart.o(.text.UART_Send)
    UART_SendNum                             0x00000e99   Thumb Code    68  uart.o(.text.UART_SendNum)
    drawLine                                 0x00000ee1   Thumb Code   212  lcd.o(.text.drawLine)
    drawText                                 0x00000fb5   Thumb Code   186  lcd.o(.text.drawText)
    initADC                                  0x00001071   Thumb Code   104  adc.o(.text.initADC)
    initLCD                                  0x00001111   Thumb Code   316  lcd.o(.text.initLCD)
    init_ILI9325                             0x00001255   Thumb Code   440  lcd_ili9325.o(.text.init_ILI9325)
    lcdConfiguration                         0x0000140d   Thumb Code    38  open1768_lcd.o(.text.lcdConfiguration)
    lcdReadReg                               0x00001435   Thumb Code   232  open1768_lcd.o(.text.lcdReadReg)
    lcdWriteData                             0x0000151d   Thumb Code    90  open1768_lcd.o(.text.lcdWriteData)
    lcdWriteIndex                            0x00001579   Thumb Code   114  open1768_lcd.o(.text.lcdWriteIndex)
    lcdWriteReg                              0x000015ed   Thumb Code   182  open1768_lcd.o(.text.lcdWriteReg)
    main                                     0x000016a5   Thumb Code   124  main.o(.text.main)
    Region$$Table$$Base                      0x0000238c   Number         0  anon$$obj.o(Region$$Table)
    Region$$Table$$Limit                     0x000023ac   Number         0  anon$$obj.o(Region$$Table)
    __libspace_start                         0x2007c000   Data          96  libspace.o(.bss)
    __temporary_stack_top$libspace           0x2007c060   Data           0  libspace.o(.bss)
    UART_buffer                              0x2007c130   Data         256  uart.o(.bss.UART_buffer)
    buttonClicked                            0x2007c230   Data           1  buttons.o(.bss.buttonClicked)
    sysTicks                                 0x2007c238   Data           4  timer.o(.bss.sysTicks)



==============================================================================

Memory Map of the image

  Image Entry point : 0x000000cd

  Load Region LR_IROM1 (Base: 0x00000000, Size: 0x000023ac, Max: 0x00080000, ABSOLUTE)

    Execution Region ER_IROM1 (Exec base: 0x00000000, Load base: 0x00000000, Size: 0x000023ac, Max: 0x00080000, ABSOLUTE)

    Exec Addr    Load Addr    Size         Type   Attr      Idx    E Section Name        Object

    0x00000000   0x00000000   0x000000cc   Data   RO          365    RESET               startup_lpc17xx.o
    0x000000cc   0x000000cc   0x00000008   Code   RO          517  * !!!main             c_w.l(__main.o)
    0x000000d4   0x000000d4   0x00000034   Code   RO          780    !!!scatter          c_w.l(__scatter.o)
    0x00000108   0x00000108   0x0000001c   Code   RO          782    !!handler_zi        c_w.l(__scatter_zi.o)
    0x00000124   0x00000124   0x00000000   Code   RO          504    .ARM.Collect$$_printf_percent$$00000000  c_w.l(_printf_percent.o)
    0x00000124   0x00000124   0x00000006   Code   RO          503    .ARM.Collect$$_printf_percent$$00000009  c_w.l(_printf_d.o)
    0x0000012a   0x0000012a   0x00000006   Code   RO          502    .ARM.Collect$$_printf_percent$$0000000C  c_w.l(_printf_x.o)
    0x00000130   0x00000130   0x00000004   Code   RO          577    .ARM.Collect$$_printf_percent$$00000017  c_w.l(_printf_percent_end.o)
    0x00000134   0x00000134   0x00000002   Code   RO          715    .ARM.Collect$$libinit$$00000000  c_w.l(libinit.o)
    0x00000136   0x00000136   0x00000000   Code   RO          583    .ARM.Collect$$libinit$$00000002  c_w.l(libinit2.o)
    0x00000136   0x00000136   0x00000000   Code   RO          585    .ARM.Collect$$libinit$$00000004  c_w.l(libinit2.o)
    0x00000136   0x00000136   0x00000000   Code   RO          587    .ARM.Collect$$libinit$$00000006  c_w.l(libinit2.o)
    0x00000136   0x00000136   0x00000000   Code   RO          590    .ARM.Collect$$libinit$$0000000C  c_w.l(libinit2.o)
    0x00000136   0x00000136   0x00000000   Code   RO          592    .ARM.Collect$$libinit$$0000000E  c_w.l(libinit2.o)
    0x00000136   0x00000136   0x00000000   Code   RO          594    .ARM.Collect$$libinit$$00000010  c_w.l(libinit2.o)
    0x00000136   0x00000136   0x00000000   Code   RO          597    .ARM.Collect$$libinit$$00000013  c_w.l(libinit2.o)
    0x00000136   0x00000136   0x00000000   Code   RO          599    .ARM.Collect$$libinit$$00000015  c_w.l(libinit2.o)
    0x00000136   0x00000136   0x00000000   Code   RO          601    .ARM.Collect$$libinit$$00000017  c_w.l(libinit2.o)
    0x00000136   0x00000136   0x00000000   Code   RO          603    .ARM.Collect$$libinit$$00000019  c_w.l(libinit2.o)
    0x00000136   0x00000136   0x00000000   Code   RO          605    .ARM.Collect$$libinit$$0000001B  c_w.l(libinit2.o)
    0x00000136   0x00000136   0x00000000   Code   RO          607    .ARM.Collect$$libinit$$0000001D  c_w.l(libinit2.o)
    0x00000136   0x00000136   0x00000000   Code   RO          609    .ARM.Collect$$libinit$$0000001F  c_w.l(libinit2.o)
    0x00000136   0x00000136   0x00000000   Code   RO          611    .ARM.Collect$$libinit$$00000021  c_w.l(libinit2.o)
    0x00000136   0x00000136   0x00000000   Code   RO          613    .ARM.Collect$$libinit$$00000023  c_w.l(libinit2.o)
    0x00000136   0x00000136   0x00000000   Code   RO          615    .ARM.Collect$$libinit$$00000025  c_w.l(libinit2.o)
    0x00000136   0x00000136   0x00000000   Code   RO          617    .ARM.Collect$$libinit$$00000027  c_w.l(libinit2.o)
    0x00000136   0x00000136   0x00000000   Code   RO          621    .ARM.Collect$$libinit$$0000002E  c_w.l(libinit2.o)
    0x00000136   0x00000136   0x00000000   Code   RO          623    .ARM.Collect$$libinit$$00000030  c_w.l(libinit2.o)
    0x00000136   0x00000136   0x00000000   Code   RO          625    .ARM.Collect$$libinit$$00000032  c_w.l(libinit2.o)
    0x00000136   0x00000136   0x00000000   Code   RO          627    .ARM.Collect$$libinit$$00000034  c_w.l(libinit2.o)
    0x00000136   0x00000136   0x00000002   Code   RO          628    .ARM.Collect$$libinit$$00000035  c_w.l(libinit2.o)
    0x00000138   0x00000138   0x00000002   Code   RO          777    .ARM.Collect$$libshutdown$$00000000  c_w.l(libshutdown.o)
    0x0000013a   0x0000013a   0x00000000   Code   RO          733    .ARM.Collect$$libshutdown$$00000002  c_w.l(libshutdown2.o)
    0x0000013a   0x0000013a   0x00000000   Code   RO          735    .ARM.Collect$$libshutdown$$00000004  c_w.l(libshutdown2.o)
    0x0000013a   0x0000013a   0x00000000   Code   RO          738    .ARM.Collect$$libshutdown$$00000007  c_w.l(libshutdown2.o)
    0x0000013a   0x0000013a   0x00000000   Code   RO          741    .ARM.Collect$$libshutdown$$0000000A  c_w.l(libshutdown2.o)
    0x0000013a   0x0000013a   0x00000000   Code   RO          743    .ARM.Collect$$libshutdown$$0000000C  c_w.l(libshutdown2.o)
    0x0000013a   0x0000013a   0x00000000   Code   RO          746    .ARM.Collect$$libshutdown$$0000000F  c_w.l(libshutdown2.o)
    0x0000013a   0x0000013a   0x00000002   Code   RO          747    .ARM.Collect$$libshutdown$$00000010  c_w.l(libshutdown2.o)
    0x0000013c   0x0000013c   0x00000000   Code   RO          543    .ARM.Collect$$rtentry$$00000000  c_w.l(__rtentry.o)
    0x0000013c   0x0000013c   0x00000000   Code   RO          648    .ARM.Collect$$rtentry$$00000002  c_w.l(__rtentry2.o)
    0x0000013c   0x0000013c   0x00000006   Code   RO          660    .ARM.Collect$$rtentry$$00000004  c_w.l(__rtentry4.o)
    0x00000142   0x00000142   0x00000000   Code   RO          650    .ARM.Collect$$rtentry$$00000009  c_w.l(__rtentry2.o)
    0x00000142   0x00000142   0x00000004   Code   RO          651    .ARM.Collect$$rtentry$$0000000A  c_w.l(__rtentry2.o)
    0x00000146   0x00000146   0x00000000   Code   RO          653    .ARM.Collect$$rtentry$$0000000C  c_w.l(__rtentry2.o)
    0x00000146   0x00000146   0x00000008   Code   RO          654    .ARM.Collect$$rtentry$$0000000D  c_w.l(__rtentry2.o)
    0x0000014e   0x0000014e   0x00000002   Code   RO          720    .ARM.Collect$$rtexit$$00000000  c_w.l(rtexit.o)
    0x00000150   0x00000150   0x00000000   Code   RO          753    .ARM.Collect$$rtexit$$00000002  c_w.l(rtexit2.o)
    0x00000150   0x00000150   0x00000004   Code   RO          754    .ARM.Collect$$rtexit$$00000003  c_w.l(rtexit2.o)
    0x00000154   0x00000154   0x00000006   Code   RO          755    .ARM.Collect$$rtexit$$00000004  c_w.l(rtexit2.o)
    0x0000015a   0x0000015a   0x00000002   PAD
    0x0000015c   0x0000015c   0x0000003c   Code   RO          367    .text               startup_lpc17xx.o
    0x00000198   0x00000198   0x00000028   Code   RO          455    .text               c_w.l(noretval__2sprintf.o)
    0x000001c0   0x000001c0   0x00000068   Code   RO          457    .text               c_w.l(__printf.o)
    0x00000228   0x00000228   0x00000078   Code   RO          459    .text               c_w.l(_printf_dec.o)
    0x000002a0   0x000002a0   0x00000058   Code   RO          464    .text               c_w.l(_printf_hex_int.o)
    0x000002f8   0x000002f8   0x00000002   Code   RO          687    .text               c_w.l(use_no_semi.o)
    0x000002fa   0x000002fa   0x00000000   Code   RO          689    .text               c_w.l(indicate_semi.o)
    0x000002fa   0x000002fa   0x00000002   PAD
    0x000002fc   0x000002fc   0x00000004   Code   RO          366    .ARM.__at_0x02FC    startup_lpc17xx.o
    0x00000300   0x00000300   0x00000024   Code   RO          505    .text               c_w.l(strstr.o)
    0x00000324   0x00000324   0x00000058   Code   RO          507    .text               c_w.l(memcmp.o)
    0x0000037c   0x0000037c   0x00000048   Code   RO          509    .text               c_w.l(strcpy.o)
    0x000003c4   0x000003c4   0x0000004e   Code   RO          513    .text               c_w.l(rt_memclr_w.o)
    0x00000412   0x00000412   0x00000006   Code   RO          515    .text               c_w.l(heapauxi.o)
    0x00000418   0x00000418   0x000000b2   Code   RO          571    .text               c_w.l(_printf_intcommon.o)
    0x000004ca   0x000004ca   0x00000002   PAD
    0x000004cc   0x000004cc   0x00000030   Code   RO          573    .text               c_w.l(_printf_char_common.o)
    0x000004fc   0x000004fc   0x0000000a   Code   RO          575    .text               c_w.l(_sputc.o)
    0x00000506   0x00000506   0x00000002   PAD
    0x00000508   0x00000508   0x00000008   Code   RO          644    .text               c_w.l(libspace.o)
    0x00000510   0x00000510   0x0000004a   Code   RO          690    .text               c_w.l(sys_stackheap_outer.o)
    0x0000055a   0x0000055a   0x00000012   Code   RO          696    .text               c_w.l(exit.o)
    0x0000056c   0x0000056c   0x0000000c   Code   RO          716    .text               c_w.l(sys_exit.o)
    0x00000578   0x00000578   0x00000024   Code   RO           77    .text.ADC_IRQHandler  adc.o
    0x0000059c   0x0000059c   0x00000012   Code   RO           75    .text.ADC_StartConvertion  adc.o
    0x000005ae   0x000005ae   0x00000002   PAD
    0x000005b0   0x000005b0   0x000000b8   Code   RO          128    .text.Console_Task  console.o
    0x00000668   0x00000668   0x0000010a   Code   RO          317    .text.DMA_IRQHandler  gpdma_lpc17xx.o
    0x00000772   0x00000772   0x00000002   PAD
    0x00000774   0x00000774   0x0000006c   Code   RO           57    .text.EINT0_IRQHandler  buttons.o
    0x000007e0   0x000007e0   0x00000048   Code   RO           41    .text.EINT3_IRQHandler  main.o
    0x00000828   0x00000828   0x00000032   Code   RO          177    .text.GetASCIICode  asciilib.o
    0x0000085a   0x0000085a   0x00000002   PAD
    0x0000085c   0x0000085c   0x00000074   Code   RO          350    .text.PIN_Configure  pin_lpc17xx.o
    0x000008d0   0x000008d0   0x0000001e   Code   RO           39    .text.RTC_IRQHandler  main.o
    0x000008ee   0x000008ee   0x00000002   PAD
    0x000008f0   0x000008f0   0x000000e2   Code   RO          206    .text.SSP0_IRQHandler  ssp_lpc17xx.o
    0x000009d2   0x000009d2   0x00000002   PAD
    0x000009d4   0x000009d4   0x00000010   Code   RO           88    .text.SysTick_Handler  timer.o
    0x000009e4   0x000009e4   0x000000cc   Code   RO          378    .text.SystemInit    system_lpc17xx.o
    0x00000ab0   0x00000ab0   0x0000000c   Code   RO           37    .text.TIMER0_IRQHandler  main.o
    0x00000abc   0x00000abc   0x00000028   Code   RO           86    .text.Timer_Init    timer.o
    0x00000ae4   0x00000ae4   0x0000021a   Code   RO          248    .text.UART0_IRQHandler  uart_lpc17xx.o
    0x00000cfe   0x00000cfe   0x00000002   PAD
    0x00000d00   0x00000d00   0x0000003c   Code   RO          110    .text.UART_GetMessage  uart.o
    0x00000d3c   0x00000d3c   0x00000072   Code   RO          104    .text.UART_Init     uart.o
    0x00000dae   0x00000dae   0x00000002   PAD
    0x00000db0   0x00000db0   0x0000000c   Code   RO          108    .text.UART_IsMsgReady  uart.o
    0x00000dbc   0x00000dbc   0x000000b6   Code   RO          106    .text.UART_ReadTask  uart.o
    0x00000e72   0x00000e72   0x00000002   PAD
    0x00000e74   0x00000e74   0x00000022   Code   RO           98    .text.UART_Send     uart.o
    0x00000e96   0x00000e96   0x00000002   PAD
    0x00000e98   0x00000e98   0x00000048   Code   RO          100    .text.UART_SendNum  uart.o
    0x00000ee0   0x00000ee0   0x000000d4   Code   RO           16    .text.drawLine      lcd.o
    0x00000fb4   0x00000fb4   0x000000ba   Code   RO           20    .text.drawText      lcd.o
    0x0000106e   0x0000106e   0x00000002   PAD
    0x00001070   0x00001070   0x000000a0   Code   RO           73    .text.initADC       adc.o
    0x00001110   0x00001110   0x00000144   Code   RO            4    .text.initLCD       lcd.o
    0x00001254   0x00001254   0x000001b8   Code   RO          189    .text.init_ILI9325  lcd_ili9325.o
    0x0000140c   0x0000140c   0x00000026   Code   RO          149    .text.lcdConfiguration  open1768_lcd.o
    0x00001432   0x00001432   0x00000002   PAD
    0x00001434   0x00001434   0x000000e8   Code   RO          165    .text.lcdReadReg    open1768_lcd.o
    0x0000151c   0x0000151c   0x0000005a   Code   RO          159    .text.lcdWriteData  open1768_lcd.o
    0x00001576   0x00001576   0x00000002   PAD
    0x00001578   0x00001578   0x00000072   Code   RO          157    .text.lcdWriteIndex  open1768_lcd.o
    0x000015ea   0x000015ea   0x00000002   PAD
    0x000015ec   0x000015ec   0x000000b6   Code   RO          163    .text.lcdWriteReg   open1768_lcd.o
    0x000016a2   0x000016a2   0x00000002   PAD
    0x000016a4   0x000016a4   0x000000bc   Code   RO           43    .text.main          main.o
    0x00001760   0x00001760   0x00000028   Data   RO          465    .constdata          c_w.l(_printf_hex_int.o)
    0x00001788   0x00001788   0x00000be0   Data   RO          179    .rodata.AsciiLib    asciilib.o
    0x00002368   0x00002368   0x00000004   Data   RO           24    .rodata.str1.1      lcd.o
    0x0000236c   0x0000236c   0x00000020   Data   RO          116    .rodata.str1.1      uart.o
    0x0000238c   0x0000238c   0x00000020   Data   RO          779    Region$$Table       anon$$obj.o


    Execution Region RW_IRAM1 (Exec base: 0x10000000, Load base: 0x000023ac, Size: 0x00000240, Max: 0x00008000, ABSOLUTE)

    Exec Addr    Load Addr    Size         Type   Attr      Idx    E Section Name        Object

    0x10000000        -       0x00000001   Zero   RW           45    .bss.RTC_IRQHandler.flag  main.o
    0x10000001   0x000023ac   0x00000003   PAD
    0x10000004        -       0x00000001   Zero   RW          233    .bss.SSP0_Info.2    ssp_lpc17xx.o
    0x10000005   0x000023ac   0x00000003   PAD
    0x10000008        -       0x00000034   Zero   RW          290    .bss.USART0_Info    uart_lpc17xx.o
    0x1000003c        -       0x00000001   Zero   RW          117    .bss.msgReceived    uart.o
    0x1000003d   0x000023ac   0x00000003   PAD
    0x10000040        -       0x00000200   Zero   RW          363    STACK               startup_lpc17xx.o


    Execution Region RW_IRAM2 (Exec base: 0x2007c000, Load base: 0x000023ac, Size: 0x00000240, Max: 0x00008000, ABSOLUTE)

    Exec Addr    Load Addr    Size         Type   Attr      Idx    E Section Name        Object

    0x2007c000        -       0x00000060   Zero   RW          645    .bss                c_w.l(libspace.o)
    0x2007c060        -       0x00000004   Zero   RW          321    .bss.Channel_active  gpdma_lpc17xx.o
    0x2007c064        -       0x000000a0   Zero   RW          320    .bss.Channel_info   gpdma_lpc17xx.o
    0x2007c104        -       0x00000004   Zero   RW           62    .bss.EINT0_IRQHandler.lastInt  buttons.o
    0x2007c108        -       0x00000004   Zero   RW           46    .bss.EINT3_IRQHandler.lastInt  main.o
    0x2007c10c        -       0x00000004   Zero   RW          231    .bss.SSP0_Info.0    ssp_lpc17xx.o
    0x2007c110        -       0x00000001   Zero   RW          232    .bss.SSP0_Info.1    ssp_lpc17xx.o
    0x2007c111   0x000023ac   0x00000003   PAD
    0x2007c114        -       0x0000001c   Zero   RW          236    .bss.SSP0_Xfer      ssp_lpc17xx.o
    0x2007c130        -       0x00000100   Zero   RW          119    .bss.UART_buffer    uart.o
    0x2007c230        -       0x00000001   Zero   RW           61    .bss.buttonClicked  buttons.o
    0x2007c231   0x000023ac   0x00000003   PAD
    0x2007c234        -       0x00000004   Zero   RW          118    .bss.currBuffSize   uart.o
    0x2007c238        -       0x00000004   Zero   RW           90    .bss.sysTicks       timer.o
    0x2007c23c   0x000023ac   0x00000004   PAD
    0x2007c240        -       0x00000000   Zero   RW          364    HEAP                startup_lpc17xx.o


==============================================================================

Image component sizes


      Code (inc. data)   RO Data    RW Data    ZI Data      Debug   Object Name

       214         60          0          0          0       4003   adc.o
        50          0       3040          0          0        722   asciilib.o
       108         48          0          0          5       4841   buttons.o
       184         56          0          0          0       1140   console.o
       266          0          0          0        164       7466   gpdma_lpc17xx.o
       722          8          4          0          0       7230   lcd.o
       440          0          0          0          0        796   lcd_ili9325.o
       302         84          0          0          5       5185   main.o
       656          0          0          0          0       5947   open1768_lcd.o
       116          0          0          0          0       2525   pin_lpc17xx.o
       226          0          0          0         34      13265   ssp_lpc17xx.o
        64         26        204          0        512       1040   startup_lpc17xx.o
       204          0          0          0          0       2135   system_lpc17xx.o
        56          0          0          0          4       3332   timer.o
       474          4         32          0        261       9621   uart.o
       538          0          0          0         52      18661   uart_lpc17xx.o

    ----------------------------------------------------------------------
      4648        286       3312          0       1056      87909   Object Totals
         0          0         32          0          0          0   (incl. Generated)
        28          0          0          0         19          0   (incl. Padding)

    ----------------------------------------------------------------------

      Code (inc. data)   RO Data    RW Data    ZI Data      Debug   Library Member Name

         8          0          0          0          0         68   __main.o
       104          0          0          0          0         84   __printf.o
         0          0          0          0          0          0   __rtentry.o
        12          0          0          0          0          0   __rtentry2.o
         6          0          0          0          0          0   __rtentry4.o
        52          8          0          0          0          0   __scatter.o
        28          0          0          0          0          0   __scatter_zi.o
        48          6          0          0          0         96   _printf_char_common.o
         6          0          0          0          0          0   _printf_d.o
       120         16          0          0          0         92   _printf_dec.o
        88          4         40          0          0         88   _printf_hex_int.o
       178          0          0          0          0         88   _printf_intcommon.o
         0          0          0          0          0          0   _printf_percent.o
         4          0          0          0          0          0   _printf_percent_end.o
         6          0          0          0          0          0   _printf_x.o
        10          0          0          0          0         68   _sputc.o
        18          0          0          0          0         80   exit.o
         6          0          0          0          0        152   heapauxi.o
         0          0          0          0          0          0   indicate_semi.o
         2          0          0          0          0          0   libinit.o
         2          0          0          0          0          0   libinit2.o
         2          0          0          0          0          0   libshutdown.o
         2          0          0          0          0          0   libshutdown2.o
         8          4          0          0         96         68   libspace.o
        88          0          0          0          0         76   memcmp.o
        40          6          0          0          0         84   noretval__2sprintf.o
        78          0          0          0          0         80   rt_memclr_w.o
         2          0          0          0          0          0   rtexit.o
        10          0          0          0          0          0   rtexit2.o
        72          0          0          0          0         80   strcpy.o
        36          0          0          0          0         80   strstr.o
        12          4          0          0          0         68   sys_exit.o
        74          0          0          0          0         80   sys_stackheap_outer.o
         2          0          0          0          0         68   use_no_semi.o

    ----------------------------------------------------------------------
      1132         48         40          0         96       1500   Library Totals
         8          0          0          0          0          0   (incl. Padding)

    ----------------------------------------------------------------------

      Code (inc. data)   RO Data    RW Data    ZI Data      Debug   Library Name

      1124         48         40          0         96       1500   c_w.l

    ----------------------------------------------------------------------
      1132         48         40          0         96       1500   Library Totals

    ----------------------------------------------------------------------

==============================================================================


      Code (inc. data)   RO Data    RW Data    ZI Data      Debug   

      5780        334       3352          0       1152      88381   Grand Totals
      5780        334       3352          0       1152      88381   ELF Image Totals
      5780        334       3352          0          0          0   ROM Totals

==============================================================================

    Total RO  Size (Code + RO Data)                 9132 (   8.92kB)
    Total RW  Size (RW Data + ZI Data)              1152 (   1.12kB)
    Total ROM Size (Code + RO Data + RW Data)       9132 (   8.92kB)

==============================================================================

