Component: ARM Compiler 5.06 update 6 (build 750) Tool: armlink [4d35ed]

==============================================================================

Section Cross References

    asciilib.o(i.GetASCIICode) refers to rt_memcpy_v6.o(.text) for __aeabi_memcpy
    asciilib.o(i.GetASCIICode) refers to asciilib.o(.constdata) for AsciiLib
    lcd.o(i.displayTextire) refers to open1768_lcd.o(i.lcdWriteReg) for lcdWriteReg
    lcd.o(i.displayTextire) refers to open1768_lcd.o(i.lcdWriteIndex) for lcdWriteIndex
    lcd.o(i.displayTextire) refers to open1768_lcd.o(i.lcdWriteData) for lcdWriteData
    lcd.o(i.displayTextire) refers to uart.o(i.UART_Send) for UART_Send
    lcd.o(i.displayTextire) refers to uart.o(i.UART_SendNum) for UART_SendNum
    lcd.o(i.displayTextire) refers to main.o(.data) for sysTicks
    lcd.o(i.drawBackGround) refers to open1768_lcd.o(i.lcdWriteReg) for lcdWriteReg
    lcd.o(i.drawBackGround) refers to open1768_lcd.o(i.lcdWriteIndex) for lcdWriteIndex
    lcd.o(i.drawBackGround) refers to open1768_lcd.o(i.lcdWriteData) for lcdWriteData
    lcd.o(i.drawLine) refers to dflt_clz.o(x$fpl$dflt) for __aeabi_i2d
    lcd.o(i.drawLine) refers to dmul.o(x$fpl$dmul) for __aeabi_dmul
    lcd.o(i.drawLine) refers to ddiv.o(x$fpl$ddiv) for __aeabi_ddiv
    lcd.o(i.drawLine) refers to d2f.o(x$fpl$d2f) for __aeabi_d2f
    lcd.o(i.drawLine) refers to open1768_lcd.o(i.lcdWriteReg) for lcdWriteReg
    lcd.o(i.drawLine) refers to fflt_clz.o(x$fpl$fflt) for __aeabi_i2f
    lcd.o(i.drawLine) refers to faddsub_clz.o(x$fpl$fadd) for __aeabi_fadd
    lcd.o(i.drawLine) refers to ffixu.o(x$fpl$ffixu) for __aeabi_f2uiz
    lcd.o(i.drawLine) refers to open1768_lcd.o(i.lcdWriteIndex) for lcdWriteIndex
    lcd.o(i.drawLine) refers to open1768_lcd.o(i.lcdWriteData) for lcdWriteData
    lcd.o(i.drawLine) refers to fleqf.o(x$fpl$fleqf) for __aeabi_cfcmple
    lcd.o(i.drawRectangle) refers to open1768_lcd.o(i.lcdWriteReg) for lcdWriteReg
    lcd.o(i.drawRectangle) refers to open1768_lcd.o(i.lcdWriteIndex) for lcdWriteIndex
    lcd.o(i.drawRectangle) refers to open1768_lcd.o(i.lcdWriteData) for lcdWriteData
    lcd.o(i.drawText) refers to asciilib.o(i.GetASCIICode) for GetASCIICode
    lcd.o(i.drawText) refers to open1768_lcd.o(i.lcdWriteReg) for lcdWriteReg
    lcd.o(i.drawText) refers to open1768_lcd.o(i.lcdWriteIndex) for lcdWriteIndex
    lcd.o(i.drawText) refers to open1768_lcd.o(i.lcdWriteData) for lcdWriteData
    lcd.o(i.drawTextNoBg) refers to asciilib.o(i.GetASCIICode) for GetASCIICode
    lcd.o(i.drawTextNoBg) refers to open1768_lcd.o(i.lcdWriteReg) for lcdWriteReg
    lcd.o(i.drawTextNoBg) refers to open1768_lcd.o(i.lcdWriteIndex) for lcdWriteIndex
    lcd.o(i.drawTextNoBg) refers to open1768_lcd.o(i.lcdWriteData) for lcdWriteData
    lcd.o(i.initLCD) refers to _printf_percent.o(.ARM.Collect$$_printf_percent$$00000000) for _printf_percent
    lcd.o(i.initLCD) refers to _printf_x.o(.ARM.Collect$$_printf_percent$$0000000C) for _printf_x
    lcd.o(i.initLCD) refers to _printf_hex_int.o(.text) for _printf_longlong_hex
    lcd.o(i.initLCD) refers to open1768_lcd.o(i.lcdConfiguration) for lcdConfiguration
    lcd.o(i.initLCD) refers to open1768_lcd.o(i.lcdReadReg) for lcdReadReg
    lcd.o(i.initLCD) refers to rt_memclr_w.o(.text) for __aeabi_memclr4
    lcd.o(i.initLCD) refers to noretval__2sprintf.o(.text) for __2sprintf
    lcd.o(i.initLCD) refers to uart.o(i.UART_Send) for UART_Send
    lcd.o(i.initLCD) refers to lcd_ili9325.o(i.init_ILI9325) for init_ILI9325
    lcd.o(i.initLCD) refers to lcd.o(i.displayTextire) for displayTextire
    lcd_ili9325.o(i.init_ILI9325) refers to open1768_lcd.o(i.lcdWriteReg) for lcdWriteReg
    lcd_ili9325.o(i.init_ILI9325) refers to lcd_ili9325.o(i.delay_ms) for delay_ms
    uart.o(i.InilializeUsart) refers to uart.o(i.ARM_USART_eventFunc) for ARM_USART_eventFunc
    uart.o(i.UART_Init) refers to pin_lpc17xx.o(i.PIN_Configure) for PIN_Configure
    uart.o(i.UART_Init) refers to uart.o(i.UART_Send) for UART_Send
    uart.o(i.UART_ReadTask) refers to uart.o(i.UART_Send) for UART_Send
    uart.o(i.UART_SendNum) refers to _printf_percent.o(.ARM.Collect$$_printf_percent$$00000000) for _printf_percent
    uart.o(i.UART_SendNum) refers to _printf_d.o(.ARM.Collect$$_printf_percent$$00000009) for _printf_d
    uart.o(i.UART_SendNum) refers to _printf_dec.o(.text) for _printf_int_dec
    uart.o(i.UART_SendNum) refers to rt_memclr_w.o(.text) for __aeabi_memclr4
    uart.o(i.UART_SendNum) refers to noretval__2sprintf.o(.text) for __2sprintf
    uart.o(i.UART_SendNum) refers to uart.o(i.UART_Send) for UART_Send
    main.o(i.EINT3_IRQHandler) refers to uart.o(i.UART_Send) for UART_Send
    main.o(i.EINT3_IRQHandler) refers to main.o(.data) for sysTicks
    main.o(i.GPIO_Init) refers to pin_lpc17xx.o(i.PIN_Configure) for PIN_Configure
    main.o(i.GPIO_Init) refers to main.o(i.__NVIC_EnableIRQ) for __NVIC_EnableIRQ
[...]
    Removing gpio_lpc17xx.o(i.GPIO_PortRead), (20 bytes).
    Removing gpio_lpc17xx.o(i.GPIO_PortWrite), (32 bytes).
    Removing pin_lpc17xx.o(.rev16_text), (4 bytes).
    Removing pin_lpc17xx.o(.revsh_text), (4 bytes).
    Removing pin_lpc17xx.o(.rrx_text), (6 bytes).
    Removing pin_lpc17xx.o(i.PIN_ConfigureI2C0Pins), (32 bytes).
    Removing pin_lpc17xx.o(i.PIN_ConfigureTPIU), (40 bytes).
    Removing system_lpc17xx.o(.rev16_text), (4 bytes).
    Removing system_lpc17xx.o(.revsh_text), (4 bytes).
    Removing system_lpc17xx.o(.rrx_text), (6 bytes).
    Removing system_lpc17xx.o(i.SystemCoreClockUpdate), (424 bytes).

64 unused section(s) (total 5156 bytes) removed from the image.

==============================================================================

Image Symbol Table

    Local Symbols

    Symbol Name                              Value     Ov Type        Size  Object(Section)

    RESET                                    0x00000000   Section      204  startup_lpc17xx.o(RESET)
    ../clib/angel/boardlib.s                 0x00000000   Number         0  boardshut.o ABSOLUTE
    ../clib/angel/boardlib.s                 0x00000000   Number         0  boardinit3.o ABSOLUTE
    ../clib/angel/boardlib.s                 0x00000000   Number         0  boardinit2.o ABSOLUTE
    ../clib/angel/boardlib.s                 0x00000000   Number         0  boardinit1.o ABSOLUTE
    ../clib/angel/handlers.s                 0x00000000   Number         0  __scatter_zi.o ABSOLUTE
    ../clib/angel/handlers.s                 0x00000000   Number         0  __scatter_copy.o ABSOLUTE
    ../clib/angel/kernel.s                   0x00000000   Number         0  rtexit.o ABSOLUTE
    ../clib/angel/kernel.s                   0x00000000   Number         0  __rtentry4.o ABSOLUTE
    ../clib/angel/kernel.s                   0x00000000   Number         0  rtexit2.o ABSOLUTE
    ../clib/angel/kernel.s                   0x00000000   Number         0  __rtentry2.o ABSOLUTE
    ../clib/angel/kernel.s                   0x00000000   Number         0  __rtentry.o ABSOLUTE
    ../clib/angel/rt.s                       0x00000000   Number         0  rt_div0.o ABSOLUTE
    ../clib/angel/rt.s                       0x00000000   Number         0  aeabi_ldiv0_sigfpe.o ABSOLUTE
    ../clib/angel/rt.s                       0x00000000   Number         0  rt_raise.o ABSOLUTE
    ../clib/angel/rt.s                       0x00000000   Number         0  aeabi_ldiv0.o ABSOLUTE
    ../clib/angel/scatter.s                  0x00000000   Number         0  __scatter.o ABSOLUTE
    ../clib/angel/startup.s                  0x00000000   Number         0  __main.o ABSOLUTE
    ../clib/angel/sys.s                      0x00000000   Number         0  libspace.o ABSOLUTE
    ../clib/angel/sys.s                      0x00000000   Number         0  indicate_semi.o ABSOLUTE
    ../clib/angel/sys.s                      0x00000000   Number         0  use_no_semi.o ABSOLUTE
    ../clib/angel/sys.s                      0x00000000   Number         0  sys_stackheap_outer.o ABSOLUTE
    ../clib/angel/sysapp.c                   0x00000000   Number         0  sys_command.o ABSOLUTE
    ../clib/angel/sysapp.c                   0x00000000   Number         0  sys_exit.o ABSOLUTE
    ../clib/angel/sysapp.c                   0x00000000   Number         0  sys_wrch.o ABSOLUTE
    ../clib/armsys.c                         0x00000000   Number         0  argv_veneer.o ABSOLUTE
    ../clib/armsys.c                         0x00000000   Number         0  _get_argv_nomalloc.o ABSOLUTE
    ../clib/armsys.c                         0x00000000   Number         0  argv_veneer.o ABSOLUTE
    ../clib/armsys.c                         0x00000000   Number         0  no_argv.o ABSOLUTE
    ../clib/heapalloc.c                      0x00000000   Number         0  hrguard.o ABSOLUTE
    ../clib/heapaux.c                        0x00000000   Number         0  heapauxi.o ABSOLUTE
    ../clib/libinit.s                        0x00000000   Number         0  libinit2.o ABSOLUTE
    ../clib/libinit.s                        0x00000000   Number         0  libinit.o ABSOLUTE
    ../clib/libinit.s                        0x00000000   Number         0  libshutdown2.o ABSOLUTE
    ../clib/libinit.s                        0x00000000   Number         0  libshutdown.o ABSOLUTE
    ../clib/longlong.s                       0x00000000   Number         0  lludivv7m.o ABSOLUTE
    ../clib/memcpset.s                       0x00000000   Number         0  rt_memcpy_w.o ABSOLUTE
    ../clib/memcpset.s                       0x00000000   Number         0  rt_memclr_w.o ABSOLUTE
    ../clib/memcpset.s                       0x00000000   Number         0  rt_memcpy_v6.o ABSOLUTE
    ../clib/printf.c                         0x00000000   Number         0  _sputc.o ABSOLUTE
    ../clib/printf.c                         0x00000000   Number         0  __2sprintf.o ABSOLUTE
    ../clib/printf.c                         0x00000000   Number         0  noretval__2sprintf.o ABSOLUTE
    ../clib/printf.c                         0x00000000   Number         0  __printf.o ABSOLUTE
    ../clib/printf.c                         0x00000000   Number         0  _printf_dec.o ABSOLUTE
    ../clib/printf.c                         0x00000000   Number         0  _printf_hex_int.o ABSOLUTE
    ../clib/printf.c                         0x00000000   Number         0  _printf_hex_int_ll.o ABSOLUTE
    ../clib/printf.c                         0x00000000   Number         0  _printf_hex_ptr.o ABSOLUTE
    ../clib/printf.c                         0x00000000   Number         0  _printf_hex_int_ptr.o ABSOLUTE
    ../clib/printf.c                         0x00000000   Number         0  _printf_hex_ll_ptr.o ABSOLUTE
    ../clib/printf.c                         0x00000000   Number         0  _printf_hex_int_ll_ptr.o ABSOLUTE
    ../clib/printf.c                         0x00000000   Number         0  __printf_flags.o ABSOLUTE
    ../clib/printf.c                         0x00000000   Number         0  __printf_ss.o ABSOLUTE
    ../clib/printf.c                         0x00000000   Number         0  _printf_hex_ll.o ABSOLUTE
    ../clib/printf.c                         0x00000000   Number         0  __printf_wp.o ABSOLUTE
    ../clib/printf.c                         0x00000000   Number         0  __printf_flags_wp.o ABSOLUTE
    ../clib/printf.c                         0x00000000   Number         0  __printf_ss_wp.o ABSOLUTE
    ../clib/printf.c                         0x00000000   Number         0  __printf_flags_ss_wp.o ABSOLUTE
    ../clib/printf.c                         0x00000000   Number         0  __printf_nopercent.o ABSOLUTE
    ../clib/printf.c                         0x00000000   Number         0  __printf_flags_ss.o ABSOLUTE
    ../clib/printf.c                         0x00000000   Number         0  _printf_intcommon.o ABSOLUTE
    ../clib/printf.c                         0x00000000   Number         0  _printf_char_common.o ABSOLUTE
    ../clib/printf_percent.s                 0x00000000   Number         0  _printf_percent.o ABSOLUTE
    ../clib/printf_percent.s                 0x00000000   Number         0  _printf_d.o ABSOLUTE
    ../clib/printf_percent.s                 0x00000000   Number         0  _printf_x.o ABSOLUTE
    ../clib/printf_percent.s                 0x00000000   Number         0  _printf_percent_end.o ABSOLUTE
    ../clib/signal.c                         0x00000000   Number         0  defsig_fpe_inner.o ABSOLUTE
    ../clib/signal.c                         0x00000000   Number         0  defsig_rtred_inner.o ABSOLUTE
    ../clib/signal.c                         0x00000000   Number         0  defsig_general.o ABSOLUTE
    ../clib/signal.c                         0x00000000   Number         0  __raise.o ABSOLUTE
    ../clib/signal.c                         0x00000000   Number         0  defsig_rtmem_inner.o ABSOLUTE
    ../clib/signal.c                         0x00000000   Number         0  defsig_abrt_inner.o ABSOLUTE
    ../clib/signal.c                         0x00000000   Number         0  defsig_rtmem_outer.o ABSOLUTE
    ../clib/signal.c                         0x00000000   Number         0  defsig_cppl_inner.o ABSOLUTE
    ../clib/signal.c                         0x00000000   Number         0  defsig_rtmem_formal.o ABSOLUTE
    ../clib/signal.c                         0x00000000   Number         0  defsig_stak_inner.o ABSOLUTE
    ../clib/signal.c                         0x00000000   Number         0  defsig_other.o ABSOLUTE
    ../clib/signal.c                         0x00000000   Number         0  defsig_fpe_outer.o ABSOLUTE
    ../clib/signal.c                         0x00000000   Number         0  defsig_fpe_formal.o ABSOLUTE
    ../clib/signal.c                         0x00000000   Number         0  defsig_pvfn_inner.o ABSOLUTE
    ../clib/signal.c                         0x00000000   Number         0  defsig_exit.o ABSOLUTE
    ../clib/signal.c                         0x00000000   Number         0  defsig_segv_inner.o ABSOLUTE
    ../clib/signal.s                         0x00000000   Number         0  defsig.o ABSOLUTE
    ../clib/stdlib.c                         0x00000000   Number         0  exit.o ABSOLUTE
    ../fplib/d2f.s                           0x00000000   Number         0  d2f.o ABSOLUTE
    ../fplib/ddiv.s                          0x00000000   Number         0  ddiv.o ABSOLUTE
    ../fplib/dflt.s                          0x00000000   Number         0  dflt_clz.o ABSOLUTE
    ../fplib/dmul.s                          0x00000000   Number         0  dmul.o ABSOLUTE
    ../fplib/dnaninf.s                       0x00000000   Number         0  dnaninf.o ABSOLUTE
    ../fplib/dretinf.s                       0x00000000   Number         0  dretinf.o ABSOLUTE
    ../fplib/faddsub.s                       0x00000000   Number         0  faddsub_clz.o ABSOLUTE
    ../fplib/fcmpi.s                         0x00000000   Number         0  fcmpi.o ABSOLUTE
    ../fplib/ffixu.s                         0x00000000   Number         0  ffixu.o ABSOLUTE
    ../fplib/fflt.s                          0x00000000   Number         0  fflt_clz.o ABSOLUTE
    ../fplib/fleqf.s                         0x00000000   Number         0  fleqf.o ABSOLUTE
    ../fplib/fnaninf.s                       0x00000000   Number         0  fnaninf.o ABSOLUTE
    ../fplib/fpinit.s                        0x00000000   Number         0  fpinit.o ABSOLUTE
    ../fplib/fretinf.s                       0x00000000   Number         0  fretinf.o ABSOLUTE
    ../fplib/usenofp.s                       0x00000000   Number         0  usenofp.o ABSOLUTE
    C:\Keil_v5\ARM\PACK\Keil\LPC1700_DFP\2.6.1\RTE_Driver\GPDMA_LPC17xx.c 0x00000000   Number         0  gpdma_lpc17xx.o ABSOLUTE
    C:\Keil_v5\ARM\PACK\Keil\LPC1700_DFP\2.6.1\RTE_Driver\GPIO_LPC17xx.c 0x00000000   Number         0  gpio_lpc17xx.o ABSOLUTE
    C:\Keil_v5\ARM\PACK\Keil\LPC1700_DFP\2.6.1\RTE_Driver\PIN_LPC17xx.c 0x00000000   Number         0  pin_lpc17xx.o ABSOLUTE
    C:\Keil_v5\ARM\PACK\Keil\LPC1700_DFP\2.6.1\RTE_Driver\SSP_LPC17xx.c 0x00000000   Number         0  ssp_lpc17xx.o ABSOLUTE
    C:\Keil_v5\ARM\PACK\Keil\LPC1700_DFP\2.6.1\RTE_Driver\UART_LPC17xx.c 0x00000000   Number         0  uart_lpc17xx.o ABSOLUTE
    C:\\Keil_v5\\ARM\\PACK\\Keil\\LPC1700_DFP\\2.6.1\\RTE_Driver\\GPDMA_LPC17xx.c 0x00000000   Number         0  gpdma_lpc17xx.o ABSOLUTE
    C:\\Keil_v5\\ARM\\PACK\\Keil\\LPC1700_DFP\\2.6.1\\RTE_Driver\\GPIO_LPC17xx.c 0x00000000   Number         0  gpio_lpc17xx.o ABSOLUTE
    C:\\Keil_v5\\ARM\\PACK\\Keil\\LPC1700_DFP\\2.6.1\\RTE_Driver\\PIN_LPC17xx.c 0x00000000   Number         0  pin_lpc17xx.o ABSOLUTE
    C:\\Keil_v5\\ARM\\PACK\\Keil\\LPC1700_DFP\\2.6.1\\RTE_Driver\\SSP_LPC17xx.c 0x00000000   Number         0  ssp_lpc17xx.o ABSOLUTE
    C:\\Keil_v5\\ARM\\PACK\\Keil\\LPC1700_DFP\\2.6.1\\RTE_Driver\\UART_LPC17xx.c 0x00000000   Number         0  uart_lpc17xx.o ABSOLUTE
    RTE\Device\LPC1768\startup_LPC17xx.s     0x00000000   Number         0  startup_lpc17xx.o ABSOLUTE
    RTE\Device\LPC1768\system_LPC17xx.c      0x00000000   Number         0  system_lpc17xx.o ABSOLUTE
    RTE\\Device\\LPC1768\\system_LPC17xx.c   0x00000000   Number         0  system_lpc17xx.o ABSOLUTE
    dc.s                                     0x00000000   Number         0  dc.o ABSOLUTE
    src\ADC.c                                0x00000000   Number         0  adc.o ABSOLUTE
    src\LCD_ILI9325.c                        0x00000000   Number         0  lcd_ili9325.o ABSOLUTE
    src\Open1768_LCD.c                       0x00000000   Number         0  open1768_lcd.o ABSOLUTE
    src\\ADC.c                               0x00000000   Number         0  adc.o ABSOLUTE
    src\\LCD_ILI9325.c                       0x00000000   Number         0  lcd_ili9325.o ABSOLUTE
    src\\Open1768_LCD.c                      0x00000000   Number         0  open1768_lcd.o ABSOLUTE
    src\\buttons.c                           0x00000000   Number         0  buttons.o ABSOLUTE
    src\\lcd.c                               0x00000000   Number         0  lcd.o ABSOLUTE
    src\\main.c                              0x00000000   Number         0  main.o ABSOLUTE
    src\\uart.c                              0x00000000   Number         0  uart.o ABSOLUTE
    src\asciiLib.c                           0x00000000   Number         0  asciilib.o ABSOLUTE
    src\buttons.c                            0x00000000   Number         0  buttons.o ABSOLUTE
    src\lcd.c                                0x00000000   Number         0  lcd.o ABSOLUTE
    src\main.c                               0x00000000   Number         0  main.o ABSOLUTE
    src\uart.c                               0x00000000   Number         0  uart.o ABSOLUTE
    !!!main                                  0x000000cc   Section        8  __main.o(!!!main)
    !!!scatter                               0x000000d4   Section       52  __scatter.o(!!!scatter)
    !!handler_copy                           0x00000108   Section       26  __scatter_copy.o(!!handler_copy)
    !!handler_zi                             0x00000124   Section       28  __scatter_zi.o(!!handler_zi)
    .ARM.Collect$$_printf_percent$$00000000  0x00000140   Section        0  _printf_percent.o(.ARM.Collect$$_printf_percent$$00000000)
    .ARM.Collect$$_printf_percent$$00000009  0x00000140   Section        6  _printf_d.o(.ARM.Collect$$_printf_percent$$00000009)
    .ARM.Collect$$_printf_percent$$0000000C  0x00000146   Section        6  _printf_x.o(.ARM.Collect$$_printf_percent$$0000000C)
    .ARM.Collect$$_printf_percent$$00000017  0x0000014c   Section        4  _printf_percent_end.o(.ARM.Collect$$_printf_percent$$00000017)
    .ARM.Collect$$libinit$$00000000          0x00000150   Section        2  libinit.o(.ARM.Collect$$libinit$$00000000)
    .ARM.Collect$$libinit$$00000002          0x00000152   Section        0  libinit2.o(.ARM.Collect$$libinit$$00000002)
    .ARM.Collect$$libinit$$00000004          0x00000152   Section        0  libinit2.o(.ARM.Collect$$libinit$$00000004)
    .ARM.Collect$$libinit$$0000000A          0x00000152   Section        0  libinit2.o(.ARM.Collect$$libinit$$0000000A)
    .ARM.Collect$$libinit$$0000000C          0x00000152   Section        0  libinit2.o(.ARM.Collect$$libinit$$0000000C)
    .ARM.Collect$$libinit$$0000000E          0x00000152   Section        0  libinit2.o(.ARM.Collect$$libinit$$0000000E)
    .ARM.Collect$$libinit$$00000011          0x00000152   Section        0  libinit2.o(.ARM.Collect$$libinit$$00000011)
    .ARM.Collect$$libinit$$00000013          0x00000152   Section        0  libinit2.o(.ARM.Collect$$libinit$$00000013)
    .ARM.Collect$$libinit$$00000015          0x00000152   Section        0  libinit2.o(.ARM.Collect$$libinit$$00000015)
    .ARM.Collect$$libinit$$00000017          0x00000152   Section        0  libinit2.o(.ARM.Collect$$libinit$$00000017)
    .ARM.Collect$$libinit$$00000019          0x00000152   Section        0  libinit2.o(.ARM.Collect$$libinit$$00000019)
    .ARM.Collect$$libinit$$0000001B          0x00000152   Section        0  libinit2.o(.ARM.Collect$$libinit$$0000001B)
    .ARM.Collect$$libinit$$0000001D          0x00000152   Section        0  libinit2.o(.ARM.Collect$$libinit$$0000001D)
    .ARM.Collect$$libinit$$0000001F          0x00000152   Section        0  libinit2.o(.ARM.Collect$$libinit$$0000001F)
    .ARM.Collect$$libinit$$00000021          0x00000152   Section        0  libinit2.o(.ARM.Collect$$libinit$$00000021)
    .ARM.Collect$$libinit$$00000023          0x00000152   Section        0  libinit2.o(.ARM.Collect$$libinit$$00000023)
    .ARM.Collect$$libinit$$00000025          0x00000152   Section        0  libinit2.o(.ARM.Collect$$libinit$$00000025)
    .ARM.Collect$$libinit$$0000002C          0x00000152   Section        0  libinit2.o(.ARM.Collect$$libinit$$0000002C)
    .ARM.Collect$$libinit$$0000002E          0x00000152   Section        0  libinit2.o(.ARM.Collect$$libinit$$0000002E)
    .ARM.Collect$$libinit$$00000030          0x00000152   Section        0  libinit2.o(.ARM.Collect$$libinit$$00000030)
    .ARM.Collect$$libinit$$00000032          0x00000152   Section        0  libinit2.o(.ARM.Collect$$libinit$$00000032)
    .ARM.Collect$$libinit$$00000033          0x00000152   Section        2  libinit2.o(.ARM.Collect$$libinit$$00000033)
    .ARM.Collect$$libshutdown$$00000000      0x00000154   Section        2  libshutdown.o(.ARM.Collect$$libshutdown$$00000000)
    .ARM.Collect$$libshutdown$$00000002      0x00000156   Section        0  libshutdown2.o(.ARM.Collect$$libshutdown$$00000002)
    .ARM.Collect$$libshutdown$$00000004      0x00000156   Section        0  libshutdown2.o(.ARM.Collect$$libshutdown$$00000004)
    .ARM.Collect$$libshutdown$$00000007      0x00000156   Section        0  libshutdown2.o(.ARM.Collect$$libshutdown$$00000007)
    .ARM.Collect$$libshutdown$$0000000A      0x00000156   Section        0  libshutdown2.o(.ARM.Collect$$libshutdown$$0000000A)
    .ARM.Collect$$libshutdown$$0000000C      0x00000156   Section        0  libshutdown2.o(.ARM.Collect$$libshutdown$$0000000C)
    .ARM.Collect$$libshutdown$$0000000F      0x00000156   Section        0  libshutdown2.o(.ARM.Collect$$libshutdown$$0000000F)
    .ARM.Collect$$libshutdown$$00000010      0x00000156   Section        2  libshutdown2.o(.ARM.Collect$$libshutdown$$00000010)
    .ARM.Collect$$rtentry$$00000000          0x00000158   Section        0  __rtentry.o(.ARM.Collect$$rtentry$$00000000)
    .ARM.Collect$$rtentry$$00000002          0x00000158   Section        0  __rtentry2.o(.ARM.Collect$$rtentry$$00000002)
    .ARM.Collect$$rtentry$$00000004          0x00000158   Section        6  __rtentry4.o(.ARM.Collect$$rtentry$$00000004)
    .ARM.Collect$$rtentry$$00000009          0x0000015e   Section        0  __rtentry2.o(.ARM.Collect$$rtentry$$00000009)
    .ARM.Collect$$rtentry$$0000000A          0x0000015e   Section        4  __rtentry2.o(.ARM.Collect$$rtentry$$0000000A)
    .ARM.Collect$$rtentry$$0000000C          0x00000162   Section        0  __rtentry2.o(.ARM.Collect$$rtentry$$0000000C)
    .ARM.Collect$$rtentry$$0000000D          0x00000162   Section        8  __rtentry2.o(.ARM.Collect$$rtentry$$0000000D)
    .ARM.Collect$$rtexit$$00000000           0x0000016a   Section        2  rtexit.o(.ARM.Collect$$rtexit$$00000000)
    .ARM.Collect$$rtexit$$00000002           0x0000016c   Section        0  rtexit2.o(.ARM.Collect$$rtexit$$00000002)
    .ARM.Collect$$rtexit$$00000003           0x0000016c   Section        4  rtexit2.o(.ARM.Collect$$rtexit$$00000003)
    .ARM.Collect$$rtexit$$00000004           0x00000170   Section        6  rtexit2.o(.ARM.Collect$$rtexit$$00000004)
    .text                                    0x00000178   Section       60  startup_lpc17xx.o(.text)
    .text                                    0x000001b4   Section      238  lludivv7m.o(.text)
    .text                                    0x000002a4   Section        0  noretval__2sprintf.o(.text)
    .text                                    0x000002cc   Section        0  heapauxi.o(.text)
    .text                                    0x000002d2   Section        0  _sputc.o(.text)
    .text                                    0x000002dc   Section        0  exit.o(.text)
    .text                                    0x000002f0   Section        8  libspace.o(.text)
    .text                                    0x000002f8   Section        2  use_no_semi.o(.text)
    .text                                    0x000002fa   Section        0  indicate_semi.o(.text)
    .ARM.__at_0x02FC                         0x000002fc   Section        4  startup_lpc17xx.o(.ARM.__at_0x02FC)
    .text                                    0x00000300   Section        0  __printf.o(.text)
    .text                                    0x00000368   Section        0  _printf_dec.o(.text)
    .text                                    0x000003e0   Section        0  _printf_hex_int.o(.text)
    .text                                    0x00000438   Section       78  rt_memclr_w.o(.text)
    .text                                    0x00000486   Section        0  _printf_intcommon.o(.text)
    .text                                    0x00000538   Section        0  _printf_char_common.o(.text)
    _printf_input_char                       0x00000539   Thumb Code    10  _printf_char_common.o(.text)
    .text                                    0x00000568   Section       74  sys_stackheap_outer.o(.text)
    .text                                    0x000005b4   Section        0  sys_exit.o(.text)
    i.ADC_IRQHandler                         0x000005c0   Section        0  adc.o(i.ADC_IRQHandler)
    i.ADC_StartConvertion                    0x000005e0   Section        0  adc.o(i.ADC_StartConvertion)
    i.Clear_Channel_active_flag              0x000005f4   Section        0  gpdma_lpc17xx.o(i.Clear_Channel_active_flag)
    Clear_Channel_active_flag                0x000005f5   Thumb Code    28  gpdma_lpc17xx.o(i.Clear_Channel_active_flag)
    i.DMA_IRQHandler                         0x00000614   Section        0  gpdma_lpc17xx.o(i.DMA_IRQHandler)
    i.EINT0_IRQHandler                       0x00000794   Section        0  buttons.o(i.EINT0_IRQHandler)
    i.EINT3_IRQHandler                       0x00000804   Section        0  main.o(i.EINT3_IRQHandler)
    i.GPDMA_ChannelConfigure                 0x00000858   Section        0  gpdma_lpc17xx.o(i.GPDMA_ChannelConfigure)
    i.GPDMA_ChannelDisable                   0x0000094c   Section        0  gpdma_lpc17xx.o(i.GPDMA_ChannelDisable)
    i.GPDMA_ChannelGetCount                  0x0000097c   Section        0  gpdma_lpc17xx.o(i.GPDMA_ChannelGetCount)
    i.GPDMA_Initialize                       0x000009ac   Section        0  gpdma_lpc17xx.o(i.GPDMA_Initialize)
    i.GPDMA_PeripheralSelect                 0x00000a54   Section        0  gpdma_lpc17xx.o(i.GPDMA_PeripheralSelect)
    i.GPDMA_Uninitialize                     0x00000a98   Section        0  gpdma_lpc17xx.o(i.GPDMA_Uninitialize)
    i.GPIO_Init                              0x00000b18   Section        0  main.o(i.GPIO_Init)
    i.GPIO_PinWrite                          0x00000b3c   Section        0  gpio_lpc17xx.o(i.GPIO_PinWrite)
    i.GPIO_SetDir                            0x00000b64   Section        0  gpio_lpc17xx.o(i.GPIO_SetDir)
    i.GetSSPClockFreq                        0x00000b9c   Section        0  ssp_lpc17xx.o(i.GetSSPClockFreq)
    GetSSPClockFreq                          0x00000b9d   Thumb Code    64  ssp_lpc17xx.o(i.GetSSPClockFreq)
    i.GetUsartClockFreq                      0x00000be0   Section        0  uart_lpc17xx.o(i.GetUsartClockFreq)
    GetUsartClockFreq                        0x00000be1   Thumb Code    62  uart_lpc17xx.o(i.GetUsartClockFreq)
    i.PIN_Configure                          0x00000c24   Section        0  pin_lpc17xx.o(i.PIN_Configure)
    i.RTC_IRQHandler                         0x00000d20   Section        0  main.o(i.RTC_IRQHandler)
    i.RTC_Init                               0x00000d3c   Section        0  main.o(i.RTC_Init)
    i.SSP0_Control                           0x00000d54   Section        0  ssp_lpc17xx.o(i.SSP0_Control)
    SSP0_Control                             0x00000d55   Thumb Code    18  ssp_lpc17xx.o(i.SSP0_Control)
    i.SSP0_GPDMA_Rx_SignalEvent              0x00000d6c   Section        0  ssp_lpc17xx.o(i.SSP0_GPDMA_Rx_SignalEvent)
    i.SSP0_GPDMA_Tx_SignalEvent              0x00000d80   Section        0  ssp_lpc17xx.o(i.SSP0_GPDMA_Tx_SignalEvent)
    i.SSP0_GetDataCount                      0x00000d94   Section        0  ssp_lpc17xx.o(i.SSP0_GetDataCount)
    SSP0_GetDataCount                        0x00000d95   Thumb Code    10  ssp_lpc17xx.o(i.SSP0_GetDataCount)
    i.SSP0_GetStatus                         0x00000da4   Section        0  ssp_lpc17xx.o(i.SSP0_GetStatus)
    SSP0_GetStatus                           0x00000da5   Thumb Code    12  ssp_lpc17xx.o(i.SSP0_GetStatus)
    i.SSP0_IRQHandler                        0x00000db4   Section        0  ssp_lpc17xx.o(i.SSP0_IRQHandler)
    i.SSP0_Initialize                        0x00000dc4   Section        0  ssp_lpc17xx.o(i.SSP0_Initialize)
    SSP0_Initialize                          0x00000dc5   Thumb Code    14  ssp_lpc17xx.o(i.SSP0_Initialize)
    i.SSP0_PowerControl                      0x00000dd8   Section        0  ssp_lpc17xx.o(i.SSP0_PowerControl)
    SSP0_PowerControl                        0x00000dd9   Thumb Code    14  ssp_lpc17xx.o(i.SSP0_PowerControl)
    i.SSP0_Receive                           0x00000dec   Section        0  ssp_lpc17xx.o(i.SSP0_Receive)
    SSP0_Receive                             0x00000ded   Thumb Code    18  ssp_lpc17xx.o(i.SSP0_Receive)
    i.SSP0_Send                              0x00000e04   Section        0  ssp_lpc17xx.o(i.SSP0_Send)
    SSP0_Send                                0x00000e05   Thumb Code    18  ssp_lpc17xx.o(i.SSP0_Send)
    i.SSP0_Transfer                          0x00000e1c   Section        0  ssp_lpc17xx.o(i.SSP0_Transfer)
    SSP0_Transfer                            0x00000e1d   Thumb Code    22  ssp_lpc17xx.o(i.SSP0_Transfer)
    i.SSP0_Uninitialize                      0x00000e38   Section        0  ssp_lpc17xx.o(i.SSP0_Uninitialize)
    SSP0_Uninitialize                        0x00000e39   Thumb Code    10  ssp_lpc17xx.o(i.SSP0_Uninitialize)
    i.SSP_GetCapabilities                    0x00000e48   Section        0  ssp_lpc17xx.o(i.SSP_GetCapabilities)
    SSP_GetCapabilities                      0x00000e49   Thumb Code     6  ssp_lpc17xx.o(i.SSP_GetCapabilities)
    i.SSP_GetVersion                         0x00000e54   Section        0  ssp_lpc17xx.o(i.SSP_GetVersion)
    SSP_GetVersion                           0x00000e55   Thumb Code    10  ssp_lpc17xx.o(i.SSP_GetVersion)
    i.SSPx_Control                           0x00000e64   Section        0  ssp_lpc17xx.o(i.SSPx_Control)
    SSPx_Control                             0x00000e65   Thumb Code  1310  ssp_lpc17xx.o(i.SSPx_Control)
    i.SSPx_GPDMA_Rx_SignalEvent              0x00001382   Section        0  ssp_lpc17xx.o(i.SSPx_GPDMA_Rx_SignalEvent)
    i.SSPx_GPDMA_Tx_SignalEvent              0x000013b8   Section        0  ssp_lpc17xx.o(i.SSPx_GPDMA_Tx_SignalEvent)
    i.SSPx_GetDataCount                      0x000013d4   Section        0  ssp_lpc17xx.o(i.SSPx_GetDataCount)
    SSPx_GetDataCount                        0x000013d5   Thumb Code    44  ssp_lpc17xx.o(i.SSPx_GetDataCount)
    i.SSPx_GetStatus                         0x00001400   Section        0  ssp_lpc17xx.o(i.SSPx_GetStatus)
    SSPx_GetStatus                           0x00001401   Thumb Code    90  ssp_lpc17xx.o(i.SSPx_GetStatus)
    i.SSPx_IRQHandler                        0x0000145a   Section        0  ssp_lpc17xx.o(i.SSPx_IRQHandler)
    SSPx_IRQHandler                          0x0000145b   Thumb Code   260  ssp_lpc17xx.o(i.SSPx_IRQHandler)
    i.SSPx_Initialize                        0x0000155e   Section        0  ssp_lpc17xx.o(i.SSPx_Initialize)
    SSPx_Initialize                          0x0000155f   Thumb Code   168  ssp_lpc17xx.o(i.SSPx_Initialize)
    i.SSPx_PowerControl                      0x00001608   Section        0  ssp_lpc17xx.o(i.SSPx_PowerControl)
    SSPx_PowerControl                        0x00001609   Thumb Code   446  ssp_lpc17xx.o(i.SSPx_PowerControl)
    i.SSPx_Receive                           0x000017cc   Section        0  ssp_lpc17xx.o(i.SSPx_Receive)
    SSPx_Receive                             0x000017cd   Thumb Code   344  ssp_lpc17xx.o(i.SSPx_Receive)
    i.SSPx_Send                              0x00001928   Section        0  ssp_lpc17xx.o(i.SSPx_Send)
    SSPx_Send                                0x00001929   Thumb Code   336  ssp_lpc17xx.o(i.SSPx_Send)
    i.SSPx_Transfer                          0x00001a7c   Section        0  ssp_lpc17xx.o(i.SSPx_Transfer)
    SSPx_Transfer                            0x00001a7d   Thumb Code   338  ssp_lpc17xx.o(i.SSPx_Transfer)
    i.SSPx_Uninitialize                      0x00001bce   Section        0  ssp_lpc17xx.o(i.SSPx_Uninitialize)
    SSPx_Uninitialize                        0x00001bcf   Thumb Code   112  ssp_lpc17xx.o(i.SSPx_Uninitialize)
    i.Set_Channel_active_flag                0x00001c40   Section        0  gpdma_lpc17xx.o(i.Set_Channel_active_flag)
    Set_Channel_active_flag                  0x00001c41   Thumb Code    50  gpdma_lpc17xx.o(i.Set_Channel_active_flag)
    i.SysTick_Handler                        0x00001c78   Section        0  main.o(i.SysTick_Handler)
    i.SystemInit                             0x00001c88   Section        0  system_lpc17xx.o(i.SystemInit)
    i.TIMER0_IRQHandler                      0x00001dc8   Section        0  main.o(i.TIMER0_IRQHandler)
    i.Timer_Init                             0x00001dd8   Section        0  main.o(i.Timer_Init)
    i.UART0_IRQHandler                       0x00001dfc   Section        0  uart_lpc17xx.o(i.UART0_IRQHandler)
    i.UART_Init                              0x00001e0c   Section        0  uart.o(i.UART_Init)
    i.UART_Send                              0x00001e78   Section        0  uart.o(i.UART_Send)
    i.UART_SendNum                           0x00001ea0   Section        0  uart.o(i.UART_SendNum)
    i.USART0_Control                         0x00001ec8   Section        0  uart_lpc17xx.o(i.USART0_Control)
    USART0_Control                           0x00001ec9   Thumb Code    18  uart_lpc17xx.o(i.USART0_Control)
    i.USART0_GPDMA_Rx_Event                  0x00001ee0   Section        0  uart_lpc17xx.o(i.USART0_GPDMA_Rx_Event)
    i.USART0_GPDMA_Tx_Event                  0x00001ef4   Section        0  uart_lpc17xx.o(i.USART0_GPDMA_Tx_Event)
    i.USART0_GetCapabilities                 0x00001f08   Section        0  uart_lpc17xx.o(i.USART0_GetCapabilities)
    USART0_GetCapabilities                   0x00001f09   Thumb Code    12  uart_lpc17xx.o(i.USART0_GetCapabilities)
    i.USART0_GetModemStatus                  0x00001f18   Section        0  uart_lpc17xx.o(i.USART0_GetModemStatus)
    USART0_GetModemStatus                    0x00001f19   Thumb Code    12  uart_lpc17xx.o(i.USART0_GetModemStatus)
    i.USART0_GetRxCount                      0x00001f28   Section        0  uart_lpc17xx.o(i.USART0_GetRxCount)
    USART0_GetRxCount                        0x00001f29   Thumb Code    10  uart_lpc17xx.o(i.USART0_GetRxCount)
    i.USART0_GetStatus                       0x00001f38   Section        0  uart_lpc17xx.o(i.USART0_GetStatus)
    USART0_GetStatus                         0x00001f39   Thumb Code    12  uart_lpc17xx.o(i.USART0_GetStatus)
    i.USART0_GetTxCount                      0x00001f48   Section        0  uart_lpc17xx.o(i.USART0_GetTxCount)
    USART0_GetTxCount                        0x00001f49   Thumb Code    10  uart_lpc17xx.o(i.USART0_GetTxCount)
    i.USART0_Initialize                      0x00001f58   Section        0  uart_lpc17xx.o(i.USART0_Initialize)
    USART0_Initialize                        0x00001f59   Thumb Code    14  uart_lpc17xx.o(i.USART0_Initialize)
    i.USART0_PowerControl                    0x00001f6c   Section        0  uart_lpc17xx.o(i.USART0_PowerControl)
    USART0_PowerControl                      0x00001f6d   Thumb Code    14  uart_lpc17xx.o(i.USART0_PowerControl)
    i.USART0_Receive                         0x00001f80   Section        0  uart_lpc17xx.o(i.USART0_Receive)
    USART0_Receive                           0x00001f81   Thumb Code    18  uart_lpc17xx.o(i.USART0_Receive)
    i.USART0_Send                            0x00001f98   Section        0  uart_lpc17xx.o(i.USART0_Send)
    USART0_Send                              0x00001f99   Thumb Code    18  uart_lpc17xx.o(i.USART0_Send)
    i.USART0_SetModemControl                 0x00001fb0   Section        0  uart_lpc17xx.o(i.USART0_SetModemControl)
    USART0_SetModemControl                   0x00001fb1   Thumb Code    14  uart_lpc17xx.o(i.USART0_SetModemControl)
    i.USART0_Transfer                        0x00001fc4   Section        0  uart_lpc17xx.o(i.USART0_Transfer)
    USART0_Transfer                          0x00001fc5   Thumb Code    22  uart_lpc17xx.o(i.USART0_Transfer)
    i.USART0_Uninitialize                    0x00001fe0   Section        0  uart_lpc17xx.o(i.USART0_Uninitialize)
    USART0_Uninitialize                      0x00001fe1   Thumb Code    10  uart_lpc17xx.o(i.USART0_Uninitialize)
    i.USART_Control                          0x00001ff0   Section        0  uart_lpc17xx.o(i.USART_Control)
    USART_Control                            0x00001ff1   Thumb Code  1600  uart_lpc17xx.o(i.USART_Control)
    i.USART_GPDMA_Rx_Event                   0x00002634   Section        0  uart_lpc17xx.o(i.USART_GPDMA_Rx_Event)
    USART_GPDMA_Rx_Event                     0x00002635   Thumb Code   134  uart_lpc17xx.o(i.USART_GPDMA_Rx_Event)
    i.USART_GPDMA_Tx_Event                   0x000026ba   Section        0  uart_lpc17xx.o(i.USART_GPDMA_Tx_Event)
    USART_GPDMA_Tx_Event                     0x000026bb   Thumb Code    74  uart_lpc17xx.o(i.USART_GPDMA_Tx_Event)
    i.USART_GetCapabilities                  0x00002704   Section        0  uart_lpc17xx.o(i.USART_GetCapabilities)
    USART_GetCapabilities                    0x00002705   Thumb Code     6  uart_lpc17xx.o(i.USART_GetCapabilities)
    i.USART_GetModemStatus                   0x0000270a   Section        0  uart_lpc17xx.o(i.USART_GetModemStatus)
    USART_GetModemStatus                     0x0000270b   Thumb Code   236  uart_lpc17xx.o(i.USART_GetModemStatus)
    i.USART_GetRxCount                       0x000027f6   Section        0  uart_lpc17xx.o(i.USART_GetRxCount)
    USART_GetRxCount                         0x000027f7   Thumb Code    28  uart_lpc17xx.o(i.USART_GetRxCount)
    i.USART_GetStatus                        0x00002812   Section        0  uart_lpc17xx.o(i.USART_GetStatus)
    USART_GetStatus                          0x00002813   Thumb Code   188  uart_lpc17xx.o(i.USART_GetStatus)
    i.USART_GetTxCount                       0x000028ce   Section        0  uart_lpc17xx.o(i.USART_GetTxCount)
    USART_GetTxCount                         0x000028cf   Thumb Code    28  uart_lpc17xx.o(i.USART_GetTxCount)
    i.USART_IRQHandler                       0x000028ea   Section        0  uart_lpc17xx.o(i.USART_IRQHandler)
    USART_IRQHandler                         0x000028eb   Thumb Code   538  uart_lpc17xx.o(i.USART_IRQHandler)
    i.USART_Initialize                       0x00002b04   Section        0  uart_lpc17xx.o(i.USART_Initialize)
    USART_Initialize                         0x00002b05   Thumb Code   254  uart_lpc17xx.o(i.USART_Initialize)
    i.USART_PowerControl                     0x00002c04   Section        0  uart_lpc17xx.o(i.USART_PowerControl)
    USART_PowerControl                       0x00002c05   Thumb Code   564  uart_lpc17xx.o(i.USART_PowerControl)
    i.USART_Receive                          0x00002e3c   Section        0  uart_lpc17xx.o(i.USART_Receive)
    USART_Receive                            0x00002e3d   Thumb Code   272  uart_lpc17xx.o(i.USART_Receive)
    i.USART_RxLineIntHandler                 0x00002f4c   Section        0  uart_lpc17xx.o(i.USART_RxLineIntHandler)
    USART_RxLineIntHandler                   0x00002f4d   Thumb Code   104  uart_lpc17xx.o(i.USART_RxLineIntHandler)
    i.USART_Send                             0x00002fb4   Section        0  uart_lpc17xx.o(i.USART_Send)
    USART_Send                               0x00002fb5   Thumb Code   412  uart_lpc17xx.o(i.USART_Send)
    i.USART_SetBaudrate                      0x00003150   Section        0  uart_lpc17xx.o(i.USART_SetBaudrate)
    i.USART_SetModemControl                  0x00003284   Section        0  uart_lpc17xx.o(i.USART_SetModemControl)
    USART_SetModemControl                    0x00003285   Thumb Code   160  uart_lpc17xx.o(i.USART_SetModemControl)
    i.USART_Transfer                         0x00003324   Section        0  uart_lpc17xx.o(i.USART_Transfer)
    USART_Transfer                           0x00003325   Thumb Code   122  uart_lpc17xx.o(i.USART_Transfer)
    i.USART_Uninitialize                     0x0000339e   Section        0  uart_lpc17xx.o(i.USART_Uninitialize)
    USART_Uninitialize                       0x0000339f   Thumb Code   226  uart_lpc17xx.o(i.USART_Uninitialize)
    i.USARTx_GetVersion                      0x00003480   Section        0  uart_lpc17xx.o(i.USARTx_GetVersion)
    USARTx_GetVersion                        0x00003481   Thumb Code    10  uart_lpc17xx.o(i.USARTx_GetVersion)
    i.__NVIC_ClearPendingIRQ                 0x00003490   Section        0  ssp_lpc17xx.o(i.__NVIC_ClearPendingIRQ)
    __NVIC_ClearPendingIRQ                   0x00003491   Thumb Code    22  ssp_lpc17xx.o(i.__NVIC_ClearPendingIRQ)
    i.__NVIC_ClearPendingIRQ                 0x000034ac   Section        0  uart_lpc17xx.o(i.__NVIC_ClearPendingIRQ)
    __NVIC_ClearPendingIRQ                   0x000034ad   Thumb Code    22  uart_lpc17xx.o(i.__NVIC_ClearPendingIRQ)
    i.__NVIC_ClearPendingIRQ                 0x000034c8   Section        0  gpdma_lpc17xx.o(i.__NVIC_ClearPendingIRQ)
    __NVIC_ClearPendingIRQ                   0x000034c9   Thumb Code    22  gpdma_lpc17xx.o(i.__NVIC_ClearPendingIRQ)
    i.__NVIC_EnableIRQ                       0x000034e4   Section        0  main.o(i.__NVIC_EnableIRQ)
    __NVIC_EnableIRQ                         0x000034e5   Thumb Code    26  main.o(i.__NVIC_EnableIRQ)
    i.delay_ms                               0x000034fe   Section        0  lcd_ili9325.o(i.delay_ms)
    i.displayTextire                         0x0000351c   Section        0  lcd.o(i.displayTextire)
    i.initADC                                0x00003584   Section        0  adc.o(i.initADC)
    i.initLCD                                0x000035dc   Section        0  lcd.o(i.initLCD)
    i.init_ILI9325                           0x0000361c   Section        0  lcd_ili9325.o(i.init_ILI9325)
    i.lcdConfiguration                       0x000037f0   Section        0  open1768_lcd.o(i.lcdConfiguration)
    i.lcdRead                                0x00003818   Section        0  open1768_lcd.o(i.lcdRead)
    i.lcdReadData                            0x00003864   Section        0  open1768_lcd.o(i.lcdReadData)
    i.lcdReadReg                             0x0000389c   Section        0  open1768_lcd.o(i.lcdReadReg)
    i.lcdSend                                0x000038b0   Section        0  open1768_lcd.o(i.lcdSend)
    i.lcdWriteData                           0x000038dc   Section        0  open1768_lcd.o(i.lcdWriteData)
    i.lcdWriteIndex                          0x00003914   Section        0  open1768_lcd.o(i.lcdWriteIndex)
    i.lcdWriteReg                            0x00003954   Section        0  open1768_lcd.o(i.lcdWriteReg)
    i.main                                   0x00003968   Section        0  main.o(i.main)
    i.wait_delay                             0x00003a34   Section        0  open1768_lcd.o(i.wait_delay)
    .constdata                               0x00003a48   Section      128  ssp_lpc17xx.o(.constdata)
    DriverVersion                            0x00003a48   Data           4  ssp_lpc17xx.o(.constdata)
    DriverCapabilities                       0x00003a4c   Data           4  ssp_lpc17xx.o(.constdata)
    SSPO_pin_sck                             0x00003a50   Data           2  ssp_lpc17xx.o(.constdata)
    SSPO_pin_ssel                            0x00003a52   Data           2  ssp_lpc17xx.o(.constdata)
    SSP0_Resources                           0x00003a54   Data          72  ssp_lpc17xx.o(.constdata)
    .constdata                               0x00003ac8   Section      464  uart_lpc17xx.o(.constdata)
    usart_driver_version                     0x00003ac8   Data           4  uart_lpc17xx.o(.constdata)
    fract_div_lookup_table                   0x00003acc   Data         288  uart_lpc17xx.o(.constdata)
    UART0_DMA_Tx                             0x00003bec   Data           8  uart_lpc17xx.o(.constdata)
    UART0_DMA_Rx                             0x00003bf4   Data           8  uart_lpc17xx.o(.constdata)
    USART0_Resources                         0x00003bfc   Data         100  uart_lpc17xx.o(.constdata)
    .constdata                               0x00003c98   Section       40  _printf_hex_int.o(.constdata)
    uc_hextab                                0x00003c98   Data          20  _printf_hex_int.o(.constdata)
    lc_hextab                                0x00003cac   Data          20  _printf_hex_int.o(.constdata)
    STACK                                    0x10000000   Section      512  startup_lpc17xx.o(STACK)
    Stack_Mem                                0x10000000   Data         512  startup_lpc17xx.o(STACK)
    __initial_sp                             0x10000200   Data           0  startup_lpc17xx.o(STACK)
    .data                                    0x2007c000   Section       12  main.o(.data)
    flag                                     0x2007c004   Data           1  main.o(.data)
    lastInt                                  0x2007c008   Data           4  main.o(.data)
    .data                                    0x2007c00c   Section       17  buttons.o(.data)
    lastInt                                  0x2007c010   Data           4  buttons.o(.data)
    clickCoutn                               0x2007c014   Data           4  buttons.o(.data)
    timeStart                                0x2007c018   Data           4  buttons.o(.data)
    flag                                     0x2007c01c   Data           1  buttons.o(.data)
    .data                                    0x2007c020   Section        8  ssp_lpc17xx.o(.data)
    dummy_data                               0x2007c020   Data           4  ssp_lpc17xx.o(.data)
    dummy_data                               0x2007c024   Data           4  ssp_lpc17xx.o(.data)
    .data                                    0x2007c028   Section        8  gpdma_lpc17xx.o(.data)
    Channel_active                           0x2007c028   Data           4  gpdma_lpc17xx.o(.data)
    Init_cnt                                 0x2007c02c   Data           4  gpdma_lpc17xx.o(.data)
    .data                                    0x2007c030   Section        4  system_lpc17xx.o(.data)
    .bss                                     0x2007c034   Section       44  ssp_lpc17xx.o(.bss)
    SSP0_Info                                0x2007c034   Data          16  ssp_lpc17xx.o(.bss)
    SSP0_Xfer                                0x2007c044   Data          28  ssp_lpc17xx.o(.bss)
    .bss                                     0x2007c060   Section       52  uart_lpc17xx.o(.bss)
    USART0_Info                              0x2007c060   Data          52  uart_lpc17xx.o(.bss)
    .bss                                     0x2007c094   Section      160  gpdma_lpc17xx.o(.bss)
    Channel_info                             0x2007c094   Data         160  gpdma_lpc17xx.o(.bss)
    .bss                                     0x2007c134   Section       96  libspace.o(.bss)
    HEAP                                     0x2007c198   Section        0  startup_lpc17xx.o(HEAP)
    Heap_Mem                                 0x2007c198   Data           0  startup_lpc17xx.o(HEAP)

    Global Symbols

    Symbol Name                              Value     Ov Type        Size  Object(Section)

    BuildAttributes$$THM_ISAv4$P$D$K$B$S$PE$A:L22UL41UL21$X:L11$S22US41US21$IEEE1$IW$USESV6$~STKCKD$USESV7$~SHL$OSPACE$ROPI$EBA8$UX$STANDARDLIB$REQ8$PRES8$EABIv2 0x00000000   Number         0  anon$$obj.o ABSOLUTE
    __ARM_use_no_argv                        0x00000000   Number         0  main.o ABSOLUTE
    __Vectors                                0x00000000   Data           4  startup_lpc17xx.o(RESET)
    __ARM_exceptions_init                     - Undefined Weak Reference
    __alloca_initialize                       - Undefined Weak Reference
    __arm_preinit_                            - Undefined Weak Reference
    __cpp_initialize__aeabi_                  - Undefined Weak Reference
    __cxa_finalize                            - Undefined Weak Reference
    __rt_locale                               - Undefined Weak Reference
    __sigvec_lookup                           - Undefined Weak Reference
    _atexit_init                              - Undefined Weak Reference
    _call_atexit_fns                          - Undefined Weak Reference
    _clock_init                               - Undefined Weak Reference
    _fp_trap_init                             - Undefined Weak Reference
    _fp_trap_shutdown                         - Undefined Weak Reference
    _get_lc_collate                           - Undefined Weak Reference
    _get_lc_ctype                             - Undefined Weak Reference
    _get_lc_monetary                          - Undefined Weak Reference
    _get_lc_numeric                           - Undefined Weak Reference
    _get_lc_time                              - Undefined Weak Reference
    _getenv_init                              - Undefined Weak Reference
    _handle_redirection                       - Undefined Weak Reference
    _init_alloc                               - Undefined Weak Reference
    _init_user_alloc                          - Undefined Weak Reference
    _initio                                   - Undefined Weak Reference
    _printf_post_padding                      - Undefined Weak Reference
    _printf_pre_padding                       - Undefined Weak Reference
    _printf_truncate_signed                   - Undefined Weak Reference
    _printf_truncate_unsigned                 - Undefined Weak Reference
    _rand_init                                - Undefined Weak Reference
    _signal_finish                            - Undefined Weak Reference
    _signal_init                              - Undefined Weak Reference
    _terminate_alloc                          - Undefined Weak Reference
    _terminate_user_alloc                     - Undefined Weak Reference
    _terminateio                              - Undefined Weak Reference
    __main                                   0x000000cd   Thumb Code     8  __main.o(!!!main)
    __scatterload                            0x000000d5   Thumb Code     0  __scatter.o(!!!scatter)
    __scatterload_rt2                        0x000000d5   Thumb Code    44  __scatter.o(!!!scatter)
    __scatterload_rt2_thumb_only             0x000000d5   Thumb Code     0  __scatter.o(!!!scatter)
    __scatterload_null                       0x000000e3   Thumb Code     0  __scatter.o(!!!scatter)
    __scatterload_copy                       0x00000109   Thumb Code    26  __scatter_copy.o(!!handler_copy)
    __scatterload_zeroinit                   0x00000125   Thumb Code    28  __scatter_zi.o(!!handler_zi)
    _printf_d                                0x00000141   Thumb Code     0  _printf_d.o(.ARM.Collect$$_printf_percent$$00000009)
    _printf_percent                          0x00000141   Thumb Code     0  _printf_percent.o(.ARM.Collect$$_printf_percent$$00000000)
    _printf_x                                0x00000147   Thumb Code     0  _printf_x.o(.ARM.Collect$$_printf_percent$$0000000C)
    _printf_percent_end                      0x0000014d   Thumb Code     0  _printf_percent_end.o(.ARM.Collect$$_printf_percent$$00000017)
    __rt_lib_init                            0x00000151   Thumb Code     0  libinit.o(.ARM.Collect$$libinit$$00000000)
    __rt_lib_init_alloca_1                   0x00000153   Thumb Code     0  libinit2.o(.ARM.Collect$$libinit$$0000002E)
    __rt_lib_init_argv_1                     0x00000153   Thumb Code     0  libinit2.o(.ARM.Collect$$libinit$$0000002C)
    __rt_lib_init_atexit_1                   0x00000153   Thumb Code     0  libinit2.o(.ARM.Collect$$libinit$$0000001B)
    __rt_lib_init_clock_1                    0x00000153   Thumb Code     0  libinit2.o(.ARM.Collect$$libinit$$00000021)
    __rt_lib_init_cpp_1                      0x00000153   Thumb Code     0  libinit2.o(.ARM.Collect$$libinit$$00000032)
    __rt_lib_init_exceptions_1               0x00000153   Thumb Code     0  libinit2.o(.ARM.Collect$$libinit$$00000030)
    __rt_lib_init_fp_1                       0x00000153   Thumb Code     0  libinit2.o(.ARM.Collect$$libinit$$00000002)
    __rt_lib_init_fp_trap_1                  0x00000153   Thumb Code     0  libinit2.o(.ARM.Collect$$libinit$$0000001F)
    __rt_lib_init_getenv_1                   0x00000153   Thumb Code     0  libinit2.o(.ARM.Collect$$libinit$$00000023)
    __rt_lib_init_heap_1                     0x00000153   Thumb Code     0  libinit2.o(.ARM.Collect$$libinit$$0000000A)
    __rt_lib_init_lc_collate_1               0x00000153   Thumb Code     0  libinit2.o(.ARM.Collect$$libinit$$00000011)
    __rt_lib_init_lc_ctype_1                 0x00000153   Thumb Code     0  libinit2.o(.ARM.Collect$$libinit$$00000013)
    __rt_lib_init_lc_monetary_1              0x00000153   Thumb Code     0  libinit2.o(.ARM.Collect$$libinit$$00000015)
    __rt_lib_init_lc_numeric_1               0x00000153   Thumb Code     0  libinit2.o(.ARM.Collect$$libinit$$00000017)
    __rt_lib_init_lc_time_1                  0x00000153   Thumb Code     0  libinit2.o(.ARM.Collect$$libinit$$00000019)
    __rt_lib_init_preinit_1                  0x00000153   Thumb Code     0  libinit2.o(.ARM.Collect$$libinit$$00000004)
    __rt_lib_init_rand_1                     0x00000153   Thumb Code     0  libinit2.o(.ARM.Collect$$libinit$$0000000E)
    __rt_lib_init_return                     0x00000153   Thumb Code     0  libinit2.o(.ARM.Collect$$libinit$$00000033)
    __rt_lib_init_signal_1                   0x00000153   Thumb Code     0  libinit2.o(.ARM.Collect$$libinit$$0000001D)
    __rt_lib_init_stdio_1                    0x00000153   Thumb Code     0  libinit2.o(.ARM.Collect$$libinit$$00000025)
    __rt_lib_init_user_alloc_1               0x00000153   Thumb Code     0  libinit2.o(.ARM.Collect$$libinit$$0000000C)
    __rt_lib_shutdown                        0x00000155   Thumb Code     0  libshutdown.o(.ARM.Collect$$libshutdown$$00000000)
    __rt_lib_shutdown_cpp_1                  0x00000157   Thumb Code     0  libshutdown2.o(.ARM.Collect$$libshutdown$$00000002)
    __rt_lib_shutdown_fp_trap_1              0x00000157   Thumb Code     0  libshutdown2.o(.ARM.Collect$$libshutdown$$00000007)
    __rt_lib_shutdown_heap_1                 0x00000157   Thumb Code     0  libshutdown2.o(.ARM.Collect$$libshutdown$$0000000F)
    __rt_lib_shutdown_return                 0x00000157   Thumb Code     0  libshutdown2.o(.ARM.Collect$$libshutdown$$00000010)
    __rt_lib_shutdown_signal_1               0x00000157   Thumb Code     0  libshutdown2.o(.ARM.Collect$$libshutdown$$0000000A)
    __rt_lib_shutdown_stdio_1                0x00000157   Thumb Code     0  libshutdown2.o(.ARM.Collect$$libshutdown$$00000004)
    __rt_lib_shutdown_user_alloc_1           0x00000157   Thumb Code     0  libshutdown2.o(.ARM.Collect$$libshutdown$$0000000C)
    __rt_entry                               0x00000159   Thumb Code     0  __rtentry.o(.ARM.Collect$$rtentry$$00000000)
    __rt_entry_presh_1                       0x00000159   Thumb Code     0  __rtentry2.o(.ARM.Collect$$rtentry$$00000002)
    __rt_entry_sh                            0x00000159   Thumb Code     0  __rtentry4.o(.ARM.Collect$$rtentry$$00000004)
    __rt_entry_li                            0x0000015f   Thumb Code     0  __rtentry2.o(.ARM.Collect$$rtentry$$0000000A)
    __rt_entry_postsh_1                      0x0000015f   Thumb Code     0  __rtentry2.o(.ARM.Collect$$rtentry$$00000009)
    __rt_entry_main                          0x00000163   Thumb Code     0  __rtentry2.o(.ARM.Collect$$rtentry$$0000000D)
    __rt_entry_postli_1                      0x00000163   Thumb Code     0  __rtentry2.o(.ARM.Collect$$rtentry$$0000000C)
    __rt_exit                                0x0000016b   Thumb Code     0  rtexit.o(.ARM.Collect$$rtexit$$00000000)
    __rt_exit_ls                             0x0000016d   Thumb Code     0  rtexit2.o(.ARM.Collect$$rtexit$$00000003)
    __rt_exit_prels_1                        0x0000016d   Thumb Code     0  rtexit2.o(.ARM.Collect$$rtexit$$00000002)
    __rt_exit_exit                           0x00000171   Thumb Code     0  rtexit2.o(.ARM.Collect$$rtexit$$00000004)
    Reset_Handler                            0x00000179   Thumb Code     8  startup_lpc17xx.o(.text)
    NMI_Handler                              0x00000181   Thumb Code     2  startup_lpc17xx.o(.text)
    HardFault_Handler                        0x00000183   Thumb Code     2  startup_lpc17xx.o(.text)
    MemManage_Handler                        0x00000185   Thumb Code     2  startup_lpc17xx.o(.text)
    BusFault_Handler                         0x00000187   Thumb Code     2  startup_lpc17xx.o(.text)
    UsageFault_Handler                       0x00000189   Thumb Code     2  startup_lpc17xx.o(.text)
    SVC_Handler                              0x0000018b   Thumb Code     2  startup_lpc17xx.o(.text)
    DebugMon_Handler                         0x0000018d   Thumb Code     2  startup_lpc17xx.o(.text)
    PendSV_Handler                           0x0000018f   Thumb Code     2  startup_lpc17xx.o(.text)
    BOD_IRQHandler                           0x00000193   Thumb Code     0  startup_lpc17xx.o(.text)
    CANActivity_IRQHandler                   0x00000193   Thumb Code     0  startup_lpc17xx.o(.text)
    CAN_IRQHandler                           0x00000193   Thumb Code     0  startup_lpc17xx.o(.text)
    EINT1_IRQHandler                         0x00000193   Thumb Code     0  startup_lpc17xx.o(.text)
    EINT2_IRQHandler                         0x00000193   Thumb Code     0  startup_lpc17xx.o(.text)
    ENET_IRQHandler                          0x00000193   Thumb Code     0  startup_lpc17xx.o(.text)
    I2C0_IRQHandler                          0x00000193   Thumb Code     0  startup_lpc17xx.o(.text)
    I2C1_IRQHandler                          0x00000193   Thumb Code     0  startup_lpc17xx.o(.text)
    I2C2_IRQHandler                          0x00000193   Thumb Code     0  startup_lpc17xx.o(.text)
    I2S_IRQHandler                           0x00000193   Thumb Code     0  startup_lpc17xx.o(.text)
    MCPWM_IRQHandler                         0x00000193   Thumb Code     0  startup_lpc17xx.o(.text)
    PLL0_IRQHandler                          0x00000193   Thumb Code     0  startup_lpc17xx.o(.text)
    PLL1_IRQHandler                          0x00000193   Thumb Code     0  startup_lpc17xx.o(.text)
    PWM1_IRQHandler                          0x00000193   Thumb Code     0  startup_lpc17xx.o(.text)
    QEI_IRQHandler                           0x00000193   Thumb Code     0  startup_lpc17xx.o(.text)
    RIT_IRQHandler                           0x00000193   Thumb Code     0  startup_lpc17xx.o(.text)
    SPI_IRQHandler                           0x00000193   Thumb Code     0  startup_lpc17xx.o(.text)
    SSP1_IRQHandler                          0x00000193   Thumb Code     0  startup_lpc17xx.o(.text)
    TIMER1_IRQHandler                        0x00000193   Thumb Code     0  startup_lpc17xx.o(.text)
    TIMER2_IRQHandler                        0x00000193   Thumb Code     0  startup_lpc17xx.o(.text)
    TIMER3_IRQHandler                        0x00000193   Thumb Code     0  startup_lpc17xx.o(.text)
    UART1_IRQHandler                         0x00000193   Thumb Code     0  startup_lpc17xx.o(.text)
    UART2_IRQHandler                         0x00000193   Thumb Code     0  startup_lpc17xx.o(.text)
    UART3_IRQHandler                         0x00000193   Thumb Code     0  startup_lpc17xx.o(.text)
    USBActivity_IRQHandler                   0x00000193   Thumb Code     0  startup_lpc17xx.o(.text)
    USB_IRQHandler                           0x00000193   Thumb Code     0  startup_lpc17xx.o(.text)
    WDT_IRQHandler                           0x00000193   Thumb Code     0  startup_lpc17xx.o(.text)
    __user_initial_stackheap                 0x00000195   Thumb Code     0  startup_lpc17xx.o(.text)
    __aeabi_uldivmod                         0x000001b5   Thumb Code     0  lludivv7m.o(.text)
    _ll_udiv                                 0x000001b5   Thumb Code   238  lludivv7m.o(.text)
    __2sprintf                               0x000002a5   Thumb Code    34  noretval__2sprintf.o(.text)
    __use_two_region_memory                  0x000002cd   Thumb Code     2  heapauxi.o(.text)
    __rt_heap_escrow$2region                 0x000002cf   Thumb Code     2  heapauxi.o(.text)
    __rt_heap_expand$2region                 0x000002d1   Thumb Code     2  heapauxi.o(.text)
    _sputc                                   0x000002d3   Thumb Code    10  _sputc.o(.text)
    exit                                     0x000002dd   Thumb Code    18  exit.o(.text)
    __user_libspace                          0x000002f1   Thumb Code     8  libspace.o(.text)
    __user_perproc_libspace                  0x000002f1   Thumb Code     0  libspace.o(.text)
    __user_perthread_libspace                0x000002f1   Thumb Code     0  libspace.o(.text)
    __I$use$semihosting                      0x000002f9   Thumb Code     0  use_no_semi.o(.text)
    __use_no_semihosting_swi                 0x000002f9   Thumb Code     2  use_no_semi.o(.text)
    __semihosting_library_function           0x000002fb   Thumb Code     0  indicate_semi.o(.text)
    __printf                                 0x00000301   Thumb Code   104  __printf.o(.text)
    _printf_int_dec                          0x00000369   Thumb Code   104  _printf_dec.o(.text)
    _printf_int_hex                          0x000003e1   Thumb Code    84  _printf_hex_int.o(.text)
    _printf_longlong_hex                     0x000003e1   Thumb Code     0  _printf_hex_int.o(.text)
    __aeabi_memclr4                          0x00000439   Thumb Code     0  rt_memclr_w.o(.text)
    __aeabi_memclr8                          0x00000439   Thumb Code     0  rt_memclr_w.o(.text)
    __rt_memclr_w                            0x00000439   Thumb Code    78  rt_memclr_w.o(.text)
    _memset_w                                0x0000043d   Thumb Code     0  rt_memclr_w.o(.text)
    _printf_int_common                       0x00000487   Thumb Code   178  _printf_intcommon.o(.text)
    _printf_char_common                      0x00000543   Thumb Code    32  _printf_char_common.o(.text)
    __user_setup_stackheap                   0x00000569   Thumb Code    74  sys_stackheap_outer.o(.text)
    _sys_exit                                0x000005b5   Thumb Code     8  sys_exit.o(.text)
    ADC_IRQHandler                           0x000005c1   Thumb Code    24  adc.o(i.ADC_IRQHandler)
    ADC_StartConvertion                      0x000005e1   Thumb Code    14  adc.o(i.ADC_StartConvertion)
    DMA_IRQHandler                           0x00000615   Thumb Code   372  gpdma_lpc17xx.o(i.DMA_IRQHandler)
    EINT0_IRQHandler                         0x00000795   Thumb Code    48  buttons.o(i.EINT0_IRQHandler)
    EINT3_IRQHandler                         0x00000805   Thumb Code    52  main.o(i.EINT3_IRQHandler)
    GPDMA_ChannelConfigure                   0x00000859   Thumb Code   232  gpdma_lpc17xx.o(i.GPDMA_ChannelConfigure)
    GPDMA_ChannelDisable                     0x0000094d   Thumb Code    44  gpdma_lpc17xx.o(i.GPDMA_ChannelDisable)
    GPDMA_ChannelGetCount                    0x0000097d   Thumb Code    38  gpdma_lpc17xx.o(i.GPDMA_ChannelGetCount)
    GPDMA_Initialize                         0x000009ad   Thumb Code   146  gpdma_lpc17xx.o(i.GPDMA_Initialize)
    GPDMA_PeripheralSelect                   0x00000a55   Thumb Code    62  gpdma_lpc17xx.o(i.GPDMA_PeripheralSelect)
    GPDMA_Uninitialize                       0x00000a99   Thumb Code   116  gpdma_lpc17xx.o(i.GPDMA_Uninitialize)
    GPIO_Init                                0x00000b19   Thumb Code    32  main.o(i.GPIO_Init)
    GPIO_PinWrite                            0x00000b3d   Thumb Code    36  gpio_lpc17xx.o(i.GPIO_PinWrite)
    GPIO_SetDir                              0x00000b65   Thumb Code    52  gpio_lpc17xx.o(i.GPIO_SetDir)
    PIN_Configure                            0x00000c25   Thumb Code   246  pin_lpc17xx.o(i.PIN_Configure)
    RTC_IRQHandler                           0x00000d21   Thumb Code    20  main.o(i.RTC_IRQHandler)
    RTC_Init                                 0x00000d3d   Thumb Code    18  main.o(i.RTC_Init)
    SSP0_GPDMA_Rx_SignalEvent                0x00000d6d   Thumb Code    14  ssp_lpc17xx.o(i.SSP0_GPDMA_Rx_SignalEvent)
    SSP0_GPDMA_Tx_SignalEvent                0x00000d81   Thumb Code    14  ssp_lpc17xx.o(i.SSP0_GPDMA_Tx_SignalEvent)
    SSP0_IRQHandler                          0x00000db5   Thumb Code    10  ssp_lpc17xx.o(i.SSP0_IRQHandler)
    SSPx_GPDMA_Rx_SignalEvent                0x00001383   Thumb Code    54  ssp_lpc17xx.o(i.SSPx_GPDMA_Rx_SignalEvent)
    SSPx_GPDMA_Tx_SignalEvent                0x000013b9   Thumb Code    28  ssp_lpc17xx.o(i.SSPx_GPDMA_Tx_SignalEvent)
    SysTick_Handler                          0x00001c79   Thumb Code    12  main.o(i.SysTick_Handler)
    SystemInit                               0x00001c89   Thumb Code   304  system_lpc17xx.o(i.SystemInit)
    TIMER0_IRQHandler                        0x00001dc9   Thumb Code    16  main.o(i.TIMER0_IRQHandler)
    Timer_Init                               0x00001dd9   Thumb Code    30  main.o(i.Timer_Init)
    UART0_IRQHandler                         0x00001dfd   Thumb Code    10  uart_lpc17xx.o(i.UART0_IRQHandler)
    UART_Init                                0x00001e0d   Thumb Code    94  uart.o(i.UART_Init)
    UART_Send                                0x00001e79   Thumb Code    36  uart.o(i.UART_Send)
    UART_SendNum                             0x00001ea1   Thumb Code    34  uart.o(i.UART_SendNum)
    USART0_GPDMA_Rx_Event                    0x00001ee1   Thumb Code    14  uart_lpc17xx.o(i.USART0_GPDMA_Rx_Event)
    USART0_GPDMA_Tx_Event                    0x00001ef5   Thumb Code    14  uart_lpc17xx.o(i.USART0_GPDMA_Tx_Event)
    USART_SetBaudrate                        0x00003151   Thumb Code   302  uart_lpc17xx.o(i.USART_SetBaudrate)
    delay_ms                                 0x000034ff   Thumb Code    30  lcd_ili9325.o(i.delay_ms)
    displayTextire                           0x0000351d   Thumb Code    88  lcd.o(i.displayTextire)
    initADC                                  0x00003585   Thumb Code    76  adc.o(i.initADC)
    initLCD                                  0x000035dd   Thumb Code    54  lcd.o(i.initLCD)
    init_ILI9325                             0x0000361d   Thumb Code   468  lcd_ili9325.o(i.init_ILI9325)
    lcdConfiguration                         0x000037f1   Thumb Code    36  open1768_lcd.o(i.lcdConfiguration)
    lcdRead                                  0x00003819   Thumb Code    70  open1768_lcd.o(i.lcdRead)
    lcdReadData                              0x00003865   Thumb Code    50  open1768_lcd.o(i.lcdReadData)
    lcdReadReg                               0x0000389d   Thumb Code    20  open1768_lcd.o(i.lcdReadReg)
    lcdSend                                  0x000038b1   Thumb Code    40  open1768_lcd.o(i.lcdSend)
    lcdWriteData                             0x000038dd   Thumb Code    50  open1768_lcd.o(i.lcdWriteData)
    lcdWriteIndex                            0x00003915   Thumb Code    60  open1768_lcd.o(i.lcdWriteIndex)
    lcdWriteReg                              0x00003955   Thumb Code    20  open1768_lcd.o(i.lcdWriteReg)
    main                                     0x00003969   Thumb Code   126  main.o(i.main)
    wait_delay                               0x00003a35   Thumb Code    18  open1768_lcd.o(i.wait_delay)
    Driver_SPI0                              0x00003a9c   Data          44  ssp_lpc17xx.o(.constdata)
    Driver_USART0                            0x00003c60   Data          56  uart_lpc17xx.o(.constdata)
    Region$$Table$$Base                      0x00003cc0   Number         0  anon$$obj.o(Region$$Table)
    Region$$Table$$Limit                     0x00003cf0   Number         0  anon$$obj.o(Region$$Table)
    sysTicks                                 0x2007c000   Data           4  main.o(.data)
    buttonClicked                            0x2007c00c   Data           1  buttons.o(.data)
    SystemCoreClock                          0x2007c030   Data           4  system_lpc17xx.o(.data)
    __libspace_start                         0x2007c134   Data          96  libspace.o(.bss)
    __temporary_stack_top$libspace           0x2007c194   Data           0  libspace.o(.bss)



==============================================================================

Memory Map of the image

  Image Entry point : 0x000000cd

  Load Region LR_IROM1 (Base: 0x00000000, Size: 0x00003d24, Max: 0x00080000, ABSOLUTE)

    Execution Region ER_IROM1 (Exec base: 0x00000000, Load base: 0x00000000, Size: 0x00003cf0, Max: 0x00080000, ABSOLUTE)

    Exec Addr    Load Addr    Size         Type   Attr      Idx    E Section Name        Object

    0x00000000   0x00000000   0x000000cc   Data   RO         1087    RESET               startup_lpc17xx.o
    0x000000cc   0x000000cc   0x00000008   Code   RO         1193  * !!!main             c_w.l(__main.o)
    0x000000d4   0x000000d4   0x00000034   Code   RO         1414    !!!scatter          c_w.l(__scatter.o)
    0x00000108   0x00000108   0x0000001a   Code   RO         1416    !!handler_copy      c_w.l(__scatter_copy.o)
    0x00000122   0x00000122   0x00000002   PAD
    0x00000124   0x00000124   0x0000001c   Code   RO         1418    !!handler_zi        c_w.l(__scatter_zi.o)
    0x00000140   0x00000140   0x00000000   Code   RO         1186    .ARM.Collect$$_printf_percent$$00000000  c_w.l(_printf_percent.o)
    0x00000140   0x00000140   0x00000006   Code   RO         1185    .ARM.Collect$$_printf_percent$$00000009  c_w.l(_printf_d.o)
    0x00000146   0x00000146   0x00000006   Code   RO         1184    .ARM.Collect$$_printf_percent$$0000000C  c_w.l(_printf_x.o)
    0x0000014c   0x0000014c   0x00000004   Code   RO         1238    .ARM.Collect$$_printf_percent$$00000017  c_w.l(_printf_percent_end.o)
    0x00000150   0x00000150   0x00000002   Code   RO         1284    .ARM.Collect$$libinit$$00000000  c_w.l(libinit.o)
    0x00000152   0x00000152   0x00000000   Code   RO         1297    .ARM.Collect$$libinit$$00000002  c_w.l(libinit2.o)
    0x00000152   0x00000152   0x00000000   Code   RO         1299    .ARM.Collect$$libinit$$00000004  c_w.l(libinit2.o)
    0x00000152   0x00000152   0x00000000   Code   RO         1302    .ARM.Collect$$libinit$$0000000A  c_w.l(libinit2.o)
    0x00000152   0x00000152   0x00000000   Code   RO         1304    .ARM.Collect$$libinit$$0000000C  c_w.l(libinit2.o)
    0x00000152   0x00000152   0x00000000   Code   RO         1306    .ARM.Collect$$libinit$$0000000E  c_w.l(libinit2.o)
    0x00000152   0x00000152   0x00000000   Code   RO         1309    .ARM.Collect$$libinit$$00000011  c_w.l(libinit2.o)
    0x00000152   0x00000152   0x00000000   Code   RO         1311    .ARM.Collect$$libinit$$00000013  c_w.l(libinit2.o)
    0x00000152   0x00000152   0x00000000   Code   RO         1313    .ARM.Collect$$libinit$$00000015  c_w.l(libinit2.o)
    0x00000152   0x00000152   0x00000000   Code   RO         1315    .ARM.Collect$$libinit$$00000017  c_w.l(libinit2.o)
    0x00000152   0x00000152   0x00000000   Code   RO         1317    .ARM.Collect$$libinit$$00000019  c_w.l(libinit2.o)
    0x00000152   0x00000152   0x00000000   Code   RO         1319    .ARM.Collect$$libinit$$0000001B  c_w.l(libinit2.o)
    0x00000152   0x00000152   0x00000000   Code   RO         1321    .ARM.Collect$$libinit$$0000001D  c_w.l(libinit2.o)
    0x00000152   0x00000152   0x00000000   Code   RO         1323    .ARM.Collect$$libinit$$0000001F  c_w.l(libinit2.o)
    0x00000152   0x00000152   0x00000000   Code   RO         1325    .ARM.Collect$$libinit$$00000021  c_w.l(libinit2.o)
    0x00000152   0x00000152   0x00000000   Code   RO         1327    .ARM.Collect$$libinit$$00000023  c_w.l(libinit2.o)
    0x00000152   0x00000152   0x00000000   Code   RO         1329    .ARM.Collect$$libinit$$00000025  c_w.l(libinit2.o)
    0x00000152   0x00000152   0x00000000   Code   RO         1333    .ARM.Collect$$libinit$$0000002C  c_w.l(libinit2.o)
    0x00000152   0x00000152   0x00000000   Code   RO         1335    .ARM.Collect$$libinit$$0000002E  c_w.l(libinit2.o)
    0x00000152   0x00000152   0x00000000   Code   RO         1337    .ARM.Collect$$libinit$$00000030  c_w.l(libinit2.o)
    0x00000152   0x00000152   0x00000000   Code   RO         1339    .ARM.Collect$$libinit$$00000032  c_w.l(libinit2.o)
    0x00000152   0x00000152   0x00000002   Code   RO         1340    .ARM.Collect$$libinit$$00000033  c_w.l(libinit2.o)
    0x00000154   0x00000154   0x00000002   Code   RO         1371    .ARM.Collect$$libshutdown$$00000000  c_w.l(libshutdown.o)
    0x00000156   0x00000156   0x00000000   Code   RO         1397    .ARM.Collect$$libshutdown$$00000002  c_w.l(libshutdown2.o)
    0x00000156   0x00000156   0x00000000   Code   RO         1399    .ARM.Collect$$libshutdown$$00000004  c_w.l(libshutdown2.o)
    0x00000156   0x00000156   0x00000000   Code   RO         1402    .ARM.Collect$$libshutdown$$00000007  c_w.l(libshutdown2.o)
    0x00000156   0x00000156   0x00000000   Code   RO         1405    .ARM.Collect$$libshutdown$$0000000A  c_w.l(libshutdown2.o)
    0x00000156   0x00000156   0x00000000   Code   RO         1407    .ARM.Collect$$libshutdown$$0000000C  c_w.l(libshutdown2.o)
    0x00000156   0x00000156   0x00000000   Code   RO         1410    .ARM.Collect$$libshutdown$$0000000F  c_w.l(libshutdown2.o)
    0x00000156   0x00000156   0x00000002   Code   RO         1411    .ARM.Collect$$libshutdown$$00000010  c_w.l(libshutdown2.o)
    0x00000158   0x00000158   0x00000000   Code   RO         1227    .ARM.Collect$$rtentry$$00000000  c_w.l(__rtentry.o)
    0x00000158   0x00000158   0x00000000   Code   RO         1253    .ARM.Collect$$rtentry$$00000002  c_w.l(__rtentry2.o)
    0x00000158   0x00000158   0x00000006   Code   RO         1265    .ARM.Collect$$rtentry$$00000004  c_w.l(__rtentry4.o)
    0x0000015e   0x0000015e   0x00000000   Code   RO         1255    .ARM.Collect$$rtentry$$00000009  c_w.l(__rtentry2.o)
    0x0000015e   0x0000015e   0x00000004   Code   RO         1256    .ARM.Collect$$rtentry$$0000000A  c_w.l(__rtentry2.o)
    0x00000162   0x00000162   0x00000000   Code   RO         1258    .ARM.Collect$$rtentry$$0000000C  c_w.l(__rtentry2.o)
    0x00000162   0x00000162   0x00000008   Code   RO         1259    .ARM.Collect$$rtentry$$0000000D  c_w.l(__rtentry2.o)
    0x0000016a   0x0000016a   0x00000002   Code   RO         1288    .ARM.Collect$$rtexit$$00000000  c_w.l(rtexit.o)
    0x0000016c   0x0000016c   0x00000000   Code   RO         1344    .ARM.Collect$$rtexit$$00000002  c_w.l(rtexit2.o)
    0x0000016c   0x0000016c   0x00000004   Code   RO         1345    .ARM.Collect$$rtexit$$00000003  c_w.l(rtexit2.o)
    0x00000170   0x00000170   0x00000006   Code   RO         1346    .ARM.Collect$$rtexit$$00000004  c_w.l(rtexit2.o)
    0x00000176   0x00000176   0x00000002   PAD
    0x00000178   0x00000178   0x0000003c   Code   RO         1089    .text               startup_lpc17xx.o
    0x000001b4   0x000001b4   0x000000ee   Code   RO         1133    .text               c_w.l(lludivv7m.o)
    0x000002a2   0x000002a2   0x00000002   PAD
    0x000002a4   0x000002a4   0x00000028   Code   RO         1137    .text               c_w.l(noretval__2sprintf.o)
    0x000002cc   0x000002cc   0x00000006   Code   RO         1191    .text               c_w.l(heapauxi.o)
    0x000002d2   0x000002d2   0x0000000a   Code   RO         1236    .text               c_w.l(_sputc.o)
    0x000002dc   0x000002dc   0x00000012   Code   RO         1273    .text               c_w.l(exit.o)
    0x000002ee   0x000002ee   0x00000002   PAD
    0x000002f0   0x000002f0   0x00000008   Code   RO         1285    .text               c_w.l(libspace.o)
    0x000002f8   0x000002f8   0x00000002   Code   RO         1360    .text               c_w.l(use_no_semi.o)
    0x000002fa   0x000002fa   0x00000000   Code   RO         1362    .text               c_w.l(indicate_semi.o)
    0x000002fa   0x000002fa   0x00000002   PAD
    0x000002fc   0x000002fc   0x00000004   Code   RO         1088    .ARM.__at_0x02FC    startup_lpc17xx.o
    0x00000300   0x00000300   0x00000068   Code   RO         1139    .text               c_w.l(__printf.o)
    0x00000368   0x00000368   0x00000078   Code   RO         1141    .text               c_w.l(_printf_dec.o)
    0x000003e0   0x000003e0   0x00000058   Code   RO         1146    .text               c_w.l(_printf_hex_int.o)
    0x00000438   0x00000438   0x0000004e   Code   RO         1189    .text               c_w.l(rt_memclr_w.o)
    0x00000486   0x00000486   0x000000b2   Code   RO         1232    .text               c_w.l(_printf_intcommon.o)
    0x00000538   0x00000538   0x00000030   Code   RO         1234    .text               c_w.l(_printf_char_common.o)
    0x00000568   0x00000568   0x0000004a   Code   RO         1271    .text               c_w.l(sys_stackheap_outer.o)
    0x000005b2   0x000005b2   0x00000002   PAD
    0x000005b4   0x000005b4   0x0000000c   Code   RO         1341    .text               c_w.l(sys_exit.o)
    0x000005c0   0x000005c0   0x00000020   Code   RO          477    i.ADC_IRQHandler    adc.o
    0x000005e0   0x000005e0   0x00000014   Code   RO          478    i.ADC_StartConvertion  adc.o
    0x000005f4   0x000005f4   0x00000020   Code   RO          908    i.Clear_Channel_active_flag  gpdma_lpc17xx.o
    0x00000614   0x00000614   0x00000180   Code   RO          909    i.DMA_IRQHandler    gpdma_lpc17xx.o
    0x00000794   0x00000794   0x00000070   Code   RO          437    i.EINT0_IRQHandler  buttons.o
    0x00000804   0x00000804   0x00000054   Code   RO          270    i.EINT3_IRQHandler  main.o
    0x00000858   0x00000858   0x000000f4   Code   RO          910    i.GPDMA_ChannelConfigure  gpdma_lpc17xx.o
    0x0000094c   0x0000094c   0x00000030   Code   RO          911    i.GPDMA_ChannelDisable  gpdma_lpc17xx.o
    0x0000097c   0x0000097c   0x00000030   Code   RO          913    i.GPDMA_ChannelGetCount  gpdma_lpc17xx.o
    0x000009ac   0x000009ac   0x000000a8   Code   RO          915    i.GPDMA_Initialize  gpdma_lpc17xx.o
    0x00000a54   0x00000a54   0x00000044   Code   RO          916    i.GPDMA_PeripheralSelect  gpdma_lpc17xx.o
    0x00000a98   0x00000a98   0x00000080   Code   RO          917    i.GPDMA_Uninitialize  gpdma_lpc17xx.o
    0x00000b18   0x00000b18   0x00000024   Code   RO          271    i.GPIO_Init         main.o
    0x00000b3c   0x00000b3c   0x00000028   Code   RO          999    i.GPIO_PinWrite     gpio_lpc17xx.o
    0x00000b64   0x00000b64   0x00000038   Code   RO         1003    i.GPIO_SetDir       gpio_lpc17xx.o
    0x00000b9c   0x00000b9c   0x00000044   Code   RO          513    i.GetSSPClockFreq   ssp_lpc17xx.o
    0x00000be0   0x00000be0   0x00000044   Code   RO          697    i.GetUsartClockFreq  uart_lpc17xx.o
    0x00000c24   0x00000c24   0x000000fc   Code   RO         1052    i.PIN_Configure     pin_lpc17xx.o
    0x00000d20   0x00000d20   0x0000001c   Code   RO          272    i.RTC_IRQHandler    main.o
    0x00000d3c   0x00000d3c   0x00000018   Code   RO          273    i.RTC_Init          main.o
    0x00000d54   0x00000d54   0x00000018   Code   RO          514    i.SSP0_Control      ssp_lpc17xx.o
    0x00000d6c   0x00000d6c   0x00000014   Code   RO          515    i.SSP0_GPDMA_Rx_SignalEvent  ssp_lpc17xx.o
    0x00000d80   0x00000d80   0x00000014   Code   RO          516    i.SSP0_GPDMA_Tx_SignalEvent  ssp_lpc17xx.o
    0x00000d94   0x00000d94   0x00000010   Code   RO          517    i.SSP0_GetDataCount  ssp_lpc17xx.o
    0x00000da4   0x00000da4   0x00000010   Code   RO          518    i.SSP0_GetStatus    ssp_lpc17xx.o
    0x00000db4   0x00000db4   0x00000010   Code   RO          519    i.SSP0_IRQHandler   ssp_lpc17xx.o
    0x00000dc4   0x00000dc4   0x00000014   Code   RO          520    i.SSP0_Initialize   ssp_lpc17xx.o
    0x00000dd8   0x00000dd8   0x00000014   Code   RO          521    i.SSP0_PowerControl  ssp_lpc17xx.o
    0x00000dec   0x00000dec   0x00000018   Code   RO          522    i.SSP0_Receive      ssp_lpc17xx.o
    0x00000e04   0x00000e04   0x00000018   Code   RO          523    i.SSP0_Send         ssp_lpc17xx.o
    0x00000e1c   0x00000e1c   0x0000001c   Code   RO          524    i.SSP0_Transfer     ssp_lpc17xx.o
    0x00000e38   0x00000e38   0x00000010   Code   RO          525    i.SSP0_Uninitialize  ssp_lpc17xx.o
    0x00000e48   0x00000e48   0x0000000c   Code   RO          526    i.SSP_GetCapabilities  ssp_lpc17xx.o
    0x00000e54   0x00000e54   0x00000010   Code   RO          527    i.SSP_GetVersion    ssp_lpc17xx.o
    0x00000e64   0x00000e64   0x0000051e   Code   RO          528    i.SSPx_Control      ssp_lpc17xx.o
    0x00001382   0x00001382   0x00000036   Code   RO          529    i.SSPx_GPDMA_Rx_SignalEvent  ssp_lpc17xx.o
    0x000013b8   0x000013b8   0x0000001c   Code   RO          530    i.SSPx_GPDMA_Tx_SignalEvent  ssp_lpc17xx.o
    0x000013d4   0x000013d4   0x0000002c   Code   RO          531    i.SSPx_GetDataCount  ssp_lpc17xx.o
    0x00001400   0x00001400   0x0000005a   Code   RO          532    i.SSPx_GetStatus    ssp_lpc17xx.o
    0x0000145a   0x0000145a   0x00000104   Code   RO          533    i.SSPx_IRQHandler   ssp_lpc17xx.o
    0x0000155e   0x0000155e   0x000000a8   Code   RO          534    i.SSPx_Initialize   ssp_lpc17xx.o
    0x00001606   0x00001606   0x00000002   PAD
    0x00001608   0x00001608   0x000001c4   Code   RO          535    i.SSPx_PowerControl  ssp_lpc17xx.o
    0x000017cc   0x000017cc   0x0000015c   Code   RO          536    i.SSPx_Receive      ssp_lpc17xx.o
    0x00001928   0x00001928   0x00000154   Code   RO          537    i.SSPx_Send         ssp_lpc17xx.o
    0x00001a7c   0x00001a7c   0x00000152   Code   RO          538    i.SSPx_Transfer     ssp_lpc17xx.o
    0x00001bce   0x00001bce   0x00000070   Code   RO          539    i.SSPx_Uninitialize  ssp_lpc17xx.o
    0x00001c3e   0x00001c3e   0x00000002   PAD
    0x00001c40   0x00001c40   0x00000038   Code   RO          918    i.Set_Channel_active_flag  gpdma_lpc17xx.o
    0x00001c78   0x00001c78   0x00000010   Code   RO          274    i.SysTick_Handler   main.o
    0x00001c88   0x00001c88   0x00000140   Code   RO         1099    i.SystemInit        system_lpc17xx.o
    0x00001dc8   0x00001dc8   0x00000010   Code   RO          275    i.TIMER0_IRQHandler  main.o
    0x00001dd8   0x00001dd8   0x00000024   Code   RO          276    i.Timer_Init        main.o
    0x00001dfc   0x00001dfc   0x00000010   Code   RO          698    i.UART0_IRQHandler  uart_lpc17xx.o
    0x00001e0c   0x00001e0c   0x0000006c   Code   RO          177    i.UART_Init         uart.o
    0x00001e78   0x00001e78   0x00000028   Code   RO          179    i.UART_Send         uart.o
    0x00001ea0   0x00001ea0   0x00000028   Code   RO          180    i.UART_SendNum      uart.o
    0x00001ec8   0x00001ec8   0x00000018   Code   RO          699    i.USART0_Control    uart_lpc17xx.o
    0x00001ee0   0x00001ee0   0x00000014   Code   RO          700    i.USART0_GPDMA_Rx_Event  uart_lpc17xx.o
    0x00001ef4   0x00001ef4   0x00000014   Code   RO          701    i.USART0_GPDMA_Tx_Event  uart_lpc17xx.o
    0x00001f08   0x00001f08   0x00000010   Code   RO          702    i.USART0_GetCapabilities  uart_lpc17xx.o
    0x00001f18   0x00001f18   0x00000010   Code   RO          703    i.USART0_GetModemStatus  uart_lpc17xx.o
    0x00001f28   0x00001f28   0x00000010   Code   RO          704    i.USART0_GetRxCount  uart_lpc17xx.o
    0x00001f38   0x00001f38   0x00000010   Code   RO          705    i.USART0_GetStatus  uart_lpc17xx.o
    0x00001f48   0x00001f48   0x00000010   Code   RO          706    i.USART0_GetTxCount  uart_lpc17xx.o
    0x00001f58   0x00001f58   0x00000014   Code   RO          707    i.USART0_Initialize  uart_lpc17xx.o
    0x00001f6c   0x00001f6c   0x00000014   Code   RO          708    i.USART0_PowerControl  uart_lpc17xx.o
    0x00001f80   0x00001f80   0x00000018   Code   RO          709    i.USART0_Receive    uart_lpc17xx.o
    0x00001f98   0x00001f98   0x00000018   Code   RO          710    i.USART0_Send       uart_lpc17xx.o
    0x00001fb0   0x00001fb0   0x00000014   Code   RO          711    i.USART0_SetModemControl  uart_lpc17xx.o
    0x00001fc4   0x00001fc4   0x0000001c   Code   RO          712    i.USART0_Transfer   uart_lpc17xx.o
    0x00001fe0   0x00001fe0   0x00000010   Code   RO          713    i.USART0_Uninitialize  uart_lpc17xx.o
    0x00001ff0   0x00001ff0   0x00000644   Code   RO          714    i.USART_Control     uart_lpc17xx.o
    0x00002634   0x00002634   0x00000086   Code   RO          715    i.USART_GPDMA_Rx_Event  uart_lpc17xx.o
    0x000026ba   0x000026ba   0x0000004a   Code   RO          716    i.USART_GPDMA_Tx_Event  uart_lpc17xx.o
    0x00002704   0x00002704   0x00000006   Code   RO          717    i.USART_GetCapabilities  uart_lpc17xx.o
    0x0000270a   0x0000270a   0x000000ec   Code   RO          718    i.USART_GetModemStatus  uart_lpc17xx.o
    0x000027f6   0x000027f6   0x0000001c   Code   RO          719    i.USART_GetRxCount  uart_lpc17xx.o
    0x00002812   0x00002812   0x000000bc   Code   RO          720    i.USART_GetStatus   uart_lpc17xx.o
    0x000028ce   0x000028ce   0x0000001c   Code   RO          721    i.USART_GetTxCount  uart_lpc17xx.o
    0x000028ea   0x000028ea   0x0000021a   Code   RO          722    i.USART_IRQHandler  uart_lpc17xx.o
    0x00002b04   0x00002b04   0x000000fe   Code   RO          723    i.USART_Initialize  uart_lpc17xx.o
    0x00002c02   0x00002c02   0x00000002   PAD
    0x00002c04   0x00002c04   0x00000238   Code   RO          724    i.USART_PowerControl  uart_lpc17xx.o
    0x00002e3c   0x00002e3c   0x00000110   Code   RO          725    i.USART_Receive     uart_lpc17xx.o
    0x00002f4c   0x00002f4c   0x00000068   Code   RO          726    i.USART_RxLineIntHandler  uart_lpc17xx.o
    0x00002fb4   0x00002fb4   0x0000019c   Code   RO          727    i.USART_Send        uart_lpc17xx.o
    0x00003150   0x00003150   0x00000134   Code   RO          728    i.USART_SetBaudrate  uart_lpc17xx.o
    0x00003284   0x00003284   0x000000a0   Code   RO          729    i.USART_SetModemControl  uart_lpc17xx.o
    0x00003324   0x00003324   0x0000007a   Code   RO          730    i.USART_Transfer    uart_lpc17xx.o
    0x0000339e   0x0000339e   0x000000e2   Code   RO          731    i.USART_Uninitialize  uart_lpc17xx.o
    0x00003480   0x00003480   0x00000010   Code   RO          732    i.USARTx_GetVersion  uart_lpc17xx.o
    0x00003490   0x00003490   0x0000001c   Code   RO          540    i.__NVIC_ClearPendingIRQ  ssp_lpc17xx.o
    0x000034ac   0x000034ac   0x0000001c   Code   RO          733    i.__NVIC_ClearPendingIRQ  uart_lpc17xx.o
    0x000034c8   0x000034c8   0x0000001c   Code   RO          919    i.__NVIC_ClearPendingIRQ  gpdma_lpc17xx.o
    0x000034e4   0x000034e4   0x0000001a   Code   RO          277    i.__NVIC_EnableIRQ  main.o
    0x000034fe   0x000034fe   0x0000001e   Code   RO          144    i.delay_ms          lcd_ili9325.o
    0x0000351c   0x0000351c   0x00000068   Code   RO           27    i.displayTextire    lcd.o
    0x00003584   0x00003584   0x00000058   Code   RO          479    i.initADC           adc.o
    0x000035dc   0x000035dc   0x00000040   Code   RO           33    i.initLCD           lcd.o
    0x0000361c   0x0000361c   0x000001d4   Code   RO          145    i.init_ILI9325      lcd_ili9325.o
    0x000037f0   0x000037f0   0x00000028   Code   RO          354    i.lcdConfiguration  open1768_lcd.o
    0x00003818   0x00003818   0x0000004c   Code   RO          355    i.lcdRead           open1768_lcd.o
    0x00003864   0x00003864   0x00000038   Code   RO          356    i.lcdReadData       open1768_lcd.o
    0x0000389c   0x0000389c   0x00000014   Code   RO          357    i.lcdReadReg        open1768_lcd.o
    0x000038b0   0x000038b0   0x0000002c   Code   RO          358    i.lcdSend           open1768_lcd.o
    0x000038dc   0x000038dc   0x00000038   Code   RO          360    i.lcdWriteData      open1768_lcd.o
    0x00003914   0x00003914   0x00000040   Code   RO          361    i.lcdWriteIndex     open1768_lcd.o
    0x00003954   0x00003954   0x00000014   Code   RO          362    i.lcdWriteReg       open1768_lcd.o
    0x00003968   0x00003968   0x000000cc   Code   RO          278    i.main              main.o
    0x00003a34   0x00003a34   0x00000012   Code   RO          420    i.wait_delay        open1768_lcd.o
    0x00003a46   0x00003a46   0x00000002   PAD
    0x00003a48   0x00003a48   0x00000080   Data   RO          542    .constdata          ssp_lpc17xx.o
    0x00003ac8   0x00003ac8   0x000001d0   Data   RO          735    .constdata          uart_lpc17xx.o
    0x00003c98   0x00003c98   0x00000028   Data   RO         1147    .constdata          c_w.l(_printf_hex_int.o)
    0x00003cc0   0x00003cc0   0x00000030   Data   RO         1412    Region$$Table       anon$$obj.o


    Execution Region RW_IRAM1 (Exec base: 0x10000000, Load base: 0x00003cf0, Size: 0x00000200, Max: 0x00008000, ABSOLUTE)

    Exec Addr    Load Addr    Size         Type   Attr      Idx    E Section Name        Object

    0x10000000        -       0x00000200   Zero   RW         1085    STACK               startup_lpc17xx.o


    Execution Region RW_IRAM2 (Exec base: 0x2007c000, Load base: 0x00003cf0, Size: 0x00000198, Max: 0x00008000, ABSOLUTE)

    Exec Addr    Load Addr    Size         Type   Attr      Idx    E Section Name        Object

    0x2007c000   0x00003cf0   0x0000000c   Data   RW          279    .data               main.o
    0x2007c00c   0x00003cfc   0x00000011   Data   RW          440    .data               buttons.o
    0x2007c01d   0x00003d0d   0x00000003   PAD
    0x2007c020   0x00003d10   0x00000008   Data   RW          543    .data               ssp_lpc17xx.o
    0x2007c028   0x00003d18   0x00000008   Data   RW          921    .data               gpdma_lpc17xx.o
    0x2007c030   0x00003d20   0x00000004   Data   RW         1100    .data               system_lpc17xx.o
    0x2007c034        -       0x0000002c   Zero   RW          541    .bss                ssp_lpc17xx.o
    0x2007c060        -       0x00000034   Zero   RW          734    .bss                uart_lpc17xx.o
    0x2007c094        -       0x000000a0   Zero   RW          920    .bss                gpdma_lpc17xx.o
    0x2007c134        -       0x00000060   Zero   RW         1286    .bss                c_w.l(libspace.o)
    0x2007c194   0x00003d24   0x00000004   PAD
    0x2007c198        -       0x00000000   Zero   RW         1086    HEAP                startup_lpc17xx.o


==============================================================================

Image component sizes


      Code (inc. data)   RO Data    RW Data    ZI Data      Debug   Object Name

       140         26          0          0          0       1365   adc.o
         0          0          0          0          0       1444   asciilib.o
       112         64          0         17          0       1732   buttons.o
      1204         94          0          8        160       8206   gpdma_lpc17xx.o
        96          8          0          0          0       1202   gpio_lpc17xx.o
       168         26          0          0          0      21003   lcd.o
       498          0          0          0          0       1102   lcd_ili9325.o
       470        138          0         12          0      31343   main.o
       394         30          0          0          0       4612   open1768_lcd.o
       252          6          0          0          0        804   pin_lpc17xx.o
      3912        106        128          8         44      52883   ssp_lpc17xx.o
        64         26        204          0        512       1000   startup_lpc17xx.o
       320         16          0          4          0        807   system_lpc17xx.o
       188         24          0          0          0      45778   uart.o
      5686        150        464          0         52      26727   uart_lpc17xx.o

    ----------------------------------------------------------------------
     13512        714        844         52        768     200008   Object Totals
         0          0         48          0          0          0   (incl. Generated)
         8          0          0          3          0          0   (incl. Padding)

    ----------------------------------------------------------------------

      Code (inc. data)   RO Data    RW Data    ZI Data      Debug   Library Member Name

         8          0          0          0          0         68   __main.o
       104          0          0          0          0         84   __printf.o
         0          0          0          0          0          0   __rtentry.o
        12          0          0          0          0          0   __rtentry2.o
         6          0          0          0          0          0   __rtentry4.o
        52          8          0          0          0          0   __scatter.o
        26          0          0          0          0          0   __scatter_copy.o
        28          0          0          0          0          0   __scatter_zi.o
        48          6          0          0          0         96   _printf_char_common.o
         6          0          0          0          0          0   _printf_d.o
       120         16          0          0          0         92   _printf_dec.o
        88          4         40          0          0         88   _printf_hex_int.o
       178          0          0          0          0         88   _printf_intcommon.o
         0          0          0          0          0          0   _printf_percent.o
         4          0          0          0          0          0   _printf_percent_end.o
         6          0          0          0          0          0   _printf_x.o
        10          0          0          0          0         68   _sputc.o
        18          0          0          0          0         80   exit.o
         6          0          0          0          0        152   heapauxi.o
         0          0          0          0          0          0   indicate_semi.o
         2          0          0          0          0          0   libinit.o
         2          0          0          0          0          0   libinit2.o
         2          0          0          0          0          0   libshutdown.o
         2          0          0          0          0          0   libshutdown2.o
         8          4          0          0         96         68   libspace.o
       238          0          0          0          0        100   lludivv7m.o
        40          6          0          0          0         84   noretval__2sprintf.o
        78          0          0          0          0         80   rt_memclr_w.o
         2          0          0          0          0          0   rtexit.o
        10          0          0          0          0          0   rtexit2.o
        12          4          0          0          0         68   sys_exit.o
        74          0          0          0          0         80   sys_stackheap_outer.o
         2          0          0          0          0         68   use_no_semi.o

    ----------------------------------------------------------------------
      1204         48         40          0        100       1364   Library Totals
        12          0          0          0          4          0   (incl. Padding)

    ----------------------------------------------------------------------

      Code (inc. data)   RO Data    RW Data    ZI Data      Debug   Library Name

      1192         48         40          0         96       1364   c_w.l

    ----------------------------------------------------------------------
      1204         48         40          0        100       1364   Library Totals

    ----------------------------------------------------------------------

==============================================================================


      Code (inc. data)   RO Data    RW Data    ZI Data      Debug   

     14716        762        884         52        868     195284   Grand Totals
     14716        762        884         52        868     195284   ELF Image Totals
     14716        762        884         52          0          0   ROM Totals

==============================================================================

    Total RO  Size (Code + RO Data)                15600 (  15.23kB)
    Total RW  Size (RW Data + ZI Data)               920 (   0.90kB)
    Total ROM Size (Code + RO Data + RW Data)      15652 (  15.29kB)

==============================================================================

