Component: ARM Compiler 5.06 update 6 (build 750) Tool: armlink [4d35ed]

==============================================================================

Section Cross References

    lcd.o(i.displayTexture) refers to open1768_lcd.o(i.lcdWriteReg) for lcdWriteReg
    lcd.o(i.displayTexture) refers to open1768_lcd.o(i.lcdWriteIndex) for lcdWriteIndex
    lcd.o(i.displayTexture) refers to open1768_lcd.o(i.lcdWriteData) for lcdWriteData
    lcd.o(i.displayTexture) refers to uart.o(i.UART_Send) for UART_Send
    lcd.o(i.displayTexture) refers to uart.o(i.UART_SendNum) for UART_SendNum
    lcd.o(i.displayTexture) refers to timer.o(.data) for sysTicks
    lcd.o(i.drawBackGround) refers to open1768_lcd.o(i.lcdWriteReg) for lcdWriteReg
    lcd.o(i.drawBackGround) refers to open1768_lcd.o(i.lcdWriteIndex) for lcdWriteIndex
    lcd.o(i.drawBackGround) refers to open1768_lcd.o(i.lcdWriteData) for lcdWriteData
    lcd.o(i.drawBorders) refers to lcd.o(i.drawLine) for drawLine
    lcd.o(i.drawBorders) refers to lcd.o(i.OnSignal) for OnSignal
    lcd.o(i.drawBorders) refers to lcd.o(i.drawLineStrip) for drawLineStrip
    lcd.o(i.drawBorders) refers to lcd.o(i.LineCoord) for LineCoord
    lcd.o(i.drawBorders) refers to lcd.o(i.drawText) for drawText
    lcd.o(i.drawBorders) refers to lcd.o(.data) for wafesDis
    lcd.o(i.drawLine) refers to lcd.o(i.drawPixel) for drawPixel
    lcd.o(i.drawLineLegacy) refers to fflt_clz.o(x$fpl$fflt) for __aeabi_i2f
    lcd.o(i.drawLineLegacy) refers to feqf.o(x$fpl$feqf) for __aeabi_cfcmpeq
    lcd.o(i.drawLineLegacy) refers to f2d.o(x$fpl$f2d) for __aeabi_f2d
    lcd.o(i.drawLineLegacy) refers to dmul.o(x$fpl$dmul) for __aeabi_dmul
    lcd.o(i.drawLineLegacy) refers to ddiv.o(x$fpl$ddiv) for __aeabi_ddiv
    lcd.o(i.drawLineLegacy) refers to d2f.o(x$fpl$d2f) for __aeabi_d2f
    lcd.o(i.drawLineLegacy) refers to open1768_lcd.o(i.lcdWriteReg) for lcdWriteReg
    lcd.o(i.drawLineLegacy) refers to faddsub_clz.o(x$fpl$fadd) for __aeabi_fadd
    lcd.o(i.drawLineLegacy) refers to ffixu.o(x$fpl$ffixu) for __aeabi_f2uiz
    lcd.o(i.drawLineLegacy) refers to open1768_lcd.o(i.lcdWriteIndex) for lcdWriteIndex
    lcd.o(i.drawLineLegacy) refers to open1768_lcd.o(i.lcdWriteData) for lcdWriteData
    lcd.o(i.drawLineLegacy) refers to fleqf.o(x$fpl$fleqf) for __aeabi_cfcmple
    lcd.o(i.drawLineStrip) refers to lcd.o(i.drawLine) for drawLine
    lcd.o(i.drawPixel) refers to open1768_lcd.o(i.lcdWriteReg) for lcdWriteReg
    lcd.o(i.drawPixel) refers to open1768_lcd.o(i.lcdWriteIndex) for lcdWriteIndex
    lcd.o(i.drawPixel) refers to open1768_lcd.o(i.lcdWriteData) for lcdWriteData
    lcd.o(i.drawRectangle) refers to open1768_lcd.o(i.lcdWriteReg) for lcdWriteReg
    lcd.o(i.drawRectangle) refers to open1768_lcd.o(i.lcdWriteIndex) for lcdWriteIndex
    lcd.o(i.drawRectangle) refers to open1768_lcd.o(i.lcdWriteData) for lcdWriteData
    lcd.o(i.drawText) refers to asciilib.o(i.GetASCIICode) for GetASCIICode
    lcd.o(i.drawText) refers to open1768_lcd.o(i.lcdWriteReg) for lcdWriteReg
    lcd.o(i.drawText) refers to open1768_lcd.o(i.lcdWriteIndex) for lcdWriteIndex
    lcd.o(i.drawText) refers to open1768_lcd.o(i.lcdWriteData) for lcdWriteData
    lcd.o(i.initLCD) refers to _printf_percent.o(.ARM.Collect$$_printf_percent$$00000000) for _printf_percent
    lcd.o(i.initLCD) refers to _printf_x.o(.ARM.Collect$$_printf_percent$$0000000C) for _printf_x
    lcd.o(i.initLCD) refers to _printf_hex_int.o(.text) for _printf_longlong_hex
    lcd.o(i.initLCD) refers to open1768_lcd.o(i.lcdConfiguration) for lcdConfiguration
    lcd.o(i.initLCD) refers to open1768_lcd.o(i.lcdReadReg) for lcdReadReg
    lcd.o(i.initLCD) refers to rt_memclr_w.o(.text) for __aeabi_memclr4
    lcd.o(i.initLCD) refers to noretval__2sprintf.o(.text) for __2sprintf
    lcd.o(i.initLCD) refers to uart.o(i.UART_Send) for UART_Send
    lcd.o(i.initLCD) refers to lcd_ili9325.o(i.init_ILI9325) for init_ILI9325
    lcd.o(i.initLCD) refers to lcd.o(i.drawBorders) for drawBorders
    main.o(i.EINT3_IRQHandler) refers to uart.o(i.UART_Send) for UART_Send
    main.o(i.EINT3_IRQHandler) refers to timer.o(.data) for sysTicks
    main.o(i.EINT3_IRQHandler) refers to main.o(.data) for lastInt
    main.o(i.GPIO_Init) refers to pin_lpc17xx.o(i.PIN_Configure) for PIN_Configure
    main.o(i.GPIO_Init) refers to main.o(i.__NVIC_EnableIRQ) for __NVIC_EnableIRQ
    main.o(i.RTC_IRQHandler) refers to main.o(.data) for flag
    main.o(i.RTC_Init) refers to main.o(i.__NVIC_EnableIRQ) for __NVIC_EnableIRQ
    main.o(i.TIMER0_IRQHandler) refers to adc.o(i.ADC_StartConvertion) for ADC_StartConvertion
    main.o(i.main) refers to uart.o(i.UART_Init) for UART_Init
    main.o(i.main) refers to uart.o(i.UART_Send) for UART_Send
    main.o(i.main) refers to timer.o(i.Timer_Init) for Timer_Init
    main.o(i.main) refers to main.o(i.RTC_Init) for RTC_Init
[...]
    ../fplib/d2f.s                           0x00000000   Number         0  d2f.o ABSOLUTE
    ../fplib/ddiv.s                          0x00000000   Number         0  ddiv.o ABSOLUTE
    ../fplib/dmul.s                          0x00000000   Number         0  dmul.o ABSOLUTE
    ../fplib/dnaninf.s                       0x00000000   Number         0  dnaninf.o ABSOLUTE
    ../fplib/dretinf.s                       0x00000000   Number         0  dretinf.o ABSOLUTE
    ../fplib/f2d.s                           0x00000000   Number         0  f2d.o ABSOLUTE
    ../fplib/faddsub.s                       0x00000000   Number         0  faddsub_clz.o ABSOLUTE
    ../fplib/fcmpi.s                         0x00000000   Number         0  fcmpi.o ABSOLUTE
    ../fplib/feqf.s                          0x00000000   Number         0  feqf.o ABSOLUTE
    ../fplib/ffixu.s                         0x00000000   Number         0  ffixu.o ABSOLUTE
    ../fplib/fflt.s                          0x00000000   Number         0  fflt_clz.o ABSOLUTE
    ../fplib/fleqf.s                         0x00000000   Number         0  fleqf.o ABSOLUTE
    ../fplib/fnaninf.s                       0x00000000   Number         0  fnaninf.o ABSOLUTE
    ../fplib/fpinit.s                        0x00000000   Number         0  fpinit.o ABSOLUTE
    ../fplib/fretinf.s                       0x00000000   Number         0  fretinf.o ABSOLUTE
    ../fplib/usenofp.s                       0x00000000   Number         0  usenofp.o ABSOLUTE
    C:\Keil_v5\ARM\PACK\Keil\LPC1700_DFP\2.6.1\RTE_Driver\GPDMA_LPC17xx.c 0x00000000   Number         0  gpdma_lpc17xx.o ABSOLUTE
    C:\Keil_v5\ARM\PACK\Keil\LPC1700_DFP\2.6.1\RTE_Driver\GPIO_LPC17xx.c 0x00000000   Number         0  gpio_lpc17xx.o ABSOLUTE
    C:\Keil_v5\ARM\PACK\Keil\LPC1700_DFP\2.6.1\RTE_Driver\PIN_LPC17xx.c 0x00000000   Number         0  pin_lpc17xx.o ABSOLUTE
    C:\Keil_v5\ARM\PACK\Keil\LPC1700_DFP\2.6.1\RTE_Driver\SSP_LPC17xx.c 0x00000000   Number         0  ssp_lpc17xx.o ABSOLUTE
    C:\Keil_v5\ARM\PACK\Keil\LPC1700_DFP\2.6.1\RTE_Driver\UART_LPC17xx.c 0x00000000   Number         0  uart_lpc17xx.o ABSOLUTE
    C:\\Keil_v5\\ARM\\PACK\\Keil\\LPC1700_DFP\\2.6.1\\RTE_Driver\\GPDMA_LPC17xx.c 0x00000000   Number         0  gpdma_lpc17xx.o ABSOLUTE
    C:\\Keil_v5\\ARM\\PACK\\Keil\\LPC1700_DFP\\2.6.1\\RTE_Driver\\GPIO_LPC17xx.c 0x00000000   Number         0  gpio_lpc17xx.o ABSOLUTE
    C:\\Keil_v5\\ARM\\PACK\\Keil\\LPC1700_DFP\\2.6.1\\RTE_Driver\\PIN_LPC17xx.c 0x00000000   Number         0  pin_lpc17xx.o ABSOLUTE
    C:\\Keil_v5\\ARM\\PACK\\Keil\\LPC1700_DFP\\2.6.1\\RTE_Driver\\SSP_LPC17xx.c 0x00000000   Number         0  ssp_lpc17xx.o ABSOLUTE
    C:\\Keil_v5\\ARM\\PACK\\Keil\\LPC1700_DFP\\2.6.1\\RTE_Driver\\UART_LPC17xx.c 0x00000000   Number         0  uart_lpc17xx.o ABSOLUTE
    RTE\Device\LPC1768\startup_LPC17xx.s     0x00000000   Number         0  startup_lpc17xx.o ABSOLUTE
    RTE\Device\LPC1768\system_LPC17xx.c      0x00000000   Number         0  system_lpc17xx.o ABSOLUTE
    RTE\\Device\\LPC1768\\system_LPC17xx.c   0x00000000   Number         0  system_lpc17xx.o ABSOLUTE
    dc.s                                     0x00000000   Number         0  dc.o ABSOLUTE
    src\ADC.c                                0x00000000   Number         0  adc.o ABSOLUTE
    src\LCD_ILI9325.c                        0x00000000   Number         0  lcd_ili9325.o ABSOLUTE
    src\Open1768_LCD.c                       0x00000000   Number         0  open1768_lcd.o ABSOLUTE
    src\\ADC.c                               0x00000000   Number         0  adc.o ABSOLUTE
    src\\LCD_ILI9325.c                       0x00000000   Number         0  lcd_ili9325.o ABSOLUTE
    src\\Open1768_LCD.c                      0x00000000   Number         0  open1768_lcd.o ABSOLUTE
    src\\buttons.c                           0x00000000   Number         0  buttons.o ABSOLUTE
    src\\lcd.c                               0x00000000   Number         0  lcd.o ABSOLUTE
    src\\main.c                              0x00000000   Number         0  main.o ABSOLUTE
    src\\timer.c                             0x00000000   Number         0  timer.o ABSOLUTE
    src\\uart.c                              0x00000000   Number         0  uart.o ABSOLUTE
    src\asciiLib.c                           0x00000000   Number         0  asciilib.o ABSOLUTE
    src\buttons.c                            0x00000000   Number         0  buttons.o ABSOLUTE
    src\console.c                            0x00000000   Number         0  console.o ABSOLUTE
    src\lcd.c                                0x00000000   Number         0  lcd.o ABSOLUTE
    src\main.c                               0x00000000   Number         0  main.o ABSOLUTE
    src\timer.c                              0x00000000   Number         0  timer.o ABSOLUTE
    src\uart.c                               0x00000000   Number         0  uart.o ABSOLUTE
    !!!main                                  0x000000cc   Section        8  __main.o(!!!main)
    !!!scatter                               0x000000d4   Section       52  __scatter.o(!!!scatter)
    !!handler_copy                           0x00000108   Section       26  __scatter_copy.o(!!handler_copy)
    !!handler_zi                             0x00000124   Section       28  __scatter_zi.o(!!handler_zi)
    .ARM.Collect$$_printf_percent$$00000000  0x00000140   Section        0  _printf_percent.o(.ARM.Collect$$_printf_percent$$00000000)
    .ARM.Collect$$_printf_percent$$00000009  0x00000140   Section        6  _printf_d.o(.ARM.Collect$$_printf_percent$$00000009)
    .ARM.Collect$$_printf_percent$$0000000C  0x00000146   Section        6  _printf_x.o(.ARM.Collect$$_printf_percent$$0000000C)
    .ARM.Collect$$_printf_percent$$00000017  0x0000014c   Section        4  _printf_percent_end.o(.ARM.Collect$$_printf_percent$$00000017)
    .ARM.Collect$$libinit$$00000000          0x00000150   Section        2  libinit.o(.ARM.Collect$$libinit$$00000000)
    .ARM.Collect$$libinit$$00000002          0x00000152   Section        0  libinit2.o(.ARM.Collect$$libinit$$00000002)
    .ARM.Collect$$libinit$$00000004          0x00000152   Section        0  libinit2.o(.ARM.Collect$$libinit$$00000004)
    .ARM.Collect$$libinit$$0000000A          0x00000152   Section        0  libinit2.o(.ARM.Collect$$libinit$$0000000A)
    .ARM.Collect$$libinit$$0000000C          0x00000152   Section        0  libinit2.o(.ARM.Collect$$libinit$$0000000C)
    .ARM.Collect$$libinit$$0000000E          0x00000152   Section        0  libinit2.o(.ARM.Collect$$libinit$$0000000E)
    .ARM.Collect$$libinit$$00000011          0x00000152   Section        0  libinit2.o(.ARM.Collect$$libinit$$00000011)
    .ARM.Collect$$libinit$$00000013          0x00000152   Section        0  libinit2.o(.ARM.Collect$$libinit$$00000013)
    .ARM.Collect$$libinit$$00000015          0x00000152   Section        0  libinit2.o(.ARM.Collect$$libinit$$00000015)
    .ARM.Collect$$libinit$$00000017          0x00000152   Section        0  libinit2.o(.ARM.Collect$$libinit$$00000017)
    .ARM.Collect$$libinit$$00000019          0x00000152   Section        0  libinit2.o(.ARM.Collect$$libinit$$00000019)
    .ARM.Collect$$libinit$$0000001B          0x00000152   Section        0  libinit2.o(.ARM.Collect$$libinit$$0000001B)
    .ARM.Collect$$libinit$$0000001D          0x00000152   Section        0  libinit2.o(.ARM.Collect$$libinit$$0000001D)
    .ARM.Collect$$libinit$$0000001F          0x00000152   Section        0  libinit2.o(.ARM.Collect$$libinit$$0000001F)
    .ARM.Collect$$libinit$$00000021          0x00000152   Section        0  libinit2.o(.ARM.Collect$$libinit$$00000021)
    .ARM.Collect$$libinit$$00000023          0x00000152   Section        0  libinit2.o(.ARM.Collect$$libinit$$00000023)
    .ARM.Collect$$libinit$$00000025          0x00000152   Section        0  libinit2.o(.ARM.Collect$$libinit$$00000025)
    .ARM.Collect$$libinit$$0000002C          0x00000152   Section        0  libinit2.o(.ARM.Collect$$libinit$$0000002C)
    .ARM.Collect$$libinit$$0000002E          0x00000152   Section        0  libinit2.o(.ARM.Collect$$libinit$$0000002E)
    .ARM.Collect$$libinit$$00000030          0x00000152   Section        0  libinit2.o(.ARM.Collect$$libinit$$00000030)
    .ARM.Collect$$libinit$$00000032          0x00000152   Section        0  libinit2.o(.ARM.Collect$$libinit$$00000032)
    .ARM.Collect$$libinit$$00000033          0x00000152   Section        2  libinit2.o(.ARM.Collect$$libinit$$00000033)
    .ARM.Collect$$libshutdown$$00000000      0x00000154   Section        2  libshutdown.o(.ARM.Collect$$libshutdown$$00000000)
    .ARM.Collect$$libshutdown$$00000002      0x00000156   Section        0  libshutdown2.o(.ARM.Collect$$libshutdown$$00000002)
    .ARM.Collect$$libshutdown$$00000004      0x00000156   Section        0  libshutdown2.o(.ARM.Collect$$libshutdown$$00000004)
    .ARM.Collect$$libshutdown$$00000007      0x00000156   Section        0  libshutdown2.o(.ARM.Collect$$libshutdown$$00000007)
    .ARM.Collect$$libshutdown$$0000000A      0x00000156   Section        0  libshutdown2.o(.ARM.Collect$$libshutdown$$0000000A)
    .ARM.Collect$$libshutdown$$0000000C      0x00000156   Section        0  libshutdown2.o(.ARM.Collect$$libshutdown$$0000000C)
    .ARM.Collect$$libshutdown$$0000000F      0x00000156   Section        0  libshutdown2.o(.ARM.Collect$$libshutdown$$0000000F)
    .ARM.Collect$$libshutdown$$00000010      0x00000156   Section        2  libshutdown2.o(.ARM.Collect$$libshutdown$$00000010)
    .ARM.Collect$$rtentry$$00000000          0x00000158   Section        0  __rtentry.o(.ARM.Collect$$rtentry$$00000000)
    .ARM.Collect$$rtentry$$00000002          0x00000158   Section        0  __rtentry2.o(.ARM.Collect$$rtentry$$00000002)
    .ARM.Collect$$rtentry$$00000004          0x00000158   Section        6  __rtentry4.o(.ARM.Collect$$rtentry$$00000004)
    .ARM.Collect$$rtentry$$00000009          0x0000015e   Section        0  __rtentry2.o(.ARM.Collect$$rtentry$$00000009)
    .ARM.Collect$$rtentry$$0000000A          0x0000015e   Section        4  __rtentry2.o(.ARM.Collect$$rtentry$$0000000A)
    .ARM.Collect$$rtentry$$0000000C          0x00000162   Section        0  __rtentry2.o(.ARM.Collect$$rtentry$$0000000C)
    .ARM.Collect$$rtentry$$0000000D          0x00000162   Section        8  __rtentry2.o(.ARM.Collect$$rtentry$$0000000D)
    .ARM.Collect$$rtexit$$00000000           0x0000016a   Section        2  rtexit.o(.ARM.Collect$$rtexit$$00000000)
    .ARM.Collect$$rtexit$$00000002           0x0000016c   Section        0  rtexit2.o(.ARM.Collect$$rtexit$$00000002)
    .ARM.Collect$$rtexit$$00000003           0x0000016c   Section        4  rtexit2.o(.ARM.Collect$$rtexit$$00000003)
    .ARM.Collect$$rtexit$$00000004           0x00000170   Section        6  rtexit2.o(.ARM.Collect$$rtexit$$00000004)
    .text                                    0x00000178   Section       60  startup_lpc17xx.o(.text)
    .text                                    0x000001b4   Section      238  lludivv7m.o(.text)
    .text                                    0x000002a4   Section        0  noretval__2sprintf.o(.text)
    .text                                    0x000002cc   Section        0  strstr.o(.text)
    .text                                    0x000002f0   Section        0  heapauxi.o(.text)
    .text                                    0x000002f6   Section        2  use_no_semi.o(.text)
    .text                                    0x000002f8   Section        0  indicate_semi.o(.text)
    .ARM.__at_0x02FC                         0x000002fc   Section        4  startup_lpc17xx.o(.ARM.__at_0x02FC)
    .text                                    0x00000300   Section        0  __printf.o(.text)
    .text                                    0x00000368   Section        0  _printf_dec.o(.text)
    .text                                    0x000003e0   Section        0  _printf_hex_int.o(.text)
    .text                                    0x00000438   Section        0  strcpy.o(.text)
    .text                                    0x00000480   Section      138  rt_memcpy_v6.o(.text)
    .text                                    0x0000050a   Section       68  rt_memclr.o(.text)
    .text                                    0x0000054e   Section       78  rt_memclr_w.o(.text)
    .text                                    0x0000059c   Section      128  strcmpv7m.o(.text)
    .text                                    0x0000061c   Section        0  _printf_intcommon.o(.text)
    .text                                    0x000006d0   Section        0  _printf_char_common.o(.text)
    _printf_input_char                       0x000006d1   Thumb Code    10  _printf_char_common.o(.text)
    .text                                    0x00000700   Section        0  _sputc.o(.text)
    .text                                    0x0000070a   Section      100  rt_memcpy_w.o(.text)
    .text                                    0x0000076e   Section       74  sys_stackheap_outer.o(.text)
    .text                                    0x000007b8   Section        0  exit.o(.text)
    .text                                    0x000007cc   Section        8  libspace.o(.text)
    .text                                    0x000007d4   Section        0  sys_exit.o(.text)
    i.ADC_IRQHandler                         0x000007e0   Section        0  adc.o(i.ADC_IRQHandler)
    i.ADC_StartConvertion                    0x00000800   Section        0  adc.o(i.ADC_StartConvertion)
    i.Clear_Channel_active_flag              0x00000814   Section        0  gpdma_lpc17xx.o(i.Clear_Channel_active_flag)
    Clear_Channel_active_flag                0x00000815   Thumb Code    28  gpdma_lpc17xx.o(i.Clear_Channel_active_flag)
    i.Console_Task                           0x00000834   Section        0  console.o(i.Console_Task)
    i.DMA_IRQHandler                         0x00000858   Section        0  gpdma_lpc17xx.o(i.DMA_IRQHandler)
    i.EINT0_IRQHandler                       0x000009d8   Section        0  buttons.o(i.EINT0_IRQHandler)
    i.EINT3_IRQHandler                       0x00000a48   Section        0  main.o(i.EINT3_IRQHandler)
    i.GPDMA_ChannelConfigure                 0x00000a9c   Section        0  gpdma_lpc17xx.o(i.GPDMA_ChannelConfigure)
    i.GPDMA_ChannelDisable                   0x00000b90   Section        0  gpdma_lpc17xx.o(i.GPDMA_ChannelDisable)
    i.GPDMA_ChannelGetCount                  0x00000bc0   Section        0  gpdma_lpc17xx.o(i.GPDMA_ChannelGetCount)
    i.GPDMA_Initialize                       0x00000bf0   Section        0  gpdma_lpc17xx.o(i.GPDMA_Initialize)
    i.GPDMA_PeripheralSelect                 0x00000c98   Section        0  gpdma_lpc17xx.o(i.GPDMA_PeripheralSelect)
    i.GPDMA_Uninitialize                     0x00000cdc   Section        0  gpdma_lpc17xx.o(i.GPDMA_Uninitialize)
    i.GPIO_Init                              0x00000d5c   Section        0  main.o(i.GPIO_Init)
    i.GPIO_PinWrite                          0x00000d80   Section        0  gpio_lpc17xx.o(i.GPIO_PinWrite)
    i.GPIO_SetDir                            0x00000da8   Section        0  gpio_lpc17xx.o(i.GPIO_SetDir)
    i.GetASCIICode                           0x00000de0   Section        0  asciilib.o(i.GetASCIICode)
    i.GetSSPClockFreq                        0x00000e0c   Section        0  ssp_lpc17xx.o(i.GetSSPClockFreq)
    GetSSPClockFreq                          0x00000e0d   Thumb Code    64  ssp_lpc17xx.o(i.GetSSPClockFreq)
    i.GetUsartClockFreq                      0x00000e50   Section        0  uart_lpc17xx.o(i.GetUsartClockFreq)
    GetUsartClockFreq                        0x00000e51   Thumb Code    62  uart_lpc17xx.o(i.GetUsartClockFreq)
    i.LineCoord                              0x00000e94   Section        0  lcd.o(i.LineCoord)
    LineCoord                                0x00000e95   Thumb Code    24  lcd.o(i.LineCoord)
    i.OnSignal                               0x00000eac   Section        0  lcd.o(i.OnSignal)
    OnSignal                                 0x00000ead   Thumb Code    18  lcd.o(i.OnSignal)
    i.PIN_Configure                          0x00000ec0   Section        0  pin_lpc17xx.o(i.PIN_Configure)
    i.ProcessCommandsNoParam                 0x00000fbc   Section        0  console.o(i.ProcessCommandsNoParam)
    ProcessCommandsNoParam                   0x00000fbd   Thumb Code    66  console.o(i.ProcessCommandsNoParam)
    i.ProcessCommandsWithParam               0x0000101c   Section        0  console.o(i.ProcessCommandsWithParam)
    ProcessCommandsWithParam                 0x0000101d   Thumb Code     6  console.o(i.ProcessCommandsWithParam)
    i.ProcessMsg                             0x00001024   Section        0  console.o(i.ProcessMsg)
    ProcessMsg                               0x00001025   Thumb Code    58  console.o(i.ProcessMsg)
    i.RTC_IRQHandler                         0x00001084   Section        0  main.o(i.RTC_IRQHandler)
    i.RTC_Init                               0x000010a0   Section        0  main.o(i.RTC_Init)
    i.SSP0_Control                           0x000010b8   Section        0  ssp_lpc17xx.o(i.SSP0_Control)
    SSP0_Control                             0x000010b9   Thumb Code    18  ssp_lpc17xx.o(i.SSP0_Control)
    i.SSP0_GPDMA_Rx_SignalEvent              0x000010d0   Section        0  ssp_lpc17xx.o(i.SSP0_GPDMA_Rx_SignalEvent)
    i.SSP0_GPDMA_Tx_SignalEvent              0x000010e4   Section        0  ssp_lpc17xx.o(i.SSP0_GPDMA_Tx_SignalEvent)
    i.SSP0_GetDataCount                      0x000010f8   Section        0  ssp_lpc17xx.o(i.SSP0_GetDataCount)
    SSP0_GetDataCount                        0x000010f9   Thumb Code    10  ssp_lpc17xx.o(i.SSP0_GetDataCount)
    i.SSP0_GetStatus                         0x00001108   Section        0  ssp_lpc17xx.o(i.SSP0_GetStatus)
    SSP0_GetStatus                           0x00001109   Thumb Code    12  ssp_lpc17xx.o(i.SSP0_GetStatus)
    i.SSP0_IRQHandler                        0x00001118   Section        0  ssp_lpc17xx.o(i.SSP0_IRQHandler)
    i.SSP0_Initialize                        0x00001128   Section        0  ssp_lpc17xx.o(i.SSP0_Initialize)
    SSP0_Initialize                          0x00001129   Thumb Code    14  ssp_lpc17xx.o(i.SSP0_Initialize)
    i.SSP0_PowerControl                      0x0000113c   Section        0  ssp_lpc17xx.o(i.SSP0_PowerControl)
    SSP0_PowerControl                        0x0000113d   Thumb Code    14  ssp_lpc17xx.o(i.SSP0_PowerControl)
    i.SSP0_Receive                           0x00001150   Section        0  ssp_lpc17xx.o(i.SSP0_Receive)
    SSP0_Receive                             0x00001151   Thumb Code    18  ssp_lpc17xx.o(i.SSP0_Receive)
    i.SSP0_Send                              0x00001168   Section        0  ssp_lpc17xx.o(i.SSP0_Send)
    SSP0_Send                                0x00001169   Thumb Code    18  ssp_lpc17xx.o(i.SSP0_Send)
    i.SSP0_Transfer                          0x00001180   Section        0  ssp_lpc17xx.o(i.SSP0_Transfer)
    SSP0_Transfer                            0x00001181   Thumb Code    22  ssp_lpc17xx.o(i.SSP0_Transfer)
    i.SSP0_Uninitialize                      0x0000119c   Section        0  ssp_lpc17xx.o(i.SSP0_Uninitialize)
    SSP0_Uninitialize                        0x0000119d   Thumb Code    10  ssp_lpc17xx.o(i.SSP0_Uninitialize)
    i.SSP_GetCapabilities                    0x000011ac   Section        0  ssp_lpc17xx.o(i.SSP_GetCapabilities)
    SSP_GetCapabilities                      0x000011ad   Thumb Code     6  ssp_lpc17xx.o(i.SSP_GetCapabilities)
    i.SSP_GetVersion                         0x000011b8   Section        0  ssp_lpc17xx.o(i.SSP_GetVersion)
    SSP_GetVersion                           0x000011b9   Thumb Code    10  ssp_lpc17xx.o(i.SSP_GetVersion)
    i.SSPx_Control                           0x000011c8   Section        0  ssp_lpc17xx.o(i.SSPx_Control)
    SSPx_Control                             0x000011c9   Thumb Code  1310  ssp_lpc17xx.o(i.SSPx_Control)
    i.SSPx_GPDMA_Rx_SignalEvent              0x000016e6   Section        0  ssp_lpc17xx.o(i.SSPx_GPDMA_Rx_SignalEvent)
    i.SSPx_GPDMA_Tx_SignalEvent              0x0000171c   Section        0  ssp_lpc17xx.o(i.SSPx_GPDMA_Tx_SignalEvent)
    i.SSPx_GetDataCount                      0x00001738   Section        0  ssp_lpc17xx.o(i.SSPx_GetDataCount)
    SSPx_GetDataCount                        0x00001739   Thumb Code    44  ssp_lpc17xx.o(i.SSPx_GetDataCount)
    i.SSPx_GetStatus                         0x00001764   Section        0  ssp_lpc17xx.o(i.SSPx_GetStatus)
    SSPx_GetStatus                           0x00001765   Thumb Code    90  ssp_lpc17xx.o(i.SSPx_GetStatus)
    i.SSPx_IRQHandler                        0x000017be   Section        0  ssp_lpc17xx.o(i.SSPx_IRQHandler)
    SSPx_IRQHandler                          0x000017bf   Thumb Code   260  ssp_lpc17xx.o(i.SSPx_IRQHandler)
    i.SSPx_Initialize                        0x000018c2   Section        0  ssp_lpc17xx.o(i.SSPx_Initialize)
    SSPx_Initialize                          0x000018c3   Thumb Code   168  ssp_lpc17xx.o(i.SSPx_Initialize)
    i.SSPx_PowerControl                      0x0000196c   Section        0  ssp_lpc17xx.o(i.SSPx_PowerControl)
    SSPx_PowerControl                        0x0000196d   Thumb Code   446  ssp_lpc17xx.o(i.SSPx_PowerControl)
    i.SSPx_Receive                           0x00001b30   Section        0  ssp_lpc17xx.o(i.SSPx_Receive)
    SSPx_Receive                             0x00001b31   Thumb Code   344  ssp_lpc17xx.o(i.SSPx_Receive)
    i.SSPx_Send                              0x00001c8c   Section        0  ssp_lpc17xx.o(i.SSPx_Send)
    SSPx_Send                                0x00001c8d   Thumb Code   336  ssp_lpc17xx.o(i.SSPx_Send)
    i.SSPx_Transfer                          0x00001de0   Section        0  ssp_lpc17xx.o(i.SSPx_Transfer)
    SSPx_Transfer                            0x00001de1   Thumb Code   338  ssp_lpc17xx.o(i.SSPx_Transfer)
    i.SSPx_Uninitialize                      0x00001f32   Section        0  ssp_lpc17xx.o(i.SSPx_Uninitialize)
    SSPx_Uninitialize                        0x00001f33   Thumb Code   112  ssp_lpc17xx.o(i.SSPx_Uninitialize)
    i.Set_Channel_active_flag                0x00001fa4   Section        0  gpdma_lpc17xx.o(i.Set_Channel_active_flag)
    Set_Channel_active_flag                  0x00001fa5   Thumb Code    50  gpdma_lpc17xx.o(i.Set_Channel_active_flag)
    i.SysTick_Handler                        0x00001fdc   Section        0  timer.o(i.SysTick_Handler)
    i.SystemInit                             0x00001fec   Section        0  system_lpc17xx.o(i.SystemInit)
    i.TIMER0_IRQHandler                      0x0000212c   Section        0  main.o(i.TIMER0_IRQHandler)
    i.Timer_Init                             0x0000213c   Section        0  timer.o(i.Timer_Init)
    i.UART0_IRQHandler                       0x000021c4   Section        0  uart_lpc17xx.o(i.UART0_IRQHandler)
    i.UART_GetMessage                        0x000021d4   Section        0  uart.o(i.UART_GetMessage)
    i.UART_Init                              0x00002214   Section        0  uart.o(i.UART_Init)
    i.UART_IsMsgReady                        0x00002280   Section        0  uart.o(i.UART_IsMsgReady)
    i.UART_ReadTask                          0x0000228c   Section        0  uart.o(i.UART_ReadTask)
    i.UART_Send                              0x00002334   Section        0  uart.o(i.UART_Send)
    i.UART_SendNum                           0x0000235c   Section        0  uart.o(i.UART_SendNum)
    i.USART0_Control                         0x00002384   Section        0  uart_lpc17xx.o(i.USART0_Control)
    USART0_Control                           0x00002385   Thumb Code    18  uart_lpc17xx.o(i.USART0_Control)
    i.USART0_GPDMA_Rx_Event                  0x0000239c   Section        0  uart_lpc17xx.o(i.USART0_GPDMA_Rx_Event)
    i.USART0_GPDMA_Tx_Event                  0x000023b0   Section        0  uart_lpc17xx.o(i.USART0_GPDMA_Tx_Event)
    i.USART0_GetCapabilities                 0x000023c4   Section        0  uart_lpc17xx.o(i.USART0_GetCapabilities)
    USART0_GetCapabilities                   0x000023c5   Thumb Code    12  uart_lpc17xx.o(i.USART0_GetCapabilities)
    i.USART0_GetModemStatus                  0x000023d4   Section        0  uart_lpc17xx.o(i.USART0_GetModemStatus)
    USART0_GetModemStatus                    0x000023d5   Thumb Code    12  uart_lpc17xx.o(i.USART0_GetModemStatus)
    i.USART0_GetRxCount                      0x000023e4   Section        0  uart_lpc17xx.o(i.USART0_GetRxCount)
    USART0_GetRxCount                        0x000023e5   Thumb Code    10  uart_lpc17xx.o(i.USART0_GetRxCount)
    i.USART0_GetStatus                       0x000023f4   Section        0  uart_lpc17xx.o(i.USART0_GetStatus)
    USART0_GetStatus                         0x000023f5   Thumb Code    12  uart_lpc17xx.o(i.USART0_GetStatus)
    i.USART0_GetTxCount                      0x00002404   Section        0  uart_lpc17xx.o(i.USART0_GetTxCount)
    USART0_GetTxCount                        0x00002405   Thumb Code    10  uart_lpc17xx.o(i.USART0_GetTxCount)
    i.USART0_Initialize                      0x00002414   Section        0  uart_lpc17xx.o(i.USART0_Initialize)
    USART0_Initialize                        0x00002415   Thumb Code    14  uart_lpc17xx.o(i.USART0_Initialize)
    i.USART0_PowerControl                    0x00002428   Section        0  uart_lpc17xx.o(i.USART0_PowerControl)
    USART0_PowerControl                      0x00002429   Thumb Code    14  uart_lpc17xx.o(i.USART0_PowerControl)
    i.USART0_Receive                         0x0000243c   Section        0  uart_lpc17xx.o(i.USART0_Receive)
    USART0_Receive                           0x0000243d   Thumb Code    18  uart_lpc17xx.o(i.USART0_Receive)
    i.USART0_Send                            0x00002454   Section        0  uart_lpc17xx.o(i.USART0_Send)
    USART0_Send                              0x00002455   Thumb Code    18  uart_lpc17xx.o(i.USART0_Send)
    i.USART0_SetModemControl                 0x0000246c   Section        0  uart_lpc17xx.o(i.USART0_SetModemControl)
    USART0_SetModemControl                   0x0000246d   Thumb Code    14  uart_lpc17xx.o(i.USART0_SetModemControl)
    i.USART0_Transfer                        0x00002480   Section        0  uart_lpc17xx.o(i.USART0_Transfer)
    USART0_Transfer                          0x00002481   Thumb Code    22  uart_lpc17xx.o(i.USART0_Transfer)
    i.USART0_Uninitialize                    0x0000249c   Section        0  uart_lpc17xx.o(i.USART0_Uninitialize)
    USART0_Uninitialize                      0x0000249d   Thumb Code    10  uart_lpc17xx.o(i.USART0_Uninitialize)
    i.USART_Control                          0x000024ac   Section        0  uart_lpc17xx.o(i.USART_Control)
    USART_Control                            0x000024ad   Thumb Code  1600  uart_lpc17xx.o(i.USART_Control)
    i.USART_GPDMA_Rx_Event                   0x00002af0   Section        0  uart_lpc17xx.o(i.USART_GPDMA_Rx_Event)
    USART_GPDMA_Rx_Event                     0x00002af1   Thumb Code   134  uart_lpc17xx.o(i.USART_GPDMA_Rx_Event)
    i.USART_GPDMA_Tx_Event                   0x00002b76   Section        0  uart_lpc17xx.o(i.USART_GPDMA_Tx_Event)
    USART_GPDMA_Tx_Event                     0x00002b77   Thumb Code    74  uart_lpc17xx.o(i.USART_GPDMA_Tx_Event)
    i.USART_GetCapabilities                  0x00002bc0   Section        0  uart_lpc17xx.o(i.USART_GetCapabilities)
    USART_GetCapabilities                    0x00002bc1   Thumb Code     6  uart_lpc17xx.o(i.USART_GetCapabilities)
    i.USART_GetModemStatus                   0x00002bc6   Section        0  uart_lpc17xx.o(i.USART_GetModemStatus)
    USART_GetModemStatus                     0x00002bc7   Thumb Code   236  uart_lpc17xx.o(i.USART_GetModemStatus)
    i.USART_GetRxCount                       0x00002cb2   Section        0  uart_lpc17xx.o(i.USART_GetRxCount)
    USART_GetRxCount                         0x00002cb3   Thumb Code    28  uart_lpc17xx.o(i.USART_GetRxCount)
    i.USART_GetStatus                        0x00002cce   Section        0  uart_lpc17xx.o(i.USART_GetStatus)
    USART_GetStatus                          0x00002ccf   Thumb Code   188  uart_lpc17xx.o(i.USART_GetStatus)
    i.USART_GetTxCount                       0x00002d8a   Section        0  uart_lpc17xx.o(i.USART_GetTxCount)
    USART_GetTxCount                         0x00002d8b   Thumb Code    28  uart_lpc17xx.o(i.USART_GetTxCount)
    i.USART_IRQHandler                       0x00002da6   Section        0  uart_lpc17xx.o(i.USART_IRQHandler)
    USART_IRQHandler                         0x00002da7   Thumb Code   538  uart_lpc17xx.o(i.USART_IRQHandler)
    i.USART_Initialize                       0x00002fc0   Section        0  uart_lpc17xx.o(i.USART_Initialize)
    USART_Initialize                         0x00002fc1   Thumb Code   254  uart_lpc17xx.o(i.USART_Initialize)
    i.USART_PowerControl                     0x000030c0   Section        0  uart_lpc17xx.o(i.USART_PowerControl)
    USART_PowerControl                       0x000030c1   Thumb Code   564  uart_lpc17xx.o(i.USART_PowerControl)
    i.USART_Receive                          0x000032f8   Section        0  uart_lpc17xx.o(i.USART_Receive)
    USART_Receive                            0x000032f9   Thumb Code   272  uart_lpc17xx.o(i.USART_Receive)
    i.USART_RxLineIntHandler                 0x00003408   Section        0  uart_lpc17xx.o(i.USART_RxLineIntHandler)
    USART_RxLineIntHandler                   0x00003409   Thumb Code   104  uart_lpc17xx.o(i.USART_RxLineIntHandler)
    i.USART_Send                             0x00003470   Section        0  uart_lpc17xx.o(i.USART_Send)
    USART_Send                               0x00003471   Thumb Code   412  uart_lpc17xx.o(i.USART_Send)
    i.USART_SetBaudrate                      0x0000360c   Section        0  uart_lpc17xx.o(i.USART_SetBaudrate)
    i.USART_SetModemControl                  0x00003740   Section        0  uart_lpc17xx.o(i.USART_SetModemControl)
    USART_SetModemControl                    0x00003741   Thumb Code   160  uart_lpc17xx.o(i.USART_SetModemControl)
    i.USART_Transfer                         0x000037e0   Section        0  uart_lpc17xx.o(i.USART_Transfer)
    USART_Transfer                           0x000037e1   Thumb Code   122  uart_lpc17xx.o(i.USART_Transfer)
    i.USART_Uninitialize                     0x0000385a   Section        0  uart_lpc17xx.o(i.USART_Uninitialize)
    USART_Uninitialize                       0x0000385b   Thumb Code   226  uart_lpc17xx.o(i.USART_Uninitialize)
    i.USARTx_GetVersion                      0x0000393c   Section        0  uart_lpc17xx.o(i.USARTx_GetVersion)
    USARTx_GetVersion                        0x0000393d   Thumb Code    10  uart_lpc17xx.o(i.USARTx_GetVersion)
    i.__NVIC_ClearPendingIRQ                 0x0000394c   Section        0  ssp_lpc17xx.o(i.__NVIC_ClearPendingIRQ)
    __NVIC_ClearPendingIRQ                   0x0000394d   Thumb Code    22  ssp_lpc17xx.o(i.__NVIC_ClearPendingIRQ)
    i.__NVIC_ClearPendingIRQ                 0x00003968   Section        0  uart_lpc17xx.o(i.__NVIC_ClearPendingIRQ)
    __NVIC_ClearPendingIRQ                   0x00003969   Thumb Code    22  uart_lpc17xx.o(i.__NVIC_ClearPendingIRQ)
    i.__NVIC_ClearPendingIRQ                 0x00003984   Section        0  gpdma_lpc17xx.o(i.__NVIC_ClearPendingIRQ)
    __NVIC_ClearPendingIRQ                   0x00003985   Thumb Code    22  gpdma_lpc17xx.o(i.__NVIC_ClearPendingIRQ)
    i.__NVIC_EnableIRQ                       0x000039a0   Section        0  main.o(i.__NVIC_EnableIRQ)
    __NVIC_EnableIRQ                         0x000039a1   Thumb Code    26  main.o(i.__NVIC_EnableIRQ)
    i.delay_ms                               0x000039ba   Section        0  lcd_ili9325.o(i.delay_ms)
    i.drawBorders                            0x000039d8   Section        0  lcd.o(i.drawBorders)
    drawBorders                              0x000039d9   Thumb Code   378  lcd.o(i.drawBorders)
    i.drawLine                               0x00003b60   Section        0  lcd.o(i.drawLine)
    i.drawLineStrip                          0x00003c32   Section        0  lcd.o(i.drawLineStrip)
    i.drawPixel                              0x00003c74   Section        0  lcd.o(i.drawPixel)
    i.drawText                               0x00003c9a   Section        0  lcd.o(i.drawText)
    i.initADC                                0x00003d44   Section        0  adc.o(i.initADC)
    i.initLCD                                0x00003de8   Section        0  lcd.o(i.initLCD)
    i.init_ILI9325                           0x00003e24   Section        0  lcd_ili9325.o(i.init_ILI9325)
    i.lcdConfiguration                       0x00003ff8   Section        0  open1768_lcd.o(i.lcdConfiguration)
    i.lcdRead                                0x00004020   Section        0  open1768_lcd.o(i.lcdRead)
    i.lcdReadData                            0x0000406c   Section        0  open1768_lcd.o(i.lcdReadData)
    i.lcdReadReg                             0x000040a4   Section        0  open1768_lcd.o(i.lcdReadReg)
    i.lcdSend                                0x000040b8   Section        0  open1768_lcd.o(i.lcdSend)
    i.lcdWriteData                           0x000040e4   Section        0  open1768_lcd.o(i.lcdWriteData)
    i.lcdWriteIndex                          0x0000411c   Section        0  open1768_lcd.o(i.lcdWriteIndex)
    i.lcdWriteReg                            0x0000415c   Section        0  open1768_lcd.o(i.lcdWriteReg)
    i.main                                   0x00004170   Section        0  main.o(i.main)
    i.wait_delay                             0x000041f4   Section        0  open1768_lcd.o(i.wait_delay)
    .constdata                               0x00004206   Section     3040  asciilib.o(.constdata)
    AsciiLib                                 0x00004206   Data        3040  asciilib.o(.constdata)
    .constdata                               0x00004de8   Section      128  ssp_lpc17xx.o(.constdata)
    DriverVersion                            0x00004de8   Data           4  ssp_lpc17xx.o(.constdata)
    DriverCapabilities                       0x00004dec   Data           4  ssp_lpc17xx.o(.constdata)
    SSPO_pin_sck                             0x00004df0   Data           2  ssp_lpc17xx.o(.constdata)
    SSPO_pin_ssel                            0x00004df2   Data           2  ssp_lpc17xx.o(.constdata)
    SSP0_Resources                           0x00004df4   Data          72  ssp_lpc17xx.o(.constdata)
    .constdata                               0x00004e68   Section      464  uart_lpc17xx.o(.constdata)
    usart_driver_version                     0x00004e68   Data           4  uart_lpc17xx.o(.constdata)
    fract_div_lookup_table                   0x00004e6c   Data         288  uart_lpc17xx.o(.constdata)
    UART0_DMA_Tx                             0x00004f8c   Data           8  uart_lpc17xx.o(.constdata)
    UART0_DMA_Rx                             0x00004f94   Data           8  uart_lpc17xx.o(.constdata)
    USART0_Resources                         0x00004f9c   Data         100  uart_lpc17xx.o(.constdata)
    .constdata                               0x00005038   Section       40  _printf_hex_int.o(.constdata)
    uc_hextab                                0x00005038   Data          20  _printf_hex_int.o(.constdata)
    lc_hextab                                0x0000504c   Data          20  _printf_hex_int.o(.constdata)
    .data                                    0x10000000   Section        8  main.o(.data)
    flag                                     0x10000000   Data           1  main.o(.data)
    lastInt                                  0x10000004   Data           4  main.o(.data)
    .data                                    0x10000008   Section       17  buttons.o(.data)
    lastInt                                  0x1000000c   Data           4  buttons.o(.data)
    clickCoutn                               0x10000010   Data           4  buttons.o(.data)
    timeStart                                0x10000014   Data           4  buttons.o(.data)
    flag                                     0x10000018   Data           1  buttons.o(.data)
    .data                                    0x1000001c   Section        4  timer.o(.data)
    .data                                    0x10000020   Section        5  uart.o(.data)
    currBuffSize                             0x10000020   Data           4  uart.o(.data)
    msgReceived                              0x10000024   Data           1  uart.o(.data)
    .data                                    0x10000028   Section        8  ssp_lpc17xx.o(.data)
    dummy_data                               0x10000028   Data           4  ssp_lpc17xx.o(.data)
    dummy_data                               0x1000002c   Data           4  ssp_lpc17xx.o(.data)
    .bss                                     0x10000030   Section       52  uart_lpc17xx.o(.bss)
    USART0_Info                              0x10000030   Data          52  uart_lpc17xx.o(.bss)
    HEAP                                     0x10000068   Section        0  startup_lpc17xx.o(HEAP)
    STACK                                    0x10000068   Section      512  startup_lpc17xx.o(STACK)
    Heap_Mem                                 0x10000068   Data           0  startup_lpc17xx.o(HEAP)
    Stack_Mem                                0x10000068   Data         512  startup_lpc17xx.o(STACK)
    __initial_sp                             0x10000268   Data           0  startup_lpc17xx.o(STACK)
    .data                                    0x2007c000   Section       40  lcd.o(.data)
    wafesDis                                 0x2007c000   Data          20  lcd.o(.data)
    settingsDis                              0x2007c014   Data          20  lcd.o(.data)
    .data                                    0x2007c028   Section        8  gpdma_lpc17xx.o(.data)
    Channel_active                           0x2007c028   Data           4  gpdma_lpc17xx.o(.data)
    Init_cnt                                 0x2007c02c   Data           4  gpdma_lpc17xx.o(.data)
    .data                                    0x2007c030   Section        4  system_lpc17xx.o(.data)
    .bss                                     0x2007c034   Section      256  uart.o(.bss)
    .bss                                     0x2007c134   Section       44  ssp_lpc17xx.o(.bss)
    SSP0_Info                                0x2007c134   Data          16  ssp_lpc17xx.o(.bss)
    SSP0_Xfer                                0x2007c144   Data          28  ssp_lpc17xx.o(.bss)
    .bss                                     0x2007c160   Section      160  gpdma_lpc17xx.o(.bss)
    Channel_info                             0x2007c160   Data         160  gpdma_lpc17xx.o(.bss)
    .bss                                     0x2007c200   Section       96  libspace.o(.bss)

    Global Symbols

    Symbol Name                              Value     Ov Type        Size  Object(Section)

    BuildAttributes$$THM_ISAv4$P$D$K$B$S$PE$A:L22UL41UL21$X:L11$S22US41US21$IEEE1$IW$USESV6$~STKCKD$USESV7$~SHL$OSPACE$ROPI$EBA8$UX$STANDARDLIB$REQ8$PRES8$EABIv2 0x00000000   Number         0  anon$$obj.o ABSOLUTE
    __ARM_use_no_argv                        0x00000000   Number         0  main.o ABSOLUTE
    __Vectors                                0x00000000   Data           4  startup_lpc17xx.o(RESET)
    __ARM_exceptions_init                     - Undefined Weak Reference
    __alloca_initialize                       - Undefined Weak Reference
    __arm_preinit_                            - Undefined Weak Reference
    __cpp_initialize__aeabi_                  - Undefined Weak Reference
    __cxa_finalize                            - Undefined Weak Reference
    __rt_locale                               - Undefined Weak Reference
    __sigvec_lookup                           - Undefined Weak Reference
    _atexit_init                              - Undefined Weak Reference
    _call_atexit_fns                          - Undefined Weak Reference
    _clock_init                               - Undefined Weak Reference
    _fp_trap_init                             - Undefined Weak Reference
    _fp_trap_shutdown                         - Undefined Weak Reference
    _get_lc_collate                           - Undefined Weak Reference
    _get_lc_ctype                             - Undefined Weak Reference
    _get_lc_monetary                          - Undefined Weak Reference
    _get_lc_numeric                           - Undefined Weak Reference
    _get_lc_time                              - Undefined Weak Reference
    _getenv_init                              - Undefined Weak Reference
    _handle_redirection                       - Undefined Weak Reference
    _init_alloc                               - Undefined Weak Reference
    _init_user_alloc                          - Undefined Weak Reference
    _initio                                   - Undefined Weak Reference
    _printf_post_padding                      - Undefined Weak Reference
    _printf_pre_padding                       - Undefined Weak Reference
    _printf_truncate_signed                   - Undefined Weak Reference
    _printf_truncate_unsigned                 - Undefined Weak Reference
    _rand_init                                - Undefined Weak Reference
    _signal_finish                            - Undefined Weak Reference
    _signal_init                              - Undefined Weak Reference
    _terminate_alloc                          - Undefined Weak Reference
    _terminate_user_alloc                     - Undefined Weak Reference
    _terminateio                              - Undefined Weak Reference
    __main                                   0x000000cd   Thumb Code     8  __main.o(!!!main)
    __scatterload                            0x000000d5   Thumb Code     0  __scatter.o(!!!scatter)
    __scatterload_rt2                        0x000000d5   Thumb Code    44  __scatter.o(!!!scatter)
    __scatterload_rt2_thumb_only             0x000000d5   Thumb Code     0  __scatter.o(!!!scatter)
    __scatterload_null                       0x000000e3   Thumb Code     0  __scatter.o(!!!scatter)
    __scatterload_copy                       0x00000109   Thumb Code    26  __scatter_copy.o(!!handler_copy)
    __scatterload_zeroinit                   0x00000125   Thumb Code    28  __scatter_zi.o(!!handler_zi)
    _printf_d                                0x00000141   Thumb Code     0  _printf_d.o(.ARM.Collect$$_printf_percent$$00000009)
    _printf_percent                          0x00000141   Thumb Code     0  _printf_percent.o(.ARM.Collect$$_printf_percent$$00000000)
    _printf_x                                0x00000147   Thumb Code     0  _printf_x.o(.ARM.Collect$$_printf_percent$$0000000C)
    _printf_percent_end                      0x0000014d   Thumb Code     0  _printf_percent_end.o(.ARM.Collect$$_printf_percent$$00000017)
    __rt_lib_init                            0x00000151   Thumb Code     0  libinit.o(.ARM.Collect$$libinit$$00000000)
    __rt_lib_init_alloca_1                   0x00000153   Thumb Code     0  libinit2.o(.ARM.Collect$$libinit$$0000002E)
    __rt_lib_init_argv_1                     0x00000153   Thumb Code     0  libinit2.o(.ARM.Collect$$libinit$$0000002C)
    __rt_lib_init_atexit_1                   0x00000153   Thumb Code     0  libinit2.o(.ARM.Collect$$libinit$$0000001B)
    __rt_lib_init_clock_1                    0x00000153   Thumb Code     0  libinit2.o(.ARM.Collect$$libinit$$00000021)
    __rt_lib_init_cpp_1                      0x00000153   Thumb Code     0  libinit2.o(.ARM.Collect$$libinit$$00000032)
    __rt_lib_init_exceptions_1               0x00000153   Thumb Code     0  libinit2.o(.ARM.Collect$$libinit$$00000030)
    __rt_lib_init_fp_1                       0x00000153   Thumb Code     0  libinit2.o(.ARM.Collect$$libinit$$00000002)
    __rt_lib_init_fp_trap_1                  0x00000153   Thumb Code     0  libinit2.o(.ARM.Collect$$libinit$$0000001F)
    __rt_lib_init_getenv_1                   0x00000153   Thumb Code     0  libinit2.o(.ARM.Collect$$libinit$$00000023)
    __rt_lib_init_heap_1                     0x00000153   Thumb Code     0  libinit2.o(.ARM.Collect$$libinit$$0000000A)
    __rt_lib_init_lc_collate_1               0x00000153   Thumb Code     0  libinit2.o(.ARM.Collect$$libinit$$00000011)
    __rt_lib_init_lc_ctype_1                 0x00000153   Thumb Code     0  libinit2.o(.ARM.Collect$$libinit$$00000013)
    __rt_lib_init_lc_monetary_1              0x00000153   Thumb Code     0  libinit2.o(.ARM.Collect$$libinit$$00000015)
    __rt_lib_init_lc_numeric_1               0x00000153   Thumb Code     0  libinit2.o(.ARM.Collect$$libinit$$00000017)
    __rt_lib_init_lc_time_1                  0x00000153   Thumb Code     0  libinit2.o(.ARM.Collect$$libinit$$00000019)
    __rt_lib_init_preinit_1                  0x00000153   Thumb Code     0  libinit2.o(.ARM.Collect$$libinit$$00000004)
    __rt_lib_init_rand_1                     0x00000153   Thumb Code     0  libinit2.o(.ARM.Collect$$libinit$$0000000E)
    __rt_lib_init_return                     0x00000153   Thumb Code     0  libinit2.o(.ARM.Collect$$libinit$$00000033)
    __rt_lib_init_signal_1                   0x00000153   Thumb Code     0  libinit2.o(.ARM.Collect$$libinit$$0000001D)
    __rt_lib_init_stdio_1                    0x00000153   Thumb Code     0  libinit2.o(.ARM.Collect$$libinit$$00000025)
    __rt_lib_init_user_alloc_1               0x00000153   Thumb Code     0  libinit2.o(.ARM.Collect$$libinit$$0000000C)
    __rt_lib_shutdown                        0x00000155   Thumb Code     0  libshutdown.o(.ARM.Collect$$libshutdown$$00000000)
    __rt_lib_shutdown_cpp_1                  0x00000157   Thumb Code     0  libshutdown2.o(.ARM.Collect$$libshutdown$$00000002)
    __rt_lib_shutdown_fp_trap_1              0x00000157   Thumb Code     0  libshutdown2.o(.ARM.Collect$$libshutdown$$00000007)
    __rt_lib_shutdown_heap_1                 0x00000157   Thumb Code     0  libshutdown2.o(.ARM.Collect$$libshutdown$$0000000F)
    __rt_lib_shutdown_return                 0x00000157   Thumb Code     0  libshutdown2.o(.ARM.Collect$$libshutdown$$00000010)
    __rt_lib_shutdown_signal_1               0x00000157   Thumb Code     0  libshutdown2.o(.ARM.Collect$$libshutdown$$0000000A)
    __rt_lib_shutdown_stdio_1                0x00000157   Thumb Code     0  libshutdown2.o(.ARM.Collect$$libshutdown$$00000004)
    __rt_lib_shutdown_user_alloc_1           0x00000157   Thumb Code     0  libshutdown2.o(.ARM.Collect$$libshutdown$$0000000C)
    __rt_entry                               0x00000159   Thumb Code     0  __rtentry.o(.ARM.Collect$$rtentry$$00000000)
    __rt_entry_presh_1                       0x00000159   Thumb Code     0  __rtentry2.o(.ARM.Collect$$rtentry$$00000002)
    __rt_entry_sh                            0x00000159   Thumb Code     0  __rtentry4.o(.ARM.Collect$$rtentry$$00000004)
    __rt_entry_li                            0x0000015f   Thumb Code     0  __rtentry2.o(.ARM.Collect$$rtentry$$0000000A)
    __rt_entry_postsh_1                      0x0000015f   Thumb Code     0  __rtentry2.o(.ARM.Collect$$rtentry$$00000009)
    __rt_entry_main                          0x00000163   Thumb Code     0  __rtentry2.o(.ARM.Collect$$rtentry$$0000000D)
    __rt_entry_postli_1                      0x00000163   Thumb Code     0  __rtentry2.o(.ARM.Collect$$rtentry$$0000000C)
    __rt_exit                                0x0000016b   Thumb Code     0  rtexit.o(.ARM.Collect$$rtexit$$00000000)
    __rt_exit_ls                             0x0000016d   Thumb Code     0  rtexit2.o(.ARM.Collect$$rtexit$$00000003)
    __rt_exit_prels_1                        0x0000016d   Thumb Code     0  rtexit2.o(.ARM.Collect$$rtexit$$00000002)
    __rt_exit_exit                           0x00000171   Thumb Code     0  rtexit2.o(.ARM.Collect$$rtexit$$00000004)
    Reset_Handler                            0x00000179   Thumb Code     8  startup_lpc17xx.o(.text)
    NMI_Handler                              0x00000181   Thumb Code     2  startup_lpc17xx.o(.text)
    HardFault_Handler                        0x00000183   Thumb Code     2  startup_lpc17xx.o(.text)
    MemManage_Handler                        0x00000185   Thumb Code     2  startup_lpc17xx.o(.text)
    BusFault_Handler                         0x00000187   Thumb Code     2  startup_lpc17xx.o(.text)
    UsageFault_Handler                       0x00000189   Thumb Code     2  startup_lpc17xx.o(.text)
    SVC_Handler                              0x0000018b   Thumb Code     2  startup_lpc17xx.o(.text)
    DebugMon_Handler                         0x0000018d   Thumb Code     2  startup_lpc17xx.o(.text)
    PendSV_Handler                           0x0000018f   Thumb Code     2  startup_lpc17xx.o(.text)
    BOD_IRQHandler                           0x00000193   Thumb Code     0  startup_lpc17xx.o(.text)
    CANActivity_IRQHandler                   0x00000193   Thumb Code     0  startup_lpc17xx.o(.text)
    CAN_IRQHandler                           0x00000193   Thumb Code     0  startup_lpc17xx.o(.text)
    EINT1_IRQHandler                         0x00000193   Thumb Code     0  startup_lpc17xx.o(.text)
    EINT2_IRQHandler                         0x00000193   Thumb Code     0  startup_lpc17xx.o(.text)
    ENET_IRQHandler                          0x00000193   Thumb Code     0  startup_lpc17xx.o(.text)
    I2C0_IRQHandler                          0x00000193   Thumb Code     0  startup_lpc17xx.o(.text)
    I2C1_IRQHandler                          0x00000193   Thumb Code     0  startup_lpc17xx.o(.text)
    I2C2_IRQHandler                          0x00000193   Thumb Code     0  startup_lpc17xx.o(.text)
    I2S_IRQHandler                           0x00000193   Thumb Code     0  startup_lpc17xx.o(.text)
    MCPWM_IRQHandler                         0x00000193   Thumb Code     0  startup_lpc17xx.o(.text)
    PLL0_IRQHandler                          0x00000193   Thumb Code     0  startup_lpc17xx.o(.text)
    PLL1_IRQHandler                          0x00000193   Thumb Code     0  startup_lpc17xx.o(.text)
    PWM1_IRQHandler                          0x00000193   Thumb Code     0  startup_lpc17xx.o(.text)
    QEI_IRQHandler                           0x00000193   Thumb Code     0  startup_lpc17xx.o(.text)
    RIT_IRQHandler                           0x00000193   Thumb Code     0  startup_lpc17xx.o(.text)
    SPI_IRQHandler                           0x00000193   Thumb Code     0  startup_lpc17xx.o(.text)
    SSP1_IRQHandler                          0x00000193   Thumb Code     0  startup_lpc17xx.o(.text)
    TIMER1_IRQHandler                        0x00000193   Thumb Code     0  startup_lpc17xx.o(.text)
    TIMER2_IRQHandler                        0x00000193   Thumb Code     0  startup_lpc17xx.o(.text)
    TIMER3_IRQHandler                        0x00000193   Thumb Code     0  startup_lpc17xx.o(.text)
    UART1_IRQHandler                         0x00000193   Thumb Code     0  startup_lpc17xx.o(.text)
    UART2_IRQHandler                         0x00000193   Thumb Code     0  startup_lpc17xx.o(.text)
    UART3_IRQHandler                         0x00000193   Thumb Code     0  startup_lpc17xx.o(.text)
    USBActivity_IRQHandler                   0x00000193   Thumb Code     0  startup_lpc17xx.o(.text)
    USB_IRQHandler                           0x00000193   Thumb Code     0  startup_lpc17xx.o(.text)
    WDT_IRQHandler                           0x00000193   Thumb Code     0  startup_lpc17xx.o(.text)
    __user_initial_stackheap                 0x00000195   Thumb Code     0  startup_lpc17xx.o(.text)
    __aeabi_uldivmod                         0x000001b5   Thumb Code     0  lludivv7m.o(.text)
    _ll_udiv                                 0x000001b5   Thumb Code   238  lludivv7m.o(.text)
    __2sprintf                               0x000002a5   Thumb Code    34  noretval__2sprintf.o(.text)
    strstr                                   0x000002cd   Thumb Code    36  strstr.o(.text)
    __use_two_region_memory                  0x000002f1   Thumb Code     2  heapauxi.o(.text)
    __rt_heap_escrow$2region                 0x000002f3   Thumb Code     2  heapauxi.o(.text)
    __rt_heap_expand$2region                 0x000002f5   Thumb Code     2  heapauxi.o(.text)
    __I$use$semihosting                      0x000002f7   Thumb Code     0  use_no_semi.o(.text)
    __use_no_semihosting_swi                 0x000002f7   Thumb Code     2  use_no_semi.o(.text)
    __semihosting_library_function           0x000002f9   Thumb Code     0  indicate_semi.o(.text)
    __printf                                 0x00000301   Thumb Code   104  __printf.o(.text)
    _printf_int_dec                          0x00000369   Thumb Code   104  _printf_dec.o(.text)
    _printf_int_hex                          0x000003e1   Thumb Code    84  _printf_hex_int.o(.text)
    _printf_longlong_hex                     0x000003e1   Thumb Code     0  _printf_hex_int.o(.text)
    strcpy                                   0x00000439   Thumb Code    72  strcpy.o(.text)
    __aeabi_memcpy                           0x00000481   Thumb Code     0  rt_memcpy_v6.o(.text)
    __rt_memcpy                              0x00000481   Thumb Code   138  rt_memcpy_v6.o(.text)
    _memcpy_lastbytes                        0x000004e7   Thumb Code     0  rt_memcpy_v6.o(.text)
    __aeabi_memclr                           0x0000050b   Thumb Code     0  rt_memclr.o(.text)
    __rt_memclr                              0x0000050b   Thumb Code    68  rt_memclr.o(.text)
    _memset                                  0x0000050f   Thumb Code     0  rt_memclr.o(.text)
    __aeabi_memclr4                          0x0000054f   Thumb Code     0  rt_memclr_w.o(.text)
    __aeabi_memclr8                          0x0000054f   Thumb Code     0  rt_memclr_w.o(.text)
    __rt_memclr_w                            0x0000054f   Thumb Code    78  rt_memclr_w.o(.text)
    _memset_w                                0x00000553   Thumb Code     0  rt_memclr_w.o(.text)
    strcmp                                   0x0000059d   Thumb Code   128  strcmpv7m.o(.text)
    _printf_int_common                       0x0000061d   Thumb Code   178  _printf_intcommon.o(.text)
    _printf_char_common                      0x000006db   Thumb Code    32  _printf_char_common.o(.text)
    _sputc                                   0x00000701   Thumb Code    10  _sputc.o(.text)
    __aeabi_memcpy4                          0x0000070b   Thumb Code     0  rt_memcpy_w.o(.text)
    __aeabi_memcpy8                          0x0000070b   Thumb Code     0  rt_memcpy_w.o(.text)
    __rt_memcpy_w                            0x0000070b   Thumb Code   100  rt_memcpy_w.o(.text)
    _memcpy_lastbytes_aligned                0x00000753   Thumb Code     0  rt_memcpy_w.o(.text)
    __user_setup_stackheap                   0x0000076f   Thumb Code    74  sys_stackheap_outer.o(.text)
    exit                                     0x000007b9   Thumb Code    18  exit.o(.text)
    __user_libspace                          0x000007cd   Thumb Code     8  libspace.o(.text)
    __user_perproc_libspace                  0x000007cd   Thumb Code     0  libspace.o(.text)
    __user_perthread_libspace                0x000007cd   Thumb Code     0  libspace.o(.text)
    _sys_exit                                0x000007d5   Thumb Code     8  sys_exit.o(.text)
    ADC_IRQHandler                           0x000007e1   Thumb Code    24  adc.o(i.ADC_IRQHandler)
    ADC_StartConvertion                      0x00000801   Thumb Code    14  adc.o(i.ADC_StartConvertion)
    Console_Task                             0x00000835   Thumb Code    36  console.o(i.Console_Task)
    DMA_IRQHandler                           0x00000859   Thumb Code   372  gpdma_lpc17xx.o(i.DMA_IRQHandler)
    EINT0_IRQHandler                         0x000009d9   Thumb Code    48  buttons.o(i.EINT0_IRQHandler)
    EINT3_IRQHandler                         0x00000a49   Thumb Code    52  main.o(i.EINT3_IRQHandler)
    GPDMA_ChannelConfigure                   0x00000a9d   Thumb Code   232  gpdma_lpc17xx.o(i.GPDMA_ChannelConfigure)
    GPDMA_ChannelDisable                     0x00000b91   Thumb Code    44  gpdma_lpc17xx.o(i.GPDMA_ChannelDisable)
    GPDMA_ChannelGetCount                    0x00000bc1   Thumb Code    38  gpdma_lpc17xx.o(i.GPDMA_ChannelGetCount)
    GPDMA_Initialize                         0x00000bf1   Thumb Code   146  gpdma_lpc17xx.o(i.GPDMA_Initialize)
    GPDMA_PeripheralSelect                   0x00000c99   Thumb Code    62  gpdma_lpc17xx.o(i.GPDMA_PeripheralSelect)
    GPDMA_Uninitialize                       0x00000cdd   Thumb Code   116  gpdma_lpc17xx.o(i.GPDMA_Uninitialize)
    GPIO_Init                                0x00000d5d   Thumb Code    32  main.o(i.GPIO_Init)
    GPIO_PinWrite                            0x00000d81   Thumb Code    36  gpio_lpc17xx.o(i.GPIO_PinWrite)
    GPIO_SetDir                              0x00000da9   Thumb Code    52  gpio_lpc17xx.o(i.GPIO_SetDir)
    GetASCIICode                             0x00000de1   Thumb Code    40  asciilib.o(i.GetASCIICode)
    PIN_Configure                            0x00000ec1   Thumb Code   246  pin_lpc17xx.o(i.PIN_Configure)
    RTC_IRQHandler                           0x00001085   Thumb Code    20  main.o(i.RTC_IRQHandler)
    RTC_Init                                 0x000010a1   Thumb Code    18  main.o(i.RTC_Init)
    SSP0_GPDMA_Rx_SignalEvent                0x000010d1   Thumb Code    14  ssp_lpc17xx.o(i.SSP0_GPDMA_Rx_SignalEvent)
    SSP0_GPDMA_Tx_SignalEvent                0x000010e5   Thumb Code    14  ssp_lpc17xx.o(i.SSP0_GPDMA_Tx_SignalEvent)
    SSP0_IRQHandler                          0x00001119   Thumb Code    10  ssp_lpc17xx.o(i.SSP0_IRQHandler)
    SSPx_GPDMA_Rx_SignalEvent                0x000016e7   Thumb Code    54  ssp_lpc17xx.o(i.SSPx_GPDMA_Rx_SignalEvent)
    SSPx_GPDMA_Tx_SignalEvent                0x0000171d   Thumb Code    28  ssp_lpc17xx.o(i.SSPx_GPDMA_Tx_SignalEvent)
    SysTick_Handler                          0x00001fdd   Thumb Code    12  timer.o(i.SysTick_Handler)
    SystemInit                               0x00001fed   Thumb Code   304  system_lpc17xx.o(i.SystemInit)
    TIMER0_IRQHandler                        0x0000212d   Thumb Code    16  main.o(i.TIMER0_IRQHandler)
    Timer_Init                               0x0000213d   Thumb Code   120  timer.o(i.Timer_Init)
    UART0_IRQHandler                         0x000021c5   Thumb Code    10  uart_lpc17xx.o(i.UART0_IRQHandler)
    UART_GetMessage                          0x000021d5   Thumb Code    50  uart.o(i.UART_GetMessage)
    UART_Init                                0x00002215   Thumb Code    94  uart.o(i.UART_Init)
    UART_IsMsgReady                          0x00002281   Thumb Code     6  uart.o(i.UART_IsMsgReady)
    UART_ReadTask                            0x0000228d   Thumb Code   128  uart.o(i.UART_ReadTask)
    UART_Send                                0x00002335   Thumb Code    36  uart.o(i.UART_Send)
    UART_SendNum                             0x0000235d   Thumb Code    34  uart.o(i.UART_SendNum)
    USART0_GPDMA_Rx_Event                    0x0000239d   Thumb Code    14  uart_lpc17xx.o(i.USART0_GPDMA_Rx_Event)
    USART0_GPDMA_Tx_Event                    0x000023b1   Thumb Code    14  uart_lpc17xx.o(i.USART0_GPDMA_Tx_Event)
    USART_SetBaudrate                        0x0000360d   Thumb Code   302  uart_lpc17xx.o(i.USART_SetBaudrate)
    delay_ms                                 0x000039bb   Thumb Code    30  lcd_ili9325.o(i.delay_ms)
    drawLine                                 0x00003b61   Thumb Code   210  lcd.o(i.drawLine)
    drawLineStrip                            0x00003c33   Thumb Code    66  lcd.o(i.drawLineStrip)
    drawPixel                                0x00003c75   Thumb Code    38  lcd.o(i.drawPixel)
    drawText                                 0x00003c9b   Thumb Code   170  lcd.o(i.drawText)
    initADC                                  0x00003d45   Thumb Code    96  adc.o(i.initADC)
    initLCD                                  0x00003de9   Thumb Code    52  lcd.o(i.initLCD)
    init_ILI9325                             0x00003e25   Thumb Code   468  lcd_ili9325.o(i.init_ILI9325)
    lcdConfiguration                         0x00003ff9   Thumb Code    36  open1768_lcd.o(i.lcdConfiguration)
    lcdRead                                  0x00004021   Thumb Code    70  open1768_lcd.o(i.lcdRead)
    lcdReadData                              0x0000406d   Thumb Code    50  open1768_lcd.o(i.lcdReadData)
    lcdReadReg                               0x000040a5   Thumb Code    20  open1768_lcd.o(i.lcdReadReg)
    lcdSend                                  0x000040b9   Thumb Code    40  open1768_lcd.o(i.lcdSend)
    lcdWriteData                             0x000040e5   Thumb Code    50  open1768_lcd.o(i.lcdWriteData)
    lcdWriteIndex                            0x0000411d   Thumb Code    60  open1768_lcd.o(i.lcdWriteIndex)
    lcdWriteReg                              0x0000415d   Thumb Code    20  open1768_lcd.o(i.lcdWriteReg)
    main                                     0x00004171   Thumb Code    66  main.o(i.main)
    wait_delay                               0x000041f5   Thumb Code    18  open1768_lcd.o(i.wait_delay)
    Driver_SPI0                              0x00004e3c   Data          44  ssp_lpc17xx.o(.constdata)
    Driver_USART0                            0x00005000   Data          56  uart_lpc17xx.o(.constdata)
    Region$$Table$$Base                      0x00005060   Number         0  anon$$obj.o(Region$$Table)
    Region$$Table$$Limit                     0x000050a0   Number         0  anon$$obj.o(Region$$Table)
    buttonClicked                            0x10000008   Data           1  buttons.o(.data)
    sysTicks                                 0x1000001c   Data           4  timer.o(.data)
    SystemCoreClock                          0x2007c030   Data           4  system_lpc17xx.o(.data)
    UART_buffer                              0x2007c034   Data         256  uart.o(.bss)
    __libspace_start                         0x2007c200   Data          96  libspace.o(.bss)
    __temporary_stack_top$libspace           0x2007c260   Data           0  libspace.o(.bss)



==============================================================================

Memory Map of the image

  Image Entry point : 0x000000cd

  Load Region LR_IROM1 (Base: 0x00000000, Size: 0x00005104, Max: 0x00080000, ABSOLUTE)

    Execution Region ER_IROM1 (Exec base: 0x00000000, Load base: 0x00000000, Size: 0x000050a0, Max: 0x00080000, ABSOLUTE)

    Exec Addr    Load Addr    Size         Type   Attr      Idx    E Section Name        Object

    0x00000000   0x00000000   0x000000cc   Data   RO         1193    RESET               startup_lpc17xx.o
    0x000000cc   0x000000cc   0x00000008   Code   RO         1307  * !!!main             c_w.l(__main.o)
    0x000000d4   0x000000d4   0x00000034   Code   RO         1526    !!!scatter          c_w.l(__scatter.o)
    0x00000108   0x00000108   0x0000001a   Code   RO         1528    !!handler_copy      c_w.l(__scatter_copy.o)
    0x00000122   0x00000122   0x00000002   PAD
    0x00000124   0x00000124   0x0000001c   Code   RO         1530    !!handler_zi        c_w.l(__scatter_zi.o)
    0x00000140   0x00000140   0x00000000   Code   RO         1292    .ARM.Collect$$_printf_percent$$00000000  c_w.l(_printf_percent.o)
    0x00000140   0x00000140   0x00000006   Code   RO         1291    .ARM.Collect$$_printf_percent$$00000009  c_w.l(_printf_d.o)
    0x00000146   0x00000146   0x00000006   Code   RO         1290    .ARM.Collect$$_printf_percent$$0000000C  c_w.l(_printf_x.o)
    0x0000014c   0x0000014c   0x00000004   Code   RO         1350    .ARM.Collect$$_printf_percent$$00000017  c_w.l(_printf_percent_end.o)
    0x00000150   0x00000150   0x00000002   Code   RO         1396    .ARM.Collect$$libinit$$00000000  c_w.l(libinit.o)
    0x00000152   0x00000152   0x00000000   Code   RO         1409    .ARM.Collect$$libinit$$00000002  c_w.l(libinit2.o)
    0x00000152   0x00000152   0x00000000   Code   RO         1411    .ARM.Collect$$libinit$$00000004  c_w.l(libinit2.o)
    0x00000152   0x00000152   0x00000000   Code   RO         1414    .ARM.Collect$$libinit$$0000000A  c_w.l(libinit2.o)
    0x00000152   0x00000152   0x00000000   Code   RO         1416    .ARM.Collect$$libinit$$0000000C  c_w.l(libinit2.o)
    0x00000152   0x00000152   0x00000000   Code   RO         1418    .ARM.Collect$$libinit$$0000000E  c_w.l(libinit2.o)
    0x00000152   0x00000152   0x00000000   Code   RO         1421    .ARM.Collect$$libinit$$00000011  c_w.l(libinit2.o)
    0x00000152   0x00000152   0x00000000   Code   RO         1423    .ARM.Collect$$libinit$$00000013  c_w.l(libinit2.o)
    0x00000152   0x00000152   0x00000000   Code   RO         1425    .ARM.Collect$$libinit$$00000015  c_w.l(libinit2.o)
    0x00000152   0x00000152   0x00000000   Code   RO         1427    .ARM.Collect$$libinit$$00000017  c_w.l(libinit2.o)
    0x00000152   0x00000152   0x00000000   Code   RO         1429    .ARM.Collect$$libinit$$00000019  c_w.l(libinit2.o)
    0x00000152   0x00000152   0x00000000   Code   RO         1431    .ARM.Collect$$libinit$$0000001B  c_w.l(libinit2.o)
    0x00000152   0x00000152   0x00000000   Code   RO         1433    .ARM.Collect$$libinit$$0000001D  c_w.l(libinit2.o)
    0x00000152   0x00000152   0x00000000   Code   RO         1435    .ARM.Collect$$libinit$$0000001F  c_w.l(libinit2.o)
    0x00000152   0x00000152   0x00000000   Code   RO         1437    .ARM.Collect$$libinit$$00000021  c_w.l(libinit2.o)
    0x00000152   0x00000152   0x00000000   Code   RO         1439    .ARM.Collect$$libinit$$00000023  c_w.l(libinit2.o)
    0x00000152   0x00000152   0x00000000   Code   RO         1441    .ARM.Collect$$libinit$$00000025  c_w.l(libinit2.o)
    0x00000152   0x00000152   0x00000000   Code   RO         1445    .ARM.Collect$$libinit$$0000002C  c_w.l(libinit2.o)
    0x00000152   0x00000152   0x00000000   Code   RO         1447    .ARM.Collect$$libinit$$0000002E  c_w.l(libinit2.o)
    0x00000152   0x00000152   0x00000000   Code   RO         1449    .ARM.Collect$$libinit$$00000030  c_w.l(libinit2.o)
    0x00000152   0x00000152   0x00000000   Code   RO         1451    .ARM.Collect$$libinit$$00000032  c_w.l(libinit2.o)
    0x00000152   0x00000152   0x00000002   Code   RO         1452    .ARM.Collect$$libinit$$00000033  c_w.l(libinit2.o)
    0x00000154   0x00000154   0x00000002   Code   RO         1483    .ARM.Collect$$libshutdown$$00000000  c_w.l(libshutdown.o)
    0x00000156   0x00000156   0x00000000   Code   RO         1509    .ARM.Collect$$libshutdown$$00000002  c_w.l(libshutdown2.o)
    0x00000156   0x00000156   0x00000000   Code   RO         1511    .ARM.Collect$$libshutdown$$00000004  c_w.l(libshutdown2.o)
    0x00000156   0x00000156   0x00000000   Code   RO         1514    .ARM.Collect$$libshutdown$$00000007  c_w.l(libshutdown2.o)
    0x00000156   0x00000156   0x00000000   Code   RO         1517    .ARM.Collect$$libshutdown$$0000000A  c_w.l(libshutdown2.o)
    0x00000156   0x00000156   0x00000000   Code   RO         1519    .ARM.Collect$$libshutdown$$0000000C  c_w.l(libshutdown2.o)
    0x00000156   0x00000156   0x00000000   Code   RO         1522    .ARM.Collect$$libshutdown$$0000000F  c_w.l(libshutdown2.o)
    0x00000156   0x00000156   0x00000002   Code   RO         1523    .ARM.Collect$$libshutdown$$00000010  c_w.l(libshutdown2.o)
    0x00000158   0x00000158   0x00000000   Code   RO         1339    .ARM.Collect$$rtentry$$00000000  c_w.l(__rtentry.o)
    0x00000158   0x00000158   0x00000000   Code   RO         1365    .ARM.Collect$$rtentry$$00000002  c_w.l(__rtentry2.o)
    0x00000158   0x00000158   0x00000006   Code   RO         1377    .ARM.Collect$$rtentry$$00000004  c_w.l(__rtentry4.o)
    0x0000015e   0x0000015e   0x00000000   Code   RO         1367    .ARM.Collect$$rtentry$$00000009  c_w.l(__rtentry2.o)
    0x0000015e   0x0000015e   0x00000004   Code   RO         1368    .ARM.Collect$$rtentry$$0000000A  c_w.l(__rtentry2.o)
    0x00000162   0x00000162   0x00000000   Code   RO         1370    .ARM.Collect$$rtentry$$0000000C  c_w.l(__rtentry2.o)
    0x00000162   0x00000162   0x00000008   Code   RO         1371    .ARM.Collect$$rtentry$$0000000D  c_w.l(__rtentry2.o)
    0x0000016a   0x0000016a   0x00000002   Code   RO         1400    .ARM.Collect$$rtexit$$00000000  c_w.l(rtexit.o)
    0x0000016c   0x0000016c   0x00000000   Code   RO         1456    .ARM.Collect$$rtexit$$00000002  c_w.l(rtexit2.o)
    0x0000016c   0x0000016c   0x00000004   Code   RO         1457    .ARM.Collect$$rtexit$$00000003  c_w.l(rtexit2.o)
    0x00000170   0x00000170   0x00000006   Code   RO         1458    .ARM.Collect$$rtexit$$00000004  c_w.l(rtexit2.o)
    0x00000176   0x00000176   0x00000002   PAD
    0x00000178   0x00000178   0x0000003c   Code   RO         1195    .text               startup_lpc17xx.o
    0x000001b4   0x000001b4   0x000000ee   Code   RO         1239    .text               c_w.l(lludivv7m.o)
    0x000002a2   0x000002a2   0x00000002   PAD
    0x000002a4   0x000002a4   0x00000028   Code   RO         1243    .text               c_w.l(noretval__2sprintf.o)
    0x000002cc   0x000002cc   0x00000024   Code   RO         1293    .text               c_w.l(strstr.o)
    0x000002f0   0x000002f0   0x00000006   Code   RO         1305    .text               c_w.l(heapauxi.o)
    0x000002f6   0x000002f6   0x00000002   Code   RO         1472    .text               c_w.l(use_no_semi.o)
    0x000002f8   0x000002f8   0x00000000   Code   RO         1474    .text               c_w.l(indicate_semi.o)
    0x000002f8   0x000002f8   0x00000004   PAD
    0x000002fc   0x000002fc   0x00000004   Code   RO         1194    .ARM.__at_0x02FC    startup_lpc17xx.o
    0x00000300   0x00000300   0x00000068   Code   RO         1245    .text               c_w.l(__printf.o)
    0x00000368   0x00000368   0x00000078   Code   RO         1247    .text               c_w.l(_printf_dec.o)
    0x000003e0   0x000003e0   0x00000058   Code   RO         1252    .text               c_w.l(_printf_hex_int.o)
    0x00000438   0x00000438   0x00000048   Code   RO         1295    .text               c_w.l(strcpy.o)
    0x00000480   0x00000480   0x0000008a   Code   RO         1297    .text               c_w.l(rt_memcpy_v6.o)
    0x0000050a   0x0000050a   0x00000044   Code   RO         1299    .text               c_w.l(rt_memclr.o)
    0x0000054e   0x0000054e   0x0000004e   Code   RO         1301    .text               c_w.l(rt_memclr_w.o)
    0x0000059c   0x0000059c   0x00000080   Code   RO         1303    .text               c_w.l(strcmpv7m.o)
    0x0000061c   0x0000061c   0x000000b2   Code   RO         1344    .text               c_w.l(_printf_intcommon.o)
    0x000006ce   0x000006ce   0x00000002   PAD
    0x000006d0   0x000006d0   0x00000030   Code   RO         1346    .text               c_w.l(_printf_char_common.o)
    0x00000700   0x00000700   0x0000000a   Code   RO         1348    .text               c_w.l(_sputc.o)
    0x0000070a   0x0000070a   0x00000064   Code   RO         1351    .text               c_w.l(rt_memcpy_w.o)
    0x0000076e   0x0000076e   0x0000004a   Code   RO         1383    .text               c_w.l(sys_stackheap_outer.o)
    0x000007b8   0x000007b8   0x00000012   Code   RO         1385    .text               c_w.l(exit.o)
    0x000007ca   0x000007ca   0x00000002   PAD
    0x000007cc   0x000007cc   0x00000008   Code   RO         1397    .text               c_w.l(libspace.o)
    0x000007d4   0x000007d4   0x0000000c   Code   RO         1453    .text               c_w.l(sys_exit.o)
    0x000007e0   0x000007e0   0x00000020   Code   RO          284    i.ADC_IRQHandler    adc.o
    0x00000800   0x00000800   0x00000014   Code   RO          285    i.ADC_StartConvertion  adc.o
    0x00000814   0x00000814   0x00000020   Code   RO         1014    i.Clear_Channel_active_flag  gpdma_lpc17xx.o
    0x00000834   0x00000834   0x00000024   Code   RO          458    i.Console_Task      console.o
    0x00000858   0x00000858   0x00000180   Code   RO         1015    i.DMA_IRQHandler    gpdma_lpc17xx.o
    0x000009d8   0x000009d8   0x00000070   Code   RO          244    i.EINT0_IRQHandler  buttons.o
    0x00000a48   0x00000a48   0x00000054   Code   RO          162    i.EINT3_IRQHandler  main.o
    0x00000a9c   0x00000a9c   0x000000f4   Code   RO         1016    i.GPDMA_ChannelConfigure  gpdma_lpc17xx.o
    0x00000b90   0x00000b90   0x00000030   Code   RO         1017    i.GPDMA_ChannelDisable  gpdma_lpc17xx.o
    0x00000bc0   0x00000bc0   0x00000030   Code   RO         1019    i.GPDMA_ChannelGetCount  gpdma_lpc17xx.o
    0x00000bf0   0x00000bf0   0x000000a8   Code   RO         1021    i.GPDMA_Initialize  gpdma_lpc17xx.o
    0x00000c98   0x00000c98   0x00000044   Code   RO         1022    i.GPDMA_PeripheralSelect  gpdma_lpc17xx.o
    0x00000cdc   0x00000cdc   0x00000080   Code   RO         1023    i.GPDMA_Uninitialize  gpdma_lpc17xx.o
    0x00000d5c   0x00000d5c   0x00000024   Code   RO          163    i.GPIO_Init         main.o
    0x00000d80   0x00000d80   0x00000028   Code   RO         1105    i.GPIO_PinWrite     gpio_lpc17xx.o
    0x00000da8   0x00000da8   0x00000038   Code   RO         1109    i.GPIO_SetDir       gpio_lpc17xx.o
    0x00000de0   0x00000de0   0x0000002c   Code   RO          572    i.GetASCIICode      asciilib.o
    0x00000e0c   0x00000e0c   0x00000044   Code   RO          619    i.GetSSPClockFreq   ssp_lpc17xx.o
    0x00000e50   0x00000e50   0x00000044   Code   RO          803    i.GetUsartClockFreq  uart_lpc17xx.o
    0x00000e94   0x00000e94   0x00000018   Code   RO            4    i.LineCoord         lcd.o
    0x00000eac   0x00000eac   0x00000012   Code   RO            5    i.OnSignal          lcd.o
    0x00000ebe   0x00000ebe   0x00000002   PAD
    0x00000ec0   0x00000ec0   0x000000fc   Code   RO         1158    i.PIN_Configure     pin_lpc17xx.o
    0x00000fbc   0x00000fbc   0x00000060   Code   RO          459    i.ProcessCommandsNoParam  console.o
    0x0000101c   0x0000101c   0x00000006   Code   RO          460    i.ProcessCommandsWithParam  console.o
    0x00001022   0x00001022   0x00000002   PAD
    0x00001024   0x00001024   0x00000060   Code   RO          461    i.ProcessMsg        console.o
    0x00001084   0x00001084   0x0000001c   Code   RO          164    i.RTC_IRQHandler    main.o
    0x000010a0   0x000010a0   0x00000018   Code   RO          165    i.RTC_Init          main.o
    0x000010b8   0x000010b8   0x00000018   Code   RO          620    i.SSP0_Control      ssp_lpc17xx.o
    0x000010d0   0x000010d0   0x00000014   Code   RO          621    i.SSP0_GPDMA_Rx_SignalEvent  ssp_lpc17xx.o
    0x000010e4   0x000010e4   0x00000014   Code   RO          622    i.SSP0_GPDMA_Tx_SignalEvent  ssp_lpc17xx.o
    0x000010f8   0x000010f8   0x00000010   Code   RO          623    i.SSP0_GetDataCount  ssp_lpc17xx.o
    0x00001108   0x00001108   0x00000010   Code   RO          624    i.SSP0_GetStatus    ssp_lpc17xx.o
    0x00001118   0x00001118   0x00000010   Code   RO          625    i.SSP0_IRQHandler   ssp_lpc17xx.o
    0x00001128   0x00001128   0x00000014   Code   RO          626    i.SSP0_Initialize   ssp_lpc17xx.o
    0x0000113c   0x0000113c   0x00000014   Code   RO          627    i.SSP0_PowerControl  ssp_lpc17xx.o
    0x00001150   0x00001150   0x00000018   Code   RO          628    i.SSP0_Receive      ssp_lpc17xx.o
    0x00001168   0x00001168   0x00000018   Code   RO          629    i.SSP0_Send         ssp_lpc17xx.o
    0x00001180   0x00001180   0x0000001c   Code   RO          630    i.SSP0_Transfer     ssp_lpc17xx.o
    0x0000119c   0x0000119c   0x00000010   Code   RO          631    i.SSP0_Uninitialize  ssp_lpc17xx.o
    0x000011ac   0x000011ac   0x0000000c   Code   RO          632    i.SSP_GetCapabilities  ssp_lpc17xx.o
    0x000011b8   0x000011b8   0x00000010   Code   RO          633    i.SSP_GetVersion    ssp_lpc17xx.o
    0x000011c8   0x000011c8   0x0000051e   Code   RO          634    i.SSPx_Control      ssp_lpc17xx.o
    0x000016e6   0x000016e6   0x00000036   Code   RO          635    i.SSPx_GPDMA_Rx_SignalEvent  ssp_lpc17xx.o
    0x0000171c   0x0000171c   0x0000001c   Code   RO          636    i.SSPx_GPDMA_Tx_SignalEvent  ssp_lpc17xx.o
    0x00001738   0x00001738   0x0000002c   Code   RO          637    i.SSPx_GetDataCount  ssp_lpc17xx.o
    0x00001764   0x00001764   0x0000005a   Code   RO          638    i.SSPx_GetStatus    ssp_lpc17xx.o
    0x000017be   0x000017be   0x00000104   Code   RO          639    i.SSPx_IRQHandler   ssp_lpc17xx.o
    0x000018c2   0x000018c2   0x000000a8   Code   RO          640    i.SSPx_Initialize   ssp_lpc17xx.o
    0x0000196a   0x0000196a   0x00000002   PAD
    0x0000196c   0x0000196c   0x000001c4   Code   RO          641    i.SSPx_PowerControl  ssp_lpc17xx.o
    0x00001b30   0x00001b30   0x0000015c   Code   RO          642    i.SSPx_Receive      ssp_lpc17xx.o
    0x00001c8c   0x00001c8c   0x00000154   Code   RO          643    i.SSPx_Send         ssp_lpc17xx.o
    0x00001de0   0x00001de0   0x00000152   Code   RO          644    i.SSPx_Transfer     ssp_lpc17xx.o
    0x00001f32   0x00001f32   0x00000070   Code   RO          645    i.SSPx_Uninitialize  ssp_lpc17xx.o
    0x00001fa2   0x00001fa2   0x00000002   PAD
    0x00001fa4   0x00001fa4   0x00000038   Code   RO         1024    i.Set_Channel_active_flag  gpdma_lpc17xx.o
    0x00001fdc   0x00001fdc   0x00000010   Code   RO          320    i.SysTick_Handler   timer.o
    0x00001fec   0x00001fec   0x00000140   Code   RO         1205    i.SystemInit        system_lpc17xx.o
    0x0000212c   0x0000212c   0x00000010   Code   RO          166    i.TIMER0_IRQHandler  main.o
    0x0000213c   0x0000213c   0x00000088   Code   RO          321    i.Timer_Init        timer.o
    0x000021c4   0x000021c4   0x00000010   Code   RO          804    i.UART0_IRQHandler  uart_lpc17xx.o
    0x000021d4   0x000021d4   0x00000040   Code   RO          359    i.UART_GetMessage   uart.o
    0x00002214   0x00002214   0x0000006c   Code   RO          361    i.UART_Init         uart.o
    0x00002280   0x00002280   0x0000000c   Code   RO          362    i.UART_IsMsgReady   uart.o
    0x0000228c   0x0000228c   0x000000a8   Code   RO          363    i.UART_ReadTask     uart.o
    0x00002334   0x00002334   0x00000028   Code   RO          364    i.UART_Send         uart.o
    0x0000235c   0x0000235c   0x00000028   Code   RO          365    i.UART_SendNum      uart.o
    0x00002384   0x00002384   0x00000018   Code   RO          805    i.USART0_Control    uart_lpc17xx.o
    0x0000239c   0x0000239c   0x00000014   Code   RO          806    i.USART0_GPDMA_Rx_Event  uart_lpc17xx.o
    0x000023b0   0x000023b0   0x00000014   Code   RO          807    i.USART0_GPDMA_Tx_Event  uart_lpc17xx.o
    0x000023c4   0x000023c4   0x00000010   Code   RO          808    i.USART0_GetCapabilities  uart_lpc17xx.o
    0x000023d4   0x000023d4   0x00000010   Code   RO          809    i.USART0_GetModemStatus  uart_lpc17xx.o
    0x000023e4   0x000023e4   0x00000010   Code   RO          810    i.USART0_GetRxCount  uart_lpc17xx.o
    0x000023f4   0x000023f4   0x00000010   Code   RO          811    i.USART0_GetStatus  uart_lpc17xx.o
    0x00002404   0x00002404   0x00000010   Code   RO          812    i.USART0_GetTxCount  uart_lpc17xx.o
    0x00002414   0x00002414   0x00000014   Code   RO          813    i.USART0_Initialize  uart_lpc17xx.o
    0x00002428   0x00002428   0x00000014   Code   RO          814    i.USART0_PowerControl  uart_lpc17xx.o
    0x0000243c   0x0000243c   0x00000018   Code   RO          815    i.USART0_Receive    uart_lpc17xx.o
    0x00002454   0x00002454   0x00000018   Code   RO          816    i.USART0_Send       uart_lpc17xx.o
    0x0000246c   0x0000246c   0x00000014   Code   RO          817    i.USART0_SetModemControl  uart_lpc17xx.o
    0x00002480   0x00002480   0x0000001c   Code   RO          818    i.USART0_Transfer   uart_lpc17xx.o
    0x0000249c   0x0000249c   0x00000010   Code   RO          819    i.USART0_Uninitialize  uart_lpc17xx.o
    0x000024ac   0x000024ac   0x00000644   Code   RO          820    i.USART_Control     uart_lpc17xx.o
    0x00002af0   0x00002af0   0x00000086   Code   RO          821    i.USART_GPDMA_Rx_Event  uart_lpc17xx.o
    0x00002b76   0x00002b76   0x0000004a   Code   RO          822    i.USART_GPDMA_Tx_Event  uart_lpc17xx.o
    0x00002bc0   0x00002bc0   0x00000006   Code   RO          823    i.USART_GetCapabilities  uart_lpc17xx.o
    0x00002bc6   0x00002bc6   0x000000ec   Code   RO          824    i.USART_GetModemStatus  uart_lpc17xx.o
    0x00002cb2   0x00002cb2   0x0000001c   Code   RO          825    i.USART_GetRxCount  uart_lpc17xx.o
    0x00002cce   0x00002cce   0x000000bc   Code   RO          826    i.USART_GetStatus   uart_lpc17xx.o
    0x00002d8a   0x00002d8a   0x0000001c   Code   RO          827    i.USART_GetTxCount  uart_lpc17xx.o
    0x00002da6   0x00002da6   0x0000021a   Code   RO          828    i.USART_IRQHandler  uart_lpc17xx.o
    0x00002fc0   0x00002fc0   0x000000fe   Code   RO          829    i.USART_Initialize  uart_lpc17xx.o
    0x000030be   0x000030be   0x00000002   PAD
    0x000030c0   0x000030c0   0x00000238   Code   RO          830    i.USART_PowerControl  uart_lpc17xx.o
    0x000032f8   0x000032f8   0x00000110   Code   RO          831    i.USART_Receive     uart_lpc17xx.o
    0x00003408   0x00003408   0x00000068   Code   RO          832    i.USART_RxLineIntHandler  uart_lpc17xx.o
    0x00003470   0x00003470   0x0000019c   Code   RO          833    i.USART_Send        uart_lpc17xx.o
    0x0000360c   0x0000360c   0x00000134   Code   RO          834    i.USART_SetBaudrate  uart_lpc17xx.o
    0x00003740   0x00003740   0x000000a0   Code   RO          835    i.USART_SetModemControl  uart_lpc17xx.o
    0x000037e0   0x000037e0   0x0000007a   Code   RO          836    i.USART_Transfer    uart_lpc17xx.o
    0x0000385a   0x0000385a   0x000000e2   Code   RO          837    i.USART_Uninitialize  uart_lpc17xx.o
    0x0000393c   0x0000393c   0x00000010   Code   RO          838    i.USARTx_GetVersion  uart_lpc17xx.o
    0x0000394c   0x0000394c   0x0000001c   Code   RO          646    i.__NVIC_ClearPendingIRQ  ssp_lpc17xx.o
    0x00003968   0x00003968   0x0000001c   Code   RO          839    i.__NVIC_ClearPendingIRQ  uart_lpc17xx.o
    0x00003984   0x00003984   0x0000001c   Code   RO         1025    i.__NVIC_ClearPendingIRQ  gpdma_lpc17xx.o
    0x000039a0   0x000039a0   0x0000001a   Code   RO          167    i.__NVIC_EnableIRQ  main.o
    0x000039ba   0x000039ba   0x0000001e   Code   RO          589    i.delay_ms          lcd_ili9325.o
    0x000039d8   0x000039d8   0x00000188   Code   RO            9    i.drawBorders       lcd.o
    0x00003b60   0x00003b60   0x000000d2   Code   RO           10    i.drawLine          lcd.o
    0x00003c32   0x00003c32   0x00000042   Code   RO           12    i.drawLineStrip     lcd.o
    0x00003c74   0x00003c74   0x00000026   Code   RO           13    i.drawPixel         lcd.o
    0x00003c9a   0x00003c9a   0x000000aa   Code   RO           15    i.drawText          lcd.o
    0x00003d44   0x00003d44   0x000000a4   Code   RO          286    i.initADC           adc.o
    0x00003de8   0x00003de8   0x0000003c   Code   RO           16    i.initLCD           lcd.o
    0x00003e24   0x00003e24   0x000001d4   Code   RO          590    i.init_ILI9325      lcd_ili9325.o
    0x00003ff8   0x00003ff8   0x00000028   Code   RO          492    i.lcdConfiguration  open1768_lcd.o
    0x00004020   0x00004020   0x0000004c   Code   RO          493    i.lcdRead           open1768_lcd.o
    0x0000406c   0x0000406c   0x00000038   Code   RO          494    i.lcdReadData       open1768_lcd.o
    0x000040a4   0x000040a4   0x00000014   Code   RO          495    i.lcdReadReg        open1768_lcd.o
    0x000040b8   0x000040b8   0x0000002c   Code   RO          496    i.lcdSend           open1768_lcd.o
    0x000040e4   0x000040e4   0x00000038   Code   RO          498    i.lcdWriteData      open1768_lcd.o
    0x0000411c   0x0000411c   0x00000040   Code   RO          499    i.lcdWriteIndex     open1768_lcd.o
    0x0000415c   0x0000415c   0x00000014   Code   RO          500    i.lcdWriteReg       open1768_lcd.o
    0x00004170   0x00004170   0x00000084   Code   RO          168    i.main              main.o
    0x000041f4   0x000041f4   0x00000012   Code   RO          558    i.wait_delay        open1768_lcd.o
    0x00004206   0x00004206   0x00000be0   Data   RO          573    .constdata          asciilib.o
    0x00004de6   0x00004de6   0x00000002   PAD
    0x00004de8   0x00004de8   0x00000080   Data   RO          648    .constdata          ssp_lpc17xx.o
    0x00004e68   0x00004e68   0x000001d0   Data   RO          841    .constdata          uart_lpc17xx.o
    0x00005038   0x00005038   0x00000028   Data   RO         1253    .constdata          c_w.l(_printf_hex_int.o)
    0x00005060   0x00005060   0x00000040   Data   RO         1524    Region$$Table       anon$$obj.o


    Execution Region RW_IRAM1 (Exec base: 0x10000000, Load base: 0x000050a0, Size: 0x00000268, Max: 0x00008000, ABSOLUTE)

    Exec Addr    Load Addr    Size         Type   Attr      Idx    E Section Name        Object

    0x10000000   0x000050a0   0x00000008   Data   RW          169    .data               main.o
    0x10000008   0x000050a8   0x00000011   Data   RW          247    .data               buttons.o
    0x10000019   0x000050b9   0x00000003   PAD
    0x1000001c   0x000050bc   0x00000004   Data   RW          322    .data               timer.o
    0x10000020   0x000050c0   0x00000005   Data   RW          367    .data               uart.o
    0x10000025   0x000050c5   0x00000003   PAD
    0x10000028   0x000050c8   0x00000008   Data   RW          649    .data               ssp_lpc17xx.o
    0x10000030        -       0x00000034   Zero   RW          840    .bss                uart_lpc17xx.o
    0x10000064   0x000050d0   0x00000004   PAD
    0x10000068        -       0x00000000   Zero   RW         1192    HEAP                startup_lpc17xx.o
    0x10000068        -       0x00000200   Zero   RW         1191    STACK               startup_lpc17xx.o


    Execution Region RW_IRAM2 (Exec base: 0x2007c000, Load base: 0x000050d0, Size: 0x00000260, Max: 0x00008000, ABSOLUTE)

    Exec Addr    Load Addr    Size         Type   Attr      Idx    E Section Name        Object

    0x2007c000   0x000050d0   0x00000028   Data   RW           17    .data               lcd.o
    0x2007c028   0x000050f8   0x00000008   Data   RW         1027    .data               gpdma_lpc17xx.o
    0x2007c030   0x00005100   0x00000004   Data   RW         1206    .data               system_lpc17xx.o
    0x2007c034        -       0x00000100   Zero   RW          366    .bss                uart.o
    0x2007c134        -       0x0000002c   Zero   RW          647    .bss                ssp_lpc17xx.o
    0x2007c160        -       0x000000a0   Zero   RW         1026    .bss                gpdma_lpc17xx.o
    0x2007c200        -       0x00000060   Zero   RW         1398    .bss                c_w.l(libspace.o)


==============================================================================

Image component sizes


      Code (inc. data)   RO Data    RW Data    ZI Data      Debug   Object Name

       216         82          0          0          0       1377   adc.o
        44          4       3040          0          0       1163   asciilib.o
       112         64          0         17          0       1732   buttons.o
       234         68          0          0          0       2107   console.o
      1204         94          0          8        160       8206   gpdma_lpc17xx.o
        96          8          0          0          0       1202   gpio_lpc17xx.o
       978         22          0         40          0      27956   lcd.o
       498          0          0          0          0       1102   lcd_ili9325.o
       346        116          0          8          0      30273   main.o
       394         30          0          0          0       4612   open1768_lcd.o
       252          6          0          0          0        804   pin_lpc17xx.o
      3912        106        128          8         44      52883   ssp_lpc17xx.o
        64         26        204          0        512       1000   startup_lpc17xx.o
       320         16          0          4          0        807   system_lpc17xx.o
       152         20          0          4          0      28269   timer.o
       432         84          0          5        256      21049   uart.o
      5686        150        464          0         52      26727   uart_lpc17xx.o

    ----------------------------------------------------------------------
     14950        896       3902        100       1028     211269   Object Totals
         0          0         64          0          0          0   (incl. Generated)
        10          0          2          6          4          0   (incl. Padding)

    ----------------------------------------------------------------------

      Code (inc. data)   RO Data    RW Data    ZI Data      Debug   Library Member Name

         8          0          0          0          0         68   __main.o
       104          0          0          0          0         84   __printf.o
         0          0          0          0          0          0   __rtentry.o
        12          0          0          0          0          0   __rtentry2.o
         6          0          0          0          0          0   __rtentry4.o
        52          8          0          0          0          0   __scatter.o
        26          0          0          0          0          0   __scatter_copy.o
        28          0          0          0          0          0   __scatter_zi.o
        48          6          0          0          0         96   _printf_char_common.o
         6          0          0          0          0          0   _printf_d.o
       120         16          0          0          0         92   _printf_dec.o
        88          4         40          0          0         88   _printf_hex_int.o
       178          0          0          0          0         88   _printf_intcommon.o
         0          0          0          0          0          0   _printf_percent.o
         4          0          0          0          0          0   _printf_percent_end.o
         6          0          0          0          0          0   _printf_x.o
        10          0          0          0          0         68   _sputc.o
        18          0          0          0          0         80   exit.o
         6          0          0          0          0        152   heapauxi.o
         0          0          0          0          0          0   indicate_semi.o
         2          0          0          0          0          0   libinit.o
         2          0          0          0          0          0   libinit2.o
         2          0          0          0          0          0   libshutdown.o
         2          0          0          0          0          0   libshutdown2.o
         8          4          0          0         96         68   libspace.o
       238          0          0          0          0        100   lludivv7m.o
        40          6          0          0          0         84   noretval__2sprintf.o
        68          0          0          0          0         68   rt_memclr.o
        78          0          0          0          0         80   rt_memclr_w.o
       138          0          0          0          0         68   rt_memcpy_v6.o
       100          0          0          0          0         80   rt_memcpy_w.o
         2          0          0          0          0          0   rtexit.o
        10          0          0          0          0          0   rtexit2.o
       128          0          0          0          0         68   strcmpv7m.o
        72          0          0          0          0         80   strcpy.o
        36          0          0          0          0         80   strstr.o
        12          4          0          0          0         68   sys_exit.o
        74          0          0          0          0         80   sys_stackheap_outer.o
         2          0          0          0          0         68   use_no_semi.o

    ----------------------------------------------------------------------
      1748         48         40          0         96       1808   Library Totals
        14          0          0          0          0          0   (incl. Padding)

    ----------------------------------------------------------------------

      Code (inc. data)   RO Data    RW Data    ZI Data      Debug   Library Name

      1734         48         40          0         96       1808   c_w.l

    ----------------------------------------------------------------------
      1748         48         40          0         96       1808   Library Totals

    ----------------------------------------------------------------------

==============================================================================


      Code (inc. data)   RO Data    RW Data    ZI Data      Debug   

     16698        944       3942        100       1124     206001   Grand Totals
     16698        944       3942        100       1124     206001   ELF Image Totals
     16698        944       3942        100          0          0   ROM Totals

==============================================================================

    Total RO  Size (Code + RO Data)                20640 (  20.16kB)
    Total RW  Size (RW Data + ZI Data)              1224 (   1.20kB)
    Total ROM Size (Code + RO Data + RW Data)      20740 (  20.25kB)

==============================================================================

